[NWK 0] Routing INFO changed reason=maximum speed changed
[NWK 0] Routing INFO changed reason=maximum speed changed
[NWK 0] Routing INFO changed reason=maximum speed changed
[NWK 0] Routing INFO changed reason=maximum speed changed
[HOP 1] New neighbor 2 heard at t=0s
[HOP 1] Drop bare DATA under production Pairwise16 profile from=2
[HOP 1] link_control dest=2 neighborKnown=1 s0=-105 pathloss=107 failures=0 speed=128 txPower=14 rxPower=-105 cost=29
[HOP 1] TX Pairwise16 DATA neighbor=2 hopSeq=1 securityCount=1
[MAC] Enqueue TX pkt dscp=5 insert_pos=0 queue_size_before=0
[MAC 1] PickTxSlot(dest=2) active_nodes_for_slotting=1 opnet_slot_range=18
[MAC 1] PickTxSlot(dest=2) avoid:
[MAC 1] PickTxSlot chose 8 using OPNET free-slot ordinal range [1,18]
[MAC 1] starts Pre-Tx with new slot=8 holdoff_over=0
[MAC 1] OPNET 300-ms transmit holdoff complete
[MAC 1] PickTxSlot(dest=2) active_nodes_for_slotting=1 opnet_slot_range=18
[MAC 1] PickTxSlot(dest=2) avoid:
[MAC 1] PickTxSlot chose 13 using OPNET free-slot ordinal range [1,18]
[MAC 1] TX opportunity reached currentSlot=8 reserveNextSlot=13
... type=0 speedKey=128[t=0.416] TX from node 1 to dest 2 seq 1 size 54 bytes segments 1 at slot 13 rate 128 kbps txPower 14 dBm (133333 bps) preamble SHORT duration 0.02286 s
[MAC 1] OPNET aggregate transmitted segments=1 ackSegments=0 dataSegments=1 bytes=54 rate=128
[t=0.416] RX SYNC at node 2 from node 1 seq 1 power 11.8722 dBm noise -106.975 dBm snr 118.847 dB state=1
[t=0.42263] MAC 2 enters Track on node 1 seq 1 power 11.8722 dBm
[MAC 1] post-TX WAIT_FOR_ACK until 17.4389 (POST_TX_WAIT=17 s)
[t=0.43886] RX at node 2 from node 1 seq 1 rate 128 kbps txPower 14 dBm preamble SHORT pathloss 2.12777 dB snr 118.847 dB (slot 13, len 54B, ackable=0)
[MAC 2] Ignore first-contact reservation from unknown neighbor 1 slot=13
[MAC 1] local advertised reservation expired
[HOP 1] New neighbor 2 heard at t=0s
[HOP 1] Drop bare DATA under production Pairwise16 profile from=2
[HOP 1] link_control dest=2 neighborKnown=1 s0=-105 pathloss=107 failures=0 speed=500 txPower=22 rxPower=-105 cost=15
[HOP 1] TX Pairwise16 DATA neighbor=2 hopSeq=1 securityCount=1
[MAC] Enqueue TX pkt dscp=5 insert_pos=0 queue_size_before=0
[MAC 1] PickTxSlot(dest=2) active_nodes_for_slotting=1 opnet_slot_range=18
[MAC 1] PickTxSlot(dest=2) avoid:
[MAC 1] PickTxSlot chose 16 using OPNET free-slot ordinal range [1,18]
[MAC 1] starts Pre-Tx with new slot=16 holdoff_over=0
[MAC 1] OPNET 300-ms transmit holdoff complete
[MAC 1] PickTxSlot(dest=2) active_nodes_for_slotting=1 opnet_slot_range=18
[MAC 1] PickTxSlot(dest=2) avoid:
[MAC 1] PickTxSlot chose 3 using OPNET free-slot ordinal range [1,18]
[MAC 1] TX opportunity reached currentSlot=16 reserveNextSlot=3
... type=0 speedKey=500[t=0.52] TX from node 1 to dest 2 seq 1 size 54 bytes segments 1 at slot 3 rate 500 kbps txPower 22 dBm (500000 bps) preamble SHORT duration 0.020308 s
[MAC 1] OPNET aggregate transmitted segments=1 ackSegments=0 dataSegments=1 bytes=54 rate=500
[t=0.52] RX SYNC at node 2 from node 1 seq 1 power 19.8722 dBm noise -106.975 dBm snr 126.847 dB state=1
[t=0.52663] MAC 2 enters Track on node 1 seq 1 power 19.8722 dBm
[MAC 1] post-TX WAIT_FOR_ACK until 17.5403 (POST_TX_WAIT=17 s)
[t=0.540308] RX at node 2 from node 1 seq 1 rate 500 kbps txPower 22 dBm preamble SHORT pathloss 2.12777 dB snr 126.847 dB (slot 3, len 54B, ackable=0)
[MAC 2] Ignore first-contact reservation from unknown neighbor 1 slot=3
[MAC 1] local advertised reservation expired
[HOP 1] New neighbor 2 heard at t=0s
[HOP 1] Drop bare DATA under production Pairwise16 profile from=2
[HOP 1] link_control dest=2 neighborKnown=1 s0=-105 pathloss=107 failures=0 speed=1000 txPower=25 rxPower=-105 cost=9
[HOP 1] TX Pairwise16 DATA neighbor=2 hopSeq=1 securityCount=1
[MAC] Enqueue TX pkt dscp=5 insert_pos=0 queue_size_before=0
[MAC 1] PickTxSlot(dest=2) active_nodes_for_slotting=1 opnet_slot_range=18
[MAC 1] PickTxSlot(dest=2) avoid:
[MAC 1] PickTxSlot chose 9 using OPNET free-slot ordinal range [1,18]
[MAC 1] starts Pre-Tx with new slot=9 holdoff_over=0
[MAC 1] OPNET 300-ms transmit holdoff complete
[MAC 1] PickTxSlot(dest=2) active_nodes_for_slotting=1 opnet_slot_range=18
[MAC 1] PickTxSlot(dest=2) avoid:
[MAC 1] PickTxSlot chose 3 using OPNET free-slot ordinal range [1,18]
[MAC 1] TX opportunity reached currentSlot=9 reserveNextSlot=3
... type=0 speedKey=1000[t=0.429] TX from node 1 to dest 2 seq 1 size 54 bytes segments 1 at slot 3 rate 1000 kbps txPower 25 dBm (1e+06 bps) preamble SHORT duration 0.019844 s
[MAC 1] OPNET aggregate transmitted segments=1 ackSegments=0 dataSegments=1 bytes=54 rate=1000
[t=0.429] RX SYNC at node 2 from node 1 seq 1 power 22.8722 dBm noise -106.975 dBm snr 129.847 dB state=1
[t=0.43563] MAC 2 enters Track on node 1 seq 1 power 22.8722 dBm
[MAC 1] post-TX WAIT_FOR_ACK until 17.4488 (POST_TX_WAIT=17 s)
[t=0.448844] RX at node 2 from node 1 seq 1 rate 1000 kbps txPower 25 dBm preamble SHORT pathloss 2.12777 dB snr 129.847 dB (slot 3, len 54B, ackable=0)
[MAC 2] Ignore first-contact reservation from unknown neighbor 1 slot=3
[MAC 1] local advertised reservation expired
[MAC] Enqueue TX pkt dscp=5 insert_pos=0 queue_size_before=0
[MAC 1] PickTxSlot(dest=2) active_nodes_for_slotting=1 opnet_slot_range=18
[MAC 1] PickTxSlot(dest=2) avoid:
[MAC 1] PickTxSlot chose 2 using OPNET free-slot ordinal range [1,18]
[MAC 1] starts Pre-Tx with new slot=2 holdoff_over=0
[MAC 1] OPNET 300-ms transmit holdoff complete
[MAC 1] PickTxSlot(dest=2) active_nodes_for_slotting=1 opnet_slot_range=18
[MAC 1] PickTxSlot(dest=2) avoid:
[MAC 1] PickTxSlot chose 15 using OPNET free-slot ordinal range [1,18]
[MAC 1] TX opportunity reached currentSlot=2 reserveNextSlot=15
... type=0 speedKey=1000[t=0.338] TX from node 1 to dest 2 seq 25 size 89 bytes segments 1 at slot 15 rate 1000 kbps txPower 0 dBm (1e+06 bps) preamble SHORT duration 0.020124 s
[MAC 1] OPNET aggregate transmitted segments=1 ackSegments=0 dataSegments=1 bytes=89 rate=1000
[t=0.338] RX SYNC at node 2 from node 1 seq 25 power -2.12777 dBm noise -106.975 dBm snr 104.847 dB state=1
[t=0.34463] MAC 2 enters Track on node 1 seq 25 power -2.12777 dBm
[MAC 1] post-TX WAIT_FOR_ACK until 17.3581 (POST_TX_WAIT=17 s)
[t=0.358124] RX at node 2 from node 1 seq 25 rate 1000 kbps txPower 0 dBm preamble SHORT pathloss 2.12777 dB snr 104.847 dB (slot 15, len 89B, ackable=1)
[MAC 2] Ignore first-contact reservation from unknown neighbor 1 slot=15
[MAC 1] local advertised reservation expired
... type=0 speedKey=500[t=0] TX from node 1 to dest 2 seq 10 size 269 bytes segments 1 at slot 3 rate 500 kbps txPower -96.975 dBm (500000 bps) preamble SHORT duration 0.023748 s
[t=0] RX SYNC at node 2 from node 1 seq 10 power -96.975 dBm noise -106.975 dBm snr 10 dB state=1
[t=0.00663] MAC 2 enters Track on node 1 seq 10 power -96.975 dBm
[MAC 1] post-TX WAIT_FOR_ACK until 17.0237 (POST_TX_WAIT=17 s)
[t=0.023748] RX at node 2 from node 1 seq 10 rate 500 kbps txPower -96.975 dBm preamble SHORT pathloss 0 dB snr 10 dB (slot 3, len 269B, ackable=0)
[MAC 2] Ignore first-contact reservation from unknown neighbor 1 slot=3
... type=0 speedKey=1000[t=0] TX from node 1 to dest 2 seq 10 size 269 bytes segments 1 at slot 3 rate 1000 kbps txPower -93.9647 dBm (1e+06 bps) preamble SHORT duration 0.021564 s
[t=0] RX SYNC at node 2 from node 1 seq 10 power -93.9647 dBm noise -106.975 dBm snr 13.0103 dB state=1
[t=0.00663] MAC 2 enters Track on node 1 seq 10 power -93.9647 dBm
[MAC 1] post-TX WAIT_FOR_ACK until 17.0216 (POST_TX_WAIT=17 s)
[t=0.021564] RX at node 2 from node 1 seq 10 rate 1000 kbps txPower -93.9647 dBm preamble SHORT pathloss 0 dB snr 13.0103 dB (slot 3, len 269B, ackable=0)
[MAC 2] Ignore first-contact reservation from unknown neighbor 1 slot=3
... type=0 speedKey=1000[t=0] TX from node 1 to dest 2 seq 20 size 525 bytes segments 1 at slot 3 rate 1000 kbps txPower -113.965 dBm (1e+06 bps) preamble SHORT duration 0.023612 s
[t=0] RX SYNC at node 2 from node 1 seq 20 power -113.965 dBm noise -106.975 dBm snr -6.9897 dB state=1
[t=0.00663] MAC 2 enters Track on node 1 seq 20 power -113.965 dBm
[MAC 1] post-TX WAIT_FOR_ACK until 17.0236 (POST_TX_WAIT=17 s)
[t=0.023612] RX DROP at node 2 from node 1 seq 20 (PHY/state)
... type=0 speedKey=500[t=0] TX from node 1 to dest 3 seq 30 size 4109 bytes segments 1 at slot 3 rate 500 kbps txPower 0 dBm (500000 bps) preamble SHORT duration 0.085188 s
[t=0] RX SYNC at node 3 from node 1 seq 30 power 0 dBm noise -106.975 dBm snr 106.975 dB state=1
[t=0.00663] MAC 3 enters Track on node 1 seq 30 power 0 dBm
... type=0 speedKey=500[t=0.00765] TX from node 2 to dest 3 seq 31 size 2061 bytes segments 1 at slot 4 rate 500 kbps txPower 6 dBm (500000 bps) preamble SHORT duration 0.05242 s
[t=0.00765] RX SYNC at node 3 from node 2 seq 31 power 6 dBm noise -106.975 dBm snr 112.975 dB state=2
[MAC 2] post-TX WAIT_FOR_ACK until 17.0601 (POST_TX_WAIT=17 s)
[MAC 1] post-TX WAIT_FOR_ACK until 17.0852 (POST_TX_WAIT=17 s)
[t=0.085188] RX DROP at node 3 from node 1 seq 30 (collision)
[MAC] Enqueue TX pkt dscp=5 insert_pos=0 queue_size_before=0
[MAC] Enqueue TX pkt dscp=5 insert_pos=1 queue_size_before=1
[MAC 1] PickTxSlot(dest=2) active_nodes_for_slotting=1 opnet_slot_range=18
[MAC 1] PickTxSlot(dest=2) avoid:
[MAC 1] PickTxSlot chose 12 using OPNET free-slot ordinal range [1,18]
[MAC 1] starts Pre-Tx with new slot=12 holdoff_over=0
[MAC 1] OPNET 300-ms transmit holdoff complete
[MAC 1] PickTxSlot(dest=2) active_nodes_for_slotting=1 opnet_slot_range=18
[MAC 1] PickTxSlot(dest=2) avoid:
[MAC 1] PickTxSlot chose 17 using OPNET free-slot ordinal range [1,18]
[MAC 1] TX opportunity reached currentSlot=12 reserveNextSlot=17
... type=0 speedKey=1000[t=0.468] TX from node 1 to dest 2 seq 40 size 89 bytes segments 1 at slot 17 rate 1000 kbps txPower 0 dBm (1e+06 bps) preamble SHORT duration 0.020124 s
[MAC 1] OPNET aggregate transmitted segments=1 ackSegments=0 dataSegments=1 bytes=89 rate=1000
[t=0.468] RX SYNC at node 2 from node 1 seq 40 power -2.12777 dBm noise -106.975 dBm snr 104.847 dB state=1
[t=0.47463] MAC 2 enters Track on node 1 seq 40 power -2.12777 dBm
[MAC 1] resumes Pre-Tx with live slot=17 counter=17
[t=0.488124] RX at node 2 from node 1 seq 40 rate 1000 kbps txPower 0 dBm preamble SHORT pathloss 2.12777 dB snr 104.847 dB (slot 17, len 89B, ackable=0)
[MAC 2] Ignore first-contact reservation from unknown neighbor 1 slot=17
[MAC 1] PickTxSlot(dest=2) active_nodes_for_slotting=1 opnet_slot_range=18
[MAC 1] PickTxSlot(dest=2) avoid:
[MAC 1] PickTxSlot chose 2 using OPNET free-slot ordinal range [1,18]
[MAC 1] TX opportunity reached currentSlot=17 reserveNextSlot=2
... type=0 speedKey=1000[t=0.715] TX from node 1 to dest 2 seq 41 size 89 bytes segments 1 at slot 2 rate 1000 kbps txPower 0 dBm (1e+06 bps) preamble SHORT duration 0.020124 s
[MAC 1] OPNET aggregate transmitted segments=1 ackSegments=0 dataSegments=1 bytes=89 rate=1000
[t=0.715] RX SYNC at node 2 from node 1 seq 41 power -2.12777 dBm noise -106.975 dBm snr 104.847 dB state=1
[t=0.72163] MAC 2 enters Track on node 1 seq 41 power -2.12777 dBm
[MAC 1] post-TX WAIT_FOR_ACK until 17.7351 (POST_TX_WAIT=17 s)
[t=0.735124] RX at node 2 from node 1 seq 41 rate 1000 kbps txPower 0 dBm preamble SHORT pathloss 2.12777 dB snr 104.847 dB (slot 2, len 89B, ackable=0)
[MAC 2] Learned neighbor 1 uses slot 2 (rtCounter=2)
[MAC 2] rtslot_counter expired for neighbor 1 reserveSlot=2
[MAC 1] local advertised reservation expired
PASS: live high-rate DPSK/DQPSK integration test
