{
  "schema": "csr-tranche21-independent-matlab-review-v1",
  "passed": true,
  "seeds": [
    {
      "seed": 128,
      "cohort_populations_checked": 6,
      "protocol_callback_rows_verified_by_diagnostic": 27956,
      "independent_interval_sweep_matches": true,
      "conservation_and_censoring_passed": true
    },
    {
      "seed": 129,
      "cohort_populations_checked": 6,
      "protocol_callback_rows_verified_by_diagnostic": 29366,
      "independent_interval_sweep_matches": true,
      "conservation_and_censoring_passed": true
    },
    {
      "seed": 130,
      "cohort_populations_checked": 6,
      "protocol_callback_rows_verified_by_diagnostic": 30447,
      "independent_interval_sweep_matches": true,
      "conservation_and_censoring_passed": true
    }
  ],
  "units": "Population integrals are application-seconds; time-weighted means are applications, not wait seconds. Completed wait distributions are seconds.",
  "scope": "All accepted evidence reused. Full counters, generated-event counts and scheduled attempts support 300-second blocked totals; blocked-reason timing beyond the 100000-row prefix is unavailable.",
  "routing": "Stable DATA peers are observed; absence of transient route changes is not claimed.",
  "matlab_executed_by_reviewer": false,
  "reviewed_sha256": {
    "matlab_threshold_replay.json": "35ab5e3e8d66464688c3086968b1a95aaac6abe9b186762aa0b6584cdc30a795",
    "matlab_findings.md": "b14459e281eaa04a1da71011d0884a4e0eb7d7fb414146681735b715bf9f0179",
    "matlab_cohorts.csv": "67facee6c45935c67dbbe6bf59e0cd8440e66e76bb8007be97557a1ef8c549b2",
    "matlab_threshold_timeline_300s.csv": "ce677c410b20a44c3b9b7b061875e59a306f9679b16617aff5bdb33710bc01cc",
    "matlab_node8.json": "51bd13e9dffc0fdd8d767da9cb35f27b522c4cee5f7222f21908dfa2c53ae073",
    "matlab_timeline_300s.csv": "69ff9351d44c8a7c06689289529f6989d8fa78edb997dc2dd47991540be8bb9f",
    "source7_8_counts.csv": "a57ba466e758c8ac13af3b95e4ddc0c890d423e0dace289f502e5a1d790ef67e",
    "matlab_threshold_events.csv": "93b0bac11d6e2bc894fb70445403b23ed9b9a9930c3f895409dd8e60b8af31a6",
    "extract_matlab.py": "895cacda422af904c5ef1ff2805b8151695047c937e2524df43aeb590f3e32a1",
    "replay_flow_threshold.py": "92520bf8c5979debccb22bfdc7979b254645fb778f83b5eb55102008eee22bb5"
  }
}
