{
  "output": "/workspace/scratch/ab77b42f47ca/t21-work/source4/source4.json",
  "pooled": {
    "matlab": 1172,
    "native": 1300,
    "residual_percent": -9.846153846153847,
    "within_ten_percent": true,
    "scope": "ratio of three-seed sums; does not replace individual-seed gate"
  },
  "seeds": [
    {
      "seed": 128,
      "delivery_delta": -71,
      "admission_delta": -59,
      "matlab_undelivered": 91,
      "native_undelivered": 79,
      "undelivered_delta": 12,
      "identity": "delivery_delta = admission_delta - undelivered_delta",
      "delivered_residual_percent": -16.94510739856802,
      "admitted_residual_percent": -11.847389558232932,
      "matlab_delivery_fraction": 0.7927107061503417,
      "native_delivery_fraction": 0.8413654618473896,
      "within_ten_percent_delivery_band": false
    },
    {
      "seed": 129,
      "delivery_delta": -28,
      "admission_delta": 2,
      "matlab_undelivered": 105,
      "native_undelivered": 75,
      "undelivered_delta": 30,
      "identity": "delivery_delta = admission_delta - undelivered_delta",
      "delivered_residual_percent": -6.572769953051643,
      "admitted_residual_percent": 0.3992015968063872,
      "matlab_delivery_fraction": 0.7912524850894632,
      "native_delivery_fraction": 0.8502994011976048,
      "within_ten_percent_delivery_band": true
    },
    {
      "seed": 130,
      "delivery_delta": -29,
      "admission_delta": -37,
      "matlab_undelivered": 86,
      "native_undelivered": 94,
      "undelivered_delta": -8,
      "identity": "delivery_delta = admission_delta - undelivered_delta",
      "delivered_residual_percent": -6.373626373626373,
      "admitted_residual_percent": -6.739526411657559,
      "matlab_delivery_fraction": 0.83203125,
      "native_delivery_fraction": 0.8287795992714025,
      "within_ten_percent_delivery_band": true
    }
  ]
}
