[MAC 1] active_nodes set to 3 for local slotting and post-TX wait
[MAC 1] Learned neighbor 2 uses slot 0 (rtCounter=0)
[MAC 1] Learned neighbor 3 uses slot 2 (rtCounter=2)
[MAC] Enqueue TX pkt dscp=0 insert_pos=0 queue_size_before=0
[MAC 1] Idle queue schedules RTS TSLOT at 0.208
[MAC 1] PickTxSlot(dest=2) active_nodes_for_slotting=3 opnet_slot_range=2
[MAC 1] avoiding neighbor 2 currentReservedSlot=0 rtslot_counter=0
[MAC 1] avoiding neighbor 3 currentReservedSlot=2 rtslot_counter=2
[MAC 1] PickTxSlot(dest=2) avoid: 2
[MAC 1] PickTxSlot chose 1 using historical next_tslot modulo probe
[MAC 1] starts Pre-Tx with new slot=1 holdoff_over=0
[MAC 1] rtslot_counter expired for neighbor 2 reserveSlot=0
[MAC 1] rtslot_counter expired for neighbor 3 reserveSlot=2
[MAC 1] OPNET 300-ms transmit holdoff complete
[MAC 1] PickTxSlot(dest=2) active_nodes_for_slotting=3 opnet_slot_range=2
[MAC 1] PickTxSlot(dest=2) avoid:
[MAC 1] PickTxSlot chose 0 using historical next_tslot modulo probe
[MAC 1] TX opportunity reached currentSlot=1 reserveNextSlot=0
... type=0 speedKey=128[t=0.533] TX from node 1 to dest 2 seq 1 size 41 bytes segments 1 at slot 0 rate 128 kbps txPower 33 dBm (133333 bps) preamble SHORT duration 0.02208 s
[MAC 1] OPNET aggregate transmitted segments=1 ackSegments=0 dataSegments=1 bytes=41 rate=128
[MAC 1] active_nodes set to 3 for local slotting and post-TX wait
[MAC 1] Learned neighbor 2 uses slot 0 (rtCounter=0)
[MAC 1] Learned neighbor 3 uses slot 2 (rtCounter=2)
[MAC] Enqueue TX pkt dscp=0 insert_pos=0 queue_size_before=0
[MAC 1] Idle queue schedules RTS TSLOT at 0.208
[MAC 1] PickTxSlot(dest=2) active_nodes_for_slotting=3 opnet_slot_range=2
[MAC 1] avoiding neighbor 2 currentReservedSlot=0 rtslot_counter=0
[MAC 1] avoiding neighbor 3 currentReservedSlot=2 rtslot_counter=2
[MAC 1] PickTxSlot(dest=2) avoid: 2
[MAC 1] PickTxSlot chose 1 using historical next_tslot modulo probe
[MAC 1] starts Pre-Tx with new slot=1 holdoff_over=0
[MAC 1] rtslot_counter expired for neighbor 2 reserveSlot=0
[MAC 1] rtslot_counter expired for neighbor 3 reserveSlot=2
[MAC 1] OPNET 300-ms transmit holdoff complete
[MAC 1] PickTxSlot(dest=2) active_nodes_for_slotting=3 opnet_slot_range=2
[MAC 1] PickTxSlot(dest=2) avoid:
[MAC 1] PickTxSlot chose 1 using historical next_tslot modulo probe
[MAC 1] TX opportunity reached currentSlot=1 reserveNextSlot=1
... type=0 speedKey=128[t=0.533] TX from node 1 to dest 2 seq 1 size 41 bytes segments 1 at slot 1 rate 128 kbps txPower 33 dBm (133333 bps) preamble SHORT duration 0.02208 s
[MAC 1] OPNET aggregate transmitted segments=1 ackSegments=0 dataSegments=1 bytes=41 rate=128
[MAC 1] active_nodes set to 3 for local slotting and post-TX wait
[MAC 1] Learned neighbor 2 uses slot 0 (rtCounter=0)
[MAC 1] Learned neighbor 3 uses slot 2 (rtCounter=2)
[MAC] Enqueue TX pkt dscp=0 insert_pos=0 queue_size_before=0
[MAC 1] Idle queue schedules RTS TSLOT at 0.403
[MAC 1] PickTxSlot(dest=2) active_nodes_for_slotting=3 opnet_slot_range=2
[MAC 1] avoiding neighbor 2 currentReservedSlot=0 rtslot_counter=0
[MAC 1] avoiding neighbor 3 currentReservedSlot=2 rtslot_counter=2
[MAC 1] PickTxSlot(dest=2) avoid: 2
[MAC 1] PickTxSlot chose 1 using historical next_tslot modulo probe
[MAC 1] starts Pre-Tx with new slot=1 holdoff_over=0
[MAC 1] rtslot_counter expired for neighbor 2 reserveSlot=0
[MAC 1] rtslot_counter expired for neighbor 3 reserveSlot=2
[MAC 1] OPNET 300-ms transmit holdoff complete
[MAC 1] PickTxSlot(dest=2) active_nodes_for_slotting=3 opnet_slot_range=2
[MAC 1] PickTxSlot(dest=2) avoid:
[MAC 1] PickTxSlot chose 2 using historical next_tslot modulo probe
[MAC 1] TX opportunity reached currentSlot=1 reserveNextSlot=2
... type=0 speedKey=128[t=0.728] TX from node 1 to dest 2 seq 1 size 41 bytes segments 1 at slot 2 rate 128 kbps txPower 33 dBm (133333 bps) preamble SHORT duration 0.02208 s
[MAC 1] OPNET aggregate transmitted segments=1 ackSegments=0 dataSegments=1 bytes=41 rate=128
[MAC 1] active_nodes set to 3 for local slotting and post-TX wait
[MAC 1] Learned neighbor 2 uses slot 0 (rtCounter=0)
[MAC 1] Learned neighbor 3 uses slot 2 (rtCounter=2)
[MAC] Enqueue TX pkt dscp=0 insert_pos=0 queue_size_before=0
[MAC 1] Idle queue schedules RTS TSLOT at 0.676
[MAC 1] PickTxSlot(dest=2) active_nodes_for_slotting=3 opnet_slot_range=2
[MAC 1] avoiding neighbor 2 currentReservedSlot=0 rtslot_counter=0
[MAC 1] avoiding neighbor 3 currentReservedSlot=2 rtslot_counter=2
[MAC 1] PickTxSlot(dest=2) avoid: 2
[MAC 1] PickTxSlot chose 1 using historical next_tslot modulo probe
[MAC 1] starts Pre-Tx with new slot=1 holdoff_over=0
[MAC 1] rtslot_counter expired for neighbor 2 reserveSlot=0
[MAC 1] rtslot_counter expired for neighbor 3 reserveSlot=2
[MAC 1] OPNET 300-ms transmit holdoff complete
[MAC 1] PickTxSlot(dest=2) active_nodes_for_slotting=3 opnet_slot_range=2
[MAC 1] PickTxSlot(dest=2) avoid:
[MAC 1] PickTxSlot chose 0 using historical next_tslot modulo probe
[MAC 1] TX opportunity reached currentSlot=1 reserveNextSlot=0
... type=0 speedKey=128[t=1.001] TX from node 1 to dest 2 seq 1 size 41 bytes segments 1 at slot 0 rate 128 kbps txPower 33 dBm (133333 bps) preamble SHORT duration 0.02208 s
[MAC 1] OPNET aggregate transmitted segments=1 ackSegments=0 dataSegments=1 bytes=41 rate=128
[MAC 1] active_nodes set to 3 for local slotting and post-TX wait
[MAC 1] Learned neighbor 2 uses slot 0 (rtCounter=0)
[MAC 1] Learned neighbor 3 uses slot 2 (rtCounter=2)
[MAC] Enqueue TX pkt dscp=0 insert_pos=0 queue_size_before=0
[MAC 1] Idle queue schedules RTS TSLOT at 0.793
[MAC 1] PickTxSlot(dest=2) active_nodes_for_slotting=3 opnet_slot_range=2
[MAC 1] avoiding neighbor 2 currentReservedSlot=0 rtslot_counter=0
[MAC 1] avoiding neighbor 3 currentReservedSlot=2 rtslot_counter=2
[MAC 1] PickTxSlot(dest=2) avoid: 2
[MAC 1] PickTxSlot chose 1 using historical next_tslot modulo probe
[MAC 1] starts Pre-Tx with new slot=1 holdoff_over=0
[MAC 1] rtslot_counter expired for neighbor 2 reserveSlot=0
[MAC 1] rtslot_counter expired for neighbor 3 reserveSlot=2
[MAC 1] OPNET 300-ms transmit holdoff complete
[MAC 1] PickTxSlot(dest=2) active_nodes_for_slotting=3 opnet_slot_range=2
[MAC 1] PickTxSlot(dest=2) avoid:
[MAC 1] PickTxSlot chose 0 using historical next_tslot modulo probe
[MAC 1] TX opportunity reached currentSlot=1 reserveNextSlot=0
... type=0 speedKey=128[t=1.118] TX from node 1 to dest 2 seq 1 size 41 bytes segments 1 at slot 0 rate 128 kbps txPower 33 dBm (133333 bps) preamble SHORT duration 0.02208 s
[MAC 1] OPNET aggregate transmitted segments=1 ackSegments=0 dataSegments=1 bytes=41 rate=128
[MAC 1] active_nodes set to 3 for local slotting and post-TX wait
[MAC 1] Learned neighbor 2 uses slot 0 (rtCounter=0)
[MAC 1] Learned neighbor 3 uses slot 2 (rtCounter=2)
[MAC] Enqueue TX pkt dscp=0 insert_pos=0 queue_size_before=0
[MAC 1] Idle queue schedules RTS TSLOT at 0.195
[MAC 1] PickTxSlot(dest=2) active_nodes_for_slotting=3 opnet_slot_range=2
[MAC 1] avoiding neighbor 2 currentReservedSlot=0 rtslot_counter=0
[MAC 1] avoiding neighbor 3 currentReservedSlot=2 rtslot_counter=2
[MAC 1] PickTxSlot(dest=2) avoid: 2
[MAC 1] PickTxSlot chose 1 using historical next_tslot modulo probe
[MAC 1] starts Pre-Tx with new slot=1 holdoff_over=0
[MAC 1] rtslot_counter expired for neighbor 2 reserveSlot=0
[MAC 1] rtslot_counter expired for neighbor 3 reserveSlot=2
[MAC 1] OPNET 300-ms transmit holdoff complete
[MAC 1] PickTxSlot(dest=2) active_nodes_for_slotting=3 opnet_slot_range=2
[MAC 1] PickTxSlot(dest=2) avoid:
[MAC 1] PickTxSlot chose 2 using historical next_tslot modulo probe
[MAC 1] TX opportunity reached currentSlot=1 reserveNextSlot=2
... type=0 speedKey=128[t=0.52] TX from node 1 to dest 2 seq 1 size 41 bytes segments 1 at slot 2 rate 128 kbps txPower 33 dBm (133333 bps) preamble SHORT duration 0.02208 s
[MAC 1] OPNET aggregate transmitted segments=1 ackSegments=0 dataSegments=1 bytes=41 rate=128
[MAC 1] active_nodes set to 3 for local slotting and post-TX wait
[MAC 1] Learned neighbor 2 uses slot 0 (rtCounter=0)
[MAC 1] Learned neighbor 3 uses slot 2 (rtCounter=2)
[MAC] Enqueue TX pkt dscp=0 insert_pos=0 queue_size_before=0
[MAC 1] Idle queue schedules RTS TSLOT at 0.208
[MAC 1] PickTxSlot(dest=2) active_nodes_for_slotting=3 opnet_slot_range=2
[MAC 1] avoiding neighbor 2 currentReservedSlot=0 rtslot_counter=0
[MAC 1] avoiding neighbor 3 currentReservedSlot=2 rtslot_counter=2
[MAC 1] PickTxSlot(dest=2) avoid: 2
[MAC 1] PickTxSlot chose 1 using historical next_tslot modulo probe
[MAC 1] starts Pre-Tx with new slot=1 holdoff_over=0
[MAC 1] rtslot_counter expired for neighbor 2 reserveSlot=0
[MAC 1] rtslot_counter expired for neighbor 3 reserveSlot=2
[MAC 1] OPNET 300-ms transmit holdoff complete
[MAC 1] PickTxSlot(dest=2) active_nodes_for_slotting=3 opnet_slot_range=2
[MAC 1] PickTxSlot(dest=2) avoid:
[MAC 1] PickTxSlot chose 1 using historical next_tslot modulo probe
[MAC 1] TX opportunity reached currentSlot=1 reserveNextSlot=1
... type=0 speedKey=128[t=0.533] TX from node 1 to dest 2 seq 1 size 41 bytes segments 1 at slot 1 rate 128 kbps txPower 33 dBm (133333 bps) preamble SHORT duration 0.02208 s
[MAC 1] OPNET aggregate transmitted segments=1 ackSegments=0 dataSegments=1 bytes=41 rate=128
[MAC 1] active_nodes set to 3 for local slotting and post-TX wait
[MAC 1] Learned neighbor 2 uses slot 1 (rtCounter=1)
[MAC 1] Learned neighbor 3 uses slot 3 (rtCounter=3)
[MAC] Enqueue TX pkt dscp=0 insert_pos=0 queue_size_before=0
[MAC 1] PickTxSlot(dest=2) active_nodes_for_slotting=3 opnet_slot_range=2
[MAC 1] avoiding neighbor 2 currentReservedSlot=0 rtslot_counter=0
[MAC 1] avoiding neighbor 3 currentReservedSlot=2 rtslot_counter=2
[MAC 1] PickTxSlot(dest=2) avoid: 2
[MAC 1] PickTxSlot chose 1 using historical next_tslot modulo probe
[MAC 1] starts Pre-Tx with new slot=1 holdoff_over=0
[MAC 1] rtslot_counter expired for neighbor 2 reserveSlot=1
[MAC 1] rtslot_counter expired for neighbor 3 reserveSlot=3
[MAC 1] OPNET 300-ms transmit holdoff complete
[MAC 1] PickTxSlot(dest=2) active_nodes_for_slotting=3 opnet_slot_range=2
[MAC 1] PickTxSlot(dest=2) avoid:
[MAC 1] PickTxSlot chose 0 using historical next_tslot modulo probe
[MAC 1] TX opportunity reached currentSlot=1 reserveNextSlot=0
... type=0 speedKey=128[t=0.325] TX from node 1 to dest 2 seq 1 size 41 bytes segments 1 at slot 0 rate 128 kbps txPower 33 dBm (133333 bps) preamble SHORT duration 0.02208 s
[MAC 1] OPNET aggregate transmitted segments=1 ackSegments=0 dataSegments=1 bytes=41 rate=128
[MAC 1] active_nodes set to 3 for local slotting and post-TX wait
[MAC 1] Learned neighbor 2 uses slot 0 (rtCounter=0)
[MAC 1] Learned neighbor 3 uses slot 2 (rtCounter=2)
[MAC] Enqueue TX pkt dscp=0 insert_pos=0 queue_size_before=0
[MAC 1] PickTxSlot(dest=2) active_nodes_for_slotting=3 opnet_slot_range=2
[MAC 1] avoiding neighbor 2 currentReservedSlot=0 rtslot_counter=0
[MAC 1] avoiding neighbor 3 currentReservedSlot=2 rtslot_counter=2
[MAC 1] PickTxSlot(dest=2) avoid: 2
[MAC 1] PickTxSlot chose 1 using historical next_tslot modulo probe
[MAC 1] starts Pre-Tx with new slot=1 holdoff_over=0
[MAC 1] OPNET 300-ms transmit holdoff complete
[MAC 1] rtslot_counter expired for neighbor 2 reserveSlot=0
[MAC 1] PickTxSlot(dest=2) active_nodes_for_slotting=3 opnet_slot_range=2
[MAC 1] avoiding neighbor 3 currentReservedSlot=0 rtslot_counter=0
[MAC 1] PickTxSlot(dest=2) avoid:
[MAC 1] PickTxSlot chose 2 using historical next_tslot modulo probe
[MAC 1] TX opportunity reached currentSlot=1 reserveNextSlot=2
... type=0 speedKey=128[t=0.325] TX from node 1 to dest 2 seq 1 size 41 bytes segments 1 at slot 2 rate 128 kbps txPower 33 dBm (133333 bps) preamble SHORT duration 0.02208 s
[MAC 1] OPNET aggregate transmitted segments=1 ackSegments=0 dataSegments=1 bytes=41 rate=128
[MAC 1] active_nodes set to 3 for local slotting and post-TX wait
[MAC 1] Learned neighbor 2 uses slot 0 (rtCounter=0)
[MAC 1] Learned neighbor 3 uses slot 2 (rtCounter=2)
[MAC] Enqueue TX pkt dscp=0 insert_pos=0 queue_size_before=0
[MAC 1] OPNET 300-ms transmit holdoff complete
[MAC 1] PickTxSlot(dest=2) active_nodes_for_slotting=3 opnet_slot_range=2
[MAC 1] avoiding neighbor 2 currentReservedSlot=0 rtslot_counter=0
[MAC 1] avoiding neighbor 3 currentReservedSlot=2 rtslot_counter=2
[MAC 1] PickTxSlot(dest=2) avoid: 2
[MAC 1] PickTxSlot chose 1 using historical next_tslot modulo probe
[MAC 1] starts Pre-Tx with new slot=1 holdoff_over=1
[MAC 1] rtslot_counter expired for neighbor 2 reserveSlot=0
[MAC 1] PickTxSlot(dest=2) active_nodes_for_slotting=3 opnet_slot_range=2
[MAC 1] avoiding neighbor 3 currentReservedSlot=0 rtslot_counter=0
[MAC 1] PickTxSlot(dest=2) avoid:
[MAC 1] PickTxSlot chose 2 using historical next_tslot modulo probe
[MAC 1] TX opportunity reached currentSlot=1 reserveNextSlot=2
... type=0 speedKey=128[t=0.325] TX from node 1 to dest 2 seq 1 size 41 bytes segments 1 at slot 2 rate 128 kbps txPower 33 dBm (133333 bps) preamble SHORT duration 0.02208 s
[MAC 1] OPNET aggregate transmitted segments=1 ackSegments=0 dataSegments=1 bytes=41 rate=128
[MAC 1] active_nodes set to 3 for local slotting and post-TX wait
[MAC 1] Learned neighbor 2 uses slot 1 (rtCounter=1)
[MAC 1] Learned neighbor 3 uses slot 3 (rtCounter=3)
[MAC] Enqueue TX pkt dscp=0 insert_pos=0 queue_size_before=0
[MAC 1] PickTxSlot(dest=2) active_nodes_for_slotting=3 opnet_slot_range=2
[MAC 1] avoiding neighbor 2 currentReservedSlot=0 rtslot_counter=0
[MAC 1] avoiding neighbor 3 currentReservedSlot=2 rtslot_counter=2
[MAC 1] PickTxSlot(dest=2) avoid: 2
[MAC 1] PickTxSlot chose 1 using historical next_tslot modulo probe
[MAC 1] starts Pre-Tx with new slot=1 holdoff_over=0
[MAC 1] rtslot_counter expired for neighbor 2 reserveSlot=1
[MAC 1] rtslot_counter expired for neighbor 3 reserveSlot=3
[MAC 1] OPNET 300-ms transmit holdoff complete
[MAC 1] PickTxSlot(dest=2) active_nodes_for_slotting=3 opnet_slot_range=2
[MAC 1] PickTxSlot(dest=2) avoid:
[MAC 1] PickTxSlot chose 2 using historical next_tslot modulo probe
[MAC 1] TX opportunity reached currentSlot=1 reserveNextSlot=2
... type=0 speedKey=128[t=0.416] TX from node 1 to dest 2 seq 1 size 41 bytes segments 1 at slot 2 rate 128 kbps txPower 33 dBm (133333 bps) preamble SHORT duration 0.02208 s
[MAC 1] OPNET aggregate transmitted segments=1 ackSegments=0 dataSegments=1 bytes=41 rate=128
[MAC 1] active_nodes set to 3 for local slotting and post-TX wait
[MAC 1] Learned neighbor 2 uses slot 1 (rtCounter=1)
[MAC 1] Learned neighbor 3 uses slot 3 (rtCounter=3)
[MAC] Enqueue TX pkt dscp=0 insert_pos=0 queue_size_before=0
[MAC 1] PickTxSlot(dest=2) active_nodes_for_slotting=3 opnet_slot_range=2
[MAC 1] avoiding neighbor 2 currentReservedSlot=0 rtslot_counter=0
[MAC 1] avoiding neighbor 3 currentReservedSlot=2 rtslot_counter=2
[MAC 1] PickTxSlot(dest=2) avoid: 2
[MAC 1] PickTxSlot chose 1 using historical next_tslot modulo probe
[MAC 1] starts Pre-Tx with new slot=1 holdoff_over=0
[MAC 1] rtslot_counter expired for neighbor 2 reserveSlot=1
[MAC 1] rtslot_counter expired for neighbor 3 reserveSlot=3
[MAC 1] OPNET 300-ms transmit holdoff complete
[MAC 1] PickTxSlot(dest=2) active_nodes_for_slotting=3 opnet_slot_range=2
[MAC 1] PickTxSlot(dest=2) avoid:
[MAC 1] PickTxSlot chose 2 using historical next_tslot modulo probe
[MAC 1] TX opportunity reached currentSlot=1 reserveNextSlot=2
... type=0 speedKey=128[t=0.416] TX from node 1 to dest 2 seq 1 size 41 bytes segments 1 at slot 2 rate 128 kbps txPower 33 dBm (133333 bps) preamble SHORT duration 0.02208 s
[MAC 1] OPNET aggregate transmitted segments=1 ackSegments=0 dataSegments=1 bytes=41 rate=128
[MAC 1] active_nodes set to 3 for local slotting and post-TX wait
[MAC 1] Learned neighbor 2 uses slot 1 (rtCounter=1)
[MAC 1] Learned neighbor 3 uses slot 3 (rtCounter=3)
[MAC] Enqueue TX pkt dscp=0 insert_pos=0 queue_size_before=0
[MAC 1] PickTxSlot(dest=2) active_nodes_for_slotting=3 opnet_slot_range=2
[MAC 1] avoiding neighbor 2 currentReservedSlot=0 rtslot_counter=0
[MAC 1] avoiding neighbor 3 currentReservedSlot=2 rtslot_counter=2
[MAC 1] PickTxSlot(dest=2) avoid: 2
[MAC 1] PickTxSlot chose 1 using historical next_tslot modulo probe
[MAC 1] starts Pre-Tx with new slot=1 holdoff_over=0
[MAC 1] rtslot_counter expired for neighbor 2 reserveSlot=1
[MAC 1] rtslot_counter expired for neighbor 3 reserveSlot=3
[MAC 1] OPNET 300-ms transmit holdoff complete
[MAC 1] PickTxSlot(dest=2) active_nodes_for_slotting=3 opnet_slot_range=2
[MAC 1] PickTxSlot(dest=2) avoid:
[MAC 1] PickTxSlot chose 0 using historical next_tslot modulo probe
[MAC 1] TX opportunity reached currentSlot=1 reserveNextSlot=0
... type=0 speedKey=128[t=0.416] TX from node 1 to dest 2 seq 1 size 41 bytes segments 1 at slot 0 rate 128 kbps txPower 33 dBm (133333 bps) preamble SHORT duration 0.02208 s
[MAC 1] OPNET aggregate transmitted segments=1 ackSegments=0 dataSegments=1 bytes=41 rate=128
[MAC 1] active_nodes set to 3 for local slotting and post-TX wait
[MAC 1] Learned neighbor 2 uses slot 1 (rtCounter=1)
[MAC 1] Learned neighbor 3 uses slot 3 (rtCounter=3)
[MAC] Enqueue TX pkt dscp=0 insert_pos=0 queue_size_before=0
[MAC 1] PickTxSlot(dest=2) active_nodes_for_slotting=3 opnet_slot_range=2
[MAC 1] avoiding neighbor 2 currentReservedSlot=0 rtslot_counter=0
[MAC 1] avoiding neighbor 3 currentReservedSlot=2 rtslot_counter=2
[MAC 1] PickTxSlot(dest=2) avoid: 2
[MAC 1] PickTxSlot chose 1 using historical next_tslot modulo probe
[MAC 1] starts Pre-Tx with new slot=1 holdoff_over=0
[MAC 1] rtslot_counter expired for neighbor 2 reserveSlot=1
[MAC 1] rtslot_counter expired for neighbor 3 reserveSlot=3
[MAC 1] OPNET 300-ms transmit holdoff complete
[MAC 1] PickTxSlot(dest=2) active_nodes_for_slotting=3 opnet_slot_range=2
[MAC 1] PickTxSlot(dest=2) avoid:
[MAC 1] PickTxSlot chose 1 using historical next_tslot modulo probe
[MAC 1] TX opportunity reached currentSlot=1 reserveNextSlot=1
... type=0 speedKey=128[t=0.403] TX from node 1 to dest 2 seq 1 size 41 bytes segments 1 at slot 1 rate 128 kbps txPower 33 dBm (133333 bps) preamble SHORT duration 0.02208 s
[MAC 1] OPNET aggregate transmitted segments=1 ackSegments=0 dataSegments=1 bytes=41 rate=128
[MAC 1] active_nodes set to 3 for local slotting and post-TX wait
[MAC 1] Learned neighbor 2 uses slot 1 (rtCounter=1)
[MAC 1] Learned neighbor 3 uses slot 3 (rtCounter=3)
[MAC] Enqueue TX pkt dscp=0 insert_pos=0 queue_size_before=0
[MAC 1] PickTxSlot(dest=2) active_nodes_for_slotting=3 opnet_slot_range=2
[MAC 1] avoiding neighbor 2 currentReservedSlot=0 rtslot_counter=0
[MAC 1] avoiding neighbor 3 currentReservedSlot=2 rtslot_counter=2
[MAC 1] PickTxSlot(dest=2) avoid: 2
[MAC 1] PickTxSlot chose 1 using historical next_tslot modulo probe
[MAC 1] starts Pre-Tx with new slot=1 holdoff_over=0
[MAC 1] Cancel queued acknowledged frame neighbor=2 seq=1 baseSeq=1 windowIndex=0
[MAC 1] Learned neighbor 2 uses slot 1 (rtCounter=1)
[MAC 1] Learned neighbor 3 uses slot 3 (rtCounter=3)
[MAC] Enqueue TX pkt dscp=0 insert_pos=0 queue_size_before=0
[MAC 1] resumes Pre-Tx with live slot=1 counter=1
[MAC 1] rtslot_counter expired for neighbor 2 reserveSlot=1
[MAC 1] rtslot_counter expired for neighbor 3 reserveSlot=3
[MAC 1] OPNET 300-ms transmit holdoff complete
[MAC 1] PickTxSlot(dest=2) active_nodes_for_slotting=3 opnet_slot_range=2
[MAC 1] PickTxSlot(dest=2) avoid:
[MAC 1] PickTxSlot chose 2 using historical next_tslot modulo probe
[MAC 1] TX opportunity reached currentSlot=1 reserveNextSlot=2
... type=0 speedKey=128[t=0.35] TX from node 1 to dest 2 seq 1 size 41 bytes segments 1 at slot 2 rate 128 kbps txPower 33 dBm (133333 bps) preamble SHORT duration 0.02208 s
[MAC 1] OPNET aggregate transmitted segments=1 ackSegments=0 dataSegments=1 bytes=41 rate=128
CONTRACT_SUMMARY checks=279 failed=0
