{
  "inputs": 5316,
  "frames": 187,
  "draws": 249,
  "tx": 209,
  "children": 490
}

{
  "status": "verified_exact_native_prefix",
  "gate": {
    "exact_prefix": true,
    "rows": 8710,
    "window": "[0,85)",
    "reference_sha256": "5b7ea32822f91e9404afd9ff25e31973c6c9f462e7360967bc0dcf5d8eab6bac",
    "observed_sha256": "4f9267c081cc1b754a4038f05749df6ba60610b5ab4dd7a8aa27be694a11cf19"
  },
  "events": {
    "boundary_state": 7,
    "tx_start": 162,
    "tx_child": 346,
    "rx_end": 972,
    "sync_decision": 442,
    "rx_begin": 442,
    "acquisition_scheduled": 330,
    "rx_arrival_state": 442,
    "acquisition_attempt": 325,
    "ber_interval": 831,
    "acquire_track": 325,
    "preamble_expire": 366,
    "phy_uniform": 344,
    "receiver_wake": 185,
    "receiver_sleep": 184
  }
}
