[NWK 66051] Cleared selected-route preference dst=66051 reason=no-valid-route
[NWK 66051] Selected route changed dst=66051 reason=local capability changed pendingDestinations=1
[NWK 66051] nodeType=Routable
[NWK 66051] routesProcess grouped selected-route changes count=1 infoChanged=0 time=0
[NWK 66051] Source-owned self route dst=66051 nextHop=66051 cost=0 hops=0 capability=1 advertised=1
[NWK 66051] Consumed grouped route changes without recipients destinations=1 infoChanged=0
[NWK 66051] nodeType=Routable
[NWK 66051] Cleared selected-route preference dst=66051 reason=no-valid-route
[NWK 66051] Selected route changed dst=66051 reason=local capability changed pendingDestinations=1
[NWK 66051] nodeType=Ordinary
[NWK 66051] routesProcess grouped selected-route changes count=1 infoChanged=0 time=0
[NWK 66051] Source-owned self route dst=66051 nextHop=66051 cost=0 hops=0 capability=0 advertised=0
[NWK 66051] Consumed grouped route changes without recipients destinations=1 infoChanged=0
[NWK 66051] nodeType=Ordinary
[NWK 66051] nodeType=Ordinary
[NWK 66051] Built ARL routing byte stream routingSequence=305419896 records=2 advertisedRoutes=0 recordBytes=18 sections=1 maxSectionBytes=700
[NWK 66051] Cleared selected-route preference dst=66051 reason=no-valid-route
[NWK 66051] Selected route changed dst=66051 reason=local capability changed pendingDestinations=1
[NWK 66051] nodeType=Routable
[NWK 66051] routesProcess grouped selected-route changes count=1 infoChanged=0 time=0
[NWK 66051] Source-owned self route dst=66051 nextHop=66051 cost=0 hops=0 capability=1 advertised=1
[NWK 66051] Consumed grouped route changes without recipients destinations=1 infoChanged=0
[NWK 66051] Built ARL routing byte stream routingSequence=305419896 records=3 advertisedRoutes=1 recordBytes=29 sections=1 maxSectionBytes=700
[NWK 66051] routesClearTable parity reset activeNeighborsCleared=0 routesInvalidated=0 reverseRoutesInvalidated=0 selectedPreferencesCleared=0
[NWK 66051] Routes: <none>
[NWK 66051] Built ARL routing byte stream routingSequence=305419897 records=3 advertisedRoutes=1 recordBytes=29 sections=1 maxSectionBytes=700
[NWK 66051] Cleared selected-route preference dst=66051 reason=no-valid-route
[NWK 66051] Selected route changed dst=66051 reason=local capability changed pendingDestinations=1
[NWK 66051] nodeType=Gateway
[NWK 66051] routesProcess grouped selected-route changes count=1 infoChanged=0 time=0
[NWK 66051] Source-owned self route dst=66051 nextHop=66051 cost=0 hops=0 capability=2 advertised=1
[NWK 66051] Consumed grouped route changes without recipients destinations=1 infoChanged=0
[NWK 66051] Built ARL routing byte stream routingSequence=305419896 records=3 advertisedRoutes=1 recordBytes=29 sections=1 maxSectionBytes=700
[NWK 66051] routesClearTable parity reset activeNeighborsCleared=0 routesInvalidated=0 reverseRoutesInvalidated=0 selectedPreferencesCleared=0
[NWK 66051] Routes: <none>
[NWK 66051] Built ARL routing byte stream routingSequence=305419897 records=3 advertisedRoutes=1 recordBytes=29 sections=1 maxSectionBytes=700
[NWK 66051] nodeType=Ordinary
[NWK 66051] ARL neighbor admission=disabled
[NWK 66051] automatic_route_propagation=disabled
[NWK 66051] New HELLO neighbor=2 hopSrc=2 speedKey=8 activeNodes=1 pathloss=70 snr=20
[NWK 66051] link_calc neighbor=2 s0=-105 pathloss=70 numFailures=0 speed=128 txPower=0 estDistance=75 speedMargin=53 totalMargin=65 costMode=local-only cost=29
[NWK 66051] Added route candidate dst=2 nextHop=2 hops=1 cost=29 linkCost=29 advCost=0 learnedFrom=2 selectionDeferred=0 selected=1
[NWK 66051] Updated selected-route preference dst=2 preferredNextHop=2
[NWK 66051] Selected route changed dst=2 reason=candidate update pendingDestinations=1
[NWK 66051] ARL route message from 2 type=None advCount=0
[NWK 66051] Routes: dst=2->nh=2(hops=1,cost=29,linkCost=29,advCost=0,from=2,imm=1,pl=70,valid=1,path=[2])
[NWK 66051] Added route candidate dst=263430 nextHop=2 hops=2 cost=17 linkCost=10 advCost=7 learnedFrom=2 selectionDeferred=0 selected=1
[NWK 66051] Updated selected-route preference dst=263430 preferredNextHop=2
[NWK 66051] Selected route changed dst=263430 reason=candidate update pendingDestinations=2
[NWK 66051] routesProcess grouped selected-route changes count=2 infoChanged=0 time=0
[NWK 66051] Best route dst=263430 nextHop=2 cost=17 hops=2 learnedFrom=2 candidates=1 validCandidates=1
[NWK 66051] Best route dst=2 nextHop=2 cost=29 hops=1 learnedFrom=2 candidates=1 validCandidates=1
[NWK 66051] Automatic route propagation disabled; reporting only
[NWK 66051] Built ARL routing byte stream routingSequence=573785173 records=3 advertisedRoutes=1 recordBytes=35 sections=1 maxSectionBytes=700
[NWK 1] ARL neighbor admission=disabled
[NWK 1] New HELLO neighbor=2 hopSrc=2 speedKey=8 activeNodes=1 pathloss=70 snr=20
[NWK 1] link_calc neighbor=2 s0=-105 pathloss=70 numFailures=0 speed=128 txPower=0 estDistance=75 speedMargin=53 totalMargin=65 costMode=local-only cost=29
[NWK 1] Added route candidate dst=2 nextHop=2 hops=1 cost=29 linkCost=29 advCost=0 learnedFrom=2 selectionDeferred=0 selected=1
[NWK 1] Updated selected-route preference dst=2 preferredNextHop=2
[NWK 1] Selected route changed dst=2 reason=candidate update pendingDestinations=1
[NWK 1] ARL route message from 2 type=RoutingUpdate advCount=1
[NWK 1] Accepted RoutingUpdate from=2 routingSequence=20 previousSequence=0 advCount=1 section=0/1
[NWK 1] Processing Routes_PAYLOAD from 2 advCount=1
[NWK 1] Added route candidate dst=329223 nextHop=2 hops=2 cost=38 linkCost=29 advCost=9 learnedFrom=2 selectionDeferred=0 selected=1
[NWK 1] Updated selected-route preference dst=329223 preferredNextHop=2
[NWK 1] Selected route changed dst=329223 reason=candidate update pendingDestinations=2
[NWK 1] Accepted advertised route dst=329223 via nextHop=2 hops=2 advCost=9 totalCost=38
[NWK 1] Applied standalone RoutingUpdate from=2 acceptedDestinations=1
[NWK 1] Routes: dst=2->nh=2(hops=1,cost=29,linkCost=29,advCost=0,from=2,imm=1,pl=70,valid=1,path=[2]) dst=329223->nh=2(hops=2,cost=38,linkCost=29,advCost=9,from=2,imm=0,pl=70,valid=1,path=[2->329223])
[NWK 1] Drop HELLO with inner/outer source mismatch hopSrc=260 helloSrc=258
[NWK 1] New HELLO neighbor=258 hopSrc=258 speedKey=8 activeNodes=1 pathloss=70 snr=20
[NWK 1] link_calc neighbor=258 s0=-105 pathloss=70 numFailures=0 speed=128 txPower=0 estDistance=75 speedMargin=53 totalMargin=65 costMode=local-only cost=29
[NWK 1] Added route candidate dst=258 nextHop=258 hops=1 cost=29 linkCost=29 advCost=0 learnedFrom=258 selectionDeferred=0 selected=0
[NWK 1] ARL route message from 258 type=None advCount=0
[NWK 1] Routes: dst=258->nh=258(hops=1,cost=29,linkCost=29,advCost=0,from=258,imm=1,pl=70,valid=1,path=[258])
[NWK 1] Updated HELLO neighbor=258 hopSrc=258 speedKey=8 activeNodes=1 pathloss=70 snr=20
[NWK 1] link_calc neighbor=258 s0=-105 pathloss=70 numFailures=0 speed=128 txPower=0 estDistance=75 speedMargin=53 totalMargin=65 costMode=local-only cost=29
[NWK 1] Updated route candidate dst=258 nextHop=258 hops=1 oldCost=29 newCost=29 valid=1->1 selectionDeferred=0 selected=0
[NWK 1] ARL route message from 258 type=RoutingUpdate advCount=0
[NWK 1] Buffered ARL routing section from=258 routingSequence=10 section=0/1 buffered=1
[NWK 1] Reassembled complete ARL routing message from=258 routingSequence=10 sections=1 recordBytes=11 records=1
[NWK 1] Applied source-owned neighbor capability neighbor=258 capability=1 routingSequence=10 directCost=29
[NWK 1] Routes: dst=258->nh=258(hops=1,cost=29,linkCost=29,advCost=0,from=258,imm=1,pl=70,valid=1,path=[258])
[NWK 1] New HELLO neighbor=259 hopSrc=259 speedKey=8 activeNodes=1 pathloss=70 snr=20
[NWK 1] link_calc neighbor=259 s0=-105 pathloss=70 numFailures=0 speed=128 txPower=0 estDistance=75 speedMargin=53 totalMargin=65 costMode=local-only cost=29
[NWK 1] Added route candidate dst=259 nextHop=259 hops=1 cost=29 linkCost=29 advCost=0 learnedFrom=259 selectionDeferred=0 selected=0
[NWK 1] ARL route message from 259 type=None advCount=0
[NWK 1] Routes: dst=258->nh=258(hops=1,cost=29,linkCost=29,advCost=0,from=258,imm=1,pl=70,valid=1,path=[258]) dst=259->nh=259(hops=1,cost=29,linkCost=29,advCost=0,from=259,imm=1,pl=70,valid=1,path=[259])
[NWK 1] Updated HELLO neighbor=259 hopSrc=259 speedKey=8 activeNodes=1 pathloss=70 snr=20
[NWK 1] link_calc neighbor=259 s0=-105 pathloss=70 numFailures=0 speed=128 txPower=0 estDistance=75 speedMargin=53 totalMargin=65 costMode=local-only cost=29
[NWK 1] Updated route candidate dst=259 nextHop=259 hops=1 oldCost=29 newCost=29 valid=1->1 selectionDeferred=0 selected=0
[NWK 1] ARL route message from 259 type=RoutingUpdate advCount=0
[NWK 1] Buffered ARL routing section from=259 routingSequence=11 section=0/1 buffered=1
[NWK 1] Reassembled complete ARL routing message from=259 routingSequence=11 sections=1 recordBytes=11 records=1
[NWK 1] Applied source-owned neighbor capability neighbor=259 capability=1 routingSequence=11 directCost=29
[NWK 1] Routes: dst=258->nh=258(hops=1,cost=29,linkCost=29,advCost=0,from=258,imm=1,pl=70,valid=1,path=[258]) dst=259->nh=259(hops=1,cost=29,linkCost=29,advCost=0,from=259,imm=1,pl=70,valid=1,path=[259])
[NWK 1] ARL neighbor admission=disabled
[NWK 1] Cleared selected-route preference dst=1 reason=no-valid-route
[NWK 1] Selected route changed dst=1 reason=local capability changed pendingDestinations=1
[NWK 1] nodeType=Routable
[NWK 1] ARL neighbor admission=disabled
[NWK 1] Gateway learned node=2
[NWK 1] New HELLO neighbor=2 hopSrc=2 speedKey=8 activeNodes=1 pathloss=70 snr=20
[NWK 1] link_calc neighbor=2 s0=-105 pathloss=70 numFailures=0 speed=128 txPower=0 estDistance=75 speedMargin=53 totalMargin=65 costMode=local-only cost=29
[NWK 1] Added route candidate dst=2 nextHop=2 hops=1 cost=29 linkCost=29 advCost=0 learnedFrom=2 selectionDeferred=0 selected=1
[NWK 1] Updated selected-route preference dst=2 preferredNextHop=2
[NWK 1] Selected route changed dst=2 reason=candidate update pendingDestinations=2
[NWK 1] ARL route message from 2 type=None advCount=0
[NWK 1] Routes: dst=2->nh=2(hops=1,cost=29,linkCost=29,advCost=0,from=2,imm=1,pl=70,valid=1,path=[2])
[NWK 1] Updated HELLO neighbor=2 hopSrc=2 speedKey=8 activeNodes=1 pathloss=70 snr=20
[NWK 1] link_calc neighbor=2 s0=-105 pathloss=70 numFailures=0 speed=128 txPower=0 estDistance=75 speedMargin=53 totalMargin=65 costMode=local-only cost=29
[NWK 1] Updated route candidate dst=2 nextHop=2 hops=1 oldCost=29 newCost=29 valid=1->1 selectionDeferred=0 selected=1
[NWK 1] ARL route message from 2 type=RoutingUpdate advCount=0
[NWK 1] Buffered ARL routing section from=2 routingSequence=10 section=0/1 buffered=1
[NWK 1] Reassembled complete ARL routing message from=2 routingSequence=10 sections=1 recordBytes=11 records=1
[NWK 1] Updated selected-route preference dst=2 preferredNextHop=2
[NWK 1] Selected route changed dst=2 reason=ARL self UPDATE pendingDestinations=2
[NWK 1] Applied source-owned neighbor capability neighbor=2 capability=1 routingSequence=10 directCost=29
[NWK 1] Routes: dst=2->nh=2(hops=1,cost=29,linkCost=29,advCost=0,from=2,imm=1,pl=70,valid=1,path=[2])
[NWK 1] Updated HELLO neighbor=2 hopSrc=2 speedKey=8 activeNodes=1 pathloss=72 snr=18
[NWK 1] link_calc neighbor=2 s0=-105 pathloss=72 numFailures=0 speed=128 txPower=0 estDistance=75 speedMargin=51 totalMargin=63 costMode=local-only cost=29
[NWK 1] Updated route candidate dst=2 nextHop=2 hops=1 oldCost=29 newCost=29 valid=1->1 selectionDeferred=0 selected=1
[NWK 1] ARL route message from 2 type=None advCount=0
[NWK 1] Routes: dst=2->nh=2(hops=1,cost=29,linkCost=29,advCost=0,from=2,imm=1,pl=72,valid=1,path=[2])
[NWK 1] Updated HELLO neighbor=2 hopSrc=2 speedKey=8 activeNodes=1 pathloss=70 snr=20
[NWK 1] link_calc neighbor=2 s0=-105 pathloss=70 numFailures=0 speed=128 txPower=0 estDistance=75 speedMargin=53 totalMargin=65 costMode=local-only cost=29
[NWK 1] Updated route candidate dst=2 nextHop=2 hops=1 oldCost=29 newCost=29 valid=1->1 selectionDeferred=0 selected=1
[NWK 1] ARL route message from 2 type=RoutingUpdate advCount=0
[NWK 1] Buffered ARL routing section from=2 routingSequence=11 section=0/1 buffered=1
[NWK 1] Reassembled complete ARL routing message from=2 routingSequence=11 sections=1 recordBytes=11 records=1
[NWK 1] Updated selected-route preference dst=2 preferredNextHop=2
[NWK 1] Selected route changed dst=2 reason=ARL self UPDATE pendingDestinations=2
[NWK 1] Applied source-owned neighbor capability neighbor=2 capability=2 routingSequence=11 directCost=29
[NWK 1] Routes: dst=2->nh=2(hops=1,cost=29,linkCost=29,advCost=0,from=2,imm=1,pl=70,valid=1,path=[2])
[NWK 1] Updated HELLO neighbor=2 hopSrc=2 speedKey=8 activeNodes=1 pathloss=70 snr=20
[NWK 1] link_calc neighbor=2 s0=-105 pathloss=70 numFailures=0 speed=128 txPower=0 estDistance=75 speedMargin=53 totalMargin=65 costMode=local-only cost=29
[NWK 1] Updated route candidate dst=2 nextHop=2 hops=1 oldCost=29 newCost=29 valid=1->1 selectionDeferred=0 selected=1
[NWK 1] ARL route message from 2 type=RoutingUpdate advCount=0
[NWK 1] Buffered ARL routing section from=2 routingSequence=11 section=0/1 buffered=1
[NWK 1] Reassembled complete ARL routing message from=2 routingSequence=11 sections=1 recordBytes=11 records=1
[NWK 1] Ignoring stale/duplicate neighbor self capability neighbor=2 incomingSequence=11 currentSequence=11
[NWK 1] Routes: dst=2->nh=2(hops=1,cost=29,linkCost=29,advCost=0,from=2,imm=1,pl=70,valid=1,path=[2])
[NWK 1] Updated HELLO neighbor=2 hopSrc=2 speedKey=8 activeNodes=1 pathloss=70 snr=20
[NWK 1] link_calc neighbor=2 s0=-105 pathloss=70 numFailures=0 speed=128 txPower=0 estDistance=75 speedMargin=53 totalMargin=65 costMode=local-only cost=29
[NWK 1] Updated route candidate dst=2 nextHop=2 hops=1 oldCost=29 newCost=29 valid=1->1 selectionDeferred=0 selected=1
[NWK 1] ARL route message from 2 type=RoutingUpdate advCount=0
[NWK 1] Buffered ARL routing section from=2 routingSequence=10 section=0/1 buffered=1
[NWK 1] Reassembled complete ARL routing message from=2 routingSequence=10 sections=1 recordBytes=11 records=1
[NWK 1] Ignoring stale/duplicate neighbor self capability neighbor=2 incomingSequence=10 currentSequence=11
[NWK 1] Routes: dst=2->nh=2(hops=1,cost=29,linkCost=29,advCost=0,from=2,imm=1,pl=70,valid=1,path=[2])
[NWK 1] routesClearTable parity reset activeNeighborsCleared=1 routesInvalidated=1 reverseRoutesInvalidated=0 selectedPreferencesCleared=1
[NWK 1] Routes: dst=2->nh=2(hops=1,cost=29,linkCost=29,advCost=0,from=2,imm=1,pl=70,valid=0,path=[2])
[NWK 1] Neighbor 2 is fresh again after receiving None
[NWK 1] Updated HELLO neighbor=2 hopSrc=2 speedKey=8 activeNodes=1 pathloss=71 snr=19
[NWK 1] link_calc neighbor=2 s0=-105 pathloss=71 numFailures=1 speed=128 txPower=0 estDistance=75 speedMargin=52 totalMargin=64 costMode=local-only cost=29
[NWK 1] Updated route candidate dst=2 nextHop=2 hops=1 oldCost=29 newCost=29 valid=0->1 selectionDeferred=0 selected=1
[NWK 1] Updated selected-route preference dst=2 preferredNextHop=2
[NWK 1] Selected route changed dst=2 reason=candidate update pendingDestinations=2
[NWK 1] ARL route message from 2 type=None advCount=0
[NWK 1] Routes: dst=2->nh=2(hops=1,cost=29,linkCost=29,advCost=0,from=2,imm=1,pl=71,valid=1,path=[2])
[NWK 1] Updated HELLO neighbor=2 hopSrc=2 speedKey=8 activeNodes=1 pathloss=70 snr=20
[NWK 1] link_calc neighbor=2 s0=-105 pathloss=70 numFailures=1 speed=128 txPower=0 estDistance=75 speedMargin=53 totalMargin=65 costMode=local-only cost=29
[NWK 1] Updated route candidate dst=2 nextHop=2 hops=1 oldCost=29 newCost=29 valid=1->1 selectionDeferred=0 selected=1
[NWK 1] ARL route message from 2 type=RoutingUpdate advCount=0
[NWK 1] Buffered ARL routing section from=2 routingSequence=1 section=0/1 buffered=1
[NWK 1] Reassembled complete ARL routing message from=2 routingSequence=1 sections=1 recordBytes=11 records=1
[NWK 1] Updated selected-route preference dst=2 preferredNextHop=2
[NWK 1] Selected route changed dst=2 reason=ARL self UPDATE pendingDestinations=2
[NWK 1] Applied source-owned neighbor capability neighbor=2 capability=2 routingSequence=1 directCost=29
[NWK 1] Routes: dst=2->nh=2(hops=1,cost=29,linkCost=29,advCost=0,from=2,imm=1,pl=70,valid=1,path=[2])
[NWK 1] routesClearTable parity reset activeNeighborsCleared=1 routesInvalidated=1 reverseRoutesInvalidated=0 selectedPreferencesCleared=1
[NWK 1] Routes: dst=2->nh=2(hops=1,cost=29,linkCost=29,advCost=0,from=2,imm=1,pl=70,valid=0,path=[2])
[NWK 1] Neighbor 2 is fresh again after receiving None
[NWK 1] Updated HELLO neighbor=2 hopSrc=2 speedKey=8 activeNodes=1 pathloss=71 snr=19
[NWK 1] link_calc neighbor=2 s0=-105 pathloss=71 numFailures=2 speed=128 txPower=0 estDistance=75 speedMargin=52 totalMargin=64 costMode=local-only cost=29
[NWK 1] Updated route candidate dst=2 nextHop=2 hops=1 oldCost=29 newCost=29 valid=0->1 selectionDeferred=0 selected=1
[NWK 1] Updated selected-route preference dst=2 preferredNextHop=2
[NWK 1] Selected route changed dst=2 reason=candidate update pendingDestinations=2
[NWK 1] ARL route message from 2 type=None advCount=0
[NWK 1] Routes: dst=2->nh=2(hops=1,cost=29,linkCost=29,advCost=0,from=2,imm=1,pl=71,valid=1,path=[2])
[NWK 1] Updated HELLO neighbor=2 hopSrc=2 speedKey=8 activeNodes=1 pathloss=71 snr=19
[NWK 1] link_calc neighbor=2 s0=-105 pathloss=71 numFailures=2 speed=128 txPower=0 estDistance=75 speedMargin=52 totalMargin=64 costMode=local-only cost=29
[NWK 1] Updated route candidate dst=2 nextHop=2 hops=1 oldCost=29 newCost=29 valid=1->1 selectionDeferred=0 selected=1
[NWK 1] ARL route message from 2 type=RoutingUpdate advCount=1
[NWK 1] Accepted RoutingUpdate from=2 routingSequence=1 previousSequence=0 advCount=1 section=0/1
[NWK 1] Processing Routes_PAYLOAD from 2 advCount=1
[NWK 1] Updated selected-route preference dst=2 preferredNextHop=2
[NWK 1] Selected route changed dst=2 reason=compatibility self UPDATE pendingDestinations=2
[NWK 1] Applied source-owned neighbor capability neighbor=2 capability=1 routingSequence=1 directCost=29
[NWK 1] Applied standalone RoutingUpdate from=2 acceptedDestinations=1
[NWK 1] Routes: dst=2->nh=2(hops=1,cost=29,linkCost=29,advCost=0,from=2,imm=1,pl=71,valid=1,path=[2])
[NWK 1] Updated HELLO neighbor=2 hopSrc=2 speedKey=8 activeNodes=1 pathloss=70 snr=20
[NWK 1] link_calc neighbor=2 s0=-105 pathloss=70 numFailures=2 speed=128 txPower=0 estDistance=75 speedMargin=53 totalMargin=65 costMode=local-only cost=29
[NWK 1] Updated route candidate dst=2 nextHop=2 hops=1 oldCost=29 newCost=29 valid=1->1 selectionDeferred=0 selected=1
[NWK 1] ARL route message from 2 type=RoutingUpdate advCount=0
[NWK 1] Buffered ARL routing section from=2 routingSequence=12 section=0/1 buffered=1
[NWK 1] Reassembled complete ARL routing message from=2 routingSequence=12 sections=1 recordBytes=18 records=2
[NWK 1] Applied ARL INFO from=2 routingSequence=12
[NWK 1] Applied ARL FLUSH from=2 routingSequence=12 routesInvalidated=0
[NWK 1] Updated selected-route preference dst=2 preferredNextHop=2
[NWK 1] Selected route changed dst=2 reason=ARL snapshot omitted self capability pendingDestinations=2
[NWK 1] Applied source-owned neighbor capability neighbor=2 capability=0 routingSequence=12 directCost=29
[NWK 1] Routes: dst=2->nh=2(hops=1,cost=29,linkCost=29,advCost=0,from=2,imm=1,pl=70,valid=1,path=[2])
[NWK 1] Updated HELLO neighbor=2 hopSrc=2 speedKey=8 activeNodes=1 pathloss=70 snr=20
[NWK 1] link_calc neighbor=2 s0=-105 pathloss=70 numFailures=2 speed=128 txPower=0 estDistance=75 speedMargin=53 totalMargin=65 costMode=local-only cost=29
[NWK 1] Updated route candidate dst=2 nextHop=2 hops=1 oldCost=29 newCost=29 valid=1->1 selectionDeferred=0 selected=1
[NWK 1] ARL route message from 2 type=RoutingUpdate advCount=0
[NWK 1] Buffered ARL routing section from=2 routingSequence=13 section=0/1 buffered=1
[NWK 1] Reassembled complete ARL routing message from=2 routingSequence=13 sections=1 recordBytes=11 records=1
[NWK 1] Updated selected-route preference dst=2 preferredNextHop=2
[NWK 1] Selected route changed dst=2 reason=ARL self UPDATE pendingDestinations=2
[NWK 1] Applied source-owned neighbor capability neighbor=2 capability=2 routingSequence=13 directCost=29
[NWK 1] Routes: dst=2->nh=2(hops=1,cost=29,linkCost=29,advCost=0,from=2,imm=1,pl=70,valid=1,path=[2])
[NWK 1] Updated HELLO neighbor=2 hopSrc=2 speedKey=8 activeNodes=1 pathloss=70 snr=20
[NWK 1] link_calc neighbor=2 s0=-105 pathloss=70 numFailures=2 speed=128 txPower=0 estDistance=75 speedMargin=53 totalMargin=65 costMode=local-only cost=29
[NWK 1] Updated route candidate dst=2 nextHop=2 hops=1 oldCost=29 newCost=29 valid=1->1 selectionDeferred=0 selected=1
[NWK 1] ARL route message from 2 type=RoutingUpdate advCount=0
[NWK 1] Buffered ARL routing section from=2 routingSequence=14 section=0/1 buffered=1
[NWK 1] Reassembled complete ARL routing message from=2 routingSequence=14 sections=1 recordBytes=4 records=1
[NWK 1] Updated selected-route preference dst=2 preferredNextHop=2
[NWK 1] Selected route changed dst=2 reason=ARL self DELETE pendingDestinations=2
[NWK 1] Applied source-owned neighbor capability neighbor=2 capability=0 routingSequence=14 directCost=29
[NWK 1] Routes: dst=2->nh=2(hops=1,cost=29,linkCost=29,advCost=0,from=2,imm=1,pl=70,valid=1,path=[2])
PASS: source-owned self-route capability parity test
