[NWK 0] ARL neighbor admission=disabled
[NWK 1] New HELLO neighbor=2 hopSrc=2 speedKey=8 activeNodes=1 pathloss=70 snr=20
[NWK 1] link_calc neighbor=2 s0=-105 pathloss=70 numFailures=0 speed=128 txPower=0 estDistance=75 speedMargin=53 totalMargin=65 costMode=local-only cost=29
[NWK 1] Added route candidate dst=2 nextHop=2 hops=1 cost=29 linkCost=29 advCost=0 learnedFrom=2 selectionDeferred=0 selected=1
[NWK 1] Updated selected-route preference dst=2 preferredNextHop=2
[NWK 1] Selected route changed dst=2 reason=candidate update pendingDestinations=1
[NWK 1] ARL route message from 2 type=None advCount=0
[NWK 1] Routes: dst=2->nh=2(hops=1,cost=29,linkCost=29,advCost=0,from=2,imm=1,pl=70,valid=1,path=[2])
[NWK 1] Added route candidate dst=900 nextHop=2 hops=2 cost=34 linkCost=29 advCost=5 learnedFrom=2 selectionDeferred=0 selected=1
[NWK 1] Updated selected-route preference dst=900 preferredNextHop=2
[NWK 1] Selected route changed dst=900 reason=candidate update pendingDestinations=2
[NWK 1] Updated HELLO neighbor=2 hopSrc=2 speedKey=8 activeNodes=1 pathloss=70 snr=20
[NWK 1] link_calc neighbor=2 s0=-105 pathloss=70 numFailures=0 speed=128 txPower=0 estDistance=75 speedMargin=53 totalMargin=65 costMode=local-only cost=29
[NWK 1] Updated route candidate dst=2 nextHop=2 hops=1 oldCost=29 newCost=29 valid=1->1 selectionDeferred=0 selected=1
[NWK 1] ARL route message from 2 type=RoutingUpdate advCount=0
[NWK 1] Buffered ARL routing section from=2 routingSequence=77 section=1/2 buffered=1
[NWK 1] Routes: dst=2->nh=2(hops=1,cost=29,linkCost=29,advCost=0,from=2,imm=1,pl=70,valid=1,path=[2]) dst=900->nh=2(hops=2,cost=34,linkCost=29,advCost=5,from=2,imm=0,pl=70,valid=1,path=[2->900])
[NWK 1] Updated HELLO neighbor=2 hopSrc=2 speedKey=8 activeNodes=1 pathloss=70 snr=20
[NWK 1] link_calc neighbor=2 s0=-105 pathloss=70 numFailures=0 speed=128 txPower=0 estDistance=75 speedMargin=53 totalMargin=65 costMode=local-only cost=29
[NWK 1] Updated route candidate dst=2 nextHop=2 hops=1 oldCost=29 newCost=29 valid=1->1 selectionDeferred=0 selected=1
[NWK 1] ARL route message from 2 type=RoutingUpdate advCount=0
[NWK 1] Buffered ARL routing section from=2 routingSequence=78 section=1/2 buffered=1
[NWK 1] Routes: dst=2->nh=2(hops=1,cost=29,linkCost=29,advCost=0,from=2,imm=1,pl=70,valid=1,path=[2]) dst=900->nh=2(hops=2,cost=34,linkCost=29,advCost=5,from=2,imm=0,pl=70,valid=1,path=[2->900])
[NWK 1] Updated HELLO neighbor=2 hopSrc=2 speedKey=8 activeNodes=1 pathloss=70 snr=20
[NWK 1] link_calc neighbor=2 s0=-105 pathloss=70 numFailures=0 speed=128 txPower=0 estDistance=75 speedMargin=53 totalMargin=65 costMode=local-only cost=29
[NWK 1] Updated route candidate dst=2 nextHop=2 hops=1 oldCost=29 newCost=29 valid=1->1 selectionDeferred=0 selected=1
[NWK 1] ARL route message from 2 type=RoutingUpdate advCount=0
[NWK 1] Ignoring duplicate ARL routing section from=2 routingSequence=77 section=1
[NWK 1] Routes: dst=2->nh=2(hops=1,cost=29,linkCost=29,advCost=0,from=2,imm=1,pl=70,valid=1,path=[2]) dst=900->nh=2(hops=2,cost=34,linkCost=29,advCost=5,from=2,imm=0,pl=70,valid=1,path=[2->900])
[NWK 1] Updated HELLO neighbor=2 hopSrc=2 speedKey=8 activeNodes=1 pathloss=70 snr=20
[NWK 1] link_calc neighbor=2 s0=-105 pathloss=70 numFailures=0 speed=128 txPower=0 estDistance=75 speedMargin=53 totalMargin=65 costMode=local-only cost=29
[NWK 1] Updated route candidate dst=2 nextHop=2 hops=1 oldCost=29 newCost=29 valid=1->1 selectionDeferred=0 selected=1
[NWK 1] ARL route message from 2 type=RoutingUpdate advCount=0
[NWK 1] Buffered ARL routing section from=2 routingSequence=77 section=0/2 buffered=2
[NWK 1] Reassembled complete ARL routing message from=2 routingSequence=77 sections=2 recordBytes=698 records=42
[NWK 1] Applied ARL INFO from=2 routingSequence=77
[NWK 1] Added route candidate dst=1000 nextHop=2 hops=3 cost=129 linkCost=29 advCost=100 learnedFrom=2 selectionDeferred=0 selected=1
[NWK 1] Updated selected-route preference dst=1000 preferredNextHop=2
[NWK 1] Selected route changed dst=1000 reason=candidate update pendingDestinations=3
[NWK 1] Applied ARL UPDATE from=2 dst=1000 advertisedHops=2 advertisedCost=100 routingSequence=77
[NWK 1] Added route candidate dst=1001 nextHop=2 hops=3 cost=130 linkCost=29 advCost=101 learnedFrom=2 selectionDeferred=0 selected=1
[NWK 1] Updated selected-route preference dst=1001 preferredNextHop=2
[NWK 1] Selected route changed dst=1001 reason=candidate update pendingDestinations=4
[NWK 1] Applied ARL UPDATE from=2 dst=1001 advertisedHops=2 advertisedCost=101 routingSequence=77
[NWK 1] Added route candidate dst=1002 nextHop=2 hops=3 cost=131 linkCost=29 advCost=102 learnedFrom=2 selectionDeferred=0 selected=1
[NWK 1] Updated selected-route preference dst=1002 preferredNextHop=2
[NWK 1] Selected route changed dst=1002 reason=candidate update pendingDestinations=5
[NWK 1] Applied ARL UPDATE from=2 dst=1002 advertisedHops=2 advertisedCost=102 routingSequence=77
[NWK 1] Added route candidate dst=1003 nextHop=2 hops=3 cost=132 linkCost=29 advCost=103 learnedFrom=2 selectionDeferred=0 selected=1
[NWK 1] Updated selected-route preference dst=1003 preferredNextHop=2
[NWK 1] Selected route changed dst=1003 reason=candidate update pendingDestinations=6
[NWK 1] Applied ARL UPDATE from=2 dst=1003 advertisedHops=2 advertisedCost=103 routingSequence=77
[NWK 1] Added route candidate dst=1004 nextHop=2 hops=3 cost=133 linkCost=29 advCost=104 learnedFrom=2 selectionDeferred=0 selected=1
[NWK 1] Updated selected-route preference dst=1004 preferredNextHop=2
[NWK 1] Selected route changed dst=1004 reason=candidate update pendingDestinations=7
[NWK 1] Applied ARL UPDATE from=2 dst=1004 advertisedHops=2 advertisedCost=104 routingSequence=77
[NWK 1] Added route candidate dst=1005 nextHop=2 hops=3 cost=134 linkCost=29 advCost=105 learnedFrom=2 selectionDeferred=0 selected=1
[NWK 1] Updated selected-route preference dst=1005 preferredNextHop=2
[NWK 1] Selected route changed dst=1005 reason=candidate update pendingDestinations=8
[NWK 1] Applied ARL UPDATE from=2 dst=1005 advertisedHops=2 advertisedCost=105 routingSequence=77
[NWK 1] Added route candidate dst=1006 nextHop=2 hops=3 cost=135 linkCost=29 advCost=106 learnedFrom=2 selectionDeferred=0 selected=1
[NWK 1] Updated selected-route preference dst=1006 preferredNextHop=2
[NWK 1] Selected route changed dst=1006 reason=candidate update pendingDestinations=9
[NWK 1] Applied ARL UPDATE from=2 dst=1006 advertisedHops=2 advertisedCost=106 routingSequence=77
[NWK 1] Added route candidate dst=1007 nextHop=2 hops=3 cost=136 linkCost=29 advCost=107 learnedFrom=2 selectionDeferred=0 selected=1
[NWK 1] Updated selected-route preference dst=1007 preferredNextHop=2
[NWK 1] Selected route changed dst=1007 reason=candidate update pendingDestinations=10
[NWK 1] Applied ARL UPDATE from=2 dst=1007 advertisedHops=2 advertisedCost=107 routingSequence=77
[NWK 1] Added route candidate dst=1008 nextHop=2 hops=3 cost=137 linkCost=29 advCost=108 learnedFrom=2 selectionDeferred=0 selected=1
[NWK 1] Updated selected-route preference dst=1008 preferredNextHop=2
[NWK 1] Selected route changed dst=1008 reason=candidate update pendingDestinations=11
[NWK 1] Applied ARL UPDATE from=2 dst=1008 advertisedHops=2 advertisedCost=108 routingSequence=77
[NWK 1] Added route candidate dst=1009 nextHop=2 hops=3 cost=138 linkCost=29 advCost=109 learnedFrom=2 selectionDeferred=0 selected=1
[NWK 1] Updated selected-route preference dst=1009 preferredNextHop=2
[NWK 1] Selected route changed dst=1009 reason=candidate update pendingDestinations=12
[NWK 1] Applied ARL UPDATE from=2 dst=1009 advertisedHops=2 advertisedCost=109 routingSequence=77
[NWK 1] Added route candidate dst=1010 nextHop=2 hops=3 cost=139 linkCost=29 advCost=110 learnedFrom=2 selectionDeferred=0 selected=1
[NWK 1] Updated selected-route preference dst=1010 preferredNextHop=2
[NWK 1] Selected route changed dst=1010 reason=candidate update pendingDestinations=13
[NWK 1] Applied ARL UPDATE from=2 dst=1010 advertisedHops=2 advertisedCost=110 routingSequence=77
[NWK 1] Added route candidate dst=1011 nextHop=2 hops=3 cost=140 linkCost=29 advCost=111 learnedFrom=2 selectionDeferred=0 selected=1
[NWK 1] Updated selected-route preference dst=1011 preferredNextHop=2
[NWK 1] Selected route changed dst=1011 reason=candidate update pendingDestinations=14
[NWK 1] Applied ARL UPDATE from=2 dst=1011 advertisedHops=2 advertisedCost=111 routingSequence=77
[NWK 1] Added route candidate dst=1012 nextHop=2 hops=3 cost=141 linkCost=29 advCost=112 learnedFrom=2 selectionDeferred=0 selected=1
[NWK 1] Updated selected-route preference dst=1012 preferredNextHop=2
[NWK 1] Selected route changed dst=1012 reason=candidate update pendingDestinations=15
[NWK 1] Applied ARL UPDATE from=2 dst=1012 advertisedHops=2 advertisedCost=112 routingSequence=77
[NWK 1] Added route candidate dst=1013 nextHop=2 hops=3 cost=142 linkCost=29 advCost=113 learnedFrom=2 selectionDeferred=0 selected=1
[NWK 1] Updated selected-route preference dst=1013 preferredNextHop=2
[NWK 1] Selected route changed dst=1013 reason=candidate update pendingDestinations=16
[NWK 1] Applied ARL UPDATE from=2 dst=1013 advertisedHops=2 advertisedCost=113 routingSequence=77
[NWK 1] Added route candidate dst=1014 nextHop=2 hops=3 cost=143 linkCost=29 advCost=114 learnedFrom=2 selectionDeferred=0 selected=1
[NWK 1] Updated selected-route preference dst=1014 preferredNextHop=2
[NWK 1] Selected route changed dst=1014 reason=candidate update pendingDestinations=17
[NWK 1] Applied ARL UPDATE from=2 dst=1014 advertisedHops=2 advertisedCost=114 routingSequence=77
[NWK 1] Added route candidate dst=1015 nextHop=2 hops=3 cost=144 linkCost=29 advCost=115 learnedFrom=2 selectionDeferred=0 selected=1
[NWK 1] Updated selected-route preference dst=1015 preferredNextHop=2
[NWK 1] Selected route changed dst=1015 reason=candidate update pendingDestinations=18
[NWK 1] Applied ARL UPDATE from=2 dst=1015 advertisedHops=2 advertisedCost=115 routingSequence=77
[NWK 1] Added route candidate dst=1016 nextHop=2 hops=3 cost=145 linkCost=29 advCost=116 learnedFrom=2 selectionDeferred=0 selected=1
[NWK 1] Updated selected-route preference dst=1016 preferredNextHop=2
[NWK 1] Selected route changed dst=1016 reason=candidate update pendingDestinations=19
[NWK 1] Applied ARL UPDATE from=2 dst=1016 advertisedHops=2 advertisedCost=116 routingSequence=77
[NWK 1] Added route candidate dst=1017 nextHop=2 hops=3 cost=146 linkCost=29 advCost=117 learnedFrom=2 selectionDeferred=0 selected=1
[NWK 1] Updated selected-route preference dst=1017 preferredNextHop=2
[NWK 1] Selected route changed dst=1017 reason=candidate update pendingDestinations=20
[NWK 1] Applied ARL UPDATE from=2 dst=1017 advertisedHops=2 advertisedCost=117 routingSequence=77
[NWK 1] Added route candidate dst=1018 nextHop=2 hops=3 cost=147 linkCost=29 advCost=118 learnedFrom=2 selectionDeferred=0 selected=1
[NWK 1] Updated selected-route preference dst=1018 preferredNextHop=2
[NWK 1] Selected route changed dst=1018 reason=candidate update pendingDestinations=21
[NWK 1] Applied ARL UPDATE from=2 dst=1018 advertisedHops=2 advertisedCost=118 routingSequence=77
[NWK 1] Added route candidate dst=1019 nextHop=2 hops=3 cost=148 linkCost=29 advCost=119 learnedFrom=2 selectionDeferred=0 selected=1
[NWK 1] Updated selected-route preference dst=1019 preferredNextHop=2
[NWK 1] Selected route changed dst=1019 reason=candidate update pendingDestinations=22
[NWK 1] Applied ARL UPDATE from=2 dst=1019 advertisedHops=2 advertisedCost=119 routingSequence=77
[NWK 1] Added route candidate dst=1020 nextHop=2 hops=3 cost=149 linkCost=29 advCost=120 learnedFrom=2 selectionDeferred=0 selected=1
[NWK 1] Updated selected-route preference dst=1020 preferredNextHop=2
[NWK 1] Selected route changed dst=1020 reason=candidate update pendingDestinations=23
[NWK 1] Applied ARL UPDATE from=2 dst=1020 advertisedHops=2 advertisedCost=120 routingSequence=77
[NWK 1] Added route candidate dst=1021 nextHop=2 hops=3 cost=150 linkCost=29 advCost=121 learnedFrom=2 selectionDeferred=0 selected=1
[NWK 1] Updated selected-route preference dst=1021 preferredNextHop=2
[NWK 1] Selected route changed dst=1021 reason=candidate update pendingDestinations=24
[NWK 1] Applied ARL UPDATE from=2 dst=1021 advertisedHops=2 advertisedCost=121 routingSequence=77
[NWK 1] Added route candidate dst=1022 nextHop=2 hops=3 cost=151 linkCost=29 advCost=122 learnedFrom=2 selectionDeferred=0 selected=1
[NWK 1] Updated selected-route preference dst=1022 preferredNextHop=2
[NWK 1] Selected route changed dst=1022 reason=candidate update pendingDestinations=25
[NWK 1] Applied ARL UPDATE from=2 dst=1022 advertisedHops=2 advertisedCost=122 routingSequence=77
[NWK 1] Added route candidate dst=1023 nextHop=2 hops=3 cost=152 linkCost=29 advCost=123 learnedFrom=2 selectionDeferred=0 selected=1
[NWK 1] Updated selected-route preference dst=1023 preferredNextHop=2
[NWK 1] Selected route changed dst=1023 reason=candidate update pendingDestinations=26
[NWK 1] Applied ARL UPDATE from=2 dst=1023 advertisedHops=2 advertisedCost=123 routingSequence=77
[NWK 1] Added route candidate dst=1024 nextHop=2 hops=3 cost=153 linkCost=29 advCost=124 learnedFrom=2 selectionDeferred=0 selected=1
[NWK 1] Updated selected-route preference dst=1024 preferredNextHop=2
[NWK 1] Selected route changed dst=1024 reason=candidate update pendingDestinations=27
[NWK 1] Applied ARL UPDATE from=2 dst=1024 advertisedHops=2 advertisedCost=124 routingSequence=77
[NWK 1] Added route candidate dst=1025 nextHop=2 hops=3 cost=154 linkCost=29 advCost=125 learnedFrom=2 selectionDeferred=0 selected=1
[NWK 1] Updated selected-route preference dst=1025 preferredNextHop=2
[NWK 1] Selected route changed dst=1025 reason=candidate update pendingDestinations=28
[NWK 1] Applied ARL UPDATE from=2 dst=1025 advertisedHops=2 advertisedCost=125 routingSequence=77
[NWK 1] Added route candidate dst=1026 nextHop=2 hops=3 cost=155 linkCost=29 advCost=126 learnedFrom=2 selectionDeferred=0 selected=1
[NWK 1] Updated selected-route preference dst=1026 preferredNextHop=2
[NWK 1] Selected route changed dst=1026 reason=candidate update pendingDestinations=29
[NWK 1] Applied ARL UPDATE from=2 dst=1026 advertisedHops=2 advertisedCost=126 routingSequence=77
[NWK 1] Added route candidate dst=1027 nextHop=2 hops=3 cost=156 linkCost=29 advCost=127 learnedFrom=2 selectionDeferred=0 selected=1
[NWK 1] Updated selected-route preference dst=1027 preferredNextHop=2
[NWK 1] Selected route changed dst=1027 reason=candidate update pendingDestinations=30
[NWK 1] Applied ARL UPDATE from=2 dst=1027 advertisedHops=2 advertisedCost=127 routingSequence=77
[NWK 1] Added route candidate dst=1028 nextHop=2 hops=3 cost=157 linkCost=29 advCost=128 learnedFrom=2 selectionDeferred=0 selected=1
[NWK 1] Updated selected-route preference dst=1028 preferredNextHop=2
[NWK 1] Selected route changed dst=1028 reason=candidate update pendingDestinations=31
[NWK 1] Applied ARL UPDATE from=2 dst=1028 advertisedHops=2 advertisedCost=128 routingSequence=77
[NWK 1] Added route candidate dst=1029 nextHop=2 hops=3 cost=158 linkCost=29 advCost=129 learnedFrom=2 selectionDeferred=0 selected=1
[NWK 1] Updated selected-route preference dst=1029 preferredNextHop=2
[NWK 1] Selected route changed dst=1029 reason=candidate update pendingDestinations=32
[NWK 1] Applied ARL UPDATE from=2 dst=1029 advertisedHops=2 advertisedCost=129 routingSequence=77
[NWK 1] Added route candidate dst=1030 nextHop=2 hops=3 cost=159 linkCost=29 advCost=130 learnedFrom=2 selectionDeferred=0 selected=1
[NWK 1] Updated selected-route preference dst=1030 preferredNextHop=2
[NWK 1] Selected route changed dst=1030 reason=candidate update pendingDestinations=33
[NWK 1] Applied ARL UPDATE from=2 dst=1030 advertisedHops=2 advertisedCost=130 routingSequence=77
[NWK 1] Added route candidate dst=1031 nextHop=2 hops=3 cost=160 linkCost=29 advCost=131 learnedFrom=2 selectionDeferred=0 selected=1
[NWK 1] Updated selected-route preference dst=1031 preferredNextHop=2
[NWK 1] Selected route changed dst=1031 reason=candidate update pendingDestinations=34
[NWK 1] Applied ARL UPDATE from=2 dst=1031 advertisedHops=2 advertisedCost=131 routingSequence=77
[NWK 1] Added route candidate dst=1032 nextHop=2 hops=3 cost=161 linkCost=29 advCost=132 learnedFrom=2 selectionDeferred=0 selected=1
[NWK 1] Updated selected-route preference dst=1032 preferredNextHop=2
[NWK 1] Selected route changed dst=1032 reason=candidate update pendingDestinations=35
[NWK 1] Applied ARL UPDATE from=2 dst=1032 advertisedHops=2 advertisedCost=132 routingSequence=77
[NWK 1] Added route candidate dst=1033 nextHop=2 hops=3 cost=162 linkCost=29 advCost=133 learnedFrom=2 selectionDeferred=0 selected=1
[NWK 1] Updated selected-route preference dst=1033 preferredNextHop=2
[NWK 1] Selected route changed dst=1033 reason=candidate update pendingDestinations=36
[NWK 1] Applied ARL UPDATE from=2 dst=1033 advertisedHops=2 advertisedCost=133 routingSequence=77
[NWK 1] Added route candidate dst=1034 nextHop=2 hops=3 cost=163 linkCost=29 advCost=134 learnedFrom=2 selectionDeferred=0 selected=1
[NWK 1] Updated selected-route preference dst=1034 preferredNextHop=2
[NWK 1] Selected route changed dst=1034 reason=candidate update pendingDestinations=37
[NWK 1] Applied ARL UPDATE from=2 dst=1034 advertisedHops=2 advertisedCost=134 routingSequence=77
[NWK 1] Added route candidate dst=1035 nextHop=2 hops=3 cost=164 linkCost=29 advCost=135 learnedFrom=2 selectionDeferred=0 selected=1
[NWK 1] Updated selected-route preference dst=1035 preferredNextHop=2
[NWK 1] Selected route changed dst=1035 reason=candidate update pendingDestinations=38
[NWK 1] Applied ARL UPDATE from=2 dst=1035 advertisedHops=2 advertisedCost=135 routingSequence=77
[NWK 1] Added route candidate dst=1036 nextHop=2 hops=3 cost=165 linkCost=29 advCost=136 learnedFrom=2 selectionDeferred=0 selected=1
[NWK 1] Updated selected-route preference dst=1036 preferredNextHop=2
[NWK 1] Selected route changed dst=1036 reason=candidate update pendingDestinations=39
[NWK 1] Applied ARL UPDATE from=2 dst=1036 advertisedHops=2 advertisedCost=136 routingSequence=77
[NWK 1] Added route candidate dst=1037 nextHop=2 hops=3 cost=166 linkCost=29 advCost=137 learnedFrom=2 selectionDeferred=0 selected=1
[NWK 1] Updated selected-route preference dst=1037 preferredNextHop=2
[NWK 1] Selected route changed dst=1037 reason=candidate update pendingDestinations=40
[NWK 1] Applied ARL UPDATE from=2 dst=1037 advertisedHops=2 advertisedCost=137 routingSequence=77
[NWK 1] Added route candidate dst=1038 nextHop=2 hops=3 cost=167 linkCost=29 advCost=138 learnedFrom=2 selectionDeferred=0 selected=1
[NWK 1] Updated selected-route preference dst=1038 preferredNextHop=2
[NWK 1] Selected route changed dst=1038 reason=candidate update pendingDestinations=41
[NWK 1] Applied ARL UPDATE from=2 dst=1038 advertisedHops=2 advertisedCost=138 routingSequence=77
[NWK 1] Added route candidate dst=1039 nextHop=2 hops=3 cost=168 linkCost=29 advCost=139 learnedFrom=2 selectionDeferred=0 selected=1
[NWK 1] Updated selected-route preference dst=1039 preferredNextHop=2
[NWK 1] Selected route changed dst=1039 reason=candidate update pendingDestinations=42
[NWK 1] Applied ARL UPDATE from=2 dst=1039 advertisedHops=2 advertisedCost=139 routingSequence=77
[NWK 1] Cleared selected-route preference dst=900 reason=no-valid-route
[NWK 1] Selected route changed dst=900 reason=ARL FLUSH pendingDestinations=42
[NWK 1] Applied ARL FLUSH from=2 routingSequence=77 routesInvalidated=1
[NWK 1] Applied source-owned neighbor capability neighbor=2 capability=0 routingSequence=77 directCost=29
[NWK 1] Routes: dst=2->nh=2(hops=1,cost=29,linkCost=29,advCost=0,from=2,imm=1,pl=70,valid=1,path=[2]) dst=900->nh=2(hops=2,cost=34,linkCost=29,advCost=5,from=2,imm=0,pl=70,valid=0,path=[2->900]) dst=1000->nh=2(hops=3,cost=129,linkCost=29,advCost=100,from=2,imm=0,pl=70,valid=1,path=[2->3->1000]) dst=1001->nh=2(hops=3,cost=130,linkCost=29,advCost=101,from=2,imm=0,pl=70,valid=1,path=[2->3->1001]) dst=1002->nh=2(hops=3,cost=131,linkCost=29,advCost=102,from=2,imm=0,pl=70,valid=1,path=[2->3->1002]) dst=1003->nh=2(hops=3,cost=132,linkCost=29,advCost=103,from=2,imm=0,pl=70,valid=1,path=[2->3->1003]) dst=1004->nh=2(hops=3,cost=133,linkCost=29,advCost=104,from=2,imm=0,pl=70,valid=1,path=[2->3->1004]) dst=1005->nh=2(hops=3,cost=134,linkCost=29,advCost=105,from=2,imm=0,pl=70,valid=1,path=[2->3->1005]) dst=1006->nh=2(hops=3,cost=135,linkCost=29,advCost=106,from=2,imm=0,pl=70,valid=1,path=[2->3->1006]) dst=1007->nh=2(hops=3,cost=136,linkCost=29,advCost=107,from=2,imm=0,pl=70,valid=1,path=[2->3->1007]) dst=1008->nh=2(hops=3,cost=137,linkCost=29,advCost=108,from=2,imm=0,pl=70,valid=1,path=[2->3->1008]) dst=1009->nh=2(hops=3,cost=138,linkCost=29,advCost=109,from=2,imm=0,pl=70,valid=1,path=[2->3->1009]) dst=1010->nh=2(hops=3,cost=139,linkCost=29,advCost=110,from=2,imm=0,pl=70,valid=1,path=[2->3->1010]) dst=1011->nh=2(hops=3,cost=140,linkCost=29,advCost=111,from=2,imm=0,pl=70,valid=1,path=[2->3->1011]) dst=1012->nh=2(hops=3,cost=141,linkCost=29,advCost=112,from=2,imm=0,pl=70,valid=1,path=[2->3->1012]) dst=1013->nh=2(hops=3,cost=142,linkCost=29,advCost=113,from=2,imm=0,pl=70,valid=1,path=[2->3->1013]) dst=1014->nh=2(hops=3,cost=143,linkCost=29,advCost=114,from=2,imm=0,pl=70,valid=1,path=[2->3->1014]) dst=1015->nh=2(hops=3,cost=144,linkCost=29,advCost=115,from=2,imm=0,pl=70,valid=1,path=[2->3->1015]) dst=1016->nh=2(hops=3,cost=145,linkCost=29,advCost=116,from=2,imm=0,pl=70,valid=1,path=[2->3->1016]) dst=1017->nh=2(hops=3,cost=146,linkCost=29,advCost=117,from=2,imm=0,pl=70,valid=1,path=[2->3->1017]) dst=1018->nh=2(hops=3,cost=147,linkCost=29,advCost=118,from=2,imm=0,pl=70,valid=1,path=[2->3->1018]) dst=1019->nh=2(hops=3,cost=148,linkCost=29,advCost=119,from=2,imm=0,pl=70,valid=1,path=[2->3->1019]) dst=1020->nh=2(hops=3,cost=149,linkCost=29,advCost=120,from=2,imm=0,pl=70,valid=1,path=[2->3->1020]) dst=1021->nh=2(hops=3,cost=150,linkCost=29,advCost=121,from=2,imm=0,pl=70,valid=1,path=[2->3->1021]) dst=1022->nh=2(hops=3,cost=151,linkCost=29,advCost=122,from=2,imm=0,pl=70,valid=1,path=[2->3->1022]) dst=1023->nh=2(hops=3,cost=152,linkCost=29,advCost=123,from=2,imm=0,pl=70,valid=1,path=[2->3->1023]) dst=1024->nh=2(hops=3,cost=153,linkCost=29,advCost=124,from=2,imm=0,pl=70,valid=1,path=[2->3->1024]) dst=1025->nh=2(hops=3,cost=154,linkCost=29,advCost=125,from=2,imm=0,pl=70,valid=1,path=[2->3->1025]) dst=1026->nh=2(hops=3,cost=155,linkCost=29,advCost=126,from=2,imm=0,pl=70,valid=1,path=[2->3->1026]) dst=1027->nh=2(hops=3,cost=156,linkCost=29,advCost=127,from=2,imm=0,pl=70,valid=1,path=[2->3->1027]) dst=1028->nh=2(hops=3,cost=157,linkCost=29,advCost=128,from=2,imm=0,pl=70,valid=1,path=[2->3->1028]) dst=1029->nh=2(hops=3,cost=158,linkCost=29,advCost=129,from=2,imm=0,pl=70,valid=1,path=[2->3->1029]) dst=1030->nh=2(hops=3,cost=159,linkCost=29,advCost=130,from=2,imm=0,pl=70,valid=1,path=[2->3->1030]) dst=1031->nh=2(hops=3,cost=160,linkCost=29,advCost=131,from=2,imm=0,pl=70,valid=1,path=[2->3->1031]) dst=1032->nh=2(hops=3,cost=161,linkCost=29,advCost=132,from=2,imm=0,pl=70,valid=1,path=[2->3->1032]) dst=1033->nh=2(hops=3,cost=162,linkCost=29,advCost=133,from=2,imm=0,pl=70,valid=1,path=[2->3->1033]) dst=1034->nh=2(hops=3,cost=163,linkCost=29,advCost=134,from=2,imm=0,pl=70,valid=1,path=[2->3->1034]) dst=1035->nh=2(hops=3,cost=164,linkCost=29,advCost=135,from=2,imm=0,pl=70,valid=1,path=[2->3->1035]) dst=1036->nh=2(hops=3,cost=165,linkCost=29,advCost=136,from=2,imm=0,pl=70,valid=1,path=[2->3->1036]) dst=1037->nh=2(hops=3,cost=166,linkCost=29,advCost=137,from=2,imm=0,pl=70,valid=1,path=[2->3->1037]) dst=1038->nh=2(hops=3,cost=167,linkCost=29,advCost=138,from=2,imm=0,pl=70,valid=1,path=[2->3->1038]) dst=1039->nh=2(hops=3,cost=168,linkCost=29,advCost=139,from=2,imm=0,pl=70,valid=1,path=[2->3->1039])
[NWK 1] Updated HELLO neighbor=2 hopSrc=2 speedKey=8 activeNodes=1 pathloss=70 snr=20
[NWK 1] link_calc neighbor=2 s0=-105 pathloss=70 numFailures=0 speed=128 txPower=0 estDistance=75 speedMargin=53 totalMargin=65 costMode=local-only cost=29
[NWK 1] Updated route candidate dst=2 nextHop=2 hops=1 oldCost=29 newCost=29 valid=1->1 selectionDeferred=0 selected=1
[NWK 1] ARL route message from 2 type=RoutingUpdate advCount=0
[NWK 1] Buffered ARL routing section from=2 routingSequence=78 section=0/2 buffered=2
[NWK 1] Reassembled complete ARL routing message from=2 routingSequence=78 sections=2 recordBytes=698 records=42
[NWK 1] Applied ARL INFO from=2 routingSequence=78
[NWK 1] Updated route candidate dst=1000 nextHop=2 hops=3 oldCost=129 newCost=129 valid=1->1 selectionDeferred=0 selected=1
[NWK 1] Updated selected-route preference dst=1000 preferredNextHop=2
[NWK 1] Selected route changed dst=1000 reason=source candidate replacement pendingDestinations=42
[NWK 1] Applied ARL UPDATE from=2 dst=1000 advertisedHops=2 advertisedCost=100 routingSequence=78
[NWK 1] Updated route candidate dst=1001 nextHop=2 hops=3 oldCost=130 newCost=130 valid=1->1 selectionDeferred=0 selected=1
[NWK 1] Updated selected-route preference dst=1001 preferredNextHop=2
[NWK 1] Selected route changed dst=1001 reason=source candidate replacement pendingDestinations=42
[NWK 1] Applied ARL UPDATE from=2 dst=1001 advertisedHops=2 advertisedCost=101 routingSequence=78
[NWK 1] Updated route candidate dst=1002 nextHop=2 hops=3 oldCost=131 newCost=131 valid=1->1 selectionDeferred=0 selected=1
[NWK 1] Updated selected-route preference dst=1002 preferredNextHop=2
[NWK 1] Selected route changed dst=1002 reason=source candidate replacement pendingDestinations=42
[NWK 1] Applied ARL UPDATE from=2 dst=1002 advertisedHops=2 advertisedCost=102 routingSequence=78
[NWK 1] Updated route candidate dst=1003 nextHop=2 hops=3 oldCost=132 newCost=132 valid=1->1 selectionDeferred=0 selected=1
[NWK 1] Updated selected-route preference dst=1003 preferredNextHop=2
[NWK 1] Selected route changed dst=1003 reason=source candidate replacement pendingDestinations=42
[NWK 1] Applied ARL UPDATE from=2 dst=1003 advertisedHops=2 advertisedCost=103 routingSequence=78
[NWK 1] Updated route candidate dst=1004 nextHop=2 hops=3 oldCost=133 newCost=133 valid=1->1 selectionDeferred=0 selected=1
[NWK 1] Updated selected-route preference dst=1004 preferredNextHop=2
[NWK 1] Selected route changed dst=1004 reason=source candidate replacement pendingDestinations=42
[NWK 1] Applied ARL UPDATE from=2 dst=1004 advertisedHops=2 advertisedCost=104 routingSequence=78
[NWK 1] Updated route candidate dst=1005 nextHop=2 hops=3 oldCost=134 newCost=134 valid=1->1 selectionDeferred=0 selected=1
[NWK 1] Updated selected-route preference dst=1005 preferredNextHop=2
[NWK 1] Selected route changed dst=1005 reason=source candidate replacement pendingDestinations=42
[NWK 1] Applied ARL UPDATE from=2 dst=1005 advertisedHops=2 advertisedCost=105 routingSequence=78
[NWK 1] Updated route candidate dst=1006 nextHop=2 hops=3 oldCost=135 newCost=135 valid=1->1 selectionDeferred=0 selected=1
[NWK 1] Updated selected-route preference dst=1006 preferredNextHop=2
[NWK 1] Selected route changed dst=1006 reason=source candidate replacement pendingDestinations=42
[NWK 1] Applied ARL UPDATE from=2 dst=1006 advertisedHops=2 advertisedCost=106 routingSequence=78
[NWK 1] Updated route candidate dst=1007 nextHop=2 hops=3 oldCost=136 newCost=136 valid=1->1 selectionDeferred=0 selected=1
[NWK 1] Updated selected-route preference dst=1007 preferredNextHop=2
[NWK 1] Selected route changed dst=1007 reason=source candidate replacement pendingDestinations=42
[NWK 1] Applied ARL UPDATE from=2 dst=1007 advertisedHops=2 advertisedCost=107 routingSequence=78
[NWK 1] Updated route candidate dst=1008 nextHop=2 hops=3 oldCost=137 newCost=137 valid=1->1 selectionDeferred=0 selected=1
[NWK 1] Updated selected-route preference dst=1008 preferredNextHop=2
[NWK 1] Selected route changed dst=1008 reason=source candidate replacement pendingDestinations=42
[NWK 1] Applied ARL UPDATE from=2 dst=1008 advertisedHops=2 advertisedCost=108 routingSequence=78
[NWK 1] Updated route candidate dst=1009 nextHop=2 hops=3 oldCost=138 newCost=138 valid=1->1 selectionDeferred=0 selected=1
[NWK 1] Updated selected-route preference dst=1009 preferredNextHop=2
[NWK 1] Selected route changed dst=1009 reason=source candidate replacement pendingDestinations=42
[NWK 1] Applied ARL UPDATE from=2 dst=1009 advertisedHops=2 advertisedCost=109 routingSequence=78
[NWK 1] Updated route candidate dst=1010 nextHop=2 hops=3 oldCost=139 newCost=139 valid=1->1 selectionDeferred=0 selected=1
[NWK 1] Updated selected-route preference dst=1010 preferredNextHop=2
[NWK 1] Selected route changed dst=1010 reason=source candidate replacement pendingDestinations=42
[NWK 1] Applied ARL UPDATE from=2 dst=1010 advertisedHops=2 advertisedCost=110 routingSequence=78
[NWK 1] Updated route candidate dst=1011 nextHop=2 hops=3 oldCost=140 newCost=140 valid=1->1 selectionDeferred=0 selected=1
[NWK 1] Updated selected-route preference dst=1011 preferredNextHop=2
[NWK 1] Selected route changed dst=1011 reason=source candidate replacement pendingDestinations=42
[NWK 1] Applied ARL UPDATE from=2 dst=1011 advertisedHops=2 advertisedCost=111 routingSequence=78
[NWK 1] Updated route candidate dst=1012 nextHop=2 hops=3 oldCost=141 newCost=141 valid=1->1 selectionDeferred=0 selected=1
[NWK 1] Updated selected-route preference dst=1012 preferredNextHop=2
[NWK 1] Selected route changed dst=1012 reason=source candidate replacement pendingDestinations=42
[NWK 1] Applied ARL UPDATE from=2 dst=1012 advertisedHops=2 advertisedCost=112 routingSequence=78
[NWK 1] Updated route candidate dst=1013 nextHop=2 hops=3 oldCost=142 newCost=142 valid=1->1 selectionDeferred=0 selected=1
[NWK 1] Updated selected-route preference dst=1013 preferredNextHop=2
[NWK 1] Selected route changed dst=1013 reason=source candidate replacement pendingDestinations=42
[NWK 1] Applied ARL UPDATE from=2 dst=1013 advertisedHops=2 advertisedCost=113 routingSequence=78
[NWK 1] Updated route candidate dst=1014 nextHop=2 hops=3 oldCost=143 newCost=143 valid=1->1 selectionDeferred=0 selected=1
[NWK 1] Updated selected-route preference dst=1014 preferredNextHop=2
[NWK 1] Selected route changed dst=1014 reason=source candidate replacement pendingDestinations=42
[NWK 1] Applied ARL UPDATE from=2 dst=1014 advertisedHops=2 advertisedCost=114 routingSequence=78
[NWK 1] Updated route candidate dst=1015 nextHop=2 hops=3 oldCost=144 newCost=144 valid=1->1 selectionDeferred=0 selected=1
[NWK 1] Updated selected-route preference dst=1015 preferredNextHop=2
[NWK 1] Selected route changed dst=1015 reason=source candidate replacement pendingDestinations=42
[NWK 1] Applied ARL UPDATE from=2 dst=1015 advertisedHops=2 advertisedCost=115 routingSequence=78
[NWK 1] Updated route candidate dst=1016 nextHop=2 hops=3 oldCost=145 newCost=145 valid=1->1 selectionDeferred=0 selected=1
[NWK 1] Updated selected-route preference dst=1016 preferredNextHop=2
[NWK 1] Selected route changed dst=1016 reason=source candidate replacement pendingDestinations=42
[NWK 1] Applied ARL UPDATE from=2 dst=1016 advertisedHops=2 advertisedCost=116 routingSequence=78
[NWK 1] Updated route candidate dst=1017 nextHop=2 hops=3 oldCost=146 newCost=146 valid=1->1 selectionDeferred=0 selected=1
[NWK 1] Updated selected-route preference dst=1017 preferredNextHop=2
[NWK 1] Selected route changed dst=1017 reason=source candidate replacement pendingDestinations=42
[NWK 1] Applied ARL UPDATE from=2 dst=1017 advertisedHops=2 advertisedCost=117 routingSequence=78
[NWK 1] Updated route candidate dst=1018 nextHop=2 hops=3 oldCost=147 newCost=147 valid=1->1 selectionDeferred=0 selected=1
[NWK 1] Updated selected-route preference dst=1018 preferredNextHop=2
[NWK 1] Selected route changed dst=1018 reason=source candidate replacement pendingDestinations=42
[NWK 1] Applied ARL UPDATE from=2 dst=1018 advertisedHops=2 advertisedCost=118 routingSequence=78
[NWK 1] Updated route candidate dst=1019 nextHop=2 hops=3 oldCost=148 newCost=148 valid=1->1 selectionDeferred=0 selected=1
[NWK 1] Updated selected-route preference dst=1019 preferredNextHop=2
[NWK 1] Selected route changed dst=1019 reason=source candidate replacement pendingDestinations=42
[NWK 1] Applied ARL UPDATE from=2 dst=1019 advertisedHops=2 advertisedCost=119 routingSequence=78
[NWK 1] Updated route candidate dst=1020 nextHop=2 hops=3 oldCost=149 newCost=149 valid=1->1 selectionDeferred=0 selected=1
[NWK 1] Updated selected-route preference dst=1020 preferredNextHop=2
[NWK 1] Selected route changed dst=1020 reason=source candidate replacement pendingDestinations=42
[NWK 1] Applied ARL UPDATE from=2 dst=1020 advertisedHops=2 advertisedCost=120 routingSequence=78
[NWK 1] Updated route candidate dst=1021 nextHop=2 hops=3 oldCost=150 newCost=150 valid=1->1 selectionDeferred=0 selected=1
[NWK 1] Updated selected-route preference dst=1021 preferredNextHop=2
[NWK 1] Selected route changed dst=1021 reason=source candidate replacement pendingDestinations=42
[NWK 1] Applied ARL UPDATE from=2 dst=1021 advertisedHops=2 advertisedCost=121 routingSequence=78
[NWK 1] Updated route candidate dst=1022 nextHop=2 hops=3 oldCost=151 newCost=151 valid=1->1 selectionDeferred=0 selected=1
[NWK 1] Updated selected-route preference dst=1022 preferredNextHop=2
[NWK 1] Selected route changed dst=1022 reason=source candidate replacement pendingDestinations=42
[NWK 1] Applied ARL UPDATE from=2 dst=1022 advertisedHops=2 advertisedCost=122 routingSequence=78
[NWK 1] Updated route candidate dst=1023 nextHop=2 hops=3 oldCost=152 newCost=152 valid=1->1 selectionDeferred=0 selected=1
[NWK 1] Updated selected-route preference dst=1023 preferredNextHop=2
[NWK 1] Selected route changed dst=1023 reason=source candidate replacement pendingDestinations=42
[NWK 1] Applied ARL UPDATE from=2 dst=1023 advertisedHops=2 advertisedCost=123 routingSequence=78
[NWK 1] Updated route candidate dst=1024 nextHop=2 hops=3 oldCost=153 newCost=153 valid=1->1 selectionDeferred=0 selected=1
[NWK 1] Updated selected-route preference dst=1024 preferredNextHop=2
[NWK 1] Selected route changed dst=1024 reason=source candidate replacement pendingDestinations=42
[NWK 1] Applied ARL UPDATE from=2 dst=1024 advertisedHops=2 advertisedCost=124 routingSequence=78
[NWK 1] Updated route candidate dst=1025 nextHop=2 hops=3 oldCost=154 newCost=154 valid=1->1 selectionDeferred=0 selected=1
[NWK 1] Updated selected-route preference dst=1025 preferredNextHop=2
[NWK 1] Selected route changed dst=1025 reason=source candidate replacement pendingDestinations=42
[NWK 1] Applied ARL UPDATE from=2 dst=1025 advertisedHops=2 advertisedCost=125 routingSequence=78
[NWK 1] Updated route candidate dst=1026 nextHop=2 hops=3 oldCost=155 newCost=155 valid=1->1 selectionDeferred=0 selected=1
[NWK 1] Updated selected-route preference dst=1026 preferredNextHop=2
[NWK 1] Selected route changed dst=1026 reason=source candidate replacement pendingDestinations=42
[NWK 1] Applied ARL UPDATE from=2 dst=1026 advertisedHops=2 advertisedCost=126 routingSequence=78
[NWK 1] Updated route candidate dst=1027 nextHop=2 hops=3 oldCost=156 newCost=156 valid=1->1 selectionDeferred=0 selected=1
[NWK 1] Updated selected-route preference dst=1027 preferredNextHop=2
[NWK 1] Selected route changed dst=1027 reason=source candidate replacement pendingDestinations=42
[NWK 1] Applied ARL UPDATE from=2 dst=1027 advertisedHops=2 advertisedCost=127 routingSequence=78
[NWK 1] Updated route candidate dst=1028 nextHop=2 hops=3 oldCost=157 newCost=157 valid=1->1 selectionDeferred=0 selected=1
[NWK 1] Updated selected-route preference dst=1028 preferredNextHop=2
[NWK 1] Selected route changed dst=1028 reason=source candidate replacement pendingDestinations=42
[NWK 1] Applied ARL UPDATE from=2 dst=1028 advertisedHops=2 advertisedCost=128 routingSequence=78
[NWK 1] Updated route candidate dst=1029 nextHop=2 hops=3 oldCost=158 newCost=158 valid=1->1 selectionDeferred=0 selected=1
[NWK 1] Updated selected-route preference dst=1029 preferredNextHop=2
[NWK 1] Selected route changed dst=1029 reason=source candidate replacement pendingDestinations=42
[NWK 1] Applied ARL UPDATE from=2 dst=1029 advertisedHops=2 advertisedCost=129 routingSequence=78
[NWK 1] Updated route candidate dst=1030 nextHop=2 hops=3 oldCost=159 newCost=159 valid=1->1 selectionDeferred=0 selected=1
[NWK 1] Updated selected-route preference dst=1030 preferredNextHop=2
[NWK 1] Selected route changed dst=1030 reason=source candidate replacement pendingDestinations=42
[NWK 1] Applied ARL UPDATE from=2 dst=1030 advertisedHops=2 advertisedCost=130 routingSequence=78
[NWK 1] Updated route candidate dst=1031 nextHop=2 hops=3 oldCost=160 newCost=160 valid=1->1 selectionDeferred=0 selected=1
[NWK 1] Updated selected-route preference dst=1031 preferredNextHop=2
[NWK 1] Selected route changed dst=1031 reason=source candidate replacement pendingDestinations=42
[NWK 1] Applied ARL UPDATE from=2 dst=1031 advertisedHops=2 advertisedCost=131 routingSequence=78
[NWK 1] Updated route candidate dst=1032 nextHop=2 hops=3 oldCost=161 newCost=161 valid=1->1 selectionDeferred=0 selected=1
[NWK 1] Updated selected-route preference dst=1032 preferredNextHop=2
[NWK 1] Selected route changed dst=1032 reason=source candidate replacement pendingDestinations=42
[NWK 1] Applied ARL UPDATE from=2 dst=1032 advertisedHops=2 advertisedCost=132 routingSequence=78
[NWK 1] Updated route candidate dst=1033 nextHop=2 hops=3 oldCost=162 newCost=162 valid=1->1 selectionDeferred=0 selected=1
[NWK 1] Updated selected-route preference dst=1033 preferredNextHop=2
[NWK 1] Selected route changed dst=1033 reason=source candidate replacement pendingDestinations=42
[NWK 1] Applied ARL UPDATE from=2 dst=1033 advertisedHops=2 advertisedCost=133 routingSequence=78
[NWK 1] Updated route candidate dst=1034 nextHop=2 hops=3 oldCost=163 newCost=163 valid=1->1 selectionDeferred=0 selected=1
[NWK 1] Updated selected-route preference dst=1034 preferredNextHop=2
[NWK 1] Selected route changed dst=1034 reason=source candidate replacement pendingDestinations=42
[NWK 1] Applied ARL UPDATE from=2 dst=1034 advertisedHops=2 advertisedCost=134 routingSequence=78
[NWK 1] Updated route candidate dst=1035 nextHop=2 hops=3 oldCost=164 newCost=164 valid=1->1 selectionDeferred=0 selected=1
[NWK 1] Updated selected-route preference dst=1035 preferredNextHop=2
[NWK 1] Selected route changed dst=1035 reason=source candidate replacement pendingDestinations=42
[NWK 1] Applied ARL UPDATE from=2 dst=1035 advertisedHops=2 advertisedCost=135 routingSequence=78
[NWK 1] Updated route candidate dst=1036 nextHop=2 hops=3 oldCost=165 newCost=165 valid=1->1 selectionDeferred=0 selected=1
[NWK 1] Updated selected-route preference dst=1036 preferredNextHop=2
[NWK 1] Selected route changed dst=1036 reason=source candidate replacement pendingDestinations=42
[NWK 1] Applied ARL UPDATE from=2 dst=1036 advertisedHops=2 advertisedCost=136 routingSequence=78
[NWK 1] Updated route candidate dst=1037 nextHop=2 hops=3 oldCost=166 newCost=166 valid=1->1 selectionDeferred=0 selected=1
[NWK 1] Updated selected-route preference dst=1037 preferredNextHop=2
[NWK 1] Selected route changed dst=1037 reason=source candidate replacement pendingDestinations=42
[NWK 1] Applied ARL UPDATE from=2 dst=1037 advertisedHops=2 advertisedCost=137 routingSequence=78
[NWK 1] Updated route candidate dst=1038 nextHop=2 hops=3 oldCost=167 newCost=167 valid=1->1 selectionDeferred=0 selected=1
[NWK 1] Updated selected-route preference dst=1038 preferredNextHop=2
[NWK 1] Selected route changed dst=1038 reason=source candidate replacement pendingDestinations=42
[NWK 1] Applied ARL UPDATE from=2 dst=1038 advertisedHops=2 advertisedCost=138 routingSequence=78
[NWK 1] Updated route candidate dst=1039 nextHop=2 hops=3 oldCost=168 newCost=168 valid=1->1 selectionDeferred=0 selected=1
[NWK 1] Updated selected-route preference dst=1039 preferredNextHop=2
[NWK 1] Selected route changed dst=1039 reason=source candidate replacement pendingDestinations=42
[NWK 1] Applied ARL UPDATE from=2 dst=1039 advertisedHops=2 advertisedCost=139 routingSequence=78
[NWK 1] Applied ARL FLUSH from=2 routingSequence=78 routesInvalidated=0
[NWK 1] Applied source-owned neighbor capability neighbor=2 capability=0 routingSequence=78 directCost=29
[NWK 1] Routes: dst=2->nh=2(hops=1,cost=29,linkCost=29,advCost=0,from=2,imm=1,pl=70,valid=1,path=[2]) dst=900->nh=2(hops=2,cost=34,linkCost=29,advCost=5,from=2,imm=0,pl=70,valid=0,path=[2->900]) dst=1000->nh=2(hops=3,cost=129,linkCost=29,advCost=100,from=2,imm=0,pl=70,valid=1,path=[2->3->1000]) dst=1001->nh=2(hops=3,cost=130,linkCost=29,advCost=101,from=2,imm=0,pl=70,valid=1,path=[2->3->1001]) dst=1002->nh=2(hops=3,cost=131,linkCost=29,advCost=102,from=2,imm=0,pl=70,valid=1,path=[2->3->1002]) dst=1003->nh=2(hops=3,cost=132,linkCost=29,advCost=103,from=2,imm=0,pl=70,valid=1,path=[2->3->1003]) dst=1004->nh=2(hops=3,cost=133,linkCost=29,advCost=104,from=2,imm=0,pl=70,valid=1,path=[2->3->1004]) dst=1005->nh=2(hops=3,cost=134,linkCost=29,advCost=105,from=2,imm=0,pl=70,valid=1,path=[2->3->1005]) dst=1006->nh=2(hops=3,cost=135,linkCost=29,advCost=106,from=2,imm=0,pl=70,valid=1,path=[2->3->1006]) dst=1007->nh=2(hops=3,cost=136,linkCost=29,advCost=107,from=2,imm=0,pl=70,valid=1,path=[2->3->1007]) dst=1008->nh=2(hops=3,cost=137,linkCost=29,advCost=108,from=2,imm=0,pl=70,valid=1,path=[2->3->1008]) dst=1009->nh=2(hops=3,cost=138,linkCost=29,advCost=109,from=2,imm=0,pl=70,valid=1,path=[2->3->1009]) dst=1010->nh=2(hops=3,cost=139,linkCost=29,advCost=110,from=2,imm=0,pl=70,valid=1,path=[2->3->1010]) dst=1011->nh=2(hops=3,cost=140,linkCost=29,advCost=111,from=2,imm=0,pl=70,valid=1,path=[2->3->1011]) dst=1012->nh=2(hops=3,cost=141,linkCost=29,advCost=112,from=2,imm=0,pl=70,valid=1,path=[2->3->1012]) dst=1013->nh=2(hops=3,cost=142,linkCost=29,advCost=113,from=2,imm=0,pl=70,valid=1,path=[2->3->1013]) dst=1014->nh=2(hops=3,cost=143,linkCost=29,advCost=114,from=2,imm=0,pl=70,valid=1,path=[2->3->1014]) dst=1015->nh=2(hops=3,cost=144,linkCost=29,advCost=115,from=2,imm=0,pl=70,valid=1,path=[2->3->1015]) dst=1016->nh=2(hops=3,cost=145,linkCost=29,advCost=116,from=2,imm=0,pl=70,valid=1,path=[2->3->1016]) dst=1017->nh=2(hops=3,cost=146,linkCost=29,advCost=117,from=2,imm=0,pl=70,valid=1,path=[2->3->1017]) dst=1018->nh=2(hops=3,cost=147,linkCost=29,advCost=118,from=2,imm=0,pl=70,valid=1,path=[2->3->1018]) dst=1019->nh=2(hops=3,cost=148,linkCost=29,advCost=119,from=2,imm=0,pl=70,valid=1,path=[2->3->1019]) dst=1020->nh=2(hops=3,cost=149,linkCost=29,advCost=120,from=2,imm=0,pl=70,valid=1,path=[2->3->1020]) dst=1021->nh=2(hops=3,cost=150,linkCost=29,advCost=121,from=2,imm=0,pl=70,valid=1,path=[2->3->1021]) dst=1022->nh=2(hops=3,cost=151,linkCost=29,advCost=122,from=2,imm=0,pl=70,valid=1,path=[2->3->1022]) dst=1023->nh=2(hops=3,cost=152,linkCost=29,advCost=123,from=2,imm=0,pl=70,valid=1,path=[2->3->1023]) dst=1024->nh=2(hops=3,cost=153,linkCost=29,advCost=124,from=2,imm=0,pl=70,valid=1,path=[2->3->1024]) dst=1025->nh=2(hops=3,cost=154,linkCost=29,advCost=125,from=2,imm=0,pl=70,valid=1,path=[2->3->1025]) dst=1026->nh=2(hops=3,cost=155,linkCost=29,advCost=126,from=2,imm=0,pl=70,valid=1,path=[2->3->1026]) dst=1027->nh=2(hops=3,cost=156,linkCost=29,advCost=127,from=2,imm=0,pl=70,valid=1,path=[2->3->1027]) dst=1028->nh=2(hops=3,cost=157,linkCost=29,advCost=128,from=2,imm=0,pl=70,valid=1,path=[2->3->1028]) dst=1029->nh=2(hops=3,cost=158,linkCost=29,advCost=129,from=2,imm=0,pl=70,valid=1,path=[2->3->1029]) dst=1030->nh=2(hops=3,cost=159,linkCost=29,advCost=130,from=2,imm=0,pl=70,valid=1,path=[2->3->1030]) dst=1031->nh=2(hops=3,cost=160,linkCost=29,advCost=131,from=2,imm=0,pl=70,valid=1,path=[2->3->1031]) dst=1032->nh=2(hops=3,cost=161,linkCost=29,advCost=132,from=2,imm=0,pl=70,valid=1,path=[2->3->1032]) dst=1033->nh=2(hops=3,cost=162,linkCost=29,advCost=133,from=2,imm=0,pl=70,valid=1,path=[2->3->1033]) dst=1034->nh=2(hops=3,cost=163,linkCost=29,advCost=134,from=2,imm=0,pl=70,valid=1,path=[2->3->1034]) dst=1035->nh=2(hops=3,cost=164,linkCost=29,advCost=135,from=2,imm=0,pl=70,valid=1,path=[2->3->1035]) dst=1036->nh=2(hops=3,cost=165,linkCost=29,advCost=136,from=2,imm=0,pl=70,valid=1,path=[2->3->1036]) dst=1037->nh=2(hops=3,cost=166,linkCost=29,advCost=137,from=2,imm=0,pl=70,valid=1,path=[2->3->1037]) dst=1038->nh=2(hops=3,cost=167,linkCost=29,advCost=138,from=2,imm=0,pl=70,valid=1,path=[2->3->1038]) dst=1039->nh=2(hops=3,cost=168,linkCost=29,advCost=139,from=2,imm=0,pl=70,valid=1,path=[2->3->1039])
[NWK 0] ARL neighbor admission=disabled
[NWK 1] automatic_route_propagation=disabled
[MAC 1] active_nodes set to 2 for local slotting and post-TX wait
[NWK 1] active_nodes=2 pushed to MAC
[MAC 1] max_reported_active_nodes updated to 1
[NWK 1] New HELLO neighbor=2 hopSrc=2 speedKey=8 activeNodes=1 pathloss=70 snr=20
[NWK 1] link_calc neighbor=2 s0=-105 pathloss=70 numFailures=0 speed=128 txPower=0 estDistance=75 speedMargin=53 totalMargin=65 costMode=local-only cost=29
[NWK 1] Added route candidate dst=2 nextHop=2 hops=1 cost=29 linkCost=29 advCost=0 learnedFrom=2 selectionDeferred=0 selected=1
[NWK 1] Updated selected-route preference dst=2 preferredNextHop=2
[NWK 1] Selected route changed dst=2 reason=candidate update pendingDestinations=1
[NWK 1] ARL route message from 2 type=None advCount=0
[NWK 1] Routes: dst=2->nh=2(hops=1,cost=29,linkCost=29,advCost=0,from=2,imm=1,pl=70,valid=1,path=[2])
[NWK 1] Added route candidate dst=1000 nextHop=2 hops=2 cost=129 linkCost=29 advCost=100 learnedFrom=2 selectionDeferred=0 selected=1
[NWK 1] Updated selected-route preference dst=1000 preferredNextHop=2
[NWK 1] Selected route changed dst=1000 reason=candidate update pendingDestinations=2
[NWK 1] Added route candidate dst=1001 nextHop=2 hops=2 cost=130 linkCost=29 advCost=101 learnedFrom=2 selectionDeferred=0 selected=1
[NWK 1] Updated selected-route preference dst=1001 preferredNextHop=2
[NWK 1] Selected route changed dst=1001 reason=candidate update pendingDestinations=3
[NWK 1] Added route candidate dst=1002 nextHop=2 hops=2 cost=131 linkCost=29 advCost=102 learnedFrom=2 selectionDeferred=0 selected=1
[NWK 1] Updated selected-route preference dst=1002 preferredNextHop=2
[NWK 1] Selected route changed dst=1002 reason=candidate update pendingDestinations=4
[NWK 1] Added route candidate dst=1003 nextHop=2 hops=2 cost=132 linkCost=29 advCost=103 learnedFrom=2 selectionDeferred=0 selected=1
[NWK 1] Updated selected-route preference dst=1003 preferredNextHop=2
[NWK 1] Selected route changed dst=1003 reason=candidate update pendingDestinations=5
[NWK 1] Added route candidate dst=1004 nextHop=2 hops=2 cost=133 linkCost=29 advCost=104 learnedFrom=2 selectionDeferred=0 selected=1
[NWK 1] Updated selected-route preference dst=1004 preferredNextHop=2
[NWK 1] Selected route changed dst=1004 reason=candidate update pendingDestinations=6
[NWK 1] Added route candidate dst=1005 nextHop=2 hops=2 cost=134 linkCost=29 advCost=105 learnedFrom=2 selectionDeferred=0 selected=1
[NWK 1] Updated selected-route preference dst=1005 preferredNextHop=2
[NWK 1] Selected route changed dst=1005 reason=candidate update pendingDestinations=7
[NWK 1] Added route candidate dst=1006 nextHop=2 hops=2 cost=135 linkCost=29 advCost=106 learnedFrom=2 selectionDeferred=0 selected=1
[NWK 1] Updated selected-route preference dst=1006 preferredNextHop=2
[NWK 1] Selected route changed dst=1006 reason=candidate update pendingDestinations=8
[NWK 1] Added route candidate dst=1007 nextHop=2 hops=2 cost=136 linkCost=29 advCost=107 learnedFrom=2 selectionDeferred=0 selected=1
[NWK 1] Updated selected-route preference dst=1007 preferredNextHop=2
[NWK 1] Selected route changed dst=1007 reason=candidate update pendingDestinations=9
[NWK 1] Added route candidate dst=1008 nextHop=2 hops=2 cost=137 linkCost=29 advCost=108 learnedFrom=2 selectionDeferred=0 selected=1
[NWK 1] Updated selected-route preference dst=1008 preferredNextHop=2
[NWK 1] Selected route changed dst=1008 reason=candidate update pendingDestinations=10
[NWK 1] Added route candidate dst=1009 nextHop=2 hops=2 cost=138 linkCost=29 advCost=109 learnedFrom=2 selectionDeferred=0 selected=1
[NWK 1] Updated selected-route preference dst=1009 preferredNextHop=2
[NWK 1] Selected route changed dst=1009 reason=candidate update pendingDestinations=11
[NWK 1] Added route candidate dst=1010 nextHop=2 hops=2 cost=139 linkCost=29 advCost=110 learnedFrom=2 selectionDeferred=0 selected=1
[NWK 1] Updated selected-route preference dst=1010 preferredNextHop=2
[NWK 1] Selected route changed dst=1010 reason=candidate update pendingDestinations=12
[NWK 1] Added route candidate dst=1011 nextHop=2 hops=2 cost=140 linkCost=29 advCost=111 learnedFrom=2 selectionDeferred=0 selected=1
[NWK 1] Updated selected-route preference dst=1011 preferredNextHop=2
[NWK 1] Selected route changed dst=1011 reason=candidate update pendingDestinations=13
[NWK 1] Added route candidate dst=1012 nextHop=2 hops=2 cost=141 linkCost=29 advCost=112 learnedFrom=2 selectionDeferred=0 selected=1
[NWK 1] Updated selected-route preference dst=1012 preferredNextHop=2
[NWK 1] Selected route changed dst=1012 reason=candidate update pendingDestinations=14
[NWK 1] Added route candidate dst=1013 nextHop=2 hops=2 cost=142 linkCost=29 advCost=113 learnedFrom=2 selectionDeferred=0 selected=1
[NWK 1] Updated selected-route preference dst=1013 preferredNextHop=2
[NWK 1] Selected route changed dst=1013 reason=candidate update pendingDestinations=15
[NWK 1] Added route candidate dst=1014 nextHop=2 hops=2 cost=143 linkCost=29 advCost=114 learnedFrom=2 selectionDeferred=0 selected=1
[NWK 1] Updated selected-route preference dst=1014 preferredNextHop=2
[NWK 1] Selected route changed dst=1014 reason=candidate update pendingDestinations=16
[NWK 1] Added route candidate dst=1015 nextHop=2 hops=2 cost=144 linkCost=29 advCost=115 learnedFrom=2 selectionDeferred=0 selected=1
[NWK 1] Updated selected-route preference dst=1015 preferredNextHop=2
[NWK 1] Selected route changed dst=1015 reason=candidate update pendingDestinations=17
[NWK 1] Added route candidate dst=1016 nextHop=2 hops=2 cost=145 linkCost=29 advCost=116 learnedFrom=2 selectionDeferred=0 selected=1
[NWK 1] Updated selected-route preference dst=1016 preferredNextHop=2
[NWK 1] Selected route changed dst=1016 reason=candidate update pendingDestinations=18
[NWK 1] Added route candidate dst=1017 nextHop=2 hops=2 cost=146 linkCost=29 advCost=117 learnedFrom=2 selectionDeferred=0 selected=1
[NWK 1] Updated selected-route preference dst=1017 preferredNextHop=2
[NWK 1] Selected route changed dst=1017 reason=candidate update pendingDestinations=19
[NWK 1] Added route candidate dst=1018 nextHop=2 hops=2 cost=147 linkCost=29 advCost=118 learnedFrom=2 selectionDeferred=0 selected=1
[NWK 1] Updated selected-route preference dst=1018 preferredNextHop=2
[NWK 1] Selected route changed dst=1018 reason=candidate update pendingDestinations=20
[NWK 1] Added route candidate dst=1019 nextHop=2 hops=2 cost=148 linkCost=29 advCost=119 learnedFrom=2 selectionDeferred=0 selected=1
[NWK 1] Updated selected-route preference dst=1019 preferredNextHop=2
[NWK 1] Selected route changed dst=1019 reason=candidate update pendingDestinations=21
[NWK 1] Added route candidate dst=1020 nextHop=2 hops=2 cost=149 linkCost=29 advCost=120 learnedFrom=2 selectionDeferred=0 selected=1
[NWK 1] Updated selected-route preference dst=1020 preferredNextHop=2
[NWK 1] Selected route changed dst=1020 reason=candidate update pendingDestinations=22
[NWK 1] Added route candidate dst=1021 nextHop=2 hops=2 cost=150 linkCost=29 advCost=121 learnedFrom=2 selectionDeferred=0 selected=1
[NWK 1] Updated selected-route preference dst=1021 preferredNextHop=2
[NWK 1] Selected route changed dst=1021 reason=candidate update pendingDestinations=23
[NWK 1] Added route candidate dst=1022 nextHop=2 hops=2 cost=151 linkCost=29 advCost=122 learnedFrom=2 selectionDeferred=0 selected=1
[NWK 1] Updated selected-route preference dst=1022 preferredNextHop=2
[NWK 1] Selected route changed dst=1022 reason=candidate update pendingDestinations=24
[NWK 1] Added route candidate dst=1023 nextHop=2 hops=2 cost=152 linkCost=29 advCost=123 learnedFrom=2 selectionDeferred=0 selected=1
[NWK 1] Updated selected-route preference dst=1023 preferredNextHop=2
[NWK 1] Selected route changed dst=1023 reason=candidate update pendingDestinations=25
[NWK 1] Added route candidate dst=1024 nextHop=2 hops=2 cost=153 linkCost=29 advCost=124 learnedFrom=2 selectionDeferred=0 selected=1
[NWK 1] Updated selected-route preference dst=1024 preferredNextHop=2
[NWK 1] Selected route changed dst=1024 reason=candidate update pendingDestinations=26
[NWK 1] Added route candidate dst=1025 nextHop=2 hops=2 cost=154 linkCost=29 advCost=125 learnedFrom=2 selectionDeferred=0 selected=1
[NWK 1] Updated selected-route preference dst=1025 preferredNextHop=2
[NWK 1] Selected route changed dst=1025 reason=candidate update pendingDestinations=27
[NWK 1] Added route candidate dst=1026 nextHop=2 hops=2 cost=155 linkCost=29 advCost=126 learnedFrom=2 selectionDeferred=0 selected=1
[NWK 1] Updated selected-route preference dst=1026 preferredNextHop=2
[NWK 1] Selected route changed dst=1026 reason=candidate update pendingDestinations=28
[NWK 1] Added route candidate dst=1027 nextHop=2 hops=2 cost=156 linkCost=29 advCost=127 learnedFrom=2 selectionDeferred=0 selected=1
[NWK 1] Updated selected-route preference dst=1027 preferredNextHop=2
[NWK 1] Selected route changed dst=1027 reason=candidate update pendingDestinations=29
[NWK 1] Added route candidate dst=1028 nextHop=2 hops=2 cost=157 linkCost=29 advCost=128 learnedFrom=2 selectionDeferred=0 selected=1
[NWK 1] Updated selected-route preference dst=1028 preferredNextHop=2
[NWK 1] Selected route changed dst=1028 reason=candidate update pendingDestinations=30
[NWK 1] Added route candidate dst=1029 nextHop=2 hops=2 cost=158 linkCost=29 advCost=129 learnedFrom=2 selectionDeferred=0 selected=1
[NWK 1] Updated selected-route preference dst=1029 preferredNextHop=2
[NWK 1] Selected route changed dst=1029 reason=candidate update pendingDestinations=31
[NWK 1] Added route candidate dst=1030 nextHop=2 hops=2 cost=159 linkCost=29 advCost=130 learnedFrom=2 selectionDeferred=0 selected=1
[NWK 1] Updated selected-route preference dst=1030 preferredNextHop=2
[NWK 1] Selected route changed dst=1030 reason=candidate update pendingDestinations=32
[NWK 1] Added route candidate dst=1031 nextHop=2 hops=2 cost=160 linkCost=29 advCost=131 learnedFrom=2 selectionDeferred=0 selected=1
[NWK 1] Updated selected-route preference dst=1031 preferredNextHop=2
[NWK 1] Selected route changed dst=1031 reason=candidate update pendingDestinations=33
[NWK 1] Added route candidate dst=1032 nextHop=2 hops=2 cost=161 linkCost=29 advCost=132 learnedFrom=2 selectionDeferred=0 selected=1
[NWK 1] Updated selected-route preference dst=1032 preferredNextHop=2
[NWK 1] Selected route changed dst=1032 reason=candidate update pendingDestinations=34
[NWK 1] Added route candidate dst=1033 nextHop=2 hops=2 cost=162 linkCost=29 advCost=133 learnedFrom=2 selectionDeferred=0 selected=1
[NWK 1] Updated selected-route preference dst=1033 preferredNextHop=2
[NWK 1] Selected route changed dst=1033 reason=candidate update pendingDestinations=35
[NWK 1] Added route candidate dst=1034 nextHop=2 hops=2 cost=163 linkCost=29 advCost=134 learnedFrom=2 selectionDeferred=0 selected=1
[NWK 1] Updated selected-route preference dst=1034 preferredNextHop=2
[NWK 1] Selected route changed dst=1034 reason=candidate update pendingDestinations=36
[NWK 1] Added route candidate dst=1035 nextHop=2 hops=2 cost=164 linkCost=29 advCost=135 learnedFrom=2 selectionDeferred=0 selected=1
[NWK 1] Updated selected-route preference dst=1035 preferredNextHop=2
[NWK 1] Selected route changed dst=1035 reason=candidate update pendingDestinations=37
[NWK 1] Added route candidate dst=1036 nextHop=2 hops=2 cost=165 linkCost=29 advCost=136 learnedFrom=2 selectionDeferred=0 selected=1
[NWK 1] Updated selected-route preference dst=1036 preferredNextHop=2
[NWK 1] Selected route changed dst=1036 reason=candidate update pendingDestinations=38
[NWK 1] Added route candidate dst=1037 nextHop=2 hops=2 cost=166 linkCost=29 advCost=137 learnedFrom=2 selectionDeferred=0 selected=1
[NWK 1] Updated selected-route preference dst=1037 preferredNextHop=2
[NWK 1] Selected route changed dst=1037 reason=candidate update pendingDestinations=39
[NWK 1] Added route candidate dst=1038 nextHop=2 hops=2 cost=167 linkCost=29 advCost=138 learnedFrom=2 selectionDeferred=0 selected=1
[NWK 1] Updated selected-route preference dst=1038 preferredNextHop=2
[NWK 1] Selected route changed dst=1038 reason=candidate update pendingDestinations=40
[NWK 1] Added route candidate dst=1039 nextHop=2 hops=2 cost=168 linkCost=29 advCost=139 learnedFrom=2 selectionDeferred=0 selected=1
[NWK 1] Updated selected-route preference dst=1039 preferredNextHop=2
[NWK 1] Selected route changed dst=1039 reason=candidate update pendingDestinations=41
[NWK 1] routesProcess grouped selected-route changes count=41 infoChanged=0 time=0
[NWK 1] Best route dst=1039 nextHop=2 cost=168 hops=2 learnedFrom=2 candidates=1 validCandidates=1
[NWK 1] Best route dst=1038 nextHop=2 cost=167 hops=2 learnedFrom=2 candidates=1 validCandidates=1
[NWK 1] Best route dst=1037 nextHop=2 cost=166 hops=2 learnedFrom=2 candidates=1 validCandidates=1
[NWK 1] Best route dst=1036 nextHop=2 cost=165 hops=2 learnedFrom=2 candidates=1 validCandidates=1
[NWK 1] Best route dst=1035 nextHop=2 cost=164 hops=2 learnedFrom=2 candidates=1 validCandidates=1
[NWK 1] Best route dst=1034 nextHop=2 cost=163 hops=2 learnedFrom=2 candidates=1 validCandidates=1
[NWK 1] Best route dst=1033 nextHop=2 cost=162 hops=2 learnedFrom=2 candidates=1 validCandidates=1
[NWK 1] Best route dst=1032 nextHop=2 cost=161 hops=2 learnedFrom=2 candidates=1 validCandidates=1
[NWK 1] Best route dst=1031 nextHop=2 cost=160 hops=2 learnedFrom=2 candidates=1 validCandidates=1
[NWK 1] Best route dst=1030 nextHop=2 cost=159 hops=2 learnedFrom=2 candidates=1 validCandidates=1
[NWK 1] Best route dst=1029 nextHop=2 cost=158 hops=2 learnedFrom=2 candidates=1 validCandidates=1
[NWK 1] Best route dst=1028 nextHop=2 cost=157 hops=2 learnedFrom=2 candidates=1 validCandidates=1
[NWK 1] Best route dst=1027 nextHop=2 cost=156 hops=2 learnedFrom=2 candidates=1 validCandidates=1
[NWK 1] Best route dst=1026 nextHop=2 cost=155 hops=2 learnedFrom=2 candidates=1 validCandidates=1
[NWK 1] Best route dst=1025 nextHop=2 cost=154 hops=2 learnedFrom=2 candidates=1 validCandidates=1
[NWK 1] Best route dst=1024 nextHop=2 cost=153 hops=2 learnedFrom=2 candidates=1 validCandidates=1
[NWK 1] Best route dst=1023 nextHop=2 cost=152 hops=2 learnedFrom=2 candidates=1 validCandidates=1
[NWK 1] Best route dst=1022 nextHop=2 cost=151 hops=2 learnedFrom=2 candidates=1 validCandidates=1
[NWK 1] Best route dst=1021 nextHop=2 cost=150 hops=2 learnedFrom=2 candidates=1 validCandidates=1
[NWK 1] Best route dst=1020 nextHop=2 cost=149 hops=2 learnedFrom=2 candidates=1 validCandidates=1
[NWK 1] Best route dst=1019 nextHop=2 cost=148 hops=2 learnedFrom=2 candidates=1 validCandidates=1
[NWK 1] Best route dst=1018 nextHop=2 cost=147 hops=2 learnedFrom=2 candidates=1 validCandidates=1
[NWK 1] Best route dst=1017 nextHop=2 cost=146 hops=2 learnedFrom=2 candidates=1 validCandidates=1
[NWK 1] Best route dst=1016 nextHop=2 cost=145 hops=2 learnedFrom=2 candidates=1 validCandidates=1
[NWK 1] Best route dst=1015 nextHop=2 cost=144 hops=2 learnedFrom=2 candidates=1 validCandidates=1
[NWK 1] Best route dst=1014 nextHop=2 cost=143 hops=2 learnedFrom=2 candidates=1 validCandidates=1
[NWK 1] Best route dst=1013 nextHop=2 cost=142 hops=2 learnedFrom=2 candidates=1 validCandidates=1
[NWK 1] Best route dst=1012 nextHop=2 cost=141 hops=2 learnedFrom=2 candidates=1 validCandidates=1
[NWK 1] Best route dst=1011 nextHop=2 cost=140 hops=2 learnedFrom=2 candidates=1 validCandidates=1
[NWK 1] Best route dst=1010 nextHop=2 cost=139 hops=2 learnedFrom=2 candidates=1 validCandidates=1
[NWK 1] Best route dst=1009 nextHop=2 cost=138 hops=2 learnedFrom=2 candidates=1 validCandidates=1
[NWK 1] Best route dst=1008 nextHop=2 cost=137 hops=2 learnedFrom=2 candidates=1 validCandidates=1
[NWK 1] Best route dst=1007 nextHop=2 cost=136 hops=2 learnedFrom=2 candidates=1 validCandidates=1
[NWK 1] Best route dst=1006 nextHop=2 cost=135 hops=2 learnedFrom=2 candidates=1 validCandidates=1
[NWK 1] Best route dst=1005 nextHop=2 cost=134 hops=2 learnedFrom=2 candidates=1 validCandidates=1
[NWK 1] Best route dst=1004 nextHop=2 cost=133 hops=2 learnedFrom=2 candidates=1 validCandidates=1
[NWK 1] Best route dst=1003 nextHop=2 cost=132 hops=2 learnedFrom=2 candidates=1 validCandidates=1
[NWK 1] Best route dst=1002 nextHop=2 cost=131 hops=2 learnedFrom=2 candidates=1 validCandidates=1
[NWK 1] Best route dst=1001 nextHop=2 cost=130 hops=2 learnedFrom=2 candidates=1 validCandidates=1
[NWK 1] Best route dst=1000 nextHop=2 cost=129 hops=2 learnedFrom=2 candidates=1 validCandidates=1
[NWK 1] Best route dst=2 nextHop=2 cost=29 hops=1 learnedFrom=2 candidates=1 validCandidates=1
[NWK 1] Automatic route propagation disabled; reporting only
[NWK 1] Built ARL routing byte stream routingSequence=0 records=42 advertisedRoutes=40 recordBytes=698 sections=2 maxSectionBytes=700
[NWK 1] Starting reliable ARL RoutingSnapshot neighbor=2 routingSequence=0 sections=2
[NWK 1] Sending ARL RoutingSnapshot section=0/2 neighbor=2 routingSequence=0
[HOP 1] link_control dest=2 neighborKnown=0 speed=8 txPower=30 rxPower=-105
[HOP 1] TX reliable RoutingControl targets=2:1
[MAC] Enqueue TX pkt dscp=7 insert_pos=0 queue_size_before=0
[NWK 1] Sending ARL RoutingSnapshot section=1/2 neighbor=2 routingSequence=0
[HOP 1] link_control dest=2 neighborKnown=0 speed=8 txPower=30 rxPower=-105
[HOP 1] TX reliable RoutingControl targets=2:2
[MAC] Enqueue TX pkt dscp=7 insert_pos=1 queue_size_before=1
[NWK 1] Armed RoutingSnapshot watchdog neighbor=2 phase=awaiting-independent-section-acks generation=1 timeoutSec=20
PASS: ARL routing byte-stream parity test
