[NWK 66051] nodeType=Ordinary
[NWK 66051] ARL neighbor admission=disabled
[NWK 66051] automatic_route_propagation=disabled
[NWK 66051] automatic_route_propagation=disabled
[MAC 66051] active_nodes set to 2 for local slotting and post-TX wait
[NWK 66051] active_nodes=2 pushed to MAC
[MAC 66051] max_reported_active_nodes updated to 1
[NWK 66051] New HELLO neighbor=9 hopSrc=9 speedKey=8 activeNodes=1 pathloss=70 snr=20
[NWK 66051] link_calc neighbor=9 s0=-105 pathloss=70 numFailures=0 speed=128 txPower=0 estDistance=75 speedMargin=53 totalMargin=65 costMode=local-only cost=29
[NWK 66051] Added route candidate dst=9 nextHop=9 hops=1 cost=29 linkCost=29 advCost=0 learnedFrom=9 selectionDeferred=0 selected=1
[NWK 66051] Updated selected-route preference dst=9 preferredNextHop=9
[NWK 66051] Selected route changed dst=9 reason=candidate update pendingDestinations=1
[NWK 66051] ARL route message from 9 type=None advCount=0
[NWK 66051] Routes: dst=9->nh=9(hops=1,cost=29,linkCost=29,advCost=0,from=9,imm=1,pl=70,valid=1,path=[9])
[MAC 66051] active_nodes set to 3 for local slotting and post-TX wait
[NWK 66051] active_nodes=3 pushed to MAC
[NWK 66051] New HELLO neighbor=3 hopSrc=3 speedKey=8 activeNodes=1 pathloss=70 snr=20
[NWK 66051] link_calc neighbor=3 s0=-105 pathloss=70 numFailures=0 speed=128 txPower=0 estDistance=75 speedMargin=53 totalMargin=65 costMode=local-only cost=29
[NWK 66051] Added route candidate dst=3 nextHop=3 hops=1 cost=29 linkCost=29 advCost=0 learnedFrom=3 selectionDeferred=0 selected=1
[NWK 66051] Updated selected-route preference dst=3 preferredNextHop=3
[NWK 66051] Selected route changed dst=3 reason=candidate update pendingDestinations=2
[NWK 66051] ARL route message from 3 type=None advCount=0
[NWK 66051] Routes: dst=9->nh=9(hops=1,cost=29,linkCost=29,advCost=0,from=9,imm=1,pl=70,valid=1,path=[9]) dst=3->nh=3(hops=1,cost=29,linkCost=29,advCost=0,from=3,imm=1,pl=70,valid=1,path=[3])
[MAC 66051] active_nodes set to 4 for local slotting and post-TX wait
[NWK 66051] active_nodes=4 pushed to MAC
[NWK 66051] New HELLO neighbor=12 hopSrc=12 speedKey=8 activeNodes=1 pathloss=70 snr=20
[NWK 66051] link_calc neighbor=12 s0=-105 pathloss=70 numFailures=0 speed=128 txPower=0 estDistance=75 speedMargin=53 totalMargin=65 costMode=local-only cost=29
[NWK 66051] Added route candidate dst=12 nextHop=12 hops=1 cost=29 linkCost=29 advCost=0 learnedFrom=12 selectionDeferred=0 selected=1
[NWK 66051] Updated selected-route preference dst=12 preferredNextHop=12
[NWK 66051] Selected route changed dst=12 reason=candidate update pendingDestinations=3
[NWK 66051] ARL route message from 12 type=None advCount=0
[NWK 66051] Routes: dst=9->nh=9(hops=1,cost=29,linkCost=29,advCost=0,from=9,imm=1,pl=70,valid=1,path=[9]) dst=3->nh=3(hops=1,cost=29,linkCost=29,advCost=0,from=3,imm=1,pl=70,valid=1,path=[3]) dst=12->nh=12(hops=1,cost=29,linkCost=29,advCost=0,from=12,imm=1,pl=70,valid=1,path=[12])
[MAC 66051] active_nodes set to 5 for local slotting and post-TX wait
[NWK 66051] active_nodes=5 pushed to MAC
[NWK 66051] New HELLO neighbor=5 hopSrc=5 speedKey=8 activeNodes=1 pathloss=70 snr=20
[NWK 66051] link_calc neighbor=5 s0=-105 pathloss=70 numFailures=0 speed=128 txPower=0 estDistance=75 speedMargin=53 totalMargin=65 costMode=local-only cost=29
[NWK 66051] Added route candidate dst=5 nextHop=5 hops=1 cost=29 linkCost=29 advCost=0 learnedFrom=5 selectionDeferred=0 selected=1
[NWK 66051] Updated selected-route preference dst=5 preferredNextHop=5
[NWK 66051] Selected route changed dst=5 reason=candidate update pendingDestinations=4
[NWK 66051] ARL route message from 5 type=None advCount=0
[NWK 66051] Routes: dst=9->nh=9(hops=1,cost=29,linkCost=29,advCost=0,from=9,imm=1,pl=70,valid=1,path=[9]) dst=3->nh=3(hops=1,cost=29,linkCost=29,advCost=0,from=3,imm=1,pl=70,valid=1,path=[3]) dst=12->nh=12(hops=1,cost=29,linkCost=29,advCost=0,from=12,imm=1,pl=70,valid=1,path=[12]) dst=5->nh=5(hops=1,cost=29,linkCost=29,advCost=0,from=5,imm=1,pl=70,valid=1,path=[5])
[MAC 66051] active_nodes set to 6 for local slotting and post-TX wait
[NWK 66051] active_nodes=6 pushed to MAC
[NWK 66051] New HELLO neighbor=7 hopSrc=7 speedKey=8 activeNodes=1 pathloss=70 snr=20
[NWK 66051] link_calc neighbor=7 s0=-105 pathloss=70 numFailures=0 speed=128 txPower=0 estDistance=75 speedMargin=53 totalMargin=65 costMode=local-only cost=29
[NWK 66051] Added route candidate dst=7 nextHop=7 hops=1 cost=29 linkCost=29 advCost=0 learnedFrom=7 selectionDeferred=0 selected=1
[NWK 66051] Updated selected-route preference dst=7 preferredNextHop=7
[NWK 66051] Selected route changed dst=7 reason=candidate update pendingDestinations=5
[NWK 66051] ARL route message from 7 type=None advCount=0
[NWK 66051] Routes: dst=9->nh=9(hops=1,cost=29,linkCost=29,advCost=0,from=9,imm=1,pl=70,valid=1,path=[9]) dst=3->nh=3(hops=1,cost=29,linkCost=29,advCost=0,from=3,imm=1,pl=70,valid=1,path=[3]) dst=12->nh=12(hops=1,cost=29,linkCost=29,advCost=0,from=12,imm=1,pl=70,valid=1,path=[12]) dst=5->nh=5(hops=1,cost=29,linkCost=29,advCost=0,from=5,imm=1,pl=70,valid=1,path=[5]) dst=7->nh=7(hops=1,cost=29,linkCost=29,advCost=0,from=7,imm=1,pl=70,valid=1,path=[7])
[MAC 66051] active_nodes set to 7 for local slotting and post-TX wait
[NWK 66051] active_nodes=7 pushed to MAC
[NWK 66051] New HELLO neighbor=2 hopSrc=2 speedKey=8 activeNodes=1 pathloss=70 snr=20
[NWK 66051] link_calc neighbor=2 s0=-105 pathloss=70 numFailures=0 speed=128 txPower=0 estDistance=75 speedMargin=53 totalMargin=65 costMode=local-only cost=29
[NWK 66051] Added route candidate dst=2 nextHop=2 hops=1 cost=29 linkCost=29 advCost=0 learnedFrom=2 selectionDeferred=0 selected=1
[NWK 66051] Updated selected-route preference dst=2 preferredNextHop=2
[NWK 66051] Selected route changed dst=2 reason=candidate update pendingDestinations=6
[NWK 66051] ARL route message from 2 type=None advCount=0
[NWK 66051] Routes: dst=9->nh=9(hops=1,cost=29,linkCost=29,advCost=0,from=9,imm=1,pl=70,valid=1,path=[9]) dst=3->nh=3(hops=1,cost=29,linkCost=29,advCost=0,from=3,imm=1,pl=70,valid=1,path=[3]) dst=12->nh=12(hops=1,cost=29,linkCost=29,advCost=0,from=12,imm=1,pl=70,valid=1,path=[12]) dst=5->nh=5(hops=1,cost=29,linkCost=29,advCost=0,from=5,imm=1,pl=70,valid=1,path=[5]) dst=7->nh=7(hops=1,cost=29,linkCost=29,advCost=0,from=7,imm=1,pl=70,valid=1,path=[7]) dst=2->nh=2(hops=1,cost=29,linkCost=29,advCost=0,from=2,imm=1,pl=70,valid=1,path=[2])
[MAC 66051] active_nodes set to 8 for local slotting and post-TX wait
[NWK 66051] active_nodes=8 pushed to MAC
[NWK 66051] New HELLO neighbor=10 hopSrc=10 speedKey=8 activeNodes=1 pathloss=70 snr=20
[NWK 66051] link_calc neighbor=10 s0=-105 pathloss=70 numFailures=0 speed=128 txPower=0 estDistance=75 speedMargin=53 totalMargin=65 costMode=local-only cost=29
[NWK 66051] Added route candidate dst=10 nextHop=10 hops=1 cost=29 linkCost=29 advCost=0 learnedFrom=10 selectionDeferred=0 selected=1
[NWK 66051] Updated selected-route preference dst=10 preferredNextHop=10
[NWK 66051] Selected route changed dst=10 reason=candidate update pendingDestinations=7
[NWK 66051] ARL route message from 10 type=None advCount=0
[NWK 66051] Routes: dst=9->nh=9(hops=1,cost=29,linkCost=29,advCost=0,from=9,imm=1,pl=70,valid=1,path=[9]) dst=3->nh=3(hops=1,cost=29,linkCost=29,advCost=0,from=3,imm=1,pl=70,valid=1,path=[3]) dst=12->nh=12(hops=1,cost=29,linkCost=29,advCost=0,from=12,imm=1,pl=70,valid=1,path=[12]) dst=5->nh=5(hops=1,cost=29,linkCost=29,advCost=0,from=5,imm=1,pl=70,valid=1,path=[5]) dst=7->nh=7(hops=1,cost=29,linkCost=29,advCost=0,from=7,imm=1,pl=70,valid=1,path=[7]) dst=2->nh=2(hops=1,cost=29,linkCost=29,advCost=0,from=2,imm=1,pl=70,valid=1,path=[2]) dst=10->nh=10(hops=1,cost=29,linkCost=29,advCost=0,from=10,imm=1,pl=70,valid=1,path=[10])
[MAC 66051] active_nodes set to 9 for local slotting and post-TX wait
[NWK 66051] active_nodes=9 pushed to MAC
[NWK 66051] New HELLO neighbor=4 hopSrc=4 speedKey=8 activeNodes=1 pathloss=70 snr=20
[NWK 66051] link_calc neighbor=4 s0=-105 pathloss=70 numFailures=0 speed=128 txPower=0 estDistance=75 speedMargin=53 totalMargin=65 costMode=local-only cost=29
[NWK 66051] Added route candidate dst=4 nextHop=4 hops=1 cost=29 linkCost=29 advCost=0 learnedFrom=4 selectionDeferred=0 selected=1
[NWK 66051] Updated selected-route preference dst=4 preferredNextHop=4
[NWK 66051] Selected route changed dst=4 reason=candidate update pendingDestinations=8
[NWK 66051] ARL route message from 4 type=None advCount=0
[NWK 66051] Routes: dst=9->nh=9(hops=1,cost=29,linkCost=29,advCost=0,from=9,imm=1,pl=70,valid=1,path=[9]) dst=3->nh=3(hops=1,cost=29,linkCost=29,advCost=0,from=3,imm=1,pl=70,valid=1,path=[3]) dst=12->nh=12(hops=1,cost=29,linkCost=29,advCost=0,from=12,imm=1,pl=70,valid=1,path=[12]) dst=5->nh=5(hops=1,cost=29,linkCost=29,advCost=0,from=5,imm=1,pl=70,valid=1,path=[5]) dst=7->nh=7(hops=1,cost=29,linkCost=29,advCost=0,from=7,imm=1,pl=70,valid=1,path=[7]) dst=2->nh=2(hops=1,cost=29,linkCost=29,advCost=0,from=2,imm=1,pl=70,valid=1,path=[2]) dst=10->nh=10(hops=1,cost=29,linkCost=29,advCost=0,from=10,imm=1,pl=70,valid=1,path=[10]) dst=4->nh=4(hops=1,cost=29,linkCost=29,advCost=0,from=4,imm=1,pl=70,valid=1,path=[4])
[MAC 66051] active_nodes set to 10 for local slotting and post-TX wait
[NWK 66051] active_nodes=10 pushed to MAC
[NWK 66051] New HELLO neighbor=11 hopSrc=11 speedKey=8 activeNodes=1 pathloss=70 snr=20
[NWK 66051] link_calc neighbor=11 s0=-105 pathloss=70 numFailures=0 speed=128 txPower=0 estDistance=75 speedMargin=53 totalMargin=65 costMode=local-only cost=29
[NWK 66051] Added route candidate dst=11 nextHop=11 hops=1 cost=29 linkCost=29 advCost=0 learnedFrom=11 selectionDeferred=0 selected=1
[NWK 66051] Updated selected-route preference dst=11 preferredNextHop=11
[NWK 66051] Selected route changed dst=11 reason=candidate update pendingDestinations=9
[NWK 66051] ARL route message from 11 type=None advCount=0
[NWK 66051] Routes: dst=9->nh=9(hops=1,cost=29,linkCost=29,advCost=0,from=9,imm=1,pl=70,valid=1,path=[9]) dst=3->nh=3(hops=1,cost=29,linkCost=29,advCost=0,from=3,imm=1,pl=70,valid=1,path=[3]) dst=12->nh=12(hops=1,cost=29,linkCost=29,advCost=0,from=12,imm=1,pl=70,valid=1,path=[12]) dst=5->nh=5(hops=1,cost=29,linkCost=29,advCost=0,from=5,imm=1,pl=70,valid=1,path=[5]) dst=7->nh=7(hops=1,cost=29,linkCost=29,advCost=0,from=7,imm=1,pl=70,valid=1,path=[7]) dst=2->nh=2(hops=1,cost=29,linkCost=29,advCost=0,from=2,imm=1,pl=70,valid=1,path=[2]) dst=10->nh=10(hops=1,cost=29,linkCost=29,advCost=0,from=10,imm=1,pl=70,valid=1,path=[10]) dst=4->nh=4(hops=1,cost=29,linkCost=29,advCost=0,from=4,imm=1,pl=70,valid=1,path=[4]) dst=11->nh=11(hops=1,cost=29,linkCost=29,advCost=0,from=11,imm=1,pl=70,valid=1,path=[11])
[MAC 66051] active_nodes set to 11 for local slotting and post-TX wait
[NWK 66051] active_nodes=11 pushed to MAC
[NWK 66051] New HELLO neighbor=6 hopSrc=6 speedKey=8 activeNodes=1 pathloss=70 snr=20
[NWK 66051] link_calc neighbor=6 s0=-105 pathloss=70 numFailures=0 speed=128 txPower=0 estDistance=75 speedMargin=53 totalMargin=65 costMode=local-only cost=29
[NWK 66051] Added route candidate dst=6 nextHop=6 hops=1 cost=29 linkCost=29 advCost=0 learnedFrom=6 selectionDeferred=0 selected=1
[NWK 66051] Updated selected-route preference dst=6 preferredNextHop=6
[NWK 66051] Selected route changed dst=6 reason=candidate update pendingDestinations=10
[NWK 66051] ARL route message from 6 type=None advCount=0
[NWK 66051] Routes: dst=9->nh=9(hops=1,cost=29,linkCost=29,advCost=0,from=9,imm=1,pl=70,valid=1,path=[9]) dst=3->nh=3(hops=1,cost=29,linkCost=29,advCost=0,from=3,imm=1,pl=70,valid=1,path=[3]) dst=12->nh=12(hops=1,cost=29,linkCost=29,advCost=0,from=12,imm=1,pl=70,valid=1,path=[12]) dst=5->nh=5(hops=1,cost=29,linkCost=29,advCost=0,from=5,imm=1,pl=70,valid=1,path=[5]) dst=7->nh=7(hops=1,cost=29,linkCost=29,advCost=0,from=7,imm=1,pl=70,valid=1,path=[7]) dst=2->nh=2(hops=1,cost=29,linkCost=29,advCost=0,from=2,imm=1,pl=70,valid=1,path=[2]) dst=10->nh=10(hops=1,cost=29,linkCost=29,advCost=0,from=10,imm=1,pl=70,valid=1,path=[10]) dst=4->nh=4(hops=1,cost=29,linkCost=29,advCost=0,from=4,imm=1,pl=70,valid=1,path=[4]) dst=11->nh=11(hops=1,cost=29,linkCost=29,advCost=0,from=11,imm=1,pl=70,valid=1,path=[11]) dst=6->nh=6(hops=1,cost=29,linkCost=29,advCost=0,from=6,imm=1,pl=70,valid=1,path=[6])
[MAC 66051] active_nodes set to 12 for local slotting and post-TX wait
[NWK 66051] active_nodes=12 pushed to MAC
[NWK 66051] New HELLO neighbor=8 hopSrc=8 speedKey=8 activeNodes=1 pathloss=70 snr=20
[NWK 66051] link_calc neighbor=8 s0=-105 pathloss=70 numFailures=0 speed=128 txPower=0 estDistance=75 speedMargin=53 totalMargin=65 costMode=local-only cost=29
[NWK 66051] Added route candidate dst=8 nextHop=8 hops=1 cost=29 linkCost=29 advCost=0 learnedFrom=8 selectionDeferred=0 selected=1
[NWK 66051] Updated selected-route preference dst=8 preferredNextHop=8
[NWK 66051] Selected route changed dst=8 reason=candidate update pendingDestinations=11
[NWK 66051] ARL route message from 8 type=None advCount=0
[NWK 66051] Routes: dst=9->nh=9(hops=1,cost=29,linkCost=29,advCost=0,from=9,imm=1,pl=70,valid=1,path=[9]) dst=3->nh=3(hops=1,cost=29,linkCost=29,advCost=0,from=3,imm=1,pl=70,valid=1,path=[3]) dst=12->nh=12(hops=1,cost=29,linkCost=29,advCost=0,from=12,imm=1,pl=70,valid=1,path=[12]) dst=5->nh=5(hops=1,cost=29,linkCost=29,advCost=0,from=5,imm=1,pl=70,valid=1,path=[5]) dst=7->nh=7(hops=1,cost=29,linkCost=29,advCost=0,from=7,imm=1,pl=70,valid=1,path=[7]) dst=2->nh=2(hops=1,cost=29,linkCost=29,advCost=0,from=2,imm=1,pl=70,valid=1,path=[2]) dst=10->nh=10(hops=1,cost=29,linkCost=29,advCost=0,from=10,imm=1,pl=70,valid=1,path=[10]) dst=4->nh=4(hops=1,cost=29,linkCost=29,advCost=0,from=4,imm=1,pl=70,valid=1,path=[4]) dst=11->nh=11(hops=1,cost=29,linkCost=29,advCost=0,from=11,imm=1,pl=70,valid=1,path=[11]) dst=6->nh=6(hops=1,cost=29,linkCost=29,advCost=0,from=6,imm=1,pl=70,valid=1,path=[6]) dst=8->nh=8(hops=1,cost=29,linkCost=29,advCost=0,from=8,imm=1,pl=70,valid=1,path=[8])
[NWK 66051] Added route candidate dst=658177 nextHop=9 hops=2 cost=2 linkCost=1 advCost=1 learnedFrom=9 selectionDeferred=0 selected=1
[NWK 66051] Updated selected-route preference dst=658177 preferredNextHop=9
[NWK 66051] Selected route changed dst=658177 reason=candidate update pendingDestinations=12
[NWK 66051] Added route candidate dst=658178 nextHop=9 hops=2 cost=2 linkCost=1 advCost=1 learnedFrom=9 selectionDeferred=0 selected=1
[NWK 66051] Updated selected-route preference dst=658178 preferredNextHop=9
[NWK 66051] Selected route changed dst=658178 reason=candidate update pendingDestinations=13
[NWK 66051] Added route candidate dst=658179 nextHop=9 hops=2 cost=2 linkCost=1 advCost=1 learnedFrom=9 selectionDeferred=0 selected=1
[NWK 66051] Updated selected-route preference dst=658179 preferredNextHop=9
[NWK 66051] Selected route changed dst=658179 reason=candidate update pendingDestinations=14
[NWK 66051] routesProcess grouped selected-route changes count=14 infoChanged=0 time=0
[NWK 66051] Best route dst=658179 nextHop=9 cost=2 hops=2 learnedFrom=9 candidates=1 validCandidates=1
[NWK 66051] Best route dst=658178 nextHop=9 cost=2 hops=2 learnedFrom=9 candidates=1 validCandidates=1
[NWK 66051] Best route dst=658177 nextHop=9 cost=2 hops=2 learnedFrom=9 candidates=1 validCandidates=1
[NWK 66051] Best route dst=8 nextHop=8 cost=29 hops=1 learnedFrom=8 candidates=1 validCandidates=1
[NWK 66051] Best route dst=6 nextHop=6 cost=29 hops=1 learnedFrom=6 candidates=1 validCandidates=1
[NWK 66051] Best route dst=11 nextHop=11 cost=29 hops=1 learnedFrom=11 candidates=1 validCandidates=1
[NWK 66051] Best route dst=4 nextHop=4 cost=29 hops=1 learnedFrom=4 candidates=1 validCandidates=1
[NWK 66051] Best route dst=10 nextHop=10 cost=29 hops=1 learnedFrom=10 candidates=1 validCandidates=1
[NWK 66051] Best route dst=2 nextHop=2 cost=29 hops=1 learnedFrom=2 candidates=1 validCandidates=1
[NWK 66051] Best route dst=7 nextHop=7 cost=29 hops=1 learnedFrom=7 candidates=1 validCandidates=1
[NWK 66051] Best route dst=5 nextHop=5 cost=29 hops=1 learnedFrom=5 candidates=1 validCandidates=1
[NWK 66051] Best route dst=12 nextHop=12 cost=29 hops=1 learnedFrom=12 candidates=1 validCandidates=1
[NWK 66051] Best route dst=3 nextHop=3 cost=29 hops=1 learnedFrom=3 candidates=1 validCandidates=1
[NWK 66051] Best route dst=9 nextHop=9 cost=29 hops=1 learnedFrom=9 candidates=1 validCandidates=1
[NWK 66051] Automatic route propagation disabled; reporting only
[NWK 66051] automatic_route_propagation=enabled
[NWK 66051] Updated route candidate dst=658177 nextHop=9 hops=2 oldCost=2 newCost=11 valid=1->1 selectionDeferred=0 selected=1
[NWK 66051] Updated selected-route preference dst=658177 preferredNextHop=9
[NWK 66051] Selected route changed dst=658177 reason=candidate update pendingDestinations=1
[NWK 66051] Updated route candidate dst=658179 nextHop=9 hops=2 oldCost=2 newCost=33 valid=1->1 selectionDeferred=0 selected=1
[NWK 66051] Updated selected-route preference dst=658179 preferredNextHop=9
[NWK 66051] Selected route changed dst=658179 reason=candidate update pendingDestinations=2
[NWK 66051] Updated route candidate dst=658178 nextHop=9 hops=2 oldCost=2 newCost=22 valid=1->1 selectionDeferred=0 selected=1
[NWK 66051] Updated selected-route preference dst=658178 preferredNextHop=9
[NWK 66051] Selected route changed dst=658178 reason=candidate update pendingDestinations=3
[NWK 66051] Cleared selected-route preference dst=66051 reason=no-valid-route
[NWK 66051] Selected route changed dst=66051 reason=local capability changed pendingDestinations=4
[NWK 66051] nodeType=Routable
[NWK 66051] routesProcess grouped selected-route changes count=4 infoChanged=0 time=0
[NWK 66051] Best route dst=658179 nextHop=9 cost=33 hops=2 learnedFrom=9 candidates=1 validCandidates=1
[NWK 66051] Best route dst=658178 nextHop=9 cost=22 hops=2 learnedFrom=9 candidates=1 validCandidates=1
[NWK 66051] Best route dst=658177 nextHop=9 cost=11 hops=2 learnedFrom=9 candidates=1 validCandidates=1
[NWK 66051] Source-owned self route dst=66051 nextHop=66051 cost=0 hops=0 capability=1 advertised=1
[NWK 66051] Sending source-exact grouped route changes routingSequence=0 infoChanged=0 destinations=4 neighbors=11 groups=2 sections=1
[NWK 66051] Retained grouped routing-control owner routingSequence=0 operation=Update section=0/1 destinations=1 owners=1
[HOP 66051] link_control dest=9 neighborKnown=0 speed=8 txPower=30 rxPower=-105
[HOP 66051] TX reliable RoutingControl targets=9:1
[MAC] Enqueue TX pkt dscp=7 insert_pos=0 queue_size_before=0
[NWK 66051] Retained grouped routing-control owner routingSequence=0 operation=Update section=0/1 destinations=10 owners=2
[HOP 66051] link_control dest=8 neighborKnown=0 speed=8 txPower=30 rxPower=-105
[HOP 66051] link_control dest=6 neighborKnown=0 speed=8 txPower=30 rxPower=-105
[HOP 66051] link_control dest=11 neighborKnown=0 speed=8 txPower=30 rxPower=-105
[HOP 66051] link_control dest=4 neighborKnown=0 speed=8 txPower=30 rxPower=-105
[HOP 66051] link_control dest=10 neighborKnown=0 speed=8 txPower=30 rxPower=-105
[HOP 66051] link_control dest=2 neighborKnown=0 speed=8 txPower=30 rxPower=-105
[HOP 66051] link_control dest=7 neighborKnown=0 speed=8 txPower=30 rxPower=-105
[HOP 66051] link_control dest=5 neighborKnown=0 speed=8 txPower=30 rxPower=-105
[HOP 66051] link_control dest=12 neighborKnown=0 speed=8 txPower=30 rxPower=-105
[HOP 66051] link_control dest=3 neighborKnown=0 speed=8 txPower=30 rxPower=-105
[HOP 66051] TX reliable RoutingControl targets=8:1,6:1,11:1,4:1,10:1,2:1,7:1,5:1,12:1,3:1
[MAC] Enqueue TX pkt dscp=7 insert_pos=1 queue_size_before=1
[NWK 66051] Built ARL routing byte stream routingSequence=99 records=2 advertisedRoutes=0 recordBytes=18 sections=1 maxSectionBytes=700
[NWK 66051] Updated route candidate dst=658177 nextHop=9 hops=2 oldCost=11 newCost=41 valid=1->1 selectionDeferred=0 selected=1
[NWK 66051] Updated selected-route preference dst=658177 preferredNextHop=9
[NWK 66051] Selected route changed dst=658177 reason=candidate update pendingDestinations=1
[NWK 66051] Updated route candidate dst=658177 nextHop=9 hops=2 oldCost=41 newCost=51 valid=1->1 selectionDeferred=0 selected=1
[NWK 66051] Updated selected-route preference dst=658177 preferredNextHop=9
[NWK 66051] Selected route changed dst=658177 reason=candidate update pendingDestinations=1
[NWK 66051] Updated route candidate dst=658177 nextHop=9 hops=2 oldCost=51 newCost=51 valid=1->1 selectionDeferred=0 selected=1
[NWK 66051] Cleared selected-route preference dst=66051 reason=no-valid-route
[NWK 66051] Selected route changed dst=66051 reason=local capability changed pendingDestinations=2
[NWK 66051] nodeType=Ordinary
[NWK 66051] routesProcess grouped selected-route changes count=2 infoChanged=0 time=1e-07
[NWK 66051] Best route dst=658177 nextHop=9 cost=51 hops=2 learnedFrom=9 candidates=1 validCandidates=1
[NWK 66051] Source-owned self route dst=66051 nextHop=66051 cost=0 hops=0 capability=0 advertised=0
[NWK 66051] Sending source-exact grouped route changes routingSequence=2 infoChanged=0 destinations=2 neighbors=11 groups=2 sections=1
[NWK 66051] Retained grouped routing-control owner routingSequence=2 operation=Update section=0/1 destinations=1 owners=3
[HOP 66051] link_control dest=9 neighborKnown=0 speed=8 txPower=30 rxPower=-105
[HOP 66051] TX reliable RoutingControl targets=9:2
[MAC] Enqueue TX pkt dscp=7 insert_pos=2 queue_size_before=2
[NWK 66051] Retained grouped routing-control owner routingSequence=2 operation=Update section=0/1 destinations=10 owners=4
[HOP 66051] link_control dest=8 neighborKnown=0 speed=8 txPower=30 rxPower=-105
[HOP 66051] link_control dest=6 neighborKnown=0 speed=8 txPower=30 rxPower=-105
[HOP 66051] link_control dest=11 neighborKnown=0 speed=8 txPower=30 rxPower=-105
[HOP 66051] link_control dest=4 neighborKnown=0 speed=8 txPower=30 rxPower=-105
[HOP 66051] link_control dest=10 neighborKnown=0 speed=8 txPower=30 rxPower=-105
[HOP 66051] link_control dest=2 neighborKnown=0 speed=8 txPower=30 rxPower=-105
[HOP 66051] link_control dest=7 neighborKnown=0 speed=8 txPower=30 rxPower=-105
[HOP 66051] link_control dest=5 neighborKnown=0 speed=8 txPower=30 rxPower=-105
[HOP 66051] link_control dest=12 neighborKnown=0 speed=8 txPower=30 rxPower=-105
[HOP 66051] link_control dest=3 neighborKnown=0 speed=8 txPower=30 rxPower=-105
[HOP 66051] TX reliable RoutingControl targets=8:2,6:2,11:2,4:2,10:2,2:2,7:2,5:2,12:2,3:2
[MAC] Enqueue TX pkt dscp=7 insert_pos=3 queue_size_before=3
[NWK 66051] nodeType=Ordinary
[NWK 66051] ARL neighbor admission=disabled
[NWK 66051] automatic_route_propagation=disabled
[NWK 66051] automatic_route_propagation=disabled
[MAC 66051] active_nodes set to 2 for local slotting and post-TX wait
[NWK 66051] active_nodes=2 pushed to MAC
[MAC 66051] max_reported_active_nodes updated to 1
[NWK 66051] New HELLO neighbor=2 hopSrc=2 speedKey=8 activeNodes=1 pathloss=70 snr=20
[NWK 66051] link_calc neighbor=2 s0=-105 pathloss=70 numFailures=0 speed=128 txPower=0 estDistance=75 speedMargin=53 totalMargin=65 costMode=local-only cost=29
[NWK 66051] Added route candidate dst=2 nextHop=2 hops=1 cost=29 linkCost=29 advCost=0 learnedFrom=2 selectionDeferred=0 selected=1
[NWK 66051] Updated selected-route preference dst=2 preferredNextHop=2
[NWK 66051] Selected route changed dst=2 reason=candidate update pendingDestinations=1
[NWK 66051] ARL route message from 2 type=None advCount=0
[NWK 66051] Routes: dst=2->nh=2(hops=1,cost=29,linkCost=29,advCost=0,from=2,imm=1,pl=70,valid=1,path=[2])
[NWK 66051] Added route candidate dst=658177 nextHop=2 hops=2 cost=11 linkCost=10 advCost=1 learnedFrom=2 selectionDeferred=0 selected=1
[NWK 66051] Updated selected-route preference dst=658177 preferredNextHop=2
[NWK 66051] Selected route changed dst=658177 reason=candidate update pendingDestinations=2
[NWK 66051] routesProcess grouped selected-route changes count=2 infoChanged=0 time=0
[NWK 66051] Best route dst=658177 nextHop=2 cost=11 hops=2 learnedFrom=2 candidates=1 validCandidates=1
[NWK 66051] Best route dst=2 nextHop=2 cost=29 hops=1 learnedFrom=2 candidates=1 validCandidates=1
[NWK 66051] Automatic route propagation disabled; reporting only
[NWK 66051] automatic_route_propagation=enabled
[NWK 66051] Updated route candidate dst=658177 nextHop=2 hops=2 oldCost=11 newCost=11 valid=1->1 selectionDeferred=0 selected=1
[NWK 66051] Updated selected-route preference dst=658177 preferredNextHop=2
[NWK 66051] Selected route changed dst=658177 reason=source candidate replacement pendingDestinations=1
[NWK 66051] routesProcess grouped selected-route changes count=1 infoChanged=0 time=0
[NWK 66051] Best route dst=658177 nextHop=2 cost=11 hops=2 learnedFrom=2 candidates=1 validCandidates=1
[NWK 66051] Sending source-exact grouped route changes routingSequence=0 infoChanged=0 destinations=1 neighbors=1 groups=1 sections=1
[NWK 66051] Retained grouped routing-control owner routingSequence=0 operation=Update section=0/1 destinations=1 owners=1
[HOP 66051] link_control dest=2 neighborKnown=0 speed=8 txPower=30 rxPower=-105
[HOP 66051] TX reliable RoutingControl targets=2:1
[MAC] Enqueue TX pkt dscp=7 insert_pos=0 queue_size_before=0
[NWK 66051] nodeType=Ordinary
[NWK 66051] ARL neighbor admission=disabled
[NWK 66051] automatic_route_propagation=disabled
[NWK 66051] automatic_route_propagation=disabled
[MAC 66051] active_nodes set to 2 for local slotting and post-TX wait
[NWK 66051] active_nodes=2 pushed to MAC
[MAC 66051] max_reported_active_nodes updated to 1
[NWK 66051] New HELLO neighbor=2 hopSrc=2 speedKey=8 activeNodes=1 pathloss=70 snr=20
[NWK 66051] link_calc neighbor=2 s0=-105 pathloss=70 numFailures=0 speed=128 txPower=0 estDistance=75 speedMargin=53 totalMargin=65 costMode=local-only cost=29
[NWK 66051] Added route candidate dst=2 nextHop=2 hops=1 cost=29 linkCost=29 advCost=0 learnedFrom=2 selectionDeferred=0 selected=1
[NWK 66051] Updated selected-route preference dst=2 preferredNextHop=2
[NWK 66051] Selected route changed dst=2 reason=candidate update pendingDestinations=1
[NWK 66051] ARL route message from 2 type=None advCount=0
[NWK 66051] Routes: dst=2->nh=2(hops=1,cost=29,linkCost=29,advCost=0,from=2,imm=1,pl=70,valid=1,path=[2])
[MAC 66051] active_nodes set to 3 for local slotting and post-TX wait
[NWK 66051] active_nodes=3 pushed to MAC
[NWK 66051] New HELLO neighbor=3 hopSrc=3 speedKey=8 activeNodes=1 pathloss=70 snr=20
[NWK 66051] link_calc neighbor=3 s0=-105 pathloss=70 numFailures=0 speed=128 txPower=0 estDistance=75 speedMargin=53 totalMargin=65 costMode=local-only cost=29
[NWK 66051] Added route candidate dst=3 nextHop=3 hops=1 cost=29 linkCost=29 advCost=0 learnedFrom=3 selectionDeferred=0 selected=1
[NWK 66051] Updated selected-route preference dst=3 preferredNextHop=3
[NWK 66051] Selected route changed dst=3 reason=candidate update pendingDestinations=2
[NWK 66051] ARL route message from 3 type=None advCount=0
[NWK 66051] Routes: dst=2->nh=2(hops=1,cost=29,linkCost=29,advCost=0,from=2,imm=1,pl=70,valid=1,path=[2]) dst=3->nh=3(hops=1,cost=29,linkCost=29,advCost=0,from=3,imm=1,pl=70,valid=1,path=[3])
[MAC 66051] active_nodes set to 4 for local slotting and post-TX wait
[NWK 66051] active_nodes=4 pushed to MAC
[NWK 66051] New HELLO neighbor=4 hopSrc=4 speedKey=8 activeNodes=1 pathloss=70 snr=20
[NWK 66051] link_calc neighbor=4 s0=-105 pathloss=70 numFailures=0 speed=128 txPower=0 estDistance=75 speedMargin=53 totalMargin=65 costMode=local-only cost=29
[NWK 66051] Added route candidate dst=4 nextHop=4 hops=1 cost=29 linkCost=29 advCost=0 learnedFrom=4 selectionDeferred=0 selected=1
[NWK 66051] Updated selected-route preference dst=4 preferredNextHop=4
[NWK 66051] Selected route changed dst=4 reason=candidate update pendingDestinations=3
[NWK 66051] ARL route message from 4 type=None advCount=0
[NWK 66051] Routes: dst=2->nh=2(hops=1,cost=29,linkCost=29,advCost=0,from=2,imm=1,pl=70,valid=1,path=[2]) dst=3->nh=3(hops=1,cost=29,linkCost=29,advCost=0,from=3,imm=1,pl=70,valid=1,path=[3]) dst=4->nh=4(hops=1,cost=29,linkCost=29,advCost=0,from=4,imm=1,pl=70,valid=1,path=[4])
[MAC 66051] active_nodes set to 5 for local slotting and post-TX wait
[NWK 66051] active_nodes=5 pushed to MAC
[NWK 66051] New HELLO neighbor=5 hopSrc=5 speedKey=8 activeNodes=1 pathloss=70 snr=20
[NWK 66051] link_calc neighbor=5 s0=-105 pathloss=70 numFailures=0 speed=128 txPower=0 estDistance=75 speedMargin=53 totalMargin=65 costMode=local-only cost=29
[NWK 66051] Added route candidate dst=5 nextHop=5 hops=1 cost=29 linkCost=29 advCost=0 learnedFrom=5 selectionDeferred=0 selected=1
[NWK 66051] Updated selected-route preference dst=5 preferredNextHop=5
[NWK 66051] Selected route changed dst=5 reason=candidate update pendingDestinations=4
[NWK 66051] ARL route message from 5 type=None advCount=0
[NWK 66051] Routes: dst=2->nh=2(hops=1,cost=29,linkCost=29,advCost=0,from=2,imm=1,pl=70,valid=1,path=[2]) dst=3->nh=3(hops=1,cost=29,linkCost=29,advCost=0,from=3,imm=1,pl=70,valid=1,path=[3]) dst=4->nh=4(hops=1,cost=29,linkCost=29,advCost=0,from=4,imm=1,pl=70,valid=1,path=[4]) dst=5->nh=5(hops=1,cost=29,linkCost=29,advCost=0,from=5,imm=1,pl=70,valid=1,path=[5])
[MAC 66051] active_nodes set to 6 for local slotting and post-TX wait
[NWK 66051] active_nodes=6 pushed to MAC
[NWK 66051] New HELLO neighbor=6 hopSrc=6 speedKey=8 activeNodes=1 pathloss=70 snr=20
[NWK 66051] link_calc neighbor=6 s0=-105 pathloss=70 numFailures=0 speed=128 txPower=0 estDistance=75 speedMargin=53 totalMargin=65 costMode=local-only cost=29
[NWK 66051] Added route candidate dst=6 nextHop=6 hops=1 cost=29 linkCost=29 advCost=0 learnedFrom=6 selectionDeferred=0 selected=1
[NWK 66051] Updated selected-route preference dst=6 preferredNextHop=6
[NWK 66051] Selected route changed dst=6 reason=candidate update pendingDestinations=5
[NWK 66051] ARL route message from 6 type=None advCount=0
[NWK 66051] Routes: dst=2->nh=2(hops=1,cost=29,linkCost=29,advCost=0,from=2,imm=1,pl=70,valid=1,path=[2]) dst=3->nh=3(hops=1,cost=29,linkCost=29,advCost=0,from=3,imm=1,pl=70,valid=1,path=[3]) dst=4->nh=4(hops=1,cost=29,linkCost=29,advCost=0,from=4,imm=1,pl=70,valid=1,path=[4]) dst=5->nh=5(hops=1,cost=29,linkCost=29,advCost=0,from=5,imm=1,pl=70,valid=1,path=[5]) dst=6->nh=6(hops=1,cost=29,linkCost=29,advCost=0,from=6,imm=1,pl=70,valid=1,path=[6])
[MAC 66051] active_nodes set to 7 for local slotting and post-TX wait
[NWK 66051] active_nodes=7 pushed to MAC
[NWK 66051] New HELLO neighbor=7 hopSrc=7 speedKey=8 activeNodes=1 pathloss=70 snr=20
[NWK 66051] link_calc neighbor=7 s0=-105 pathloss=70 numFailures=0 speed=128 txPower=0 estDistance=75 speedMargin=53 totalMargin=65 costMode=local-only cost=29
[NWK 66051] Added route candidate dst=7 nextHop=7 hops=1 cost=29 linkCost=29 advCost=0 learnedFrom=7 selectionDeferred=0 selected=1
[NWK 66051] Updated selected-route preference dst=7 preferredNextHop=7
[NWK 66051] Selected route changed dst=7 reason=candidate update pendingDestinations=6
[NWK 66051] ARL route message from 7 type=None advCount=0
[NWK 66051] Routes: dst=2->nh=2(hops=1,cost=29,linkCost=29,advCost=0,from=2,imm=1,pl=70,valid=1,path=[2]) dst=3->nh=3(hops=1,cost=29,linkCost=29,advCost=0,from=3,imm=1,pl=70,valid=1,path=[3]) dst=4->nh=4(hops=1,cost=29,linkCost=29,advCost=0,from=4,imm=1,pl=70,valid=1,path=[4]) dst=5->nh=5(hops=1,cost=29,linkCost=29,advCost=0,from=5,imm=1,pl=70,valid=1,path=[5]) dst=6->nh=6(hops=1,cost=29,linkCost=29,advCost=0,from=6,imm=1,pl=70,valid=1,path=[6]) dst=7->nh=7(hops=1,cost=29,linkCost=29,advCost=0,from=7,imm=1,pl=70,valid=1,path=[7])
[MAC 66051] active_nodes set to 8 for local slotting and post-TX wait
[NWK 66051] active_nodes=8 pushed to MAC
[NWK 66051] New HELLO neighbor=8 hopSrc=8 speedKey=8 activeNodes=1 pathloss=70 snr=20
[NWK 66051] link_calc neighbor=8 s0=-105 pathloss=70 numFailures=0 speed=128 txPower=0 estDistance=75 speedMargin=53 totalMargin=65 costMode=local-only cost=29
[NWK 66051] Added route candidate dst=8 nextHop=8 hops=1 cost=29 linkCost=29 advCost=0 learnedFrom=8 selectionDeferred=0 selected=1
[NWK 66051] Updated selected-route preference dst=8 preferredNextHop=8
[NWK 66051] Selected route changed dst=8 reason=candidate update pendingDestinations=7
[NWK 66051] ARL route message from 8 type=None advCount=0
[NWK 66051] Routes: dst=2->nh=2(hops=1,cost=29,linkCost=29,advCost=0,from=2,imm=1,pl=70,valid=1,path=[2]) dst=3->nh=3(hops=1,cost=29,linkCost=29,advCost=0,from=3,imm=1,pl=70,valid=1,path=[3]) dst=4->nh=4(hops=1,cost=29,linkCost=29,advCost=0,from=4,imm=1,pl=70,valid=1,path=[4]) dst=5->nh=5(hops=1,cost=29,linkCost=29,advCost=0,from=5,imm=1,pl=70,valid=1,path=[5]) dst=6->nh=6(hops=1,cost=29,linkCost=29,advCost=0,from=6,imm=1,pl=70,valid=1,path=[6]) dst=7->nh=7(hops=1,cost=29,linkCost=29,advCost=0,from=7,imm=1,pl=70,valid=1,path=[7]) dst=8->nh=8(hops=1,cost=29,linkCost=29,advCost=0,from=8,imm=1,pl=70,valid=1,path=[8])
[MAC 66051] active_nodes set to 9 for local slotting and post-TX wait
[NWK 66051] active_nodes=9 pushed to MAC
[NWK 66051] New HELLO neighbor=9 hopSrc=9 speedKey=8 activeNodes=1 pathloss=70 snr=20
[NWK 66051] link_calc neighbor=9 s0=-105 pathloss=70 numFailures=0 speed=128 txPower=0 estDistance=75 speedMargin=53 totalMargin=65 costMode=local-only cost=29
[NWK 66051] Added route candidate dst=9 nextHop=9 hops=1 cost=29 linkCost=29 advCost=0 learnedFrom=9 selectionDeferred=0 selected=1
[NWK 66051] Updated selected-route preference dst=9 preferredNextHop=9
[NWK 66051] Selected route changed dst=9 reason=candidate update pendingDestinations=8
[NWK 66051] ARL route message from 9 type=None advCount=0
[NWK 66051] Routes: dst=2->nh=2(hops=1,cost=29,linkCost=29,advCost=0,from=2,imm=1,pl=70,valid=1,path=[2]) dst=3->nh=3(hops=1,cost=29,linkCost=29,advCost=0,from=3,imm=1,pl=70,valid=1,path=[3]) dst=4->nh=4(hops=1,cost=29,linkCost=29,advCost=0,from=4,imm=1,pl=70,valid=1,path=[4]) dst=5->nh=5(hops=1,cost=29,linkCost=29,advCost=0,from=5,imm=1,pl=70,valid=1,path=[5]) dst=6->nh=6(hops=1,cost=29,linkCost=29,advCost=0,from=6,imm=1,pl=70,valid=1,path=[6]) dst=7->nh=7(hops=1,cost=29,linkCost=29,advCost=0,from=7,imm=1,pl=70,valid=1,path=[7]) dst=8->nh=8(hops=1,cost=29,linkCost=29,advCost=0,from=8,imm=1,pl=70,valid=1,path=[8]) dst=9->nh=9(hops=1,cost=29,linkCost=29,advCost=0,from=9,imm=1,pl=70,valid=1,path=[9])
[MAC 66051] active_nodes set to 10 for local slotting and post-TX wait
[NWK 66051] active_nodes=10 pushed to MAC
[NWK 66051] New HELLO neighbor=10 hopSrc=10 speedKey=8 activeNodes=1 pathloss=70 snr=20
[NWK 66051] link_calc neighbor=10 s0=-105 pathloss=70 numFailures=0 speed=128 txPower=0 estDistance=75 speedMargin=53 totalMargin=65 costMode=local-only cost=29
[NWK 66051] Added route candidate dst=10 nextHop=10 hops=1 cost=29 linkCost=29 advCost=0 learnedFrom=10 selectionDeferred=0 selected=1
[NWK 66051] Updated selected-route preference dst=10 preferredNextHop=10
[NWK 66051] Selected route changed dst=10 reason=candidate update pendingDestinations=9
[NWK 66051] ARL route message from 10 type=None advCount=0
[NWK 66051] Routes: dst=2->nh=2(hops=1,cost=29,linkCost=29,advCost=0,from=2,imm=1,pl=70,valid=1,path=[2]) dst=3->nh=3(hops=1,cost=29,linkCost=29,advCost=0,from=3,imm=1,pl=70,valid=1,path=[3]) dst=4->nh=4(hops=1,cost=29,linkCost=29,advCost=0,from=4,imm=1,pl=70,valid=1,path=[4]) dst=5->nh=5(hops=1,cost=29,linkCost=29,advCost=0,from=5,imm=1,pl=70,valid=1,path=[5]) dst=6->nh=6(hops=1,cost=29,linkCost=29,advCost=0,from=6,imm=1,pl=70,valid=1,path=[6]) dst=7->nh=7(hops=1,cost=29,linkCost=29,advCost=0,from=7,imm=1,pl=70,valid=1,path=[7]) dst=8->nh=8(hops=1,cost=29,linkCost=29,advCost=0,from=8,imm=1,pl=70,valid=1,path=[8]) dst=9->nh=9(hops=1,cost=29,linkCost=29,advCost=0,from=9,imm=1,pl=70,valid=1,path=[9]) dst=10->nh=10(hops=1,cost=29,linkCost=29,advCost=0,from=10,imm=1,pl=70,valid=1,path=[10])
[MAC 66051] active_nodes set to 11 for local slotting and post-TX wait
[NWK 66051] active_nodes=11 pushed to MAC
[NWK 66051] New HELLO neighbor=11 hopSrc=11 speedKey=8 activeNodes=1 pathloss=70 snr=20
[NWK 66051] link_calc neighbor=11 s0=-105 pathloss=70 numFailures=0 speed=128 txPower=0 estDistance=75 speedMargin=53 totalMargin=65 costMode=local-only cost=29
[NWK 66051] Added route candidate dst=11 nextHop=11 hops=1 cost=29 linkCost=29 advCost=0 learnedFrom=11 selectionDeferred=0 selected=1
[NWK 66051] Updated selected-route preference dst=11 preferredNextHop=11
[NWK 66051] Selected route changed dst=11 reason=candidate update pendingDestinations=10
[NWK 66051] ARL route message from 11 type=None advCount=0
[NWK 66051] Routes: dst=2->nh=2(hops=1,cost=29,linkCost=29,advCost=0,from=2,imm=1,pl=70,valid=1,path=[2]) dst=3->nh=3(hops=1,cost=29,linkCost=29,advCost=0,from=3,imm=1,pl=70,valid=1,path=[3]) dst=4->nh=4(hops=1,cost=29,linkCost=29,advCost=0,from=4,imm=1,pl=70,valid=1,path=[4]) dst=5->nh=5(hops=1,cost=29,linkCost=29,advCost=0,from=5,imm=1,pl=70,valid=1,path=[5]) dst=6->nh=6(hops=1,cost=29,linkCost=29,advCost=0,from=6,imm=1,pl=70,valid=1,path=[6]) dst=7->nh=7(hops=1,cost=29,linkCost=29,advCost=0,from=7,imm=1,pl=70,valid=1,path=[7]) dst=8->nh=8(hops=1,cost=29,linkCost=29,advCost=0,from=8,imm=1,pl=70,valid=1,path=[8]) dst=9->nh=9(hops=1,cost=29,linkCost=29,advCost=0,from=9,imm=1,pl=70,valid=1,path=[9]) dst=10->nh=10(hops=1,cost=29,linkCost=29,advCost=0,from=10,imm=1,pl=70,valid=1,path=[10]) dst=11->nh=11(hops=1,cost=29,linkCost=29,advCost=0,from=11,imm=1,pl=70,valid=1,path=[11])
[MAC 66051] active_nodes set to 12 for local slotting and post-TX wait
[NWK 66051] active_nodes=12 pushed to MAC
[NWK 66051] New HELLO neighbor=12 hopSrc=12 speedKey=8 activeNodes=1 pathloss=70 snr=20
[NWK 66051] link_calc neighbor=12 s0=-105 pathloss=70 numFailures=0 speed=128 txPower=0 estDistance=75 speedMargin=53 totalMargin=65 costMode=local-only cost=29
[NWK 66051] Added route candidate dst=12 nextHop=12 hops=1 cost=29 linkCost=29 advCost=0 learnedFrom=12 selectionDeferred=0 selected=1
[NWK 66051] Updated selected-route preference dst=12 preferredNextHop=12
[NWK 66051] Selected route changed dst=12 reason=candidate update pendingDestinations=11
[NWK 66051] ARL route message from 12 type=None advCount=0
[NWK 66051] Routes: dst=2->nh=2(hops=1,cost=29,linkCost=29,advCost=0,from=2,imm=1,pl=70,valid=1,path=[2]) dst=3->nh=3(hops=1,cost=29,linkCost=29,advCost=0,from=3,imm=1,pl=70,valid=1,path=[3]) dst=4->nh=4(hops=1,cost=29,linkCost=29,advCost=0,from=4,imm=1,pl=70,valid=1,path=[4]) dst=5->nh=5(hops=1,cost=29,linkCost=29,advCost=0,from=5,imm=1,pl=70,valid=1,path=[5]) dst=6->nh=6(hops=1,cost=29,linkCost=29,advCost=0,from=6,imm=1,pl=70,valid=1,path=[6]) dst=7->nh=7(hops=1,cost=29,linkCost=29,advCost=0,from=7,imm=1,pl=70,valid=1,path=[7]) dst=8->nh=8(hops=1,cost=29,linkCost=29,advCost=0,from=8,imm=1,pl=70,valid=1,path=[8]) dst=9->nh=9(hops=1,cost=29,linkCost=29,advCost=0,from=9,imm=1,pl=70,valid=1,path=[9]) dst=10->nh=10(hops=1,cost=29,linkCost=29,advCost=0,from=10,imm=1,pl=70,valid=1,path=[10]) dst=11->nh=11(hops=1,cost=29,linkCost=29,advCost=0,from=11,imm=1,pl=70,valid=1,path=[11]) dst=12->nh=12(hops=1,cost=29,linkCost=29,advCost=0,from=12,imm=1,pl=70,valid=1,path=[12])
[NWK 66051] Added route candidate dst=720896 nextHop=2 hops=32 cost=2 linkCost=1 advCost=1 learnedFrom=2 selectionDeferred=0 selected=1
[NWK 66051] Updated selected-route preference dst=720896 preferredNextHop=2
[NWK 66051] Selected route changed dst=720896 reason=candidate update pendingDestinations=12
[NWK 66051] Added route candidate dst=720897 nextHop=2 hops=32 cost=2 linkCost=1 advCost=1 learnedFrom=2 selectionDeferred=0 selected=1
[NWK 66051] Updated selected-route preference dst=720897 preferredNextHop=2
[NWK 66051] Selected route changed dst=720897 reason=candidate update pendingDestinations=13
[NWK 66051] Added route candidate dst=720898 nextHop=2 hops=32 cost=2 linkCost=1 advCost=1 learnedFrom=2 selectionDeferred=0 selected=1
[NWK 66051] Updated selected-route preference dst=720898 preferredNextHop=2
[NWK 66051] Selected route changed dst=720898 reason=candidate update pendingDestinations=14
[NWK 66051] Added route candidate dst=720899 nextHop=2 hops=32 cost=2 linkCost=1 advCost=1 learnedFrom=2 selectionDeferred=0 selected=1
[NWK 66051] Updated selected-route preference dst=720899 preferredNextHop=2
[NWK 66051] Selected route changed dst=720899 reason=candidate update pendingDestinations=15
[NWK 66051] Added route candidate dst=720900 nextHop=2 hops=32 cost=2 linkCost=1 advCost=1 learnedFrom=2 selectionDeferred=0 selected=1
[NWK 66051] Updated selected-route preference dst=720900 preferredNextHop=2
[NWK 66051] Selected route changed dst=720900 reason=candidate update pendingDestinations=16
[NWK 66051] Added route candidate dst=720901 nextHop=2 hops=32 cost=2 linkCost=1 advCost=1 learnedFrom=2 selectionDeferred=0 selected=1
[NWK 66051] Updated selected-route preference dst=720901 preferredNextHop=2
[NWK 66051] Selected route changed dst=720901 reason=candidate update pendingDestinations=17
[NWK 66051] Added route candidate dst=720902 nextHop=2 hops=32 cost=2 linkCost=1 advCost=1 learnedFrom=2 selectionDeferred=0 selected=1
[NWK 66051] Updated selected-route preference dst=720902 preferredNextHop=2
[NWK 66051] Selected route changed dst=720902 reason=candidate update pendingDestinations=18
[NWK 66051] routesProcess grouped selected-route changes count=18 infoChanged=0 time=0
[NWK 66051] Best route dst=720902 nextHop=2 cost=2 hops=32 learnedFrom=2 candidates=1 validCandidates=1
[NWK 66051] Best route dst=720901 nextHop=2 cost=2 hops=32 learnedFrom=2 candidates=1 validCandidates=1
[NWK 66051] Best route dst=720900 nextHop=2 cost=2 hops=32 learnedFrom=2 candidates=1 validCandidates=1
[NWK 66051] Best route dst=720899 nextHop=2 cost=2 hops=32 learnedFrom=2 candidates=1 validCandidates=1
[NWK 66051] Best route dst=720898 nextHop=2 cost=2 hops=32 learnedFrom=2 candidates=1 validCandidates=1
[NWK 66051] Best route dst=720897 nextHop=2 cost=2 hops=32 learnedFrom=2 candidates=1 validCandidates=1
[NWK 66051] Best route dst=720896 nextHop=2 cost=2 hops=32 learnedFrom=2 candidates=1 validCandidates=1
[NWK 66051] Best route dst=12 nextHop=12 cost=29 hops=1 learnedFrom=12 candidates=1 validCandidates=1
[NWK 66051] Best route dst=11 nextHop=11 cost=29 hops=1 learnedFrom=11 candidates=1 validCandidates=1
[NWK 66051] Best route dst=10 nextHop=10 cost=29 hops=1 learnedFrom=10 candidates=1 validCandidates=1
[NWK 66051] Best route dst=9 nextHop=9 cost=29 hops=1 learnedFrom=9 candidates=1 validCandidates=1
[NWK 66051] Best route dst=8 nextHop=8 cost=29 hops=1 learnedFrom=8 candidates=1 validCandidates=1
[NWK 66051] Best route dst=7 nextHop=7 cost=29 hops=1 learnedFrom=7 candidates=1 validCandidates=1
[NWK 66051] Best route dst=6 nextHop=6 cost=29 hops=1 learnedFrom=6 candidates=1 validCandidates=1
[NWK 66051] Best route dst=5 nextHop=5 cost=29 hops=1 learnedFrom=5 candidates=1 validCandidates=1
[NWK 66051] Best route dst=4 nextHop=4 cost=29 hops=1 learnedFrom=4 candidates=1 validCandidates=1
[NWK 66051] Best route dst=3 nextHop=3 cost=29 hops=1 learnedFrom=3 candidates=1 validCandidates=1
[NWK 66051] Best route dst=2 nextHop=2 cost=29 hops=1 learnedFrom=2 candidates=1 validCandidates=1
[NWK 66051] Automatic route propagation disabled; reporting only
[NWK 66051] automatic_route_propagation=enabled
[NWK 66051] Updated route candidate dst=720896 nextHop=2 hops=32 oldCost=2 newCost=100 valid=1->1 selectionDeferred=0 selected=1
[NWK 66051] Updated selected-route preference dst=720896 preferredNextHop=2
[NWK 66051] Selected route changed dst=720896 reason=candidate update pendingDestinations=1
[NWK 66051] Updated route candidate dst=720897 nextHop=2 hops=32 oldCost=2 newCost=101 valid=1->1 selectionDeferred=0 selected=1
[NWK 66051] Updated selected-route preference dst=720897 preferredNextHop=2
[NWK 66051] Selected route changed dst=720897 reason=candidate update pendingDestinations=2
[NWK 66051] Updated route candidate dst=720898 nextHop=2 hops=32 oldCost=2 newCost=102 valid=1->1 selectionDeferred=0 selected=1
[NWK 66051] Updated selected-route preference dst=720898 preferredNextHop=2
[NWK 66051] Selected route changed dst=720898 reason=candidate update pendingDestinations=3
[NWK 66051] Updated route candidate dst=720899 nextHop=2 hops=32 oldCost=2 newCost=103 valid=1->1 selectionDeferred=0 selected=1
[NWK 66051] Updated selected-route preference dst=720899 preferredNextHop=2
[NWK 66051] Selected route changed dst=720899 reason=candidate update pendingDestinations=4
[NWK 66051] Updated route candidate dst=720900 nextHop=2 hops=32 oldCost=2 newCost=104 valid=1->1 selectionDeferred=0 selected=1
[NWK 66051] Updated selected-route preference dst=720900 preferredNextHop=2
[NWK 66051] Selected route changed dst=720900 reason=candidate update pendingDestinations=5
[NWK 66051] Updated route candidate dst=720901 nextHop=2 hops=32 oldCost=2 newCost=105 valid=1->1 selectionDeferred=0 selected=1
[NWK 66051] Updated selected-route preference dst=720901 preferredNextHop=2
[NWK 66051] Selected route changed dst=720901 reason=candidate update pendingDestinations=6
[NWK 66051] Updated route candidate dst=720902 nextHop=2 hops=32 oldCost=2 newCost=106 valid=1->1 selectionDeferred=0 selected=1
[NWK 66051] Updated selected-route preference dst=720902 preferredNextHop=2
[NWK 66051] Selected route changed dst=720902 reason=candidate update pendingDestinations=7
[NWK 66051] Cleared selected-route preference dst=66051 reason=no-valid-route
[NWK 66051] Selected route changed dst=66051 reason=local capability changed pendingDestinations=8
[NWK 66051] nodeType=Routable
[NWK 66051] routesProcess grouped selected-route changes count=8 infoChanged=0 time=0
[NWK 66051] Best route dst=720902 nextHop=2 cost=106 hops=32 learnedFrom=2 candidates=1 validCandidates=1
[NWK 66051] Best route dst=720901 nextHop=2 cost=105 hops=32 learnedFrom=2 candidates=1 validCandidates=1
[NWK 66051] Best route dst=720900 nextHop=2 cost=104 hops=32 learnedFrom=2 candidates=1 validCandidates=1
[NWK 66051] Best route dst=720899 nextHop=2 cost=103 hops=32 learnedFrom=2 candidates=1 validCandidates=1
[NWK 66051] Best route dst=720898 nextHop=2 cost=102 hops=32 learnedFrom=2 candidates=1 validCandidates=1
[NWK 66051] Best route dst=720897 nextHop=2 cost=101 hops=32 learnedFrom=2 candidates=1 validCandidates=1
[NWK 66051] Best route dst=720896 nextHop=2 cost=100 hops=32 learnedFrom=2 candidates=1 validCandidates=1
[NWK 66051] Source-owned self route dst=66051 nextHop=66051 cost=0 hops=0 capability=1 advertised=1
[NWK 66051] Sending source-exact grouped route changes routingSequence=0 infoChanged=0 destinations=8 neighbors=11 groups=2 sections=2
[NWK 66051] Retained grouped routing-control owner routingSequence=0 operation=Update section=1/2 destinations=1 owners=1
[HOP 66051] link_control dest=2 neighborKnown=0 speed=8 txPower=30 rxPower=-105
[HOP 66051] TX reliable RoutingControl targets=2:1
[MAC] Enqueue TX pkt dscp=7 insert_pos=0 queue_size_before=0
[NWK 66051] Retained grouped routing-control owner routingSequence=0 operation=Update section=0/2 destinations=1 owners=2
[HOP 66051] link_control dest=2 neighborKnown=0 speed=8 txPower=30 rxPower=-105
[HOP 66051] TX reliable RoutingControl targets=2:2
[MAC] Enqueue TX pkt dscp=7 insert_pos=1 queue_size_before=1
[NWK 66051] Retained grouped routing-control owner routingSequence=0 operation=Update section=1/2 destinations=10 owners=3
[HOP 66051] link_control dest=12 neighborKnown=0 speed=8 txPower=30 rxPower=-105
[HOP 66051] link_control dest=11 neighborKnown=0 speed=8 txPower=30 rxPower=-105
[HOP 66051] link_control dest=10 neighborKnown=0 speed=8 txPower=30 rxPower=-105
[HOP 66051] link_control dest=9 neighborKnown=0 speed=8 txPower=30 rxPower=-105
[HOP 66051] link_control dest=8 neighborKnown=0 speed=8 txPower=30 rxPower=-105
[HOP 66051] link_control dest=7 neighborKnown=0 speed=8 txPower=30 rxPower=-105
[HOP 66051] link_control dest=6 neighborKnown=0 speed=8 txPower=30 rxPower=-105
[HOP 66051] link_control dest=5 neighborKnown=0 speed=8 txPower=30 rxPower=-105
[HOP 66051] link_control dest=4 neighborKnown=0 speed=8 txPower=30 rxPower=-105
[HOP 66051] link_control dest=3 neighborKnown=0 speed=8 txPower=30 rxPower=-105
[HOP 66051] TX reliable RoutingControl targets=12:1,11:1,10:1,9:1,8:1,7:1,6:1,5:1,4:1,3:1
[MAC] Enqueue TX pkt dscp=7 insert_pos=2 queue_size_before=2
[NWK 66051] Retained grouped routing-control owner routingSequence=0 operation=Update section=0/2 destinations=10 owners=4
[HOP 66051] link_control dest=12 neighborKnown=0 speed=8 txPower=30 rxPower=-105
[HOP 66051] link_control dest=11 neighborKnown=0 speed=8 txPower=30 rxPower=-105
[HOP 66051] link_control dest=10 neighborKnown=0 speed=8 txPower=30 rxPower=-105
[HOP 66051] link_control dest=9 neighborKnown=0 speed=8 txPower=30 rxPower=-105
[HOP 66051] link_control dest=8 neighborKnown=0 speed=8 txPower=30 rxPower=-105
[HOP 66051] link_control dest=7 neighborKnown=0 speed=8 txPower=30 rxPower=-105
[HOP 66051] link_control dest=6 neighborKnown=0 speed=8 txPower=30 rxPower=-105
[HOP 66051] link_control dest=5 neighborKnown=0 speed=8 txPower=30 rxPower=-105
[HOP 66051] link_control dest=4 neighborKnown=0 speed=8 txPower=30 rxPower=-105
[HOP 66051] link_control dest=3 neighborKnown=0 speed=8 txPower=30 rxPower=-105
[HOP 66051] TX reliable RoutingControl targets=12:2,11:2,10:2,9:2,8:2,7:2,6:2,5:2,4:2,3:2
[MAC] Enqueue TX pkt dscp=7 insert_pos=3 queue_size_before=3
[NWK 66051] nodeType=Ordinary
[NWK 66051] ARL neighbor admission=disabled
[NWK 66051] automatic_route_propagation=disabled
[NWK 66051] automatic_route_propagation=disabled
[NWK 66051] automatic_route_propagation=enabled
[NWK 66051] Added route candidate dst=658177 nextHop=2 hops=2 cost=2 linkCost=1 advCost=1 learnedFrom=2 selectionDeferred=0 selected=1
[NWK 66051] Updated selected-route preference dst=658177 preferredNextHop=2
[NWK 66051] Selected route changed dst=658177 reason=candidate update pendingDestinations=1
[NWK 66051] routesProcess grouped selected-route changes count=1 infoChanged=0 time=0
[NWK 66051] Best route dst=658177 nextHop=2 cost=2 hops=2 learnedFrom=2 candidates=1 validCandidates=1
[NWK 66051] Consumed grouped route changes without recipients destinations=1 infoChanged=0
[NWK 66051] automatic_route_propagation=disabled
[MAC 66051] active_nodes set to 2 for local slotting and post-TX wait
[NWK 66051] active_nodes=2 pushed to MAC
[MAC 66051] max_reported_active_nodes updated to 1
[NWK 66051] New HELLO neighbor=2 hopSrc=2 speedKey=8 activeNodes=1 pathloss=70 snr=20
[NWK 66051] link_calc neighbor=2 s0=-105 pathloss=70 numFailures=0 speed=128 txPower=0 estDistance=75 speedMargin=53 totalMargin=65 costMode=local-only cost=29
[NWK 66051] Added route candidate dst=2 nextHop=2 hops=1 cost=29 linkCost=29 advCost=0 learnedFrom=2 selectionDeferred=0 selected=1
[NWK 66051] Updated selected-route preference dst=2 preferredNextHop=2
[NWK 66051] Selected route changed dst=2 reason=candidate update pendingDestinations=1
[NWK 66051] ARL route message from 2 type=None advCount=0
[NWK 66051] Routes: dst=658177->nh=2(hops=2,cost=2,linkCost=1,advCost=1,from=2,imm=0,pl=70,valid=1,path=[2->658177]) dst=2->nh=2(hops=1,cost=29,linkCost=29,advCost=0,from=2,imm=1,pl=70,valid=1,path=[2])
[NWK 66051] routesProcess grouped selected-route changes count=1 infoChanged=0 time=0
[NWK 66051] Best route dst=2 nextHop=2 cost=29 hops=1 learnedFrom=2 candidates=1 validCandidates=1
[NWK 66051] Automatic route propagation disabled; reporting only
[NWK 66051] automatic_route_propagation=enabled
[NWK 66051] Cleared selected-route preference dst=66051 reason=no-valid-route
[NWK 66051] Selected route changed dst=66051 reason=local capability changed pendingDestinations=1
[NWK 66051] nodeType=Routable
[NWK 66051] routesProcess grouped selected-route changes count=1 infoChanged=0 time=0
[NWK 66051] Source-owned self route dst=66051 nextHop=66051 cost=0 hops=0 capability=1 advertised=1
[NWK 66051] Sending source-exact grouped route changes routingSequence=0 infoChanged=0 destinations=1 neighbors=1 groups=1 sections=1
[NWK 66051] Retained grouped routing-control owner routingSequence=0 operation=Update section=0/1 destinations=1 owners=1
[HOP 66051] link_control dest=2 neighborKnown=0 speed=8 txPower=30 rxPower=-105
[HOP 66051] TX reliable RoutingControl targets=2:1
[MAC] Enqueue TX pkt dscp=7 insert_pos=0 queue_size_before=0
[NWK 66051] nodeType=Ordinary
[NWK 66051] ARL neighbor admission=disabled
[NWK 66051] Authenticated Discover awaits group key neighbor=9 newNeighbor=1
[NWK 66051] Authenticated Discover awaits group key neighbor=3 newNeighbor=1
[NWK 66051] Authenticated Discover awaits group key neighbor=12 newNeighbor=1
[NWK 66051] Authenticated Discover awaits group key neighbor=5 newNeighbor=1
[NWK 66051] Authenticated Discover awaits group key neighbor=7 newNeighbor=1
[NWK 66051] Authenticated Discover awaits group key neighbor=2 newNeighbor=1
[NWK 66051] Authenticated Discover awaits group key neighbor=10 newNeighbor=1
[NWK 66051] Authenticated Discover awaits group key neighbor=4 newNeighbor=1
[NWK 66051] Authenticated Discover awaits group key neighbor=11 newNeighbor=1
[NWK 66051] Authenticated Discover awaits group key neighbor=6 newNeighbor=1
[NWK 66051] Authenticated Discover awaits group key neighbor=8 newNeighbor=1
[NWK 66051] Updated HELLO neighbor=2 hopSrc=2 speedKey=8 activeNodes=1 pathloss=70 snr=20
[NWK 66051] link_calc neighbor=2 s0=-105 pathloss=70 numFailures=0 speed=128 txPower=0 estDistance=75 speedMargin=53 totalMargin=65 costMode=local-only cost=29
[NWK 66051] Added route candidate dst=2 nextHop=2 hops=1 cost=29 linkCost=29 advCost=0 learnedFrom=2 selectionDeferred=0 selected=1
[NWK 66051] Updated selected-route preference dst=2 preferredNextHop=2
[NWK 66051] Selected route changed dst=2 reason=candidate update pendingDestinations=1
[NWK 66051] ARL route message from 2 type=None advCount=0
[NWK 66051] Routes: dst=2->nh=2(hops=1,cost=29,linkCost=29,advCost=0,from=2,imm=1,pl=70,valid=1,path=[2])
[NWK 66051] Updated HELLO neighbor=3 hopSrc=3 speedKey=8 activeNodes=1 pathloss=70 snr=20
[NWK 66051] link_calc neighbor=3 s0=-105 pathloss=70 numFailures=0 speed=128 txPower=0 estDistance=75 speedMargin=53 totalMargin=65 costMode=local-only cost=29
[NWK 66051] Added route candidate dst=3 nextHop=3 hops=1 cost=29 linkCost=29 advCost=0 learnedFrom=3 selectionDeferred=0 selected=1
[NWK 66051] Updated selected-route preference dst=3 preferredNextHop=3
[NWK 66051] Selected route changed dst=3 reason=candidate update pendingDestinations=2
[NWK 66051] ARL route message from 3 type=None advCount=0
[NWK 66051] Routes: dst=2->nh=2(hops=1,cost=29,linkCost=29,advCost=0,from=2,imm=1,pl=70,valid=1,path=[2]) dst=3->nh=3(hops=1,cost=29,linkCost=29,advCost=0,from=3,imm=1,pl=70,valid=1,path=[3])
[NWK 66051] Updated HELLO neighbor=4 hopSrc=4 speedKey=8 activeNodes=1 pathloss=70 snr=20
[NWK 66051] link_calc neighbor=4 s0=-105 pathloss=70 numFailures=0 speed=128 txPower=0 estDistance=75 speedMargin=53 totalMargin=65 costMode=local-only cost=29
[NWK 66051] Added route candidate dst=4 nextHop=4 hops=1 cost=29 linkCost=29 advCost=0 learnedFrom=4 selectionDeferred=0 selected=1
[NWK 66051] Updated selected-route preference dst=4 preferredNextHop=4
[NWK 66051] Selected route changed dst=4 reason=candidate update pendingDestinations=3
[NWK 66051] ARL route message from 4 type=None advCount=0
[NWK 66051] Routes: dst=2->nh=2(hops=1,cost=29,linkCost=29,advCost=0,from=2,imm=1,pl=70,valid=1,path=[2]) dst=3->nh=3(hops=1,cost=29,linkCost=29,advCost=0,from=3,imm=1,pl=70,valid=1,path=[3]) dst=4->nh=4(hops=1,cost=29,linkCost=29,advCost=0,from=4,imm=1,pl=70,valid=1,path=[4])
[NWK 66051] Updated HELLO neighbor=5 hopSrc=5 speedKey=8 activeNodes=1 pathloss=70 snr=20
[NWK 66051] link_calc neighbor=5 s0=-105 pathloss=70 numFailures=0 speed=128 txPower=0 estDistance=75 speedMargin=53 totalMargin=65 costMode=local-only cost=29
[NWK 66051] Added route candidate dst=5 nextHop=5 hops=1 cost=29 linkCost=29 advCost=0 learnedFrom=5 selectionDeferred=0 selected=1
[NWK 66051] Updated selected-route preference dst=5 preferredNextHop=5
[NWK 66051] Selected route changed dst=5 reason=candidate update pendingDestinations=4
[NWK 66051] ARL route message from 5 type=None advCount=0
[NWK 66051] Routes: dst=2->nh=2(hops=1,cost=29,linkCost=29,advCost=0,from=2,imm=1,pl=70,valid=1,path=[2]) dst=3->nh=3(hops=1,cost=29,linkCost=29,advCost=0,from=3,imm=1,pl=70,valid=1,path=[3]) dst=4->nh=4(hops=1,cost=29,linkCost=29,advCost=0,from=4,imm=1,pl=70,valid=1,path=[4]) dst=5->nh=5(hops=1,cost=29,linkCost=29,advCost=0,from=5,imm=1,pl=70,valid=1,path=[5])
[NWK 66051] Updated HELLO neighbor=6 hopSrc=6 speedKey=8 activeNodes=1 pathloss=70 snr=20
[NWK 66051] link_calc neighbor=6 s0=-105 pathloss=70 numFailures=0 speed=128 txPower=0 estDistance=75 speedMargin=53 totalMargin=65 costMode=local-only cost=29
[NWK 66051] Added route candidate dst=6 nextHop=6 hops=1 cost=29 linkCost=29 advCost=0 learnedFrom=6 selectionDeferred=0 selected=1
[NWK 66051] Updated selected-route preference dst=6 preferredNextHop=6
[NWK 66051] Selected route changed dst=6 reason=candidate update pendingDestinations=5
[NWK 66051] ARL route message from 6 type=None advCount=0
[NWK 66051] Routes: dst=2->nh=2(hops=1,cost=29,linkCost=29,advCost=0,from=2,imm=1,pl=70,valid=1,path=[2]) dst=3->nh=3(hops=1,cost=29,linkCost=29,advCost=0,from=3,imm=1,pl=70,valid=1,path=[3]) dst=4->nh=4(hops=1,cost=29,linkCost=29,advCost=0,from=4,imm=1,pl=70,valid=1,path=[4]) dst=5->nh=5(hops=1,cost=29,linkCost=29,advCost=0,from=5,imm=1,pl=70,valid=1,path=[5]) dst=6->nh=6(hops=1,cost=29,linkCost=29,advCost=0,from=6,imm=1,pl=70,valid=1,path=[6])
[NWK 66051] Updated HELLO neighbor=7 hopSrc=7 speedKey=8 activeNodes=1 pathloss=70 snr=20
[NWK 66051] link_calc neighbor=7 s0=-105 pathloss=70 numFailures=0 speed=128 txPower=0 estDistance=75 speedMargin=53 totalMargin=65 costMode=local-only cost=29
[NWK 66051] Added route candidate dst=7 nextHop=7 hops=1 cost=29 linkCost=29 advCost=0 learnedFrom=7 selectionDeferred=0 selected=1
[NWK 66051] Updated selected-route preference dst=7 preferredNextHop=7
[NWK 66051] Selected route changed dst=7 reason=candidate update pendingDestinations=6
[NWK 66051] ARL route message from 7 type=None advCount=0
[NWK 66051] Routes: dst=2->nh=2(hops=1,cost=29,linkCost=29,advCost=0,from=2,imm=1,pl=70,valid=1,path=[2]) dst=3->nh=3(hops=1,cost=29,linkCost=29,advCost=0,from=3,imm=1,pl=70,valid=1,path=[3]) dst=4->nh=4(hops=1,cost=29,linkCost=29,advCost=0,from=4,imm=1,pl=70,valid=1,path=[4]) dst=5->nh=5(hops=1,cost=29,linkCost=29,advCost=0,from=5,imm=1,pl=70,valid=1,path=[5]) dst=6->nh=6(hops=1,cost=29,linkCost=29,advCost=0,from=6,imm=1,pl=70,valid=1,path=[6]) dst=7->nh=7(hops=1,cost=29,linkCost=29,advCost=0,from=7,imm=1,pl=70,valid=1,path=[7])
[NWK 66051] Updated HELLO neighbor=8 hopSrc=8 speedKey=8 activeNodes=1 pathloss=70 snr=20
[NWK 66051] link_calc neighbor=8 s0=-105 pathloss=70 numFailures=0 speed=128 txPower=0 estDistance=75 speedMargin=53 totalMargin=65 costMode=local-only cost=29
[NWK 66051] Added route candidate dst=8 nextHop=8 hops=1 cost=29 linkCost=29 advCost=0 learnedFrom=8 selectionDeferred=0 selected=1
[NWK 66051] Updated selected-route preference dst=8 preferredNextHop=8
[NWK 66051] Selected route changed dst=8 reason=candidate update pendingDestinations=7
[NWK 66051] ARL route message from 8 type=None advCount=0
[NWK 66051] Routes: dst=2->nh=2(hops=1,cost=29,linkCost=29,advCost=0,from=2,imm=1,pl=70,valid=1,path=[2]) dst=3->nh=3(hops=1,cost=29,linkCost=29,advCost=0,from=3,imm=1,pl=70,valid=1,path=[3]) dst=4->nh=4(hops=1,cost=29,linkCost=29,advCost=0,from=4,imm=1,pl=70,valid=1,path=[4]) dst=5->nh=5(hops=1,cost=29,linkCost=29,advCost=0,from=5,imm=1,pl=70,valid=1,path=[5]) dst=6->nh=6(hops=1,cost=29,linkCost=29,advCost=0,from=6,imm=1,pl=70,valid=1,path=[6]) dst=7->nh=7(hops=1,cost=29,linkCost=29,advCost=0,from=7,imm=1,pl=70,valid=1,path=[7]) dst=8->nh=8(hops=1,cost=29,linkCost=29,advCost=0,from=8,imm=1,pl=70,valid=1,path=[8])
[NWK 66051] Updated HELLO neighbor=9 hopSrc=9 speedKey=8 activeNodes=1 pathloss=70 snr=20
[NWK 66051] link_calc neighbor=9 s0=-105 pathloss=70 numFailures=0 speed=128 txPower=0 estDistance=75 speedMargin=53 totalMargin=65 costMode=local-only cost=29
[NWK 66051] Added route candidate dst=9 nextHop=9 hops=1 cost=29 linkCost=29 advCost=0 learnedFrom=9 selectionDeferred=0 selected=1
[NWK 66051] Updated selected-route preference dst=9 preferredNextHop=9
[NWK 66051] Selected route changed dst=9 reason=candidate update pendingDestinations=8
[NWK 66051] ARL route message from 9 type=None advCount=0
[NWK 66051] Routes: dst=2->nh=2(hops=1,cost=29,linkCost=29,advCost=0,from=2,imm=1,pl=70,valid=1,path=[2]) dst=3->nh=3(hops=1,cost=29,linkCost=29,advCost=0,from=3,imm=1,pl=70,valid=1,path=[3]) dst=4->nh=4(hops=1,cost=29,linkCost=29,advCost=0,from=4,imm=1,pl=70,valid=1,path=[4]) dst=5->nh=5(hops=1,cost=29,linkCost=29,advCost=0,from=5,imm=1,pl=70,valid=1,path=[5]) dst=6->nh=6(hops=1,cost=29,linkCost=29,advCost=0,from=6,imm=1,pl=70,valid=1,path=[6]) dst=7->nh=7(hops=1,cost=29,linkCost=29,advCost=0,from=7,imm=1,pl=70,valid=1,path=[7]) dst=8->nh=8(hops=1,cost=29,linkCost=29,advCost=0,from=8,imm=1,pl=70,valid=1,path=[8]) dst=9->nh=9(hops=1,cost=29,linkCost=29,advCost=0,from=9,imm=1,pl=70,valid=1,path=[9])
[NWK 66051] Updated HELLO neighbor=10 hopSrc=10 speedKey=8 activeNodes=1 pathloss=70 snr=20
[NWK 66051] link_calc neighbor=10 s0=-105 pathloss=70 numFailures=0 speed=128 txPower=0 estDistance=75 speedMargin=53 totalMargin=65 costMode=local-only cost=29
[NWK 66051] Added route candidate dst=10 nextHop=10 hops=1 cost=29 linkCost=29 advCost=0 learnedFrom=10 selectionDeferred=0 selected=1
[NWK 66051] Updated selected-route preference dst=10 preferredNextHop=10
[NWK 66051] Selected route changed dst=10 reason=candidate update pendingDestinations=9
[NWK 66051] ARL route message from 10 type=None advCount=0
[NWK 66051] Routes: dst=2->nh=2(hops=1,cost=29,linkCost=29,advCost=0,from=2,imm=1,pl=70,valid=1,path=[2]) dst=3->nh=3(hops=1,cost=29,linkCost=29,advCost=0,from=3,imm=1,pl=70,valid=1,path=[3]) dst=4->nh=4(hops=1,cost=29,linkCost=29,advCost=0,from=4,imm=1,pl=70,valid=1,path=[4]) dst=5->nh=5(hops=1,cost=29,linkCost=29,advCost=0,from=5,imm=1,pl=70,valid=1,path=[5]) dst=6->nh=6(hops=1,cost=29,linkCost=29,advCost=0,from=6,imm=1,pl=70,valid=1,path=[6]) dst=7->nh=7(hops=1,cost=29,linkCost=29,advCost=0,from=7,imm=1,pl=70,valid=1,path=[7]) dst=8->nh=8(hops=1,cost=29,linkCost=29,advCost=0,from=8,imm=1,pl=70,valid=1,path=[8]) dst=9->nh=9(hops=1,cost=29,linkCost=29,advCost=0,from=9,imm=1,pl=70,valid=1,path=[9]) dst=10->nh=10(hops=1,cost=29,linkCost=29,advCost=0,from=10,imm=1,pl=70,valid=1,path=[10])
[NWK 66051] Updated HELLO neighbor=11 hopSrc=11 speedKey=8 activeNodes=1 pathloss=70 snr=20
[NWK 66051] link_calc neighbor=11 s0=-105 pathloss=70 numFailures=0 speed=128 txPower=0 estDistance=75 speedMargin=53 totalMargin=65 costMode=local-only cost=29
[NWK 66051] Added route candidate dst=11 nextHop=11 hops=1 cost=29 linkCost=29 advCost=0 learnedFrom=11 selectionDeferred=0 selected=1
[NWK 66051] Updated selected-route preference dst=11 preferredNextHop=11
[NWK 66051] Selected route changed dst=11 reason=candidate update pendingDestinations=10
[NWK 66051] ARL route message from 11 type=None advCount=0
[NWK 66051] Routes: dst=2->nh=2(hops=1,cost=29,linkCost=29,advCost=0,from=2,imm=1,pl=70,valid=1,path=[2]) dst=3->nh=3(hops=1,cost=29,linkCost=29,advCost=0,from=3,imm=1,pl=70,valid=1,path=[3]) dst=4->nh=4(hops=1,cost=29,linkCost=29,advCost=0,from=4,imm=1,pl=70,valid=1,path=[4]) dst=5->nh=5(hops=1,cost=29,linkCost=29,advCost=0,from=5,imm=1,pl=70,valid=1,path=[5]) dst=6->nh=6(hops=1,cost=29,linkCost=29,advCost=0,from=6,imm=1,pl=70,valid=1,path=[6]) dst=7->nh=7(hops=1,cost=29,linkCost=29,advCost=0,from=7,imm=1,pl=70,valid=1,path=[7]) dst=8->nh=8(hops=1,cost=29,linkCost=29,advCost=0,from=8,imm=1,pl=70,valid=1,path=[8]) dst=9->nh=9(hops=1,cost=29,linkCost=29,advCost=0,from=9,imm=1,pl=70,valid=1,path=[9]) dst=10->nh=10(hops=1,cost=29,linkCost=29,advCost=0,from=10,imm=1,pl=70,valid=1,path=[10]) dst=11->nh=11(hops=1,cost=29,linkCost=29,advCost=0,from=11,imm=1,pl=70,valid=1,path=[11])
[NWK 66051] Updated HELLO neighbor=12 hopSrc=12 speedKey=8 activeNodes=1 pathloss=70 snr=20
[NWK 66051] link_calc neighbor=12 s0=-105 pathloss=70 numFailures=0 speed=128 txPower=0 estDistance=75 speedMargin=53 totalMargin=65 costMode=local-only cost=29
[NWK 66051] Added route candidate dst=12 nextHop=12 hops=1 cost=29 linkCost=29 advCost=0 learnedFrom=12 selectionDeferred=0 selected=1
[NWK 66051] Updated selected-route preference dst=12 preferredNextHop=12
[NWK 66051] Selected route changed dst=12 reason=candidate update pendingDestinations=11
[NWK 66051] ARL route message from 12 type=None advCount=0
[NWK 66051] Routes: dst=2->nh=2(hops=1,cost=29,linkCost=29,advCost=0,from=2,imm=1,pl=70,valid=1,path=[2]) dst=3->nh=3(hops=1,cost=29,linkCost=29,advCost=0,from=3,imm=1,pl=70,valid=1,path=[3]) dst=4->nh=4(hops=1,cost=29,linkCost=29,advCost=0,from=4,imm=1,pl=70,valid=1,path=[4]) dst=5->nh=5(hops=1,cost=29,linkCost=29,advCost=0,from=5,imm=1,pl=70,valid=1,path=[5]) dst=6->nh=6(hops=1,cost=29,linkCost=29,advCost=0,from=6,imm=1,pl=70,valid=1,path=[6]) dst=7->nh=7(hops=1,cost=29,linkCost=29,advCost=0,from=7,imm=1,pl=70,valid=1,path=[7]) dst=8->nh=8(hops=1,cost=29,linkCost=29,advCost=0,from=8,imm=1,pl=70,valid=1,path=[8]) dst=9->nh=9(hops=1,cost=29,linkCost=29,advCost=0,from=9,imm=1,pl=70,valid=1,path=[9]) dst=10->nh=10(hops=1,cost=29,linkCost=29,advCost=0,from=10,imm=1,pl=70,valid=1,path=[10]) dst=11->nh=11(hops=1,cost=29,linkCost=29,advCost=0,from=11,imm=1,pl=70,valid=1,path=[11]) dst=12->nh=12(hops=1,cost=29,linkCost=29,advCost=0,from=12,imm=1,pl=70,valid=1,path=[12])
[NWK 66051] routesProcess grouped selected-route changes count=11 infoChanged=0 time=0
[NWK 66051] Best route dst=12 nextHop=12 cost=29 hops=1 learnedFrom=12 candidates=1 validCandidates=1
[NWK 66051] Best route dst=11 nextHop=11 cost=29 hops=1 learnedFrom=11 candidates=1 validCandidates=1
[NWK 66051] Best route dst=10 nextHop=10 cost=29 hops=1 learnedFrom=10 candidates=1 validCandidates=1
[NWK 66051] Best route dst=9 nextHop=9 cost=29 hops=1 learnedFrom=9 candidates=1 validCandidates=1
[NWK 66051] Best route dst=8 nextHop=8 cost=29 hops=1 learnedFrom=8 candidates=1 validCandidates=1
[NWK 66051] Best route dst=7 nextHop=7 cost=29 hops=1 learnedFrom=7 candidates=1 validCandidates=1
[NWK 66051] Best route dst=6 nextHop=6 cost=29 hops=1 learnedFrom=6 candidates=1 validCandidates=1
[NWK 66051] Best route dst=5 nextHop=5 cost=29 hops=1 learnedFrom=5 candidates=1 validCandidates=1
[NWK 66051] Best route dst=4 nextHop=4 cost=29 hops=1 learnedFrom=4 candidates=1 validCandidates=1
[NWK 66051] Best route dst=3 nextHop=3 cost=29 hops=1 learnedFrom=3 candidates=1 validCandidates=1
[NWK 66051] Best route dst=2 nextHop=2 cost=29 hops=1 learnedFrom=2 candidates=1 validCandidates=1
[NWK 66051] Consumed grouped route changes without recipients destinations=11 infoChanged=0
[NWK 66051] automatic_route_propagation=enabled
[NWK 66051] Cleared selected-route preference dst=66051 reason=no-valid-route
[NWK 66051] Selected route changed dst=66051 reason=local capability changed pendingDestinations=1
[NWK 66051] nodeType=Routable
[NWK 66051] routesProcess grouped selected-route changes count=1 infoChanged=0 time=0
[NWK 66051] Source-owned self route dst=66051 nextHop=66051 cost=0 hops=0 capability=1 advertised=1
[NWK 66051] Sending source-exact grouped route changes routingSequence=0 infoChanged=0 destinations=1 neighbors=11 groups=2 sections=1
[NWK 66051] Retained grouped routing-control owner routingSequence=0 operation=Update section=0/1 destinations=1 owners=1
[HOP 66051] link_control dest=9 neighborKnown=0 speed=8 txPower=30 rxPower=-105
[HOP 66051] TX reliable RoutingControl targets=9:1
[MAC] Enqueue TX pkt dscp=7 insert_pos=0 queue_size_before=0
[NWK 66051] Retained grouped routing-control owner routingSequence=0 operation=Update section=0/1 destinations=10 owners=2
[HOP 66051] link_control dest=8 neighborKnown=0 speed=8 txPower=30 rxPower=-105
[HOP 66051] link_control dest=6 neighborKnown=0 speed=8 txPower=30 rxPower=-105
[HOP 66051] link_control dest=11 neighborKnown=0 speed=8 txPower=30 rxPower=-105
[HOP 66051] link_control dest=4 neighborKnown=0 speed=8 txPower=30 rxPower=-105
[HOP 66051] link_control dest=10 neighborKnown=0 speed=8 txPower=30 rxPower=-105
[HOP 66051] link_control dest=2 neighborKnown=0 speed=8 txPower=30 rxPower=-105
[HOP 66051] link_control dest=7 neighborKnown=0 speed=8 txPower=30 rxPower=-105
[HOP 66051] link_control dest=5 neighborKnown=0 speed=8 txPower=30 rxPower=-105
[HOP 66051] link_control dest=12 neighborKnown=0 speed=8 txPower=30 rxPower=-105
[HOP 66051] link_control dest=3 neighborKnown=0 speed=8 txPower=30 rxPower=-105
[HOP 66051] TX reliable RoutingControl targets=8:1,6:1,11:1,4:1,10:1,2:1,7:1,5:1,12:1,3:1
[MAC] Enqueue TX pkt dscp=7 insert_pos=1 queue_size_before=1
[NWK 66051] nodeType=Ordinary
[NWK 66051] ARL neighbor admission=disabled
[NWK 66051] automatic_route_propagation=disabled
[NWK 66051] automatic_route_propagation=disabled
[MAC 66051] active_nodes set to 2 for local slotting and post-TX wait
[NWK 66051] active_nodes=2 pushed to MAC
[MAC 66051] max_reported_active_nodes updated to 1
[NWK 66051] New HELLO neighbor=2 hopSrc=2 speedKey=8 activeNodes=1 pathloss=70 snr=20
[NWK 66051] link_calc neighbor=2 s0=-105 pathloss=70 numFailures=0 speed=128 txPower=0 estDistance=75 speedMargin=53 totalMargin=65 costMode=local-only cost=29
[NWK 66051] Added route candidate dst=2 nextHop=2 hops=1 cost=29 linkCost=29 advCost=0 learnedFrom=2 selectionDeferred=0 selected=1
[NWK 66051] Updated selected-route preference dst=2 preferredNextHop=2
[NWK 66051] Selected route changed dst=2 reason=candidate update pendingDestinations=1
[NWK 66051] ARL route message from 2 type=None advCount=0
[NWK 66051] Routes: dst=2->nh=2(hops=1,cost=29,linkCost=29,advCost=0,from=2,imm=1,pl=70,valid=1,path=[2])
[MAC 66051] active_nodes set to 2 for local slotting and post-TX wait
[NWK 66051] active_nodes=2 pushed to MAC
[NWK 66051] Updated HELLO neighbor=2 hopSrc=2 speedKey=8 activeNodes=1 pathloss=70 snr=20
[NWK 66051] link_calc neighbor=2 s0=-105 pathloss=70 numFailures=0 speed=128 txPower=0 estDistance=75 speedMargin=53 totalMargin=65 costMode=local-only cost=29
[NWK 66051] Updated route candidate dst=2 nextHop=2 hops=1 oldCost=29 newCost=29 valid=1->1 selectionDeferred=0 selected=1
[NWK 66051] ARL route message from 2 type=RoutingUpdate advCount=0
[NWK 66051] Buffered ARL routing section from=2 routingSequence=77 section=0/1 buffered=1
[NWK 66051] Reassembled complete ARL routing message from=2 routingSequence=77 sections=1 recordBytes=4 records=1
[NWK 66051] Applied ARL DELETE from=2 dst=786433 routingSequence=77
[NWK 66051] Routes: dst=2->nh=2(hops=1,cost=29,linkCost=29,advCost=0,from=2,imm=1,pl=70,valid=1,path=[2]) dst=786433->nh=2(hops=0,cost=0,linkCost=0,advCost=0,from=2,imm=0,pl=nan,valid=0,path=[])
[NWK 66051] Added route candidate dst=786434 nextHop=2 hops=2 cost=2 linkCost=1 advCost=1 learnedFrom=2 selectionDeferred=0 selected=1
[NWK 66051] Updated selected-route preference dst=786434 preferredNextHop=2
[NWK 66051] Selected route changed dst=786434 reason=candidate update pendingDestinations=2
[NWK 66051] Updated route candidate dst=786433 nextHop=2 hops=2 oldCost=0 newCost=2 valid=0->1 selectionDeferred=0 selected=1
[NWK 66051] Updated selected-route preference dst=786433 preferredNextHop=2
[NWK 66051] Selected route changed dst=786433 reason=candidate update pendingDestinations=3
[NWK 66051] routesProcess grouped selected-route changes count=3 infoChanged=0 time=0
[NWK 66051] Best route dst=786434 nextHop=2 cost=2 hops=2 learnedFrom=2 candidates=1 validCandidates=1
[NWK 66051] Best route dst=786433 nextHop=2 cost=2 hops=2 learnedFrom=2 candidates=1 validCandidates=1
[NWK 66051] Best route dst=2 nextHop=2 cost=29 hops=1 learnedFrom=2 candidates=1 validCandidates=1
[NWK 66051] Automatic route propagation disabled; reporting only
[NWK 66051] automatic_route_propagation=enabled
[MAC 66051] active_nodes set to 2 for local slotting and post-TX wait
[NWK 66051] active_nodes=2 pushed to MAC
[NWK 66051] Updated HELLO neighbor=2 hopSrc=2 speedKey=8 activeNodes=1 pathloss=70 snr=20
[NWK 66051] link_calc neighbor=2 s0=-105 pathloss=70 numFailures=0 speed=128 txPower=0 estDistance=75 speedMargin=53 totalMargin=65 costMode=local-only cost=29
[NWK 66051] Updated route candidate dst=2 nextHop=2 hops=1 oldCost=29 newCost=29 valid=1->1 selectionDeferred=0 selected=1
[NWK 66051] ARL route message from 2 type=RoutingUpdate advCount=0
[NWK 66051] Buffered ARL routing section from=2 routingSequence=78 section=0/1 buffered=1
[NWK 66051] Reassembled complete ARL routing message from=2 routingSequence=78 sections=1 recordBytes=4 records=1
[NWK 66051] Cleared selected-route preference dst=786433 reason=no-valid-route
[NWK 66051] Selected route changed dst=786433 reason=ARL DELETE pendingDestinations=1
[NWK 66051] Applied ARL DELETE from=2 dst=786433 routingSequence=78
[NWK 66051] Routes: dst=2->nh=2(hops=1,cost=29,linkCost=29,advCost=0,from=2,imm=1,pl=70,valid=1,path=[2]) dst=786433->nh=2(hops=2,cost=2,linkCost=1,advCost=1,from=2,imm=0,pl=70,valid=0,path=[2->786433]) dst=786434->nh=2(hops=2,cost=2,linkCost=1,advCost=1,from=2,imm=0,pl=70,valid=1,path=[2->786434])
[NWK 66051] Updated route candidate dst=786434 nextHop=2 hops=2 oldCost=2 newCost=11 valid=1->1 selectionDeferred=0 selected=1
[NWK 66051] Updated selected-route preference dst=786434 preferredNextHop=2
[NWK 66051] Selected route changed dst=786434 reason=candidate update pendingDestinations=2
[NWK 66051] routesProcess grouped selected-route changes count=2 infoChanged=0 time=0
[NWK 66051] Best route dst=786434 nextHop=2 cost=11 hops=2 learnedFrom=2 candidates=1 validCandidates=1
[NWK 66051] Best route dst=786433 unavailable candidates=1 validCandidates=0
[NWK 66051] Sending source-exact grouped route changes routingSequence=0 infoChanged=0 destinations=2 neighbors=1 groups=1 sections=1
[NWK 66051] Retained grouped routing-control owner routingSequence=0 operation=Update section=0/1 destinations=1 owners=1
[HOP 66051] link_control dest=2 neighborKnown=0 speed=8 txPower=30 rxPower=-105
[HOP 66051] TX reliable RoutingControl targets=2:1
[MAC] Enqueue TX pkt dscp=7 insert_pos=0 queue_size_before=0
PASS: source-exact grouped route propagation test
