[NWK 0] ARL neighbor admission=disabled
[NWK 1] ARL neighbor admission=disabled
[NWK 2] ARL neighbor admission=disabled
[NWK 0] Cleared selected-route preference dst=0 reason=no-valid-route
[NWK 0] Selected route changed dst=0 reason=local capability changed pendingDestinations=1
[NWK 0] nodeType=Gateway
[NWK 1] Cleared selected-route preference dst=1 reason=no-valid-route
[NWK 1] Selected route changed dst=1 reason=local capability changed pendingDestinations=1
[NWK 1] nodeType=Routable
[NWK 2] Cleared selected-route preference dst=2 reason=no-valid-route
[NWK 2] Selected route changed dst=2 reason=local capability changed pendingDestinations=1
[NWK 2] nodeType=Routable
[NWK 0] Added route candidate dst=2 nextHop=1 hops=2 cost=29 linkCost=29 advCost=0 learnedFrom=16777215 selectionDeferred=0 selected=1
[NWK 0] Updated selected-route preference dst=2 preferredNextHop=1
[NWK 0] Selected route changed dst=2 reason=candidate update pendingDestinations=2
[NWK 0] Static route link_calc dst=2 nextHop=1 pathloss=70 speed=128 txPower=0 estDistance=75 speedMargin=53 totalMargin=65 cost=29
[NWK 1] Added route candidate dst=2 nextHop=2 hops=1 cost=29 linkCost=29 advCost=0 learnedFrom=16777215 selectionDeferred=0 selected=1
[NWK 1] Updated selected-route preference dst=2 preferredNextHop=2
[NWK 1] Selected route changed dst=2 reason=candidate update pendingDestinations=2
[NWK 1] Static route link_calc dst=2 nextHop=2 pathloss=70 speed=128 txPower=0 estDistance=75 speedMargin=53 totalMargin=65 cost=29
[NWK 0] routesProcess grouped selected-route changes count=2 infoChanged=0 time=0
[NWK 0] Best route dst=2 nextHop=1 cost=29 hops=2 learnedFrom=16777215 candidates=1 validCandidates=1
[NWK 0] Source-owned self route dst=0 nextHop=0 cost=0 hops=0 capability=2 advertised=1
[NWK 0] Consumed grouped route changes without recipients destinations=2 infoChanged=0
[NWK 1] routesProcess grouped selected-route changes count=2 infoChanged=0 time=0
[NWK 1] Best route dst=2 nextHop=2 cost=29 hops=1 learnedFrom=16777215 candidates=1 validCandidates=1
[NWK 1] Source-owned self route dst=1 nextHop=1 cost=0 hops=0 capability=1 advertised=1
[NWK 1] Consumed grouped route changes without recipients destinations=2 infoChanged=0
[NWK 2] routesProcess grouped selected-route changes count=1 infoChanged=0 time=0
[NWK 2] Source-owned self route dst=2 nextHop=2 cost=0 hops=0 capability=1 advertised=1
[NWK 2] Consumed grouped route changes without recipients destinations=1 infoChanged=0
[NWK 0] NSDP(0->2) incremented to 1
[NWK 0] NSDP(0->2) incremented to 2
[NWK 0] NSDP(0->2) incremented to 3
[NWK 0] NSDP(0->2) incremented to 4
[NWK 0] CheckNwkQueue: size=4
[HOP 0] CanSendToHop dest=1 outstanding=0 threshold=0 effectiveWindow=1 pendingData=0 globalLimit=16 neighborOK=1 nodeOK=1 -> YES
[HOP 0] link_control dest=1 neighborKnown=0 speed=8 txPower=30 rxPower=-105
[HOP 0] Pending DATA increment dest=1 pending=1
[HOP 0] TX Pairwise16 DATA neighbor=1 hopSeq=1 securityCount=1
[MAC] Enqueue TX pkt dscp=5 insert_pos=0 queue_size_before=0
[HOP 0] CanSendToHop dest=1 outstanding=1 threshold=0 effectiveWindow=1 pendingData=1 globalLimit=16 neighborOK=0 nodeOK=1 -> NO
[HOP 0] CanSendToHop dest=1 outstanding=1 threshold=0 effectiveWindow=1 pendingData=1 globalLimit=16 neighborOK=0 nodeOK=1 -> NO
[HOP 0] CanSendToHop dest=1 outstanding=1 threshold=0 effectiveWindow=1 pendingData=1 globalLimit=16 neighborOK=0 nodeOK=1 -> NO
[MAC 0] PickTxSlot(dest=1) active_nodes_for_slotting=1 opnet_slot_range=18
[MAC 0] PickTxSlot(dest=1) avoid:
[MAC 0] PickTxSlot chose 13 using OPNET free-slot ordinal range [1,18]
[MAC 0] starts Pre-Tx with new slot=13 holdoff_over=0
[MAC 0] OPNET 300-ms transmit holdoff complete
[MAC 0] PickTxSlot(dest=1) active_nodes_for_slotting=1 opnet_slot_range=18
[MAC 0] PickTxSlot(dest=1) avoid:
[MAC 0] PickTxSlot chose 2 using OPNET free-slot ordinal range [1,18]
[MAC 0] TX opportunity reached currentSlot=13 reserveNextSlot=2
... type=0 speedKey=8[t=0.481] TX from node 0 to dest 1 seq 1 size 197 bytes segments 1 at slot 2 rate 8 kbps txPower 30 dBm (7843.14 bps) preamble LONG duration 1.21686 s
[HOP 0] MAC sent confirmation dest=1 seq=1 transmission=1 sentAt=0.481
[MAC 0] OPNET aggregate transmitted segments=1 ackSegments=0 dataSegments=1 bytes=197 rate=8
[t=0.481] RX SYNC at node 1 from node 0 seq 1 power 27.8722 dBm noise -106.975 dBm snr 134.847 dB state=1
[t=0.48763] MAC 1 enters Track on node 0 seq 1 power 27.8722 dBm
[MAC 0] post-TX WAIT_FOR_ACK until 18.6979 (POST_TX_WAIT=17 s)
[t=1.69786] RX at node 1 from node 0 seq 1 rate 8 kbps txPower 30 dBm preamble LONG pathloss 2.12777 dB snr 134.847 dB (slot 2, len 197B, ackable=1)
[MAC 1] Ignore first-contact reservation from unknown neighbor 0 slot=2
[HOP 1] New neighbor 0 heard at t=1.69786s
[HOP 1] RX authenticated Pairwise16 DATA from=0 keyId=1 keySeq=2
[HOP 1] link_control dest=0 neighborKnown=1 s0=-105 pathloss=2.12777 failures=0 speed=128 txPower=0 rxPower=-105 cost=29
[NWK 1] Added reverse path netSrc=0 reverseHop=0
[MAC 1] Enqueue ACK dest=0 seq=1 window=1 ack_queue_size=1
[MAC 1] PickTxSlot(dest=0) active_nodes_for_slotting=1 opnet_slot_range=18
[MAC 1] PickTxSlot(dest=0) avoid:
[MAC 1] PickTxSlot chose 4 using OPNET free-slot ordinal range [1,18]
[MAC 1] starts Pre-Tx with new slot=4 holdoff_over=0
[NWK 1] CheckNwkQueue: size=1
[HOP 1] CanSendToHop dest=2 outstanding=0 threshold=0 effectiveWindow=1 pendingData=0 globalLimit=16 neighborOK=1 nodeOK=1 -> YES
[HOP 1] link_control dest=2 neighborKnown=0 speed=8 txPower=30 rxPower=-105
[HOP 1] Pending DATA increment dest=2 pending=1
[HOP 1] TX Pairwise16 DATA neighbor=2 hopSeq=1 securityCount=1
[MAC] Enqueue TX pkt dscp=5 insert_pos=0 queue_size_before=0
[MAC 0] local advertised reservation expired
[MAC 1] OPNET 300-ms transmit holdoff complete
[MAC 1] PickTxSlot(dest=0) active_nodes_for_slotting=1 opnet_slot_range=18
[MAC 1] PickTxSlot(dest=0) avoid:
[MAC 1] PickTxSlot chose 11 using OPNET free-slot ordinal range [1,18]
[MAC 1] TX opportunity reached currentSlot=4 reserveNextSlot=11
... type=1 speedKey=8[t=2.06186] TX from node 1 to dest 0 seq 1 size 243 bytes segments 2 at slot 11 rate 8 kbps txPower 30 dBm (7843.14 bps) preamble LONG duration 1.26378 s
[HOP 1] MAC sent confirmation dest=2 seq=1 transmission=1 sentAt=2.06186
[MAC 1] ACK transmitted in aggregate dest=0 seq=1 txCount=1/5
[MAC 1] OPNET aggregate transmitted segments=2 ackSegments=1 dataSegments=1 bytes=243 rate=8
[t=2.06186] RX SYNC at node 0 from node 1 seq 1 power 27.8722 dBm noise -106.975 dBm snr 134.847 dB state=1
[t=2.06186] RX SYNC at node 2 from node 1 seq 1 power 27.8722 dBm noise -106.975 dBm snr 134.847 dB state=1
[t=2.06849] MAC 0 enters Track on node 1 seq 1 power 27.8722 dBm
[t=2.06849] MAC 2 enters Track on node 1 seq 1 power 27.8722 dBm
[MAC] Enqueue TX pkt dscp=5 insert_pos=0 queue_size_before=0
[MAC 1] resumes Pre-Tx with live slot=11 counter=11
[t=3.32564] RX at node 0 from node 1 seq 1 rate 8 kbps txPower 30 dBm preamble LONG pathloss 2.12777 dB snr 134.847 dB (slot 11, len 243B, ackable=1)
[MAC 0] Ignore first-contact reservation from unknown neighbor 1 slot=11
[HOP 0] New neighbor 1 heard at t=3.32564s
[HOP 0] RX ACK from 1 seq=1
[HOP 0] Pending DATA decrement reason=ACK neighbor=1 pending=0
[NWK 0] NSDP(0->2) decremented to 3
[NWK 0] HOP completion released NSDP slot; awaiting HOP queue wake flow=0->2
[MAC 0] Cancel queued acknowledged frame neighbor=1 seq=1 baseSeq=1 windowIndex=0
[HOP 0] Overheard frame from 1 for 2 type=0 ignored after neighbor update
[t=3.32564] RX at node 2 from node 1 seq 1 rate 8 kbps txPower 30 dBm preamble LONG pathloss 2.12777 dB snr 134.847 dB (slot 11, len 243B, ackable=1)
[MAC 2] Ignore first-contact reservation from unknown neighbor 1 slot=11
[HOP 2] New neighbor 1 heard at t=3.32564s
[HOP 2] Overheard frame from 1 for 0 type=1 ignored after neighbor update
[HOP 2] RX authenticated Pairwise16 DATA from=1 keyId=1 keySeq=2
[HOP 2] link_control dest=1 neighborKnown=1 s0=-105 pathloss=2.12777 failures=0 speed=128 txPower=0 rxPower=-105 cost=29
[MAC 2] Enqueue ACK dest=1 seq=1 window=1 ack_queue_size=1
[NWK 2] Added reverse path netSrc=0 reverseHop=1
[MAC 2] PickTxSlot(dest=1) active_nodes_for_slotting=1 opnet_slot_range=18
[MAC 2] PickTxSlot(dest=1) avoid:
[MAC 2] PickTxSlot chose 6 using OPNET free-slot ordinal range [1,18]
[MAC 2] starts Pre-Tx with new slot=6 holdoff_over=0
[NWK 0] CheckNwkQueue: size=3
[HOP 0] CanSendToHop dest=1 outstanding=0 threshold=0 effectiveWindow=1 pendingData=0 globalLimit=16 neighborOK=1 nodeOK=1 -> YES
[HOP 0] link_control dest=1 neighborKnown=1 s0=-105 pathloss=2.12777 failures=0 speed=128 txPower=0 rxPower=-105 cost=29
[HOP 0] Pending DATA increment dest=1 pending=1
[HOP 0] TX Pairwise16 DATA neighbor=1 hopSeq=2 securityCount=1
[MAC] Enqueue TX pkt dscp=5 insert_pos=0 queue_size_before=0
[HOP 0] CanSendToHop dest=1 outstanding=1 threshold=0 effectiveWindow=1 pendingData=1 globalLimit=16 neighborOK=0 nodeOK=1 -> NO
[HOP 0] CanSendToHop dest=1 outstanding=1 threshold=0 effectiveWindow=1 pendingData=1 globalLimit=16 neighborOK=0 nodeOK=1 -> NO
[MAC 0] PickTxSlot(dest=1) active_nodes_for_slotting=1 opnet_slot_range=18
[MAC 0] PickTxSlot(dest=1) avoid:
[MAC 0] PickTxSlot chose 15 using OPNET free-slot ordinal range [1,18]
[MAC 0] starts Pre-Tx with new slot=15 holdoff_over=1
[MAC 1] PickTxSlot(dest=0) active_nodes_for_slotting=1 opnet_slot_range=18
[MAC 1] PickTxSlot(dest=0) avoid:
[MAC 1] PickTxSlot chose 8 using OPNET free-slot ordinal range [1,18]
[MAC 1] TX opportunity reached currentSlot=11 reserveNextSlot=8
... type=1 speedKey=128[t=3.47886] TX from node 1 to dest 0 seq 1 size 46 bytes segments 1 at slot 8 rate 128 kbps txPower 0 dBm (133333 bps) preamble SHORT duration 0.02238 s
[MAC 1] ACK transmitted in aggregate dest=0 seq=1 txCount=2/5
[MAC 1] OPNET aggregate transmitted segments=1 ackSegments=1 dataSegments=0 bytes=46 rate=128
[t=3.47886] RX SYNC at node 0 from node 1 seq 1 power -2.12777 dBm noise -106.975 dBm snr 104.847 dB state=1
[t=3.47886] RX SYNC at node 2 from node 1 seq 1 power -2.12777 dBm noise -106.975 dBm snr 104.847 dB state=1
[t=3.48549] MAC 0 enters Track on node 1 seq 1 power -2.12777 dBm
[t=3.48549] MAC 2 enters Track on node 1 seq 1 power -2.12777 dBm
[MAC 1] resumes Pre-Tx with live slot=8 counter=8
[t=3.50124] RX at node 0 from node 1 seq 1 rate 128 kbps txPower 0 dBm preamble SHORT pathloss 2.12777 dB snr 104.847 dB (slot 8, len 46B, ackable=0)
[MAC 0] Learned neighbor 1 uses slot 8 (rtCounter=8)
[HOP 0] RX ACK from 1 seq=1
[t=3.50124] RX OVERHEARD at node 2 from node 1 seq 1 rate 128 kbps txPower 0 dBm preamble SHORT pathloss 2.12777 dB snr 104.847 dB (slot 8, len 46B, ackable=0)
[MAC 2] Learned neighbor 1 uses slot 8 (rtCounter=8)
[HOP 2] Overheard frame from 1 for 0 type=1 ignored after neighbor update
[NWK 0] CheckNwkQueue: size=2
[HOP 0] CanSendToHop dest=1 outstanding=1 threshold=0 effectiveWindow=1 pendingData=1 globalLimit=16 neighborOK=0 nodeOK=1 -> NO
[HOP 0] CanSendToHop dest=1 outstanding=1 threshold=0 effectiveWindow=1 pendingData=1 globalLimit=16 neighborOK=0 nodeOK=1 -> NO
[MAC 0] PickTxSlot(dest=1) active_nodes_for_slotting=1 opnet_slot_range=18
[MAC 0] avoiding neighbor 1 currentReservedSlot=3 rtslot_counter=3
[MAC 0] PickTxSlot(dest=1) avoid: 3
[MAC 0] PickTxSlot chose 17 using OPNET free-slot ordinal range [1,18]
[MAC 0] TX opportunity reached currentSlot=15 reserveNextSlot=17
... type=0 speedKey=128[t=3.562] TX from node 0 to dest 1 seq 2 size 177 bytes segments 1 at slot 17 rate 128 kbps txPower 0 dBm (133333 bps) preamble SHORT duration 0.03024 s
[HOP 0] MAC sent confirmation dest=1 seq=2 transmission=1 sentAt=3.562
[MAC 0] OPNET aggregate transmitted segments=1 ackSegments=0 dataSegments=1 bytes=177 rate=128
[t=3.562] RX SYNC at node 1 from node 0 seq 2 power -2.12777 dBm noise -106.975 dBm snr 104.847 dB state=1
[t=3.56863] MAC 1 enters Track on node 0 seq 2 power -2.12777 dBm
[MAC 0] post-TX WAIT_FOR_ACK until 20.5922 (POST_TX_WAIT=17 s)
[t=3.59224] RX at node 1 from node 0 seq 2 rate 128 kbps txPower 0 dBm preamble SHORT pathloss 2.12777 dB snr 104.847 dB (slot 17, len 177B, ackable=1)
[MAC 1] Learned neighbor 0 uses slot 17 (rtCounter=17)
[HOP 1] RX authenticated Pairwise16 DATA from=0 keyId=1 keySeq=3
[HOP 1] link_control dest=0 neighborKnown=1 s0=-105 pathloss=2.12777 failures=0 speed=128 txPower=0 rxPower=-105 cost=29
[NWK 1] Updated reverse path netSrc=0 reverseHop=0
[MAC 1] Update cumulative ACK queue entry dest=0 baseSeq=2 txCount=0
[NWK 1] CheckNwkQueue: size=1
[HOP 1] CanSendToHop dest=2 outstanding=1 threshold=0 effectiveWindow=1 pendingData=1 globalLimit=16 neighborOK=0 nodeOK=1 -> NO
[MAC 2] rtslot_counter expired for neighbor 1 reserveSlot=8
[MAC 2] OPNET 300-ms transmit holdoff complete
[MAC 1] PickTxSlot(dest=0) active_nodes_for_slotting=1 opnet_slot_range=18
[MAC 1] avoiding neighbor 0 currentReservedSlot=13 rtslot_counter=13
[MAC 1] PickTxSlot(dest=0) avoid: 13
[MAC 1] PickTxSlot chose 1 using OPNET free-slot ordinal range [1,18]
[MAC 1] TX opportunity reached currentSlot=8 reserveNextSlot=1
... type=1 speedKey=128[t=3.63486] TX from node 1 to dest 0 seq 2 size 46 bytes segments 1 at slot 1 rate 128 kbps txPower 0 dBm (133333 bps) preamble SHORT duration 0.02238 s
[MAC 1] ACK transmitted in aggregate dest=0 seq=2 txCount=1/5
[MAC 1] OPNET aggregate transmitted segments=1 ackSegments=1 dataSegments=0 bytes=46 rate=128
[t=3.63486] RX SYNC at node 0 from node 1 seq 2 power -2.12777 dBm noise -106.975 dBm snr 104.847 dB state=1
[t=3.63486] RX SYNC at node 2 from node 1 seq 2 power -2.12777 dBm noise -106.975 dBm snr 104.847 dB state=1
[t=3.64149] MAC 0 enters Track on node 1 seq 2 power -2.12777 dBm
[t=3.64149] MAC 2 enters Track on node 1 seq 2 power -2.12777 dBm
[MAC 1] resumes Pre-Tx with live slot=1 counter=1
[t=3.65724] RX at node 0 from node 1 seq 2 rate 128 kbps txPower 0 dBm preamble SHORT pathloss 2.12777 dB snr 104.847 dB (slot 1, len 46B, ackable=0)
[MAC 0] Learned neighbor 1 uses slot 1 (rtCounter=1)
[HOP 0] RX ACK from 1 seq=2
[HOP 0] Pending DATA decrement reason=ACK neighbor=1 pending=0
[NWK 0] NSDP(0->2) decremented to 2
[NWK 0] HOP completion released NSDP slot; awaiting HOP queue wake flow=0->2
[t=3.65724] RX OVERHEARD at node 2 from node 1 seq 2 rate 128 kbps txPower 0 dBm preamble SHORT pathloss 2.12777 dB snr 104.847 dB (slot 1, len 46B, ackable=0)
[MAC 2] Learned neighbor 1 uses slot 1 (rtCounter=1)
[HOP 2] Overheard frame from 1 for 0 type=1 ignored after neighbor update
[NWK 0] CheckNwkQueue: size=2
[HOP 0] CanSendToHop dest=1 outstanding=0 threshold=0 effectiveWindow=1 pendingData=0 globalLimit=16 neighborOK=1 nodeOK=1 -> YES
[HOP 0] link_control dest=1 neighborKnown=1 s0=-105 pathloss=2.12777 failures=0 speed=128 txPower=0 rxPower=-105 cost=29
[HOP 0] Pending DATA increment dest=1 pending=1
[HOP 0] TX Pairwise16 DATA neighbor=1 hopSeq=3 securityCount=1
[MAC] Enqueue TX pkt dscp=5 insert_pos=0 queue_size_before=0
[HOP 0] CanSendToHop dest=1 outstanding=1 threshold=0 effectiveWindow=1 pendingData=1 globalLimit=16 neighborOK=0 nodeOK=1 -> NO
[MAC 0] resumes Pre-Tx with live slot=17 counter=13
[MAC 1] PickTxSlot(dest=0) active_nodes_for_slotting=1 opnet_slot_range=18
[MAC 1] avoiding neighbor 0 currentReservedSlot=11 rtslot_counter=11
[MAC 1] PickTxSlot(dest=0) avoid: 11
[MAC 1] PickTxSlot chose 8 using OPNET free-slot ordinal range [1,18]
[MAC 1] TX opportunity reached currentSlot=1 reserveNextSlot=8
... type=1 speedKey=128[t=3.67386] TX from node 1 to dest 0 seq 2 size 46 bytes segments 1 at slot 8 rate 128 kbps txPower 0 dBm (133333 bps) preamble SHORT duration 0.02238 s
[MAC 1] ACK transmitted in aggregate dest=0 seq=2 txCount=2/5
[MAC 1] OPNET aggregate transmitted segments=1 ackSegments=1 dataSegments=0 bytes=46 rate=128
[t=3.67386] RX SYNC at node 0 from node 1 seq 2 power -2.12777 dBm noise -106.975 dBm snr 104.847 dB state=1
[t=3.67386] RX SYNC at node 2 from node 1 seq 2 power -2.12777 dBm noise -106.975 dBm snr 104.847 dB state=1
[t=3.68049] MAC 0 enters Track on node 1 seq 2 power -2.12777 dBm
[t=3.68049] MAC 2 enters Track on node 1 seq 2 power -2.12777 dBm
[MAC 1] resumes Pre-Tx with live slot=8 counter=8
[t=3.69624] RX at node 0 from node 1 seq 2 rate 128 kbps txPower 0 dBm preamble SHORT pathloss 2.12777 dB snr 104.847 dB (slot 8, len 46B, ackable=0)
[MAC 0] Learned neighbor 1 uses slot 8 (rtCounter=8)
[HOP 0] RX ACK from 1 seq=2
[t=3.69624] RX OVERHEARD at node 2 from node 1 seq 2 rate 128 kbps txPower 0 dBm preamble SHORT pathloss 2.12777 dB snr 104.847 dB (slot 8, len 46B, ackable=0)
[MAC 2] Learned neighbor 1 uses slot 8 (rtCounter=8)
[HOP 2] Overheard frame from 1 for 0 type=1 ignored after neighbor update
[NWK 0] CheckNwkQueue: size=1
[HOP 0] CanSendToHop dest=1 outstanding=1 threshold=0 effectiveWindow=1 pendingData=1 globalLimit=16 neighborOK=0 nodeOK=1 -> NO
[MAC 2] PickTxSlot(dest=1) active_nodes_for_slotting=1 opnet_slot_range=18
[MAC 2] avoiding neighbor 1 currentReservedSlot=2 rtslot_counter=2
[MAC 2] PickTxSlot(dest=1) avoid: 2
[MAC 2] PickTxSlot chose 19 using OPNET free-slot ordinal range [1,18]
[MAC 2] TX opportunity reached currentSlot=6 reserveNextSlot=19
... type=1 speedKey=128[t=3.76764] TX from node 2 to dest 1 seq 1 size 46 bytes segments 1 at slot 19 rate 128 kbps txPower 0 dBm (133333 bps) preamble SHORT duration 0.02238 s
[MAC 2] ACK transmitted in aggregate dest=1 seq=1 txCount=1/5
[MAC 2] OPNET aggregate transmitted segments=1 ackSegments=1 dataSegments=0 bytes=46 rate=128
[t=3.76764] RX SYNC at node 1 from node 2 seq 1 power -2.12777 dBm noise -106.975 dBm snr 104.847 dB state=1
[t=3.77427] MAC 1 enters Track on node 2 seq 1 power -2.12777 dBm
[MAC 2] resumes Pre-Tx with live slot=19 counter=19
[t=3.79002] RX at node 1 from node 2 seq 1 rate 128 kbps txPower 0 dBm preamble SHORT pathloss 2.12777 dB snr 104.847 dB (slot 19, len 46B, ackable=0)
[MAC 1] Ignore first-contact reservation from unknown neighbor 2 slot=19
[HOP 1] New neighbor 2 heard at t=3.79002s
[HOP 1] RX ACK from 2 seq=1
[HOP 1] Pending DATA decrement reason=ACK neighbor=2 pending=0
[NWK 1] NSDP(0->2) decremented to 1
[NWK 1] HOP completion released NSDP slot; awaiting HOP queue wake flow=0->2
[NWK 1] CheckNwkQueue: size=1
[HOP 1] CanSendToHop dest=2 outstanding=0 threshold=0 effectiveWindow=1 pendingData=0 globalLimit=16 neighborOK=1 nodeOK=1 -> YES
[HOP 1] link_control dest=2 neighborKnown=1 s0=-105 pathloss=2.12777 failures=0 speed=128 txPower=0 rxPower=-105 cost=29
[HOP 1] Pending DATA increment dest=2 pending=1
[HOP 1] TX Pairwise16 DATA neighbor=2 hopSeq=2 securityCount=1
[MAC] Enqueue TX pkt dscp=5 insert_pos=0 queue_size_before=0
[MAC 0] rtslot_counter expired for neighbor 1 reserveSlot=8
[MAC 1] PickTxSlot(dest=0) active_nodes_for_slotting=1 opnet_slot_range=18
[MAC 1] avoiding neighbor 0 currentReservedSlot=2 rtslot_counter=2
[MAC 1] PickTxSlot(dest=0) avoid: 2
[MAC 1] PickTxSlot chose 9 using OPNET free-slot ordinal range [1,18]
[MAC 1] TX opportunity reached currentSlot=8 reserveNextSlot=9
... type=1 speedKey=128[t=3.81686] TX from node 1 to dest 0 seq 2 size 223 bytes segments 2 at slot 9 rate 128 kbps txPower 0 dBm (133333 bps) preamble SHORT duration 0.033 s
[HOP 1] MAC sent confirmation dest=2 seq=2 transmission=1 sentAt=3.81686
[MAC 1] ACK transmitted in aggregate dest=0 seq=2 txCount=3/5
[MAC 1] OPNET aggregate transmitted segments=2 ackSegments=1 dataSegments=1 bytes=223 rate=128
[t=3.81686] RX SYNC at node 0 from node 1 seq 2 power -2.12777 dBm noise -106.975 dBm snr 104.847 dB state=1
[t=3.81686] RX SYNC at node 2 from node 1 seq 2 power -2.12777 dBm noise -106.975 dBm snr 104.847 dB state=1
[t=3.82349] MAC 0 enters Track on node 1 seq 2 power -2.12777 dBm
[t=3.82349] MAC 2 enters Track on node 1 seq 2 power -2.12777 dBm
[MAC 1] resumes Pre-Tx with live slot=9 counter=9
[t=3.84986] RX at node 0 from node 1 seq 2 rate 128 kbps txPower 0 dBm preamble SHORT pathloss 2.12777 dB snr 104.847 dB (slot 9, len 223B, ackable=1)
[MAC 0] Learned neighbor 1 uses slot 9 (rtCounter=9)
[HOP 0] RX ACK from 1 seq=2
[HOP 0] Overheard frame from 1 for 2 type=0 ignored after neighbor update
[t=3.84986] RX at node 2 from node 1 seq 2 rate 128 kbps txPower 0 dBm preamble SHORT pathloss 2.12777 dB snr 104.847 dB (slot 9, len 223B, ackable=1)
[MAC 2] Learned neighbor 1 uses slot 9 (rtCounter=9)
[HOP 2] Overheard frame from 1 for 0 type=1 ignored after neighbor update
[HOP 2] RX authenticated Pairwise16 DATA from=1 keyId=1 keySeq=3
[HOP 2] link_control dest=1 neighborKnown=1 s0=-105 pathloss=2.12777 failures=0 speed=128 txPower=0 rxPower=-105 cost=29
[MAC 2] Update cumulative ACK queue entry dest=1 baseSeq=2 txCount=0
[NWK 2] Updated reverse path netSrc=0 reverseHop=1
[NWK 0] CheckNwkQueue: size=1
[HOP 0] CanSendToHop dest=1 outstanding=1 threshold=0 effectiveWindow=1 pendingData=1 globalLimit=16 neighborOK=0 nodeOK=1 -> NO
[MAC 1] rtslot_counter expired for neighbor 0 reserveSlot=17
[MAC 0] PickTxSlot(dest=1) active_nodes_for_slotting=1 opnet_slot_range=18
[MAC 0] avoiding neighbor 1 currentReservedSlot=4 rtslot_counter=4
[MAC 0] PickTxSlot(dest=1) avoid: 4
[MAC 0] PickTxSlot chose 17 using OPNET free-slot ordinal range [1,18]
[MAC 0] TX opportunity reached currentSlot=17 reserveNextSlot=17
... type=0 speedKey=128[t=3.913] TX from node 0 to dest 1 seq 3 size 157 bytes segments 1 at slot 17 rate 128 kbps txPower 0 dBm (133333 bps) preamble SHORT duration 0.02904 s
[HOP 0] MAC sent confirmation dest=1 seq=3 transmission=1 sentAt=3.913
[MAC 0] OPNET aggregate transmitted segments=1 ackSegments=0 dataSegments=1 bytes=157 rate=128
[t=3.913] RX SYNC at node 1 from node 0 seq 3 power -2.12777 dBm noise -106.975 dBm snr 104.847 dB state=1
[t=3.91963] MAC 1 enters Track on node 0 seq 3 power -2.12777 dBm
[MAC 0] post-TX WAIT_FOR_ACK until 20.942 (POST_TX_WAIT=17 s)
[t=3.94204] RX at node 1 from node 0 seq 3 rate 128 kbps txPower 0 dBm preamble SHORT pathloss 2.12777 dB snr 104.847 dB (slot 17, len 157B, ackable=1)
[MAC 1] Learned neighbor 0 uses slot 17 (rtCounter=17)
[HOP 1] RX authenticated Pairwise16 DATA from=0 keyId=1 keySeq=4
[HOP 1] link_control dest=0 neighborKnown=1 s0=-105 pathloss=2.12777 failures=0 speed=128 txPower=0 rxPower=-105 cost=29
[NWK 1] Updated reverse path netSrc=0 reverseHop=0
[MAC 1] Update cumulative ACK queue entry dest=0 baseSeq=3 txCount=0
[NWK 1] CheckNwkQueue: size=1
[HOP 1] CanSendToHop dest=2 outstanding=1 threshold=0 effectiveWindow=1 pendingData=1 globalLimit=16 neighborOK=0 nodeOK=1 -> NO
[MAC 2] rtslot_counter expired for neighbor 1 reserveSlot=9
[MAC 1] PickTxSlot(dest=0) active_nodes_for_slotting=1 opnet_slot_range=18
[MAC 1] avoiding neighbor 0 currentReservedSlot=12 rtslot_counter=12
[MAC 1] PickTxSlot(dest=0) avoid: 12
[MAC 1] PickTxSlot chose 2 using OPNET free-slot ordinal range [1,18]
[MAC 1] TX opportunity reached currentSlot=9 reserveNextSlot=2
... type=1 speedKey=128[t=3.99886] TX from node 1 to dest 0 seq 3 size 46 bytes segments 1 at slot 2 rate 128 kbps txPower 0 dBm (133333 bps) preamble SHORT duration 0.02238 s
[MAC 1] ACK transmitted in aggregate dest=0 seq=3 txCount=1/5
[MAC 1] OPNET aggregate transmitted segments=1 ackSegments=1 dataSegments=0 bytes=46 rate=128
[t=3.99886] RX SYNC at node 0 from node 1 seq 3 power -2.12777 dBm noise -106.975 dBm snr 104.847 dB state=1
[t=3.99886] RX SYNC at node 2 from node 1 seq 3 power -2.12777 dBm noise -106.975 dBm snr 104.847 dB state=1
[t=4.00549] MAC 0 enters Track on node 1 seq 3 power -2.12777 dBm
[t=4.00549] MAC 2 enters Track on node 1 seq 3 power -2.12777 dBm
[MAC 1] resumes Pre-Tx with live slot=2 counter=2
[t=4.02124] RX at node 0 from node 1 seq 3 rate 128 kbps txPower 0 dBm preamble SHORT pathloss 2.12777 dB snr 104.847 dB (slot 2, len 46B, ackable=0)
[MAC 0] Learned neighbor 1 uses slot 2 (rtCounter=2)
[HOP 0] RX ACK from 1 seq=3
[HOP 0] Pending DATA decrement reason=ACK neighbor=1 pending=0
[NWK 0] NSDP(0->2) decremented to 1
[NWK 0] HOP completion released NSDP slot; awaiting HOP queue wake flow=0->2
[t=4.02124] RX OVERHEARD at node 2 from node 1 seq 3 rate 128 kbps txPower 0 dBm preamble SHORT pathloss 2.12777 dB snr 104.847 dB (slot 2, len 46B, ackable=0)
[MAC 2] Learned neighbor 1 uses slot 2 (rtCounter=2)
[HOP 2] Overheard frame from 1 for 0 type=1 ignored after neighbor update
[NWK 0] CheckNwkQueue: size=1
[HOP 0] CanSendToHop dest=1 outstanding=0 threshold=0 effectiveWindow=1 pendingData=0 globalLimit=16 neighborOK=1 nodeOK=1 -> YES
[HOP 0] link_control dest=1 neighborKnown=1 s0=-105 pathloss=2.12777 failures=0 speed=128 txPower=0 rxPower=-105 cost=29
[HOP 0] Pending DATA increment dest=1 pending=1
[HOP 0] TX Pairwise16 DATA neighbor=1 hopSeq=4 securityCount=1
[MAC] Enqueue TX pkt dscp=5 insert_pos=0 queue_size_before=0
[MAC 0] resumes Pre-Tx with live slot=17 counter=12
[MAC 1] PickTxSlot(dest=0) active_nodes_for_slotting=1 opnet_slot_range=18
[MAC 1] avoiding neighbor 0 currentReservedSlot=9 rtslot_counter=9
[MAC 1] PickTxSlot(dest=0) avoid: 9
[MAC 1] PickTxSlot chose 1 using OPNET free-slot ordinal range [1,18]
[MAC 1] TX opportunity reached currentSlot=2 reserveNextSlot=1
... type=1 speedKey=128[t=4.05086] TX from node 1 to dest 0 seq 3 size 46 bytes segments 1 at slot 1 rate 128 kbps txPower 0 dBm (133333 bps) preamble SHORT duration 0.02238 s
[MAC 1] ACK transmitted in aggregate dest=0 seq=3 txCount=2/5
[MAC 1] OPNET aggregate transmitted segments=1 ackSegments=1 dataSegments=0 bytes=46 rate=128
[t=4.05086] RX SYNC at node 0 from node 1 seq 3 power -2.12777 dBm noise -106.975 dBm snr 104.847 dB state=1
[t=4.05086] RX SYNC at node 2 from node 1 seq 3 power -2.12777 dBm noise -106.975 dBm snr 104.847 dB state=1
[t=4.05749] MAC 0 enters Track on node 1 seq 3 power -2.12777 dBm
[t=4.05749] MAC 2 enters Track on node 1 seq 3 power -2.12777 dBm
[MAC 1] resumes Pre-Tx with live slot=1 counter=1
[t=4.07324] RX at node 0 from node 1 seq 3 rate 128 kbps txPower 0 dBm preamble SHORT pathloss 2.12777 dB snr 104.847 dB (slot 1, len 46B, ackable=0)
[MAC 0] Learned neighbor 1 uses slot 1 (rtCounter=1)
[HOP 0] RX ACK from 1 seq=3
[t=4.07324] RX OVERHEARD at node 2 from node 1 seq 3 rate 128 kbps txPower 0 dBm preamble SHORT pathloss 2.12777 dB snr 104.847 dB (slot 1, len 46B, ackable=0)
[MAC 2] Learned neighbor 1 uses slot 1 (rtCounter=1)
[HOP 2] Overheard frame from 1 for 0 type=1 ignored after neighbor update
[NWK 0] CheckNwkQueue: size=0
[MAC 1] PickTxSlot(dest=0) active_nodes_for_slotting=1 opnet_slot_range=18
[MAC 1] avoiding neighbor 0 currentReservedSlot=7 rtslot_counter=7
[MAC 1] PickTxSlot(dest=0) avoid: 7
[MAC 1] PickTxSlot chose 6 using OPNET free-slot ordinal range [1,18]
[MAC 1] TX opportunity reached currentSlot=1 reserveNextSlot=6
... type=1 speedKey=128[t=4.08986] TX from node 1 to dest 0 seq 3 size 46 bytes segments 1 at slot 6 rate 128 kbps txPower 0 dBm (133333 bps) preamble SHORT duration 0.02238 s
[MAC 1] ACK transmitted in aggregate dest=0 seq=3 txCount=3/5
[MAC 1] OPNET aggregate transmitted segments=1 ackSegments=1 dataSegments=0 bytes=46 rate=128
[t=4.08986] RX SYNC at node 0 from node 1 seq 3 power -2.12777 dBm noise -106.975 dBm snr 104.847 dB state=1
[t=4.08986] RX SYNC at node 2 from node 1 seq 3 power -2.12777 dBm noise -106.975 dBm snr 104.847 dB state=1
[t=4.09649] MAC 0 enters Track on node 1 seq 3 power -2.12777 dBm
[t=4.09649] MAC 2 enters Track on node 1 seq 3 power -2.12777 dBm
[MAC 1] resumes Pre-Tx with live slot=6 counter=6
[t=4.11224] RX at node 0 from node 1 seq 3 rate 128 kbps txPower 0 dBm preamble SHORT pathloss 2.12777 dB snr 104.847 dB (slot 6, len 46B, ackable=0)
[MAC 0] Learned neighbor 1 uses slot 6 (rtCounter=6)
[HOP 0] RX ACK from 1 seq=3
[t=4.11224] RX OVERHEARD at node 2 from node 1 seq 3 rate 128 kbps txPower 0 dBm preamble SHORT pathloss 2.12777 dB snr 104.847 dB (slot 6, len 46B, ackable=0)
[MAC 2] Learned neighbor 1 uses slot 6 (rtCounter=6)
[HOP 2] Overheard frame from 1 for 0 type=1 ignored after neighbor update
[NWK 0] CheckNwkQueue: size=0
[MAC 2] PickTxSlot(dest=1) active_nodes_for_slotting=1 opnet_slot_range=18
[MAC 2] avoiding neighbor 1 currentReservedSlot=2 rtslot_counter=2
[MAC 2] PickTxSlot(dest=1) avoid: 2
[MAC 2] PickTxSlot chose 5 using OPNET free-slot ordinal range [1,18]
[MAC 2] TX opportunity reached currentSlot=19 reserveNextSlot=5
... type=1 speedKey=128[t=4.15764] TX from node 2 to dest 1 seq 2 size 46 bytes segments 1 at slot 5 rate 128 kbps txPower 0 dBm (133333 bps) preamble SHORT duration 0.02238 s
[MAC 2] ACK transmitted in aggregate dest=1 seq=2 txCount=1/5
[MAC 2] OPNET aggregate transmitted segments=1 ackSegments=1 dataSegments=0 bytes=46 rate=128
[t=4.15764] RX SYNC at node 1 from node 2 seq 2 power -2.12777 dBm noise -106.975 dBm snr 104.847 dB state=1
[t=4.16427] MAC 1 enters Track on node 2 seq 2 power -2.12777 dBm
[MAC 2] resumes Pre-Tx with live slot=5 counter=5
[t=4.18002] RX at node 1 from node 2 seq 2 rate 128 kbps txPower 0 dBm preamble SHORT pathloss 2.12777 dB snr 104.847 dB (slot 5, len 46B, ackable=0)
[MAC 1] Learned neighbor 2 uses slot 5 (rtCounter=5)
[HOP 1] RX ACK from 2 seq=2
[HOP 1] Pending DATA decrement reason=ACK neighbor=2 pending=0
[NWK 1] NSDP(0->2) decremented to 1
[NWK 1] HOP completion released NSDP slot; awaiting HOP queue wake flow=0->2
[NWK 1] CheckNwkQueue: size=1
[HOP 1] CanSendToHop dest=2 outstanding=0 threshold=0 effectiveWindow=1 pendingData=0 globalLimit=16 neighborOK=1 nodeOK=1 -> YES
[HOP 1] link_control dest=2 neighborKnown=1 s0=-105 pathloss=2.12777 failures=0 speed=128 txPower=0 rxPower=-105 cost=29
[HOP 1] Pending DATA increment dest=2 pending=1
[HOP 1] TX Pairwise16 DATA neighbor=2 hopSeq=3 securityCount=1
[MAC] Enqueue TX pkt dscp=5 insert_pos=0 queue_size_before=0
[MAC 0] rtslot_counter expired for neighbor 1 reserveSlot=6
[MAC 1] PickTxSlot(dest=0) active_nodes_for_slotting=1 opnet_slot_range=18
[MAC 1] avoiding neighbor 0 currentReservedSlot=0 rtslot_counter=0
[MAC 1] avoiding neighbor 2 currentReservedSlot=2 rtslot_counter=2
[MAC 1] PickTxSlot(dest=0) avoid: 2
[MAC 1] PickTxSlot chose 14 using OPNET free-slot ordinal range [1,18]
[MAC 1] TX opportunity reached currentSlot=6 reserveNextSlot=14
... type=1 speedKey=128[t=4.20686] TX from node 1 to dest 0 seq 3 size 203 bytes segments 2 at slot 14 rate 128 kbps txPower 0 dBm (133333 bps) preamble SHORT duration 0.0318 s
[HOP 1] MAC sent confirmation dest=2 seq=3 transmission=1 sentAt=4.20686
[MAC 1] ACK transmitted in aggregate dest=0 seq=3 txCount=4/5
[MAC 1] OPNET aggregate transmitted segments=2 ackSegments=1 dataSegments=1 bytes=203 rate=128
[t=4.20686] RX SYNC at node 0 from node 1 seq 3 power -2.12777 dBm noise -106.975 dBm snr 104.847 dB state=1
[t=4.20686] RX SYNC at node 2 from node 1 seq 3 power -2.12777 dBm noise -106.975 dBm snr 104.847 dB state=1
[t=4.21349] MAC 0 enters Track on node 1 seq 3 power -2.12777 dBm
[t=4.21349] MAC 2 enters Track on node 1 seq 3 power -2.12777 dBm
[MAC 1] resumes Pre-Tx with live slot=14 counter=14
[t=4.23866] RX at node 0 from node 1 seq 3 rate 128 kbps txPower 0 dBm preamble SHORT pathloss 2.12777 dB snr 104.847 dB (slot 14, len 203B, ackable=1)
[MAC 0] Learned neighbor 1 uses slot 14 (rtCounter=14)
[HOP 0] RX ACK from 1 seq=3
[HOP 0] Overheard frame from 1 for 2 type=0 ignored after neighbor update
[t=4.23866] RX at node 2 from node 1 seq 3 rate 128 kbps txPower 0 dBm preamble SHORT pathloss 2.12777 dB snr 104.847 dB (slot 14, len 203B, ackable=1)
[MAC 2] Learned neighbor 1 uses slot 14 (rtCounter=14)
[HOP 2] Overheard frame from 1 for 0 type=1 ignored after neighbor update
[HOP 2] RX authenticated Pairwise16 DATA from=1 keyId=1 keySeq=4
[HOP 2] link_control dest=1 neighborKnown=1 s0=-105 pathloss=2.12777 failures=0 speed=128 txPower=0 rxPower=-105 cost=29
[MAC 2] Update cumulative ACK queue entry dest=1 baseSeq=3 txCount=0
[NWK 2] Updated reverse path netSrc=0 reverseHop=1
[NWK 0] CheckNwkQueue: size=0
[MAC 1] rtslot_counter expired for neighbor 0 reserveSlot=17
[MAC 1] rtslot_counter expired for neighbor 2 reserveSlot=5
[MAC 2] PickTxSlot(dest=1) active_nodes_for_slotting=1 opnet_slot_range=18
[MAC 2] avoiding neighbor 1 currentReservedSlot=10 rtslot_counter=10
[MAC 2] PickTxSlot(dest=1) avoid: 10
[MAC 2] PickTxSlot chose 13 using OPNET free-slot ordinal range [1,18]
[MAC 2] TX opportunity reached currentSlot=5 reserveNextSlot=13
... type=1 speedKey=128[t=4.28764] TX from node 2 to dest 1 seq 3 size 46 bytes segments 1 at slot 13 rate 128 kbps txPower 0 dBm (133333 bps) preamble SHORT duration 0.02238 s
[MAC 2] ACK transmitted in aggregate dest=1 seq=3 txCount=1/5
[MAC 2] OPNET aggregate transmitted segments=1 ackSegments=1 dataSegments=0 bytes=46 rate=128
[t=4.28764] RX SYNC at node 1 from node 2 seq 3 power -2.12777 dBm noise -106.975 dBm snr 104.847 dB state=1
[MAC 0] PickTxSlot(dest=1) active_nodes_for_slotting=1 opnet_slot_range=18
[MAC 0] avoiding neighbor 1 currentReservedSlot=10 rtslot_counter=10
[MAC 0] PickTxSlot(dest=1) avoid: 10
[MAC 0] PickTxSlot chose 11 using OPNET free-slot ordinal range [1,18]
[MAC 0] TX opportunity reached currentSlot=17 reserveNextSlot=11
... type=0 speedKey=128[t=4.29] TX from node 0 to dest 1 seq 4 size 137 bytes segments 1 at slot 11 rate 128 kbps txPower 0 dBm (133333 bps) preamble SHORT duration 0.02784 s
[HOP 0] MAC sent confirmation dest=1 seq=4 transmission=1 sentAt=4.29
[MAC 0] OPNET aggregate transmitted segments=1 ackSegments=0 dataSegments=1 bytes=137 rate=128
[t=4.29] RX SYNC at node 1 from node 0 seq 4 power -2.12777 dBm noise -106.975 dBm snr 104.847 dB state=1
[t=4.29427] MAC 1 enters Track on node 2 seq 3 power -2.12777 dBm collided
[MAC 2] resumes Pre-Tx with live slot=13 counter=13
[t=4.31002] RX DROP at node 1 from node 2 seq 3 (collision)
[MAC 0] post-TX WAIT_FOR_ACK until 21.3178 (POST_TX_WAIT=17 s)
[MAC 1] PickTxSlot(dest=0) active_nodes_for_slotting=1 opnet_slot_range=18
[MAC 1] PickTxSlot(dest=0) avoid:
[MAC 1] PickTxSlot chose 13 using OPNET free-slot ordinal range [1,18]
[MAC 1] TX opportunity reached currentSlot=14 reserveNextSlot=13
... type=1 speedKey=128[t=4.44086] TX from node 1 to dest 0 seq 3 size 46 bytes segments 1 at slot 13 rate 128 kbps txPower 0 dBm (133333 bps) preamble SHORT duration 0.02238 s
[MAC 1] ACK transmitted in aggregate dest=0 seq=3 txCount=5/5
[MAC 1] Remove ACK after OPNET resend limit dest=0 seq=3
[MAC 1] OPNET aggregate transmitted segments=1 ackSegments=1 dataSegments=0 bytes=46 rate=128
[t=4.44086] RX SYNC at node 0 from node 1 seq 3 power -2.12777 dBm noise -106.975 dBm snr 104.847 dB state=1
[t=4.44086] RX SYNC at node 2 from node 1 seq 3 power -2.12777 dBm noise -106.975 dBm snr 104.847 dB state=1
[t=4.44749] MAC 0 enters Track on node 1 seq 3 power -2.12777 dBm
[t=4.44749] MAC 2 enters Track on node 1 seq 3 power -2.12777 dBm
[MAC 1] post-TX WAIT_FOR_ACK until 21.4632 (POST_TX_WAIT=17 s)
[t=4.46324] RX at node 0 from node 1 seq 3 rate 128 kbps txPower 0 dBm preamble SHORT pathloss 2.12777 dB snr 104.847 dB (slot 13, len 46B, ackable=0)
[MAC 0] Learned neighbor 1 uses slot 13 (rtCounter=13)
[HOP 0] RX ACK from 1 seq=3
[t=4.46324] RX OVERHEARD at node 2 from node 1 seq 3 rate 128 kbps txPower 0 dBm preamble SHORT pathloss 2.12777 dB snr 104.847 dB (slot 13, len 46B, ackable=0)
[MAC 2] Learned neighbor 1 uses slot 13 (rtCounter=13)
[HOP 2] Overheard frame from 1 for 0 type=1 ignored after neighbor update
[NWK 0] CheckNwkQueue: size=0
[MAC 0] local advertised reservation expired
[MAC 2] PickTxSlot(dest=1) active_nodes_for_slotting=1 opnet_slot_range=18
[MAC 2] avoiding neighbor 1 currentReservedSlot=9 rtslot_counter=9
[MAC 2] PickTxSlot(dest=1) avoid: 9
[MAC 2] PickTxSlot chose 18 using OPNET free-slot ordinal range [1,18]
[MAC 2] TX opportunity reached currentSlot=13 reserveNextSlot=18
... type=1 speedKey=128[t=4.50864] TX from node 2 to dest 1 seq 3 size 46 bytes segments 1 at slot 18 rate 128 kbps txPower 0 dBm (133333 bps) preamble SHORT duration 0.02238 s
[MAC 2] ACK transmitted in aggregate dest=1 seq=3 txCount=2/5
[MAC 2] OPNET aggregate transmitted segments=1 ackSegments=1 dataSegments=0 bytes=46 rate=128
[t=4.50864] RX SYNC at node 1 from node 2 seq 3 power -2.12777 dBm noise -106.975 dBm snr 104.847 dB state=1
[t=4.51527] MAC 1 enters Track on node 2 seq 3 power -2.12777 dBm
[MAC 2] resumes Pre-Tx with live slot=18 counter=18
[t=4.53102] RX at node 1 from node 2 seq 3 rate 128 kbps txPower 0 dBm preamble SHORT pathloss 2.12777 dB snr 104.847 dB (slot 18, len 46B, ackable=0)
[MAC 1] Learned neighbor 2 uses slot 18 (rtCounter=18)
[HOP 1] RX ACK from 2 seq=3
[HOP 1] Pending DATA decrement reason=ACK neighbor=2 pending=0
[HOP 1] Adaptive flow threshold increased neighbor=2 old=0 new=1 effectiveWindow=2
[NWK 1] NSDP(0->2) decremented to 0
[NWK 1] HOP completion released NSDP slot; awaiting HOP queue wake flow=0->2
[NWK 1] CheckNwkQueue: size=0
[MAC 0] rtslot_counter expired for neighbor 1 reserveSlot=13
[MAC 1] local advertised reservation expired
[MAC 2] rtslot_counter expired for neighbor 1 reserveSlot=13
[MAC 1] rtslot_counter expired for neighbor 2 reserveSlot=18
[MAC 2] PickTxSlot(dest=1) active_nodes_for_slotting=1 opnet_slot_range=18
[MAC 2] PickTxSlot(dest=1) avoid:
[MAC 2] PickTxSlot chose 6 using OPNET free-slot ordinal range [1,18]
[MAC 2] TX opportunity reached currentSlot=18 reserveNextSlot=6
... type=1 speedKey=128[t=4.76864] TX from node 2 to dest 1 seq 3 size 46 bytes segments 1 at slot 6 rate 128 kbps txPower 0 dBm (133333 bps) preamble SHORT duration 0.02238 s
[MAC 2] ACK transmitted in aggregate dest=1 seq=3 txCount=3/5
[MAC 2] OPNET aggregate transmitted segments=1 ackSegments=1 dataSegments=0 bytes=46 rate=128
[t=4.76864] RX SYNC at node 1 from node 2 seq 3 power -2.12777 dBm noise -106.975 dBm snr 104.847 dB state=1
[t=4.77527] MAC 1 enters Track on node 2 seq 3 power -2.12777 dBm
[MAC 2] resumes Pre-Tx with live slot=6 counter=6
[t=4.79102] RX at node 1 from node 2 seq 3 rate 128 kbps txPower 0 dBm preamble SHORT pathloss 2.12777 dB snr 104.847 dB (slot 6, len 46B, ackable=0)
[MAC 1] Learned neighbor 2 uses slot 6 (rtCounter=6)
[HOP 1] RX ACK from 2 seq=3
[NWK 1] CheckNwkQueue: size=0
[MAC 1] rtslot_counter expired for neighbor 2 reserveSlot=6
[MAC 2] PickTxSlot(dest=1) active_nodes_for_slotting=1 opnet_slot_range=18
[MAC 2] PickTxSlot(dest=1) avoid:
[MAC 2] PickTxSlot chose 14 using OPNET free-slot ordinal range [1,18]
[MAC 2] TX opportunity reached currentSlot=6 reserveNextSlot=14
... type=1 speedKey=128[t=4.87264] TX from node 2 to dest 1 seq 3 size 46 bytes segments 1 at slot 14 rate 128 kbps txPower 0 dBm (133333 bps) preamble SHORT duration 0.02238 s
[MAC 2] ACK transmitted in aggregate dest=1 seq=3 txCount=4/5
[MAC 2] OPNET aggregate transmitted segments=1 ackSegments=1 dataSegments=0 bytes=46 rate=128
[t=4.87264] RX SYNC at node 1 from node 2 seq 3 power -2.12777 dBm noise -106.975 dBm snr 104.847 dB state=1
[t=4.87927] MAC 1 enters Track on node 2 seq 3 power -2.12777 dBm
[MAC 2] resumes Pre-Tx with live slot=14 counter=14
[t=4.89502] RX at node 1 from node 2 seq 3 rate 128 kbps txPower 0 dBm preamble SHORT pathloss 2.12777 dB snr 104.847 dB (slot 14, len 46B, ackable=0)
[MAC 1] Learned neighbor 2 uses slot 14 (rtCounter=14)
[HOP 1] RX ACK from 2 seq=3
[NWK 1] CheckNwkQueue: size=0
[MAC 1] rtslot_counter expired for neighbor 2 reserveSlot=14
[MAC 2] PickTxSlot(dest=1) active_nodes_for_slotting=1 opnet_slot_range=18
[MAC 2] PickTxSlot(dest=1) avoid:
[MAC 2] PickTxSlot chose 9 using OPNET free-slot ordinal range [1,18]
[MAC 2] TX opportunity reached currentSlot=14 reserveNextSlot=9
... type=1 speedKey=128[t=5.08064] TX from node 2 to dest 1 seq 3 size 46 bytes segments 1 at slot 9 rate 128 kbps txPower 0 dBm (133333 bps) preamble SHORT duration 0.02238 s
[MAC 2] ACK transmitted in aggregate dest=1 seq=3 txCount=5/5
[MAC 2] Remove ACK after OPNET resend limit dest=1 seq=3
[MAC 2] OPNET aggregate transmitted segments=1 ackSegments=1 dataSegments=0 bytes=46 rate=128
[t=5.08064] RX SYNC at node 1 from node 2 seq 3 power -2.12777 dBm noise -106.975 dBm snr 104.847 dB state=1
[t=5.08727] MAC 1 enters Track on node 2 seq 3 power -2.12777 dBm
[MAC 2] post-TX WAIT_FOR_ACK until 22.103 (POST_TX_WAIT=17 s)
[t=5.10302] RX at node 1 from node 2 seq 3 rate 128 kbps txPower 0 dBm preamble SHORT pathloss 2.12777 dB snr 104.847 dB (slot 9, len 46B, ackable=0)
[MAC 1] Learned neighbor 2 uses slot 9 (rtCounter=9)
[HOP 1] RX ACK from 2 seq=3
[NWK 1] CheckNwkQueue: size=0
[MAC 1] rtslot_counter expired for neighbor 2 reserveSlot=9
[MAC 2] local advertised reservation expired
[MAC] Enqueue TX pkt dscp=5 insert_pos=0 queue_size_before=0
[MAC 0] PickTxSlot(dest=1) active_nodes_for_slotting=1 opnet_slot_range=18
[MAC 0] PickTxSlot(dest=1) avoid:
[MAC 0] PickTxSlot chose 9 using OPNET free-slot ordinal range [1,18]
[MAC 0] starts Pre-Tx with new slot=9 holdoff_over=1
[MAC 0] PickTxSlot(dest=1) active_nodes_for_slotting=1 opnet_slot_range=18
[MAC 0] PickTxSlot(dest=1) avoid:
[MAC 0] PickTxSlot chose 6 using OPNET free-slot ordinal range [1,18]
[MAC 0] TX opportunity reached currentSlot=9 reserveNextSlot=6
... type=0 speedKey=128[t=6.422] TX from node 0 to dest 1 seq 4 size 137 bytes segments 1 at slot 6 rate 128 kbps txPower 0 dBm (133333 bps) preamble SHORT duration 0.02784 s
[HOP 0] MAC sent confirmation dest=1 seq=4 transmission=2 sentAt=6.422
[MAC 0] OPNET aggregate transmitted segments=1 ackSegments=0 dataSegments=1 bytes=137 rate=128
[t=6.422] RX SYNC at node 1 from node 0 seq 4 power -2.12777 dBm noise -106.975 dBm snr 104.847 dB state=1
[t=6.42863] MAC 1 enters Track on node 0 seq 4 power -2.12777 dBm
[MAC 0] post-TX WAIT_FOR_ACK until 23.4498 (POST_TX_WAIT=17 s)
[t=6.44984] RX at node 1 from node 0 seq 4 rate 128 kbps txPower 0 dBm preamble SHORT pathloss 2.12777 dB snr 104.847 dB (slot 6, len 137B, ackable=1)
[MAC 1] Learned neighbor 0 uses slot 6 (rtCounter=6)
[HOP 1] RX authenticated Pairwise16 DATA from=0 keyId=1 keySeq=5
[HOP 1] link_control dest=0 neighborKnown=1 s0=-105 pathloss=2.12777 failures=0 speed=128 txPower=0 rxPower=-105 cost=29
[NWK 1] Updated reverse path netSrc=0 reverseHop=0
[MAC 1] Enqueue ACK dest=0 seq=4 window=1 ack_queue_size=1
[MAC 1] PickTxSlot(dest=0) active_nodes_for_slotting=1 opnet_slot_range=18
[MAC 1] avoiding neighbor 0 currentReservedSlot=6 rtslot_counter=6
[MAC 1] PickTxSlot(dest=0) avoid: 6
[MAC 1] PickTxSlot chose 13 using OPNET free-slot ordinal range [1,18]
[MAC 1] starts Pre-Tx with new slot=13 holdoff_over=1
[NWK 1] CheckNwkQueue: size=1
[HOP 1] CanSendToHop dest=2 outstanding=0 threshold=1 effectiveWindow=2 pendingData=0 globalLimit=16 neighborOK=1 nodeOK=1 -> YES
[HOP 1] link_control dest=2 neighborKnown=1 s0=-105 pathloss=2.12777 failures=0 speed=128 txPower=0 rxPower=-105 cost=29
[HOP 1] Pending DATA increment dest=2 pending=1
[HOP 1] TX Pairwise16 DATA neighbor=2 hopSeq=4 securityCount=1
[MAC] Enqueue TX pkt dscp=5 insert_pos=0 queue_size_before=0
[MAC 1] rtslot_counter expired for neighbor 0 reserveSlot=6
[MAC 0] local advertised reservation expired
[MAC 1] PickTxSlot(dest=0) active_nodes_for_slotting=1 opnet_slot_range=18
[MAC 1] PickTxSlot(dest=0) avoid:
[MAC 1] PickTxSlot chose 12 using OPNET free-slot ordinal range [1,18]
[MAC 1] TX opportunity reached currentSlot=13 reserveNextSlot=12
... type=1 speedKey=128[t=6.62486] TX from node 1 to dest 0 seq 4 size 183 bytes segments 2 at slot 12 rate 128 kbps txPower 0 dBm (133333 bps) preamble SHORT duration 0.0306 s
[HOP 1] MAC sent confirmation dest=2 seq=4 transmission=1 sentAt=6.62486
[MAC 1] ACK transmitted in aggregate dest=0 seq=4 txCount=1/5
[MAC 1] OPNET aggregate transmitted segments=2 ackSegments=1 dataSegments=1 bytes=183 rate=128
[t=6.62486] RX SYNC at node 0 from node 1 seq 4 power -2.12777 dBm noise -106.975 dBm snr 104.847 dB state=1
[t=6.62486] RX SYNC at node 2 from node 1 seq 4 power -2.12777 dBm noise -106.975 dBm snr 104.847 dB state=1
[t=6.63149] MAC 0 enters Track on node 1 seq 4 power -2.12777 dBm
[t=6.63149] MAC 2 enters Track on node 1 seq 4 power -2.12777 dBm
[MAC 1] resumes Pre-Tx with live slot=12 counter=12
[t=6.65546] RX at node 0 from node 1 seq 4 rate 128 kbps txPower 0 dBm preamble SHORT pathloss 2.12777 dB snr 104.847 dB (slot 12, len 183B, ackable=1)
[MAC 0] Learned neighbor 1 uses slot 12 (rtCounter=12)
[HOP 0] RX ACK from 1 seq=4
[HOP 0] Pending DATA decrement reason=ACK neighbor=1 pending=0
[HOP 0] Adaptive flow threshold increased neighbor=1 old=0 new=1 effectiveWindow=2
[NWK 0] NSDP(0->2) decremented to 0
[NWK 0] HOP completion released NSDP slot; awaiting HOP queue wake flow=0->2
[HOP 0] Overheard frame from 1 for 2 type=0 ignored after neighbor update
[t=6.65546] RX at node 2 from node 1 seq 4 rate 128 kbps txPower 0 dBm preamble SHORT pathloss 2.12777 dB snr 104.847 dB (slot 12, len 183B, ackable=1)
[MAC 2] Learned neighbor 1 uses slot 12 (rtCounter=12)
[HOP 2] Overheard frame from 1 for 0 type=1 ignored after neighbor update
[HOP 2] RX authenticated Pairwise16 DATA from=1 keyId=1 keySeq=5
[HOP 2] link_control dest=1 neighborKnown=1 s0=-105 pathloss=2.12777 failures=0 speed=128 txPower=0 rxPower=-105 cost=29
[MAC 2] Enqueue ACK dest=1 seq=4 window=1 ack_queue_size=1
[NWK 2] Updated reverse path netSrc=0 reverseHop=1
[MAC 2] PickTxSlot(dest=1) active_nodes_for_slotting=1 opnet_slot_range=18
[MAC 2] avoiding neighbor 1 currentReservedSlot=12 rtslot_counter=12
[MAC 2] PickTxSlot(dest=1) avoid: 12
[MAC 2] PickTxSlot chose 19 using OPNET free-slot ordinal range [1,18]
[MAC 2] starts Pre-Tx with new slot=19 holdoff_over=1
[NWK 0] CheckNwkQueue: size=0
[MAC 0] rtslot_counter expired for neighbor 1 reserveSlot=12
[MAC 1] PickTxSlot(dest=0) active_nodes_for_slotting=1 opnet_slot_range=18
[MAC 1] PickTxSlot(dest=0) avoid:
[MAC 1] PickTxSlot chose 11 using OPNET free-slot ordinal range [1,18]
[MAC 1] TX opportunity reached currentSlot=12 reserveNextSlot=11
... type=1 speedKey=128[t=6.81986] TX from node 1 to dest 0 seq 4 size 46 bytes segments 1 at slot 11 rate 128 kbps txPower 0 dBm (133333 bps) preamble SHORT duration 0.02238 s
[MAC 1] ACK transmitted in aggregate dest=0 seq=4 txCount=2/5
[MAC 1] OPNET aggregate transmitted segments=1 ackSegments=1 dataSegments=0 bytes=46 rate=128
[t=6.81986] RX SYNC at node 0 from node 1 seq 4 power -2.12777 dBm noise -106.975 dBm snr 104.847 dB state=1
[t=6.81986] RX SYNC at node 2 from node 1 seq 4 power -2.12777 dBm noise -106.975 dBm snr 104.847 dB state=1
[t=6.82649] MAC 0 enters Track on node 1 seq 4 power -2.12777 dBm
[t=6.82649] MAC 2 enters Track on node 1 seq 4 power -2.12777 dBm
[MAC 1] resumes Pre-Tx with live slot=11 counter=11
[t=6.84224] RX at node 0 from node 1 seq 4 rate 128 kbps txPower 0 dBm preamble SHORT pathloss 2.12777 dB snr 104.847 dB (slot 11, len 46B, ackable=0)
[MAC 0] Learned neighbor 1 uses slot 11 (rtCounter=11)
[HOP 0] RX ACK from 1 seq=4
[t=6.84224] RX OVERHEARD at node 2 from node 1 seq 4 rate 128 kbps txPower 0 dBm preamble SHORT pathloss 2.12777 dB snr 104.847 dB (slot 11, len 46B, ackable=0)
[MAC 2] Learned neighbor 1 uses slot 11 (rtCounter=11)
[HOP 2] Overheard frame from 1 for 0 type=1 ignored after neighbor update
[NWK 0] CheckNwkQueue: size=0
[MAC 2] PickTxSlot(dest=1) active_nodes_for_slotting=1 opnet_slot_range=18
[MAC 2] avoiding neighbor 1 currentReservedSlot=3 rtslot_counter=3
[MAC 2] PickTxSlot(dest=1) avoid: 3
[MAC 2] PickTxSlot chose 12 using OPNET free-slot ordinal range [1,18]
[MAC 2] TX opportunity reached currentSlot=19 reserveNextSlot=12
... type=1 speedKey=128[t=6.93964] TX from node 2 to dest 1 seq 4 size 46 bytes segments 1 at slot 12 rate 128 kbps txPower 0 dBm (133333 bps) preamble SHORT duration 0.02238 s
[MAC 2] ACK transmitted in aggregate dest=1 seq=4 txCount=1/5
[MAC 2] OPNET aggregate transmitted segments=1 ackSegments=1 dataSegments=0 bytes=46 rate=128
[t=6.93964] RX SYNC at node 1 from node 2 seq 4 power -2.12777 dBm noise -106.975 dBm snr 104.847 dB state=1
[t=6.94627] MAC 1 enters Track on node 2 seq 4 power -2.12777 dBm
[MAC 2] resumes Pre-Tx with live slot=12 counter=12
[t=6.96202] RX at node 1 from node 2 seq 4 rate 128 kbps txPower 0 dBm preamble SHORT pathloss 2.12777 dB snr 104.847 dB (slot 12, len 46B, ackable=0)
[MAC 1] Learned neighbor 2 uses slot 12 (rtCounter=12)
[HOP 1] RX ACK from 2 seq=4
[HOP 1] Pending DATA decrement reason=ACK neighbor=2 pending=0
[NWK 1] NSDP(0->2) decremented to 0
[NWK 1] HOP completion released NSDP slot; awaiting HOP queue wake flow=0->2
[NWK 1] CheckNwkQueue: size=0
[MAC 0] rtslot_counter expired for neighbor 1 reserveSlot=11
[MAC 1] PickTxSlot(dest=0) active_nodes_for_slotting=1 opnet_slot_range=18
[MAC 1] avoiding neighbor 2 currentReservedSlot=8 rtslot_counter=8
[MAC 1] PickTxSlot(dest=0) avoid: 8
[MAC 1] PickTxSlot chose 4 using OPNET free-slot ordinal range [1,18]
[MAC 1] TX opportunity reached currentSlot=11 reserveNextSlot=4
... type=1 speedKey=128[t=7.00186] TX from node 1 to dest 0 seq 4 size 46 bytes segments 1 at slot 4 rate 128 kbps txPower 0 dBm (133333 bps) preamble SHORT duration 0.02238 s
[MAC 1] ACK transmitted in aggregate dest=0 seq=4 txCount=3/5
[MAC 1] OPNET aggregate transmitted segments=1 ackSegments=1 dataSegments=0 bytes=46 rate=128
[t=7.00186] RX SYNC at node 0 from node 1 seq 4 power -2.12777 dBm noise -106.975 dBm snr 104.847 dB state=1
[t=7.00186] RX SYNC at node 2 from node 1 seq 4 power -2.12777 dBm noise -106.975 dBm snr 104.847 dB state=1
[t=7.00849] MAC 0 enters Track on node 1 seq 4 power -2.12777 dBm
[t=7.00849] MAC 2 enters Track on node 1 seq 4 power -2.12777 dBm
[MAC 1] resumes Pre-Tx with live slot=4 counter=4
[t=7.02424] RX at node 0 from node 1 seq 4 rate 128 kbps txPower 0 dBm preamble SHORT pathloss 2.12777 dB snr 104.847 dB (slot 4, len 46B, ackable=0)
[MAC 0] Learned neighbor 1 uses slot 4 (rtCounter=4)
[HOP 0] RX ACK from 1 seq=4
[t=7.02424] RX OVERHEARD at node 2 from node 1 seq 4 rate 128 kbps txPower 0 dBm preamble SHORT pathloss 2.12777 dB snr 104.847 dB (slot 4, len 46B, ackable=0)
[MAC 2] Learned neighbor 1 uses slot 4 (rtCounter=4)
[HOP 2] Overheard frame from 1 for 0 type=1 ignored after neighbor update
[NWK 0] CheckNwkQueue: size=0
[MAC 1] PickTxSlot(dest=0) active_nodes_for_slotting=1 opnet_slot_range=18
[MAC 1] avoiding neighbor 2 currentReservedSlot=3 rtslot_counter=3
[MAC 1] PickTxSlot(dest=0) avoid: 3
[MAC 1] PickTxSlot chose 18 using OPNET free-slot ordinal range [1,18]
[MAC 1] TX opportunity reached currentSlot=4 reserveNextSlot=18
... type=1 speedKey=128[t=7.07986] TX from node 1 to dest 0 seq 4 size 46 bytes segments 1 at slot 18 rate 128 kbps txPower 0 dBm (133333 bps) preamble SHORT duration 0.02238 s
[MAC 1] ACK transmitted in aggregate dest=0 seq=4 txCount=4/5
[MAC 1] OPNET aggregate transmitted segments=1 ackSegments=1 dataSegments=0 bytes=46 rate=128
[t=7.07986] RX SYNC at node 0 from node 1 seq 4 power -2.12777 dBm noise -106.975 dBm snr 104.847 dB state=1
[t=7.07986] RX SYNC at node 2 from node 1 seq 4 power -2.12777 dBm noise -106.975 dBm snr 104.847 dB state=1
[t=7.08649] MAC 0 enters Track on node 1 seq 4 power -2.12777 dBm
[t=7.08649] MAC 2 enters Track on node 1 seq 4 power -2.12777 dBm
[MAC 1] resumes Pre-Tx with live slot=18 counter=18
[t=7.10224] RX at node 0 from node 1 seq 4 rate 128 kbps txPower 0 dBm preamble SHORT pathloss 2.12777 dB snr 104.847 dB (slot 18, len 46B, ackable=0)
[MAC 0] Learned neighbor 1 uses slot 18 (rtCounter=18)
[HOP 0] RX ACK from 1 seq=4
[t=7.10224] RX OVERHEARD at node 2 from node 1 seq 4 rate 128 kbps txPower 0 dBm preamble SHORT pathloss 2.12777 dB snr 104.847 dB (slot 18, len 46B, ackable=0)
[MAC 2] Learned neighbor 1 uses slot 18 (rtCounter=18)
[HOP 2] Overheard frame from 1 for 0 type=1 ignored after neighbor update
[NWK 0] CheckNwkQueue: size=0
[MAC 1] rtslot_counter expired for neighbor 2 reserveSlot=12
[MAC 2] PickTxSlot(dest=1) active_nodes_for_slotting=1 opnet_slot_range=18
[MAC 2] avoiding neighbor 1 currentReservedSlot=12 rtslot_counter=12
[MAC 2] PickTxSlot(dest=1) avoid: 12
[MAC 2] PickTxSlot chose 11 using OPNET free-slot ordinal range [1,18]
[MAC 2] TX opportunity reached currentSlot=12 reserveNextSlot=11
... type=1 speedKey=128[t=7.17364] TX from node 2 to dest 1 seq 4 size 46 bytes segments 1 at slot 11 rate 128 kbps txPower 0 dBm (133333 bps) preamble SHORT duration 0.02238 s
[MAC 2] ACK transmitted in aggregate dest=1 seq=4 txCount=2/5
[MAC 2] OPNET aggregate transmitted segments=1 ackSegments=1 dataSegments=0 bytes=46 rate=128
[t=7.17364] RX SYNC at node 1 from node 2 seq 4 power -2.12777 dBm noise -106.975 dBm snr 104.847 dB state=1
[t=7.18027] MAC 1 enters Track on node 2 seq 4 power -2.12777 dBm
[MAC 2] resumes Pre-Tx with live slot=11 counter=11
[t=7.19602] RX at node 1 from node 2 seq 4 rate 128 kbps txPower 0 dBm preamble SHORT pathloss 2.12777 dB snr 104.847 dB (slot 11, len 46B, ackable=0)
[MAC 1] Learned neighbor 2 uses slot 11 (rtCounter=11)
[HOP 1] RX ACK from 2 seq=4
[NWK 1] CheckNwkQueue: size=0
[MAC 1] rtslot_counter expired for neighbor 2 reserveSlot=11
[MAC 2] PickTxSlot(dest=1) active_nodes_for_slotting=1 opnet_slot_range=18
[MAC 2] avoiding neighbor 1 currentReservedSlot=0 rtslot_counter=0
[MAC 2] PickTxSlot(dest=1) avoid:
[MAC 2] PickTxSlot chose 3 using OPNET free-slot ordinal range [1,18]
[MAC 2] TX opportunity reached currentSlot=11 reserveNextSlot=3
... type=1 speedKey=128[t=7.34264] TX from node 2 to dest 1 seq 4 size 46 bytes segments 1 at slot 3 rate 128 kbps txPower 0 dBm (133333 bps) preamble SHORT duration 0.02238 s
[MAC 2] ACK transmitted in aggregate dest=1 seq=4 txCount=3/5
[MAC 2] OPNET aggregate transmitted segments=1 ackSegments=1 dataSegments=0 bytes=46 rate=128
[t=7.34264] RX SYNC at node 1 from node 2 seq 4 power -2.12777 dBm noise -106.975 dBm snr 104.847 dB state=1
[MAC 0] rtslot_counter expired for neighbor 1 reserveSlot=18
[t=7.34927] MAC 1 enters Track on node 2 seq 4 power -2.12777 dBm
[MAC 2] resumes Pre-Tx with live slot=3 counter=3
[t=7.36502] RX at node 1 from node 2 seq 4 rate 128 kbps txPower 0 dBm preamble SHORT pathloss 2.12777 dB snr 104.847 dB (slot 3, len 46B, ackable=0)
[MAC 1] Learned neighbor 2 uses slot 3 (rtCounter=3)
[HOP 1] RX ACK from 2 seq=4
[NWK 1] CheckNwkQueue: size=0
[MAC 1] PickTxSlot(dest=0) active_nodes_for_slotting=1 opnet_slot_range=18
[MAC 1] avoiding neighbor 2 currentReservedSlot=2 rtslot_counter=2
[MAC 1] PickTxSlot(dest=0) avoid: 2
[MAC 1] PickTxSlot chose 19 using OPNET free-slot ordinal range [1,18]
[MAC 1] TX opportunity reached currentSlot=18 reserveNextSlot=19
... type=1 speedKey=128[t=7.36586] TX from node 1 to dest 0 seq 4 size 46 bytes segments 1 at slot 19 rate 128 kbps txPower 0 dBm (133333 bps) preamble SHORT duration 0.02238 s
[MAC 1] ACK transmitted in aggregate dest=0 seq=4 txCount=5/5
[MAC 1] Remove ACK after OPNET resend limit dest=0 seq=4
[MAC 1] OPNET aggregate transmitted segments=1 ackSegments=1 dataSegments=0 bytes=46 rate=128
[t=7.36586] RX SYNC at node 0 from node 1 seq 4 power -2.12777 dBm noise -106.975 dBm snr 104.847 dB state=1
[t=7.36586] RX SYNC at node 2 from node 1 seq 4 power -2.12777 dBm noise -106.975 dBm snr 104.847 dB state=1
[t=7.37249] MAC 0 enters Track on node 1 seq 4 power -2.12777 dBm
[t=7.37249] MAC 2 enters Track on node 1 seq 4 power -2.12777 dBm
[MAC 1] post-TX WAIT_FOR_ACK until 24.3882 (POST_TX_WAIT=17 s)
[t=7.38824] RX at node 0 from node 1 seq 4 rate 128 kbps txPower 0 dBm preamble SHORT pathloss 2.12777 dB snr 104.847 dB (slot 19, len 46B, ackable=0)
[MAC 0] Learned neighbor 1 uses slot 19 (rtCounter=19)
[HOP 0] RX ACK from 1 seq=4
[t=7.38824] RX OVERHEARD at node 2 from node 1 seq 4 rate 128 kbps txPower 0 dBm preamble SHORT pathloss 2.12777 dB snr 104.847 dB (slot 19, len 46B, ackable=0)
[MAC 2] Learned neighbor 1 uses slot 19 (rtCounter=19)
[HOP 2] Overheard frame from 1 for 0 type=1 ignored after neighbor update
[NWK 0] CheckNwkQueue: size=0
[MAC 1] rtslot_counter expired for neighbor 2 reserveSlot=3
[MAC 2] PickTxSlot(dest=1) active_nodes_for_slotting=1 opnet_slot_range=18
[MAC 2] avoiding neighbor 1 currentReservedSlot=15 rtslot_counter=15
[MAC 2] PickTxSlot(dest=1) avoid: 15
[MAC 2] PickTxSlot chose 3 using OPNET free-slot ordinal range [1,18]
[MAC 2] TX opportunity reached currentSlot=3 reserveNextSlot=3
... type=1 speedKey=128[t=7.43364] TX from node 2 to dest 1 seq 4 size 46 bytes segments 1 at slot 3 rate 128 kbps txPower 0 dBm (133333 bps) preamble SHORT duration 0.02238 s
[MAC 2] ACK transmitted in aggregate dest=1 seq=4 txCount=4/5
[MAC 2] OPNET aggregate transmitted segments=1 ackSegments=1 dataSegments=0 bytes=46 rate=128
[t=7.43364] RX SYNC at node 1 from node 2 seq 4 power -2.12777 dBm noise -106.975 dBm snr 104.847 dB state=1
[t=7.44027] MAC 1 enters Track on node 2 seq 4 power -2.12777 dBm
[MAC 2] resumes Pre-Tx with live slot=3 counter=3
[t=7.45602] RX at node 1 from node 2 seq 4 rate 128 kbps txPower 0 dBm preamble SHORT pathloss 2.12777 dB snr 104.847 dB (slot 3, len 46B, ackable=0)
[MAC 1] Learned neighbor 2 uses slot 3 (rtCounter=3)
[HOP 1] RX ACK from 2 seq=4
[NWK 1] CheckNwkQueue: size=0
[MAC 1] rtslot_counter expired for neighbor 2 reserveSlot=3
[MAC 2] PickTxSlot(dest=1) active_nodes_for_slotting=1 opnet_slot_range=18
[MAC 2] avoiding neighbor 1 currentReservedSlot=11 rtslot_counter=11
[MAC 2] PickTxSlot(dest=1) avoid: 11
[MAC 2] PickTxSlot chose 6 using OPNET free-slot ordinal range [1,18]
[MAC 2] TX opportunity reached currentSlot=3 reserveNextSlot=6
... type=1 speedKey=128[t=7.49864] TX from node 2 to dest 1 seq 4 size 46 bytes segments 1 at slot 6 rate 128 kbps txPower 0 dBm (133333 bps) preamble SHORT duration 0.02238 s
[MAC 2] ACK transmitted in aggregate dest=1 seq=4 txCount=5/5
[MAC 2] Remove ACK after OPNET resend limit dest=1 seq=4
[MAC 2] OPNET aggregate transmitted segments=1 ackSegments=1 dataSegments=0 bytes=46 rate=128
[t=7.49864] RX SYNC at node 1 from node 2 seq 4 power -2.12777 dBm noise -106.975 dBm snr 104.847 dB state=1
[t=7.50527] MAC 1 enters Track on node 2 seq 4 power -2.12777 dBm
[MAC 2] post-TX WAIT_FOR_ACK until 24.521 (POST_TX_WAIT=17 s)
[t=7.52102] RX at node 1 from node 2 seq 4 rate 128 kbps txPower 0 dBm preamble SHORT pathloss 2.12777 dB snr 104.847 dB (slot 6, len 46B, ackable=0)
[MAC 1] Learned neighbor 2 uses slot 6 (rtCounter=6)
[HOP 1] RX ACK from 2 seq=4
[NWK 1] CheckNwkQueue: size=0
[MAC 1] rtslot_counter expired for neighbor 2 reserveSlot=6
[MAC 2] local advertised reservation expired
[MAC 0] rtslot_counter expired for neighbor 1 reserveSlot=19
[MAC 1] local advertised reservation expired
[MAC 2] rtslot_counter expired for neighbor 1 reserveSlot=19
PASS: NWK/HOP integration parity test
