Tranche 23: controlled receiver-pressure and ACK/DACK diagnostic.
All 390 accepted T22 sources are unchanged. No campus run.
Running 79 focused test methods.
Running TestReceiverFeedbackContract
.......... ..
Done TestReceiverFeedbackContract
__________

Running TestHopLayer
.......... .......... .
Done TestHopLayer
__________

Running TestNwkLayer
.......... .......... .......... .
Done TestNwkLayer
__________

Running TestRelayContract
.......... ..
Done TestRelayContract
__________

Running TestMacHopCustody
...
Done TestMacHopCustody
__________

Replaying the frozen action sequence against native reference states.
