-- Using default output directory /workspace/scratch/9025d0c81d32/ns3-engine-t1/build
-- Proceeding without cmake-format
-- Python: development libraries were not found
-- Boost was not found
-- docs: doxygen documentation not enabled due to missing dependencies: doxygen;dot;dia
-- Failed to locate sphinx-build executable (missing: SPHINX_EXECUTABLE) 
-- docs: sphinx documentation not enabled due to missing dependencies: Sphinx;epstopdf;dvipng;dia
-- Processing contrib/csr
-- Processing src/core
-- Boost Units are an optional feature of length.cc. Ubuntu ships it within the libboost-dev package. You may need to clean up the CMake cache after installing it to pass this check.
-- Processing src/network
-- Processing src/stats
-- Processing src/spectrum
-- Sionna supports requires extra dependencies: cppyy;sionna.rt;pybind11
-- Processing src/propagation
-- Processing src/mobility
-- Processing src/antenna
-- Standard library Bessel function has been found
-- Processing src/buildings
-- ---- Summary of ns-3 settings:
Build profile                 : debug
Build directory               : /workspace/scratch/9025d0c81d32/ns3-engine-t1/build
Build with runtime asserts    : ON
Build with runtime logging    : ON
Build version embedding       : OFF (not requested)
BRITE Integration             : OFF (missing dependency)
DES Metrics event collection  : OFF (not requested)
DPDK NetDevice                : OFF (not requested)
Emulation FdNetDevice         : OFF (missing dependency)
Examples                      : OFF (not requested)
File descriptor NetDevice     : OFF (missing dependency)
GNU Scientific Library (GSL)  : OFF (GSL was not found)
GtkConfigStore                : OFF (Harfbuzz is required by GTK3 and was not found)
LibXml2 support               : OFF (LibXML2 was not found)
MPI Support                   : OFF (not requested)
ns-3 Click Integration        : OFF (missing dependency)
ns-3 OpenFlow Integration     : OFF (missing dependency)
Netmap emulation FdNetDevice  : OFF (missing dependency)
PyViz visualizer              : OFF (Python Bindings are disabled)
Python Bindings               : OFF (not requested)
SQLite support                : OFF (missing dependency)
Eigen3 support                : OFF (Eigen was not found)
Tap Bridge                    : ON
Tap FdNetDevice               : OFF (missing dependency)
Tests                         : OFF (not requested)


Modules configured to be built:
antenna                   buildings                 core                      
csr                       mobility                  network                   
propagation               spectrum                  stats                     



-- Configuring done (0.3s)
-- Generating done (0.1s)
-- Build files have been written to: /workspace/scratch/9025d0c81d32/ns3-engine-t1/cmake-cache
