[MAC] Enqueue TX pkt dscp=7 insert_pos=0 queue_size_before=0
[MAC] Enqueue TX pkt dscp=7 insert_pos=1 queue_size_before=1
[MAC] Enqueue TX pkt dscp=7 insert_pos=2 queue_size_before=2
[HOP 1] link_control dest=2 neighborKnown=0 speed=8 txPower=30 rxPower=-105
[HOP 1] Pending DATA increment dest=2 pending=1
[HOP 1] TX Pairwise16 DATA neighbor=2 hopSeq=1 securityCount=1
[MAC] Enqueue TX pkt dscp=5 insert_pos=3 queue_size_before=3
[MAC 1] PickTxSlot(dest=2) active_nodes_for_slotting=1 opnet_slot_range=18
[MAC 1] PickTxSlot(dest=2) avoid:
[MAC 1] PickTxSlot chose 17 using OPNET free-slot ordinal range [1,18]
[MAC 1] starts Pre-Tx with new slot=17 holdoff_over=0
[MAC 1] OPNET 300-ms transmit holdoff complete
[MAC 1] PickTxSlot(dest=2) active_nodes_for_slotting=1 opnet_slot_range=18
[MAC 1] PickTxSlot(dest=2) avoid:
[MAC 1] PickTxSlot chose 18 using OPNET free-slot ordinal range [1,18]
[MAC 1] TX opportunity reached currentSlot=17 reserveNextSlot=18
... type=0 speedKey=8[t=0.533] TX from node 1 to dest 2 seq 100 size 225 bytes segments 1 at slot 18 rate 8 kbps txPower 0 dBm (7843.14 bps) preamble LONG duration 1.24542 s
[MAC 1] OPNET aggregate transmitted segments=1 ackSegments=0 dataSegments=1 bytes=225 rate=8
[MAC 1] resumes Pre-Tx with live slot=18 counter=18
[MAC 1] PickTxSlot(dest=2) active_nodes_for_slotting=1 opnet_slot_range=18
[MAC 1] PickTxSlot(dest=2) avoid:
[MAC 1] PickTxSlot chose 12 using OPNET free-slot ordinal range [1,18]
[MAC 1] TX opportunity reached currentSlot=18 reserveNextSlot=12
... type=0 speedKey=8[t=2.015] TX from node 1 to dest 2 seq 101 size 225 bytes segments 1 at slot 12 rate 8 kbps txPower 0 dBm (7843.14 bps) preamble LONG duration 1.24542 s
[MAC 1] OPNET aggregate transmitted segments=1 ackSegments=0 dataSegments=1 bytes=225 rate=8
[MAC 1] resumes Pre-Tx with live slot=12 counter=12
[MAC 1] PickTxSlot(dest=2) active_nodes_for_slotting=1 opnet_slot_range=18
[MAC 1] PickTxSlot(dest=2) avoid:
[MAC 1] PickTxSlot chose 12 using OPNET free-slot ordinal range [1,18]
[MAC 1] TX opportunity reached currentSlot=12 reserveNextSlot=12
... type=0 speedKey=8[t=3.419] TX from node 1 to dest 2 seq 102 size 225 bytes segments 1 at slot 12 rate 8 kbps txPower 0 dBm (7843.14 bps) preamble LONG duration 1.24542 s
[MAC 1] OPNET aggregate transmitted segments=1 ackSegments=0 dataSegments=1 bytes=225 rate=8
[MAC 1] resumes Pre-Tx with live slot=12 counter=12
[MAC 1] PickTxSlot(dest=2) active_nodes_for_slotting=1 opnet_slot_range=18
[MAC 1] PickTxSlot(dest=2) avoid:
[MAC 1] PickTxSlot chose 13 using OPNET free-slot ordinal range [1,18]
[MAC 1] TX opportunity reached currentSlot=12 reserveNextSlot=13
... type=0 speedKey=8[t=4.823] TX from node 1 to dest 2 seq 1 size 69 bytes segments 1 at slot 13 rate 8 kbps txPower 30 dBm (7843.14 bps) preamble LONG duration 1.0863 s
[HOP 1] MAC sent confirmation dest=2 seq=1 transmission=1 sentAt=4.823
[MAC 1] OPNET aggregate transmitted segments=1 ackSegments=0 dataSegments=1 bytes=69 rate=8
[MAC 1] post-TX WAIT_FOR_ACK until 22.9093 (POST_TX_WAIT=17 s)
[MAC 1] local advertised reservation expired
[MAC] Enqueue TX pkt dscp=5 insert_pos=0 queue_size_before=0
[MAC 1] PickTxSlot(dest=2) active_nodes_for_slotting=1 opnet_slot_range=18
[MAC 1] PickTxSlot(dest=2) avoid:
[MAC 1] PickTxSlot chose 2 using OPNET free-slot ordinal range [1,18]
[MAC 1] starts Pre-Tx with new slot=2 holdoff_over=1
[MAC 1] PickTxSlot(dest=2) active_nodes_for_slotting=1 opnet_slot_range=18
[MAC 1] PickTxSlot(dest=2) avoid:
[MAC 1] PickTxSlot chose 4 using OPNET free-slot ordinal range [1,18]
[MAC 1] TX opportunity reached currentSlot=2 reserveNextSlot=4
... type=0 speedKey=8[t=6.864] TX from node 1 to dest 2 seq 1 size 69 bytes segments 1 at slot 4 rate 8 kbps txPower 30 dBm (7843.14 bps) preamble LONG duration 1.0863 s
[HOP 1] MAC sent confirmation dest=2 seq=1 transmission=2 sentAt=6.864
[MAC 1] OPNET aggregate transmitted segments=1 ackSegments=0 dataSegments=1 bytes=69 rate=8
[MAC 1] post-TX WAIT_FOR_ACK until 24.9503 (POST_TX_WAIT=17 s)
[MAC 1] local advertised reservation expired
[MAC] Enqueue TX pkt dscp=5 insert_pos=0 queue_size_before=0
[MAC 1] PickTxSlot(dest=2) active_nodes_for_slotting=1 opnet_slot_range=18
[MAC 1] PickTxSlot(dest=2) avoid:
[MAC 1] PickTxSlot chose 11 using OPNET free-slot ordinal range [1,18]
[MAC 1] starts Pre-Tx with new slot=11 holdoff_over=1
[MAC 1] PickTxSlot(dest=2) active_nodes_for_slotting=1 opnet_slot_range=18
[MAC 1] PickTxSlot(dest=2) avoid:
[MAC 1] PickTxSlot chose 6 using OPNET free-slot ordinal range [1,18]
[MAC 1] TX opportunity reached currentSlot=11 reserveNextSlot=6
... type=0 speedKey=8[t=9.022] TX from node 1 to dest 2 seq 1 size 69 bytes segments 1 at slot 6 rate 8 kbps txPower 30 dBm (7843.14 bps) preamble LONG duration 1.0863 s
[HOP 1] MAC sent confirmation dest=2 seq=1 transmission=3 sentAt=9.022
[MAC 1] OPNET aggregate transmitted segments=1 ackSegments=0 dataSegments=1 bytes=69 rate=8
[MAC 1] post-TX WAIT_FOR_ACK until 27.1083 (POST_TX_WAIT=17 s)
[MAC 1] local advertised reservation expired
[HOP 1] Pending DATA decrement reason=no-ACK neighbor=2 pending=0
[HOP 1] link_control dest=2 neighborKnown=0 speed=8 txPower=30 rxPower=-105
[HOP 1] Pending DATA increment dest=2 pending=1
[HOP 1] TX Pairwise16 DATA neighbor=2 hopSeq=1 securityCount=1
[MAC] Enqueue TX pkt dscp=5 insert_pos=0 queue_size_before=0
[MAC 1] Cancel queued acknowledged frame neighbor=2 seq=1 baseSeq=1 windowIndex=0
[HOP 1] MAC sent confirmation dest=2 seq=1 transmission=1 sentAt=0
[MAC 1] OPNET 300-ms transmit holdoff complete
[MAC] Enqueue TX pkt dscp=5 insert_pos=0 queue_size_before=0
[MAC 1] Cancel queued acknowledged frame neighbor=2 seq=1 baseSeq=1 windowIndex=0
[HOP 1] MAC sent confirmation dest=2 seq=1 transmission=2 sentAt=2
[MAC] Enqueue TX pkt dscp=5 insert_pos=0 queue_size_before=0
[MAC 1] Cancel queued acknowledged frame neighbor=2 seq=1 baseSeq=1 windowIndex=0
[HOP 1] MAC sent confirmation dest=2 seq=1 transmission=3 sentAt=4
[HOP 1] Pending DATA decrement reason=no-ACK neighbor=2 pending=0
[HOP 1] link_control dest=2 neighborKnown=0 speed=8 txPower=30 rxPower=-105
[HOP 1] Pending DATA increment dest=2 pending=1
[HOP 1] TX Pairwise16 DATA neighbor=2 hopSeq=1 securityCount=1
[MAC] Enqueue TX pkt dscp=5 insert_pos=0 queue_size_before=0
[MAC 1] Cancel queued acknowledged frame neighbor=2 seq=1 baseSeq=1 windowIndex=0
[HOP 1] MAC sent confirmation dest=2 seq=1 transmission=1 sentAt=0
[MAC 1] OPNET 300-ms transmit holdoff complete
[MAC] Enqueue TX pkt dscp=5 insert_pos=0 queue_size_before=0
[MAC 1] Cancel queued acknowledged frame neighbor=2 seq=1 baseSeq=1 windowIndex=0
[MAC] Enqueue TX pkt dscp=5 insert_pos=0 queue_size_before=0
[HOP 1] link_control dest=4 neighborKnown=0 speed=8 txPower=30 rxPower=-105
[HOP 1] Pending DATA increment dest=4 pending=1
[HOP 1] TX Pairwise16 DATA neighbor=4 hopSeq=1 securityCount=1
[MAC] Enqueue TX pkt dscp=5 insert_pos=0 queue_size_before=0
[MAC 1] Cancel queued acknowledged frame neighbor=4 seq=1 baseSeq=1 windowIndex=0
[HOP 1] link_control dest=2 neighborKnown=0 speed=8 txPower=30 rxPower=-105
[HOP 1] Pending DATA increment dest=2 pending=2
[HOP 1] TX Pairwise16 DATA neighbor=2 hopSeq=1 securityCount=1
[MAC] Enqueue TX pkt dscp=5 insert_pos=0 queue_size_before=0
[MAC 1] Cancel queued acknowledged frame neighbor=2 seq=1 baseSeq=1 windowIndex=0
[HOP 1] MAC sent confirmation dest=2 seq=1 transmission=1 sentAt=0
[MAC 1] OPNET 300-ms transmit holdoff complete
[MAC] Enqueue TX pkt dscp=5 insert_pos=0 queue_size_before=0
[MAC 1] Cancel queued acknowledged frame neighbor=2 seq=1 baseSeq=1 windowIndex=0
[HOP 1] MAC sent confirmation dest=2 seq=1 transmission=2 sentAt=2
[MAC] Enqueue TX pkt dscp=5 insert_pos=0 queue_size_before=0
[MAC 1] Cancel queued acknowledged frame neighbor=2 seq=1 baseSeq=1 windowIndex=0
[HOP 1] MAC sent confirmation dest=2 seq=1 transmission=3 sentAt=4
[HOP 1] MAC sent confirmation dest=4 seq=1 transmission=1 sentAt=6
[HOP 1] Pending DATA decrement reason=no-ACK neighbor=2 pending=1
[MAC] Enqueue TX pkt dscp=5 insert_pos=0 queue_size_before=0
PASS: exact MAC/HOP resend timer and scan-order parity test
