[MAC] Enqueue TX pkt dscp=7 insert_pos=0 queue_size_before=0
[MAC 1] PickTxSlot(dest=2) active_nodes_for_slotting=1 opnet_slot_range=18
[MAC 1] PickTxSlot(dest=2) avoid:
[MAC 1] PickTxSlot chose 13 using OPNET free-slot ordinal range [1,18]
[MAC 1] starts Pre-Tx with new slot=13 holdoff_over=0
[MAC 1] OPNET 300-ms transmit holdoff complete
[MAC 1] PickTxSlot(dest=2) active_nodes_for_slotting=1 opnet_slot_range=18
[MAC 1] PickTxSlot(dest=2) avoid:
[MAC 1] PickTxSlot chose 2 using OPNET free-slot ordinal range [1,18]
[MAC 1] TX opportunity reached currentSlot=13 reserveNextSlot=2
... type=6 speedKey=8[t=0.481] TX from node 1 to dest 2 seq 5 size 19 bytes segments 1 at slot 2 rate 8 kbps txPower 0 dBm (7843.14 bps) preamble SHORT duration 0.04284 s
[MAC 1] OPNET aggregate transmitted segments=1 ackSegments=0 dataSegments=1 bytes=19 rate=8
[t=0.481] RX SYNC at node 2 from node 1 seq 5 power -2.12777 dBm noise -106.975 dBm snr 104.847 dB state=1
[t=0.481] RX SYNC at node 3 from node 1 seq 5 power -2.12777 dBm noise -106.975 dBm snr 104.847 dB state=1
[t=0.48763] MAC 2 enters Track on node 1 seq 5 power -2.12777 dBm
[t=0.48763] MAC 3 enters Track on node 1 seq 5 power -2.12777 dBm
[MAC 1] post-TX WAIT_FOR_ACK until 17.5238 (POST_TX_WAIT=17 s)
[t=0.52384] RX at node 2 from node 1 seq 5 rate 8 kbps txPower 0 dBm preamble SHORT pathloss 2.12777 dB snr 104.847 dB (slot 2, len 19B, ackable=0)
[MAC 2] Ignore first-contact reservation from unknown neighbor 1 slot=2
[t=0.52384] RX at node 3 from node 1 seq 5 rate 8 kbps txPower 0 dBm preamble SHORT pathloss 2.12777 dB snr 104.847 dB (slot 2, len 19B, ackable=0)
[MAC 3] Ignore first-contact reservation from unknown neighbor 1 slot=2
[MAC 1] local advertised reservation expired
[MAC] Enqueue TX pkt dscp=7 insert_pos=0 queue_size_before=0
[MAC] Enqueue TX pkt dscp=6 insert_pos=1 queue_size_before=1
[MAC 1] PickTxSlot(dest=2) active_nodes_for_slotting=1 opnet_slot_range=18
[MAC 1] PickTxSlot(dest=2) avoid:
[MAC 1] PickTxSlot chose 1 using OPNET free-slot ordinal range [1,18]
[MAC 1] starts Pre-Tx with new slot=1 holdoff_over=0
[MAC 1] OPNET 300-ms transmit holdoff complete
[MAC 1] PickTxSlot(dest=2) active_nodes_for_slotting=1 opnet_slot_range=18
[MAC 1] PickTxSlot(dest=2) avoid:
[MAC 1] PickTxSlot chose 8 using OPNET free-slot ordinal range [1,18]
[MAC 1] TX opportunity reached currentSlot=1 reserveNextSlot=8
... type=6 speedKey=8[t=0.325] TX from node 1 to dest 2 seq 10 size 52 bytes segments 2 at slot 8 rate 8 kbps txPower 0 dBm (7843.14 bps) preamble SHORT duration 0.0765 s
[MAC 1] OPNET aggregate transmitted segments=2 ackSegments=0 dataSegments=2 bytes=52 rate=8
[t=0.325] RX SYNC at node 2 from node 1 seq 10 power -2.12777 dBm noise -106.975 dBm snr 104.847 dB state=1
[t=0.325] RX SYNC at node 3 from node 1 seq 10 power -2.12777 dBm noise -106.975 dBm snr 104.847 dB state=1
[t=0.33163] MAC 2 enters Track on node 1 seq 10 power -2.12777 dBm
[t=0.33163] MAC 3 enters Track on node 1 seq 10 power -2.12777 dBm
[MAC 1] post-TX WAIT_FOR_ACK until 17.4015 (POST_TX_WAIT=17 s)
[t=0.4015] RX at node 2 from node 1 seq 10 rate 8 kbps txPower 0 dBm preamble SHORT pathloss 2.12777 dB snr 104.847 dB (slot 8, len 52B, ackable=0)
[MAC 2] Ignore first-contact reservation from unknown neighbor 1 slot=8
[t=0.4015] RX at node 3 from node 1 seq 10 rate 8 kbps txPower 0 dBm preamble SHORT pathloss 2.12777 dB snr 104.847 dB (slot 8, len 52B, ackable=0)
[MAC 3] Ignore first-contact reservation from unknown neighbor 1 slot=8
[MAC 1] local advertised reservation expired
[MAC] Enqueue TX pkt dscp=7 insert_pos=0 queue_size_before=0
[MAC] Enqueue TX pkt dscp=7 insert_pos=1 queue_size_before=1
[MAC 1] PickTxSlot(dest=2) active_nodes_for_slotting=1 opnet_slot_range=18
[MAC 1] PickTxSlot(dest=2) avoid:
[MAC 1] PickTxSlot chose 4 using OPNET free-slot ordinal range [1,18]
[MAC 1] starts Pre-Tx with new slot=4 holdoff_over=0
[MAC 1] OPNET 300-ms transmit holdoff complete
[MAC 1] PickTxSlot(dest=2) active_nodes_for_slotting=1 opnet_slot_range=18
[MAC 1] PickTxSlot(dest=2) avoid:
[MAC 1] PickTxSlot chose 12 using OPNET free-slot ordinal range [1,18]
[MAC 1] TX opportunity reached currentSlot=4 reserveNextSlot=12
... type=0 speedKey=8[t=0.364] TX from node 1 to dest 2 seq 21 size 52 bytes segments 2 at slot 12 rate 8 kbps txPower 0 dBm (7843.14 bps) preamble LONG duration 1.06896 s
[MAC 1] OPNET aggregate transmitted segments=2 ackSegments=0 dataSegments=2 bytes=52 rate=8
[t=0.364] RX SYNC at node 2 from node 1 seq 21 power -2.12777 dBm noise -106.975 dBm snr 104.847 dB state=1
[t=0.364] RX SYNC at node 3 from node 1 seq 21 power -2.12777 dBm noise -106.975 dBm snr 104.847 dB state=1
[t=0.37063] MAC 2 enters Track on node 1 seq 21 power -2.12777 dBm
[t=0.37063] MAC 3 enters Track on node 1 seq 21 power -2.12777 dBm
[MAC 1] post-TX WAIT_FOR_ACK until 18.433 (POST_TX_WAIT=17 s)
[t=1.43296] RX at node 2 from node 1 seq 21 rate 8 kbps txPower 0 dBm preamble LONG pathloss 2.12777 dB snr 104.847 dB (slot 12, len 52B, ackable=0)
[MAC 2] Ignore first-contact reservation from unknown neighbor 1 slot=12
[t=1.43296] RX at node 3 from node 1 seq 21 rate 8 kbps txPower 0 dBm preamble LONG pathloss 2.12777 dB snr 104.847 dB (slot 12, len 52B, ackable=0)
[MAC 3] Ignore first-contact reservation from unknown neighbor 1 slot=12
[MAC 1] local advertised reservation expired
[MAC] Enqueue TX pkt dscp=7 insert_pos=0 queue_size_before=0
[MAC] Enqueue TX pkt dscp=6 insert_pos=1 queue_size_before=1
[MAC 1] PickTxSlot(dest=2) active_nodes_for_slotting=1 opnet_slot_range=18
[MAC 1] PickTxSlot(dest=2) avoid:
[MAC 1] PickTxSlot chose 9 using OPNET free-slot ordinal range [1,18]
[MAC 1] starts Pre-Tx with new slot=9 holdoff_over=0
[MAC 1] OPNET 300-ms transmit holdoff complete
[MAC 1] PickTxSlot(dest=2) active_nodes_for_slotting=1 opnet_slot_range=18
[MAC 1] PickTxSlot(dest=2) avoid:
[MAC 1] PickTxSlot chose 9 using OPNET free-slot ordinal range [1,18]
[MAC 1] TX opportunity reached currentSlot=9 reserveNextSlot=9
... type=0 speedKey=8[t=28.429] TX from node 1 to dest 2 seq 30 size 66 bytes segments 2 at slot 9 rate 8 kbps txPower 0 dBm (7843.14 bps) preamble LONG duration 1.08324 s
[MAC 1] OPNET aggregate transmitted segments=2 ackSegments=0 dataSegments=2 bytes=66 rate=8
[t=28.429] RX SYNC at node 2 from node 1 seq 30 power -2.12777 dBm noise -106.975 dBm snr 104.847 dB state=1
[t=28.429] RX SYNC at node 3 from node 1 seq 30 power -2.12777 dBm noise -106.975 dBm snr 104.847 dB state=1
[t=28.4356] MAC 2 enters Track on node 1 seq 30 power -2.12777 dBm
[t=28.4356] MAC 3 enters Track on node 1 seq 30 power -2.12777 dBm
[MAC 1] post-TX WAIT_FOR_ACK until 46.5122 (POST_TX_WAIT=17 s)
[t=29.5122] RX at node 2 from node 1 seq 30 rate 8 kbps txPower 0 dBm preamble LONG pathloss 2.12777 dB snr 104.847 dB (slot 9, len 66B, ackable=0)
[MAC 2] Ignore first-contact reservation from unknown neighbor 1 slot=9
[t=29.5122] RX at node 3 from node 1 seq 30 rate 8 kbps txPower 0 dBm preamble LONG pathloss 2.12777 dB snr 104.847 dB (slot 9, len 66B, ackable=0)
[MAC 3] Ignore first-contact reservation from unknown neighbor 1 slot=9
[MAC 1] local advertised reservation expired
[MAC] Enqueue TX pkt dscp=7 insert_pos=0 queue_size_before=0
[MAC] Enqueue TX pkt dscp=6 insert_pos=1 queue_size_before=1
[MAC 1] PickTxSlot(dest=2) active_nodes_for_slotting=1 opnet_slot_range=18
[MAC 1] PickTxSlot(dest=2) avoid:
[MAC 1] PickTxSlot chose 4 using OPNET free-slot ordinal range [1,18]
[MAC 1] starts Pre-Tx with new slot=4 holdoff_over=0
[MAC 1] OPNET 300-ms transmit holdoff complete
[MAC 1] PickTxSlot(dest=2) active_nodes_for_slotting=1 opnet_slot_range=18
[MAC 1] PickTxSlot(dest=2) avoid:
[MAC 1] PickTxSlot chose 17 using OPNET free-slot ordinal range [1,18]
[MAC 1] TX opportunity reached currentSlot=4 reserveNextSlot=17
... type=6 speedKey=8[t=0.364] TX from node 1 to dest 2 seq 40 size 52 bytes segments 2 at slot 17 rate 8 kbps txPower 0 dBm (7843.14 bps) preamble SHORT duration 0.0765 s
[MAC 1] OPNET aggregate transmitted segments=2 ackSegments=0 dataSegments=2 bytes=52 rate=8
[t=0.364] RX SYNC at node 2 from node 1 seq 40 power -2.12777 dBm noise -106.975 dBm snr 104.847 dB state=1
[t=0.364] RX SYNC at node 3 from node 1 seq 40 power -2.12777 dBm noise -106.975 dBm snr 104.847 dB state=1
[t=0.37063] MAC 2 enters Track on node 1 seq 40 power -2.12777 dBm
[t=0.37063] MAC 3 enters Track on node 1 seq 40 power -2.12777 dBm
[MAC 1] post-TX WAIT_FOR_ACK until 17.4405 (POST_TX_WAIT=17 s)
[t=0.4405] RX at node 2 from node 1 seq 40 rate 8 kbps txPower 0 dBm preamble SHORT pathloss 2.12777 dB snr 104.847 dB (slot 17, len 52B, ackable=0)
[MAC 2] Ignore first-contact reservation from unknown neighbor 1 slot=17
[t=0.4405] RX at node 3 from node 1 seq 40 rate 8 kbps txPower 0 dBm preamble SHORT pathloss 2.12777 dB snr 104.847 dB (slot 17, len 52B, ackable=0)
[MAC 3] Ignore first-contact reservation from unknown neighbor 1 slot=17
[MAC 1] local advertised reservation expired
[MAC 1] active_nodes set to 1 for local slotting and post-TX wait
[MAC] Enqueue TX pkt dscp=6 insert_pos=0 queue_size_before=0
[MAC 1] Idle queue schedules RTS TSLOT at 0.013
[MAC 1] PickTxSlot(dest=2) active_nodes_for_slotting=1 opnet_slot_range=18
[MAC 1] PickTxSlot(dest=2) avoid:
[MAC 1] PickTxSlot chose 11 using OPNET free-slot ordinal range [1,18]
[MAC 1] starts Pre-Tx with new slot=11 holdoff_over=0
[MAC 1] OPNET 300-ms transmit holdoff complete
[MAC 1] PickTxSlot(dest=2) active_nodes_for_slotting=1 opnet_slot_range=18
[MAC 1] PickTxSlot(dest=2) avoid:
[MAC 1] PickTxSlot chose 13 using OPNET free-slot ordinal range [1,18]
[MAC 1] TX opportunity reached currentSlot=11 reserveNextSlot=13
... type=0 speedKey=8[t=0.468] TX from node 1 to dest 2 seq 55 size 33 bytes segments 1 at slot 13 rate 8 kbps txPower 0 dBm (7843.14 bps) preamble SHORT duration 0.05712 s
[MAC 1] OPNET aggregate transmitted segments=1 ackSegments=0 dataSegments=1 bytes=33 rate=8
[t=0.468] RX SYNC at node 2 from node 1 seq 55 power -2.12777 dBm noise -106.975 dBm snr 104.847 dB state=1
[t=0.468] RX SYNC at node 3 from node 1 seq 55 power -2.12777 dBm noise -106.975 dBm snr 104.847 dB state=1
[t=0.47463] MAC 2 enters Track on node 1 seq 55 power -2.12777 dBm
[t=0.47463] MAC 3 enters Track on node 1 seq 55 power -2.12777 dBm
[MAC 1] post-TX WAIT_FOR_ACK until 17.5251 (POST_TX_WAIT=17 s)
[t=0.52512] RX at node 2 from node 1 seq 55 rate 8 kbps txPower 0 dBm preamble SHORT pathloss 2.12777 dB snr 104.847 dB (slot 13, len 33B, ackable=0)
[MAC 2] Ignore first-contact reservation from unknown neighbor 1 slot=13
[t=0.52512] RX OVERHEARD at node 3 from node 1 seq 55 rate 8 kbps txPower 0 dBm preamble SHORT pathloss 2.12777 dB snr 104.847 dB (slot 13, len 33B, ackable=0)
[MAC 3] Ignore first-contact reservation from unknown neighbor 1 slot=13
[MAC 1] local advertised reservation expired
[MAC 1] active_nodes set to 1 for local slotting and post-TX wait
[MAC 1] max_reported_active_nodes updated to 10
[MAC] Enqueue TX pkt dscp=6 insert_pos=0 queue_size_before=0
[MAC 1] PickTxSlot(dest=2) active_nodes_for_slotting=10 opnet_slot_range=89
[MAC 1] PickTxSlot(dest=2) avoid:
[MAC 1] PickTxSlot chose 6 using OPNET free-slot ordinal range [1,89]
[MAC 1] starts Pre-Tx with new slot=6 holdoff_over=0
[MAC 1] OPNET 300-ms transmit holdoff complete
[MAC 1] PickTxSlot(dest=2) active_nodes_for_slotting=10 opnet_slot_range=89
[MAC 1] PickTxSlot(dest=2) avoid:
[MAC 1] PickTxSlot chose 4 using OPNET free-slot ordinal range [1,89]
[MAC 1] TX opportunity reached currentSlot=6 reserveNextSlot=4
... type=0 speedKey=8[t=18.39] TX from node 1 to dest 2 seq 56 size 33 bytes segments 1 at slot 4 rate 8 kbps txPower 0 dBm (7843.14 bps) preamble LONG duration 1.04958 s
[MAC 1] OPNET aggregate transmitted segments=1 ackSegments=0 dataSegments=1 bytes=33 rate=8
[t=18.39] RX SYNC at node 2 from node 1 seq 56 power -2.12777 dBm noise -106.975 dBm snr 104.847 dB state=1
[t=18.39] RX SYNC at node 3 from node 1 seq 56 power -2.12777 dBm noise -106.975 dBm snr 104.847 dB state=1
[t=18.3966] MAC 2 enters Track on node 1 seq 56 power -2.12777 dBm
[t=18.3966] MAC 3 enters Track on node 1 seq 56 power -2.12777 dBm
[MAC 1] post-TX WAIT_FOR_ACK until 36.4396 (POST_TX_WAIT=17 s)
[t=19.4396] RX at node 2 from node 1 seq 56 rate 8 kbps txPower 0 dBm preamble LONG pathloss 2.12777 dB snr 104.847 dB (slot 4, len 33B, ackable=0)
[MAC 2] Ignore first-contact reservation from unknown neighbor 1 slot=4
[t=19.4396] RX OVERHEARD at node 3 from node 1 seq 56 rate 8 kbps txPower 0 dBm preamble LONG pathloss 2.12777 dB snr 104.847 dB (slot 4, len 33B, ackable=0)
[MAC 3] Ignore first-contact reservation from unknown neighbor 1 slot=4
[MAC 1] local advertised reservation expired
[MAC 1] active_nodes set to 10 for local slotting and post-TX wait
[MAC] Enqueue TX pkt dscp=6 insert_pos=0 queue_size_before=0
[MAC 1] PickTxSlot(dest=2) active_nodes_for_slotting=10 opnet_slot_range=89
[MAC 1] PickTxSlot(dest=2) avoid:
[MAC 1] PickTxSlot chose 82 using OPNET free-slot ordinal range [1,89]
[MAC 1] starts Pre-Tx with new slot=82 holdoff_over=0
[MAC 1] OPNET 300-ms transmit holdoff complete
[MAC 1] PickTxSlot(dest=2) active_nodes_for_slotting=10 opnet_slot_range=89
[MAC 1] PickTxSlot(dest=2) avoid:
[MAC 1] PickTxSlot chose 68 using OPNET free-slot ordinal range [1,89]
[MAC 1] TX opportunity reached currentSlot=82 reserveNextSlot=68
... type=0 speedKey=8[t=29.378] TX from node 1 to dest 2 seq 57 size 33 bytes segments 1 at slot 68 rate 8 kbps txPower 0 dBm (7843.14 bps) preamble SHORT duration 0.05712 s
[MAC 1] OPNET aggregate transmitted segments=1 ackSegments=0 dataSegments=1 bytes=33 rate=8
[t=29.378] RX SYNC at node 2 from node 1 seq 57 power -2.12777 dBm noise -106.975 dBm snr 104.847 dB state=1
[t=29.378] RX SYNC at node 3 from node 1 seq 57 power -2.12777 dBm noise -106.975 dBm snr 104.847 dB state=1
[t=29.3846] MAC 2 enters Track on node 1 seq 57 power -2.12777 dBm
[t=29.3846] MAC 3 enters Track on node 1 seq 57 power -2.12777 dBm
[MAC 1] post-TX WAIT_FOR_ACK until 59.9351 (POST_TX_WAIT=30.5 s)
[t=29.4351] RX at node 2 from node 1 seq 57 rate 8 kbps txPower 0 dBm preamble SHORT pathloss 2.12777 dB snr 104.847 dB (slot 68, len 33B, ackable=0)
[MAC 2] Ignore first-contact reservation from unknown neighbor 1 slot=68
[t=29.4351] RX OVERHEARD at node 3 from node 1 seq 57 rate 8 kbps txPower 0 dBm preamble SHORT pathloss 2.12777 dB snr 104.847 dB (slot 68, len 33B, ackable=0)
[MAC 3] Ignore first-contact reservation from unknown neighbor 1 slot=68
[MAC 1] local advertised reservation expired
[MAC 1] Enqueue ACK dest=3 seq=60 window=0 ack_queue_size=1
[MAC] Enqueue TX pkt dscp=5 insert_pos=0 queue_size_before=0
[MAC 1] PickTxSlot(dest=3) active_nodes_for_slotting=1 opnet_slot_range=18
[MAC 1] PickTxSlot(dest=3) avoid:
[MAC 1] PickTxSlot chose 18 using OPNET free-slot ordinal range [1,18]
[MAC 1] starts Pre-Tx with new slot=18 holdoff_over=0
[MAC 1] OPNET 300-ms transmit holdoff complete
[MAC 1] PickTxSlot(dest=3) active_nodes_for_slotting=1 opnet_slot_range=18
[MAC 1] PickTxSlot(dest=3) avoid:
[MAC 1] PickTxSlot chose 14 using OPNET free-slot ordinal range [1,18]
[MAC 1] TX opportunity reached currentSlot=18 reserveNextSlot=14
... type=1 speedKey=8[t=0.546] TX from node 1 to dest 3 seq 60 size 58 bytes segments 2 at slot 14 rate 8 kbps txPower 0 dBm (7843.14 bps) preamble SHORT duration 0.08262 s
[MAC 1] ACK transmitted in aggregate dest=3 seq=60 txCount=1/5
[MAC 1] OPNET aggregate transmitted segments=2 ackSegments=1 dataSegments=1 bytes=58 rate=8
[t=0.546] RX SYNC at node 2 from node 1 seq 60 power -2.12777 dBm noise -106.975 dBm snr 104.847 dB state=1
[t=0.546] RX SYNC at node 3 from node 1 seq 60 power -2.12777 dBm noise -106.975 dBm snr 104.847 dB state=1
[t=0.55263] MAC 2 enters Track on node 1 seq 60 power -2.12777 dBm
[t=0.55263] MAC 3 enters Track on node 1 seq 60 power -2.12777 dBm
[MAC 1] resumes Pre-Tx with live slot=14 counter=14
[t=0.62862] RX at node 2 from node 1 seq 60 rate 8 kbps txPower 0 dBm preamble SHORT pathloss 2.12777 dB snr 104.847 dB (slot 14, len 58B, ackable=0)
[MAC 2] Ignore first-contact reservation from unknown neighbor 1 slot=14
[t=0.62862] RX at node 3 from node 1 seq 60 rate 8 kbps txPower 0 dBm preamble SHORT pathloss 2.12777 dB snr 104.847 dB (slot 14, len 58B, ackable=0)
[MAC 3] Ignore first-contact reservation from unknown neighbor 1 slot=14
[MAC 1] PickTxSlot(dest=3) active_nodes_for_slotting=1 opnet_slot_range=18
[MAC 1] PickTxSlot(dest=3) avoid:
[MAC 1] PickTxSlot chose 11 using OPNET free-slot ordinal range [1,18]
[MAC 1] TX opportunity reached currentSlot=14 reserveNextSlot=11
... type=1 speedKey=8[t=0.819] TX from node 1 to dest 3 seq 60 size 25 bytes segments 1 at slot 11 rate 8 kbps txPower 0 dBm (7843.14 bps) preamble LONG duration 1.04142 s
[MAC 1] ACK transmitted in aggregate dest=3 seq=60 txCount=2/5
[MAC 1] OPNET aggregate transmitted segments=1 ackSegments=1 dataSegments=0 bytes=25 rate=8
[t=0.819] RX SYNC at node 2 from node 1 seq 60 power -2.12777 dBm noise -106.975 dBm snr 104.847 dB state=1
[t=0.819] RX SYNC at node 3 from node 1 seq 60 power -2.12777 dBm noise -106.975 dBm snr 104.847 dB state=1
[t=0.82563] MAC 2 enters Track on node 1 seq 60 power -2.12777 dBm
[t=0.82563] MAC 3 enters Track on node 1 seq 60 power -2.12777 dBm
[MAC 1] resumes Pre-Tx with live slot=11 counter=11
[t=1.86042] RX OVERHEARD at node 2 from node 1 seq 60 rate 8 kbps txPower 0 dBm preamble LONG pathloss 2.12777 dB snr 104.847 dB (slot 11, len 25B, ackable=0)
[MAC 2] Learned neighbor 1 uses slot 11 (rtCounter=11)
[t=1.86042] RX at node 3 from node 1 seq 60 rate 8 kbps txPower 0 dBm preamble LONG pathloss 2.12777 dB snr 104.847 dB (slot 11, len 25B, ackable=0)
[MAC 3] Learned neighbor 1 uses slot 11 (rtCounter=11)
[MAC 2] rtslot_counter expired for neighbor 1 reserveSlot=11
[MAC 3] rtslot_counter expired for neighbor 1 reserveSlot=11
[MAC 1] PickTxSlot(dest=3) active_nodes_for_slotting=1 opnet_slot_range=18
[MAC 1] PickTxSlot(dest=3) avoid:
[MAC 1] PickTxSlot chose 8 using OPNET free-slot ordinal range [1,18]
[MAC 1] TX opportunity reached currentSlot=11 reserveNextSlot=8
... type=1 speedKey=8[t=2.015] TX from node 1 to dest 3 seq 60 size 25 bytes segments 1 at slot 8 rate 8 kbps txPower 0 dBm (7843.14 bps) preamble LONG duration 1.04142 s
[MAC 1] ACK transmitted in aggregate dest=3 seq=60 txCount=3/5
[MAC 1] OPNET aggregate transmitted segments=1 ackSegments=1 dataSegments=0 bytes=25 rate=8
[t=2.015] RX SYNC at node 2 from node 1 seq 60 power -2.12777 dBm noise -106.975 dBm snr 104.847 dB state=1
[t=2.015] RX SYNC at node 3 from node 1 seq 60 power -2.12777 dBm noise -106.975 dBm snr 104.847 dB state=1
[t=2.02163] MAC 2 enters Track on node 1 seq 60 power -2.12777 dBm
[t=2.02163] MAC 3 enters Track on node 1 seq 60 power -2.12777 dBm
[MAC 1] resumes Pre-Tx with live slot=8 counter=8
[t=3.05642] RX OVERHEARD at node 2 from node 1 seq 60 rate 8 kbps txPower 0 dBm preamble LONG pathloss 2.12777 dB snr 104.847 dB (slot 8, len 25B, ackable=0)
[MAC 2] Learned neighbor 1 uses slot 8 (rtCounter=8)
[t=3.05642] RX at node 3 from node 1 seq 60 rate 8 kbps txPower 0 dBm preamble LONG pathloss 2.12777 dB snr 104.847 dB (slot 8, len 25B, ackable=0)
[MAC 3] Learned neighbor 1 uses slot 8 (rtCounter=8)
[MAC 2] rtslot_counter expired for neighbor 1 reserveSlot=8
[MAC 3] rtslot_counter expired for neighbor 1 reserveSlot=8
[MAC 1] PickTxSlot(dest=3) active_nodes_for_slotting=1 opnet_slot_range=18
[MAC 1] PickTxSlot(dest=3) avoid:
[MAC 1] PickTxSlot chose 6 using OPNET free-slot ordinal range [1,18]
[MAC 1] TX opportunity reached currentSlot=8 reserveNextSlot=6
... type=1 speedKey=8[t=3.172] TX from node 1 to dest 3 seq 60 size 25 bytes segments 1 at slot 6 rate 8 kbps txPower 0 dBm (7843.14 bps) preamble LONG duration 1.04142 s
[MAC 1] ACK transmitted in aggregate dest=3 seq=60 txCount=4/5
[MAC 1] OPNET aggregate transmitted segments=1 ackSegments=1 dataSegments=0 bytes=25 rate=8
[t=3.172] RX SYNC at node 2 from node 1 seq 60 power -2.12777 dBm noise -106.975 dBm snr 104.847 dB state=1
[t=3.172] RX SYNC at node 3 from node 1 seq 60 power -2.12777 dBm noise -106.975 dBm snr 104.847 dB state=1
[t=3.17863] MAC 2 enters Track on node 1 seq 60 power -2.12777 dBm
[t=3.17863] MAC 3 enters Track on node 1 seq 60 power -2.12777 dBm
[MAC 1] resumes Pre-Tx with live slot=6 counter=6
[t=4.21342] RX OVERHEARD at node 2 from node 1 seq 60 rate 8 kbps txPower 0 dBm preamble LONG pathloss 2.12777 dB snr 104.847 dB (slot 6, len 25B, ackable=0)
[MAC 2] Learned neighbor 1 uses slot 6 (rtCounter=6)
[t=4.21342] RX at node 3 from node 1 seq 60 rate 8 kbps txPower 0 dBm preamble LONG pathloss 2.12777 dB snr 104.847 dB (slot 6, len 25B, ackable=0)
[MAC 3] Learned neighbor 1 uses slot 6 (rtCounter=6)
[MAC 2] rtslot_counter expired for neighbor 1 reserveSlot=6
[MAC 3] rtslot_counter expired for neighbor 1 reserveSlot=6
[MAC 1] PickTxSlot(dest=3) active_nodes_for_slotting=1 opnet_slot_range=18
[MAC 1] PickTxSlot(dest=3) avoid:
[MAC 1] PickTxSlot chose 8 using OPNET free-slot ordinal range [1,18]
[MAC 1] TX opportunity reached currentSlot=6 reserveNextSlot=8
... type=1 speedKey=8[t=4.303] TX from node 1 to dest 3 seq 60 size 25 bytes segments 1 at slot 8 rate 8 kbps txPower 0 dBm (7843.14 bps) preamble LONG duration 1.04142 s
[MAC 1] ACK transmitted in aggregate dest=3 seq=60 txCount=5/5
[MAC 1] Remove ACK after OPNET resend limit dest=3 seq=60
[MAC 1] OPNET aggregate transmitted segments=1 ackSegments=1 dataSegments=0 bytes=25 rate=8
[t=4.303] RX SYNC at node 2 from node 1 seq 60 power -2.12777 dBm noise -106.975 dBm snr 104.847 dB state=1
[t=4.303] RX SYNC at node 3 from node 1 seq 60 power -2.12777 dBm noise -106.975 dBm snr 104.847 dB state=1
[t=4.30963] MAC 2 enters Track on node 1 seq 60 power -2.12777 dBm
[t=4.30963] MAC 3 enters Track on node 1 seq 60 power -2.12777 dBm
[MAC 1] post-TX WAIT_FOR_ACK until 22.3444 (POST_TX_WAIT=17 s)
[t=5.34442] RX OVERHEARD at node 2 from node 1 seq 60 rate 8 kbps txPower 0 dBm preamble LONG pathloss 2.12777 dB snr 104.847 dB (slot 8, len 25B, ackable=0)
[MAC 2] Learned neighbor 1 uses slot 8 (rtCounter=8)
[t=5.34442] RX at node 3 from node 1 seq 60 rate 8 kbps txPower 0 dBm preamble LONG pathloss 2.12777 dB snr 104.847 dB (slot 8, len 25B, ackable=0)
[MAC 3] Learned neighbor 1 uses slot 8 (rtCounter=8)
[MAC 2] rtslot_counter expired for neighbor 1 reserveSlot=8
[MAC 3] rtslot_counter expired for neighbor 1 reserveSlot=8
[MAC 1] local advertised reservation expired
PASS: OPNET preamble freshness and aggregate selection parity test
