... type=0 speedKey=128[t=0] TX from node 1 to dest 2 seq 1 size 29 bytes segments 1 at slot 3 rate 128 kbps txPower 0 dBm (133333 bps) preamble LONG duration 1.01382 s
[t=3e-09] RX SYNC at node 2 from node 1 seq 1 power -2.12777 dBm noise -106.975 dBm snr 104.847 dB state=1
[t=0.00663] MAC 2 enters Track on node 1 seq 1 power -2.12777 dBm
[MAC 1] post-TX WAIT_FOR_ACK until 18.0138 (POST_TX_WAIT=17 s)
[t=1.01382] RX at node 2 from node 1 seq 1 rate 128 kbps txPower 0 dBm preamble LONG pathloss 2.12777 dB snr 104.847 dB (slot 3, len 29B, ackable=0)
[MAC 2] Ignore first-contact reservation from unknown neighbor 1 slot=3
... type=0 speedKey=128[t=0] TX from node 1 to dest 3 seq 2 size 29 bytes segments 1 at slot 3 rate 128 kbps txPower -200 dBm (133333 bps) preamble SHORT duration 0.02136 s
[t=3e-09] RX SYNC at node 3 from node 1 seq 2 power -202.128 dBm noise -106.975 dBm snr -95.1528 dB state=1 below-threshold
... type=0 speedKey=128[t=0.01] TX from node 2 to dest 3 seq 3 size 29 bytes segments 1 at slot 3 rate 128 kbps txPower 20 dBm (133333 bps) preamble LONG duration 1.01382 s
[t=0.01] RX SYNC at node 3 from node 2 seq 3 power 17.8722 dBm noise -106.975 dBm snr 124.847 dB state=1
[t=0.01663] MAC 3 enters Track on node 2 seq 3 power 17.8722 dBm
[MAC 1] post-TX WAIT_FOR_ACK until 17.0214 (POST_TX_WAIT=17 s)
[MAC 2] post-TX WAIT_FOR_ACK until 18.0238 (POST_TX_WAIT=17 s)
[t=1.02382] RX at node 3 from node 2 seq 3 rate 128 kbps txPower 20 dBm preamble LONG pathloss 2.12777 dB snr 124.847 dB (slot 3, len 29B, ackable=0)
[MAC 3] Ignore first-contact reservation from unknown neighbor 2 slot=3
... type=0 speedKey=128[t=0] TX from node 1 to dest 3 seq 10 size 29 bytes segments 1 at slot 3 rate 128 kbps txPower 0 dBm (133333 bps) preamble LONG duration 1.01382 s
... type=0 speedKey=128[t=0] TX from node 2 to dest 3 seq 20 size 29 bytes segments 1 at slot 3 rate 128 kbps txPower 0 dBm (133333 bps) preamble LONG duration 1.01382 s
[t=3e-09] RX SYNC at node 3 from node 1 seq 10 power -2.12777 dBm noise -106.975 dBm snr 104.847 dB state=1
[t=3e-09] RX SYNC at node 3 from node 2 seq 20 power -2.12777 dBm noise -106.975 dBm snr 104.847 dB state=1
[t=0.00663] MAC 3 enters Track on node 1 seq 10 power -2.12777 dBm collided
[MAC 1] post-TX WAIT_FOR_ACK until 18.0138 (POST_TX_WAIT=17 s)
[MAC 2] post-TX WAIT_FOR_ACK until 18.0138 (POST_TX_WAIT=17 s)
[t=1.01382] RX DROP at node 3 from node 1 seq 10 (collision)
... type=0 speedKey=128[t=0] TX from node 1 to dest 4 seq 21 size 29 bytes segments 1 at slot 3 rate 128 kbps txPower 0 dBm (133333 bps) preamble LONG duration 1.01382 s
... type=0 speedKey=128[t=0] TX from node 2 to dest 4 seq 22 size 29 bytes segments 1 at slot 3 rate 128 kbps txPower 0 dBm (133333 bps) preamble LONG duration 1.01382 s
... type=0 speedKey=128[t=0] TX from node 3 to dest 4 seq 23 size 29 bytes segments 1 at slot 3 rate 128 kbps txPower 0 dBm (133333 bps) preamble LONG duration 1.01382 s
[t=3e-09] RX SYNC at node 4 from node 1 seq 21 power -2.12777 dBm noise -106.975 dBm snr 104.847 dB state=1
[t=3e-09] RX SYNC at node 4 from node 2 seq 22 power -2.12777 dBm noise -106.975 dBm snr 104.847 dB state=1
[t=3e-09] RX SYNC at node 4 from node 3 seq 23 power -2.12777 dBm noise -106.975 dBm snr 104.847 dB state=1
[t=0.00663] MAC 4 enters Track on node 1 seq 21 power -2.12777 dBm collided
[MAC 1] post-TX WAIT_FOR_ACK until 18.0138 (POST_TX_WAIT=17 s)
[MAC 2] post-TX WAIT_FOR_ACK until 18.0138 (POST_TX_WAIT=17 s)
[MAC 3] post-TX WAIT_FOR_ACK until 18.0138 (POST_TX_WAIT=17 s)
[t=1.01382] RX DROP at node 4 from node 1 seq 21 (collision)
... type=0 speedKey=128[t=0] TX from node 2 to dest 3 seq 31 size 29 bytes segments 1 at slot 3 rate 128 kbps txPower 20 dBm (133333 bps) preamble LONG duration 1.01382 s
... type=0 speedKey=128[t=0] TX from node 1 to dest 3 seq 30 size 29 bytes segments 1 at slot 3 rate 128 kbps txPower 0 dBm (133333 bps) preamble LONG duration 1.01382 s
[t=3e-09] RX SYNC at node 3 from node 2 seq 31 power 17.8722 dBm noise -106.975 dBm snr 124.847 dB state=1
[t=3e-09] RX SYNC at node 3 from node 1 seq 30 power -2.12777 dBm noise -106.975 dBm snr 104.847 dB state=1
[t=0.00663] MAC 3 enters Track on node 2 seq 31 power 17.8722 dBm
[MAC 2] post-TX WAIT_FOR_ACK until 18.0138 (POST_TX_WAIT=17 s)
[MAC 1] post-TX WAIT_FOR_ACK until 18.0138 (POST_TX_WAIT=17 s)
[t=1.01382] RX at node 3 from node 2 seq 31 rate 128 kbps txPower 20 dBm preamble LONG pathloss 2.12777 dB snr 124.847 dB (slot 3, len 29B, ackable=0)
[MAC 3] Ignore first-contact reservation from unknown neighbor 2 slot=3
... type=0 speedKey=128[t=0] TX from node 1 to dest 3 seq 40 size 29 bytes segments 1 at slot 3 rate 128 kbps txPower 0 dBm (133333 bps) preamble LONG duration 1.01382 s
[t=3e-09] RX SYNC at node 3 from node 1 seq 40 power -2.12777 dBm noise -106.975 dBm snr 104.847 dB state=1
[t=0.00663] MAC 3 enters Track on node 1 seq 40 power -2.12777 dBm
... type=0 speedKey=128[t=0.02] TX from node 2 to dest 3 seq 41 size 29 bytes segments 1 at slot 3 rate 128 kbps txPower 20 dBm (133333 bps) preamble LONG duration 1.01382 s
[t=0.02] RX SYNC at node 3 from node 2 seq 41 power 17.8722 dBm noise -106.975 dBm snr 124.847 dB state=2
[MAC 1] post-TX WAIT_FOR_ACK until 18.0138 (POST_TX_WAIT=17 s)
[t=1.01382] RX DROP at node 3 from node 1 seq 40 (collision)
[t=1.02045] MAC 3 enters Track on node 2 seq 41 power 17.8722 dBm
[MAC 2] post-TX WAIT_FOR_ACK until 18.0338 (POST_TX_WAIT=17 s)
[t=1.03382] RX at node 3 from node 2 seq 41 rate 128 kbps txPower 20 dBm preamble LONG pathloss 2.12777 dB snr 124.847 dB (slot 3, len 29B, ackable=0)
[MAC 3] Ignore first-contact reservation from unknown neighbor 2 slot=3
[MAC] Enqueue TX pkt dscp=5 insert_pos=0 queue_size_before=0
... type=0 speedKey=128[t=0] TX from node 1 to dest 2 seq 51 size 29 bytes segments 1 at slot 3 rate 128 kbps txPower 0 dBm (133333 bps) preamble LONG duration 1.01382 s
[t=3e-09] RX SYNC at node 2 from node 1 seq 51 power -2.12777 dBm noise -106.975 dBm snr 104.847 dB state=1
[t=0.00663] MAC 2 enters Track on node 1 seq 51 power -2.12777 dBm
[MAC 2] OPNET 300-ms transmit holdoff complete
[MAC 1] post-TX WAIT_FOR_ACK until 18.0138 (POST_TX_WAIT=17 s)
[t=1.01382] RX at node 2 from node 1 seq 51 rate 128 kbps txPower 0 dBm preamble LONG pathloss 2.12777 dB snr 104.847 dB (slot 3, len 29B, ackable=0)
[MAC 2] Ignore first-contact reservation from unknown neighbor 1 slot=3
[MAC 2] PickTxSlot(dest=3) active_nodes_for_slotting=1 opnet_slot_range=18
[MAC 2] PickTxSlot(dest=3) avoid:
[MAC 2] PickTxSlot chose 18 using OPNET free-slot ordinal range [1,18]
[MAC 2] starts Pre-Tx with new slot=18 holdoff_over=1
[MAC 2] PickTxSlot(dest=3) active_nodes_for_slotting=1 opnet_slot_range=18
[MAC 2] PickTxSlot(dest=3) avoid:
[MAC 2] PickTxSlot chose 3 using OPNET free-slot ordinal range [1,18]
[MAC 2] TX opportunity reached currentSlot=18 reserveNextSlot=3
... type=0 speedKey=128[t=1.248] TX from node 2 to dest 3 seq 50 size 41 bytes segments 1 at slot 3 rate 128 kbps txPower 0 dBm (133333 bps) preamble LONG duration 1.01454 s
[MAC 2] OPNET aggregate transmitted segments=1 ackSegments=0 dataSegments=1 bytes=41 rate=128
[t=1.248] RX SYNC at node 3 from node 2 seq 50 power -2.12777 dBm noise -106.975 dBm snr 104.847 dB state=1
[t=1.25463] MAC 3 enters Track on node 2 seq 50 power -2.12777 dBm
... type=0 speedKey=128[t=0] TX from node 1 to dest 2 seq 60 size 29 bytes segments 1 at slot 3 rate 128 kbps txPower 0 dBm (133333 bps) preamble LONG duration 1.01382 s
[t=3e-09] RX SYNC at node 2 from node 1 seq 60 power -2.12777 dBm noise -106.975 dBm snr 104.847 dB state=0
[t=0.50663] MAC 2 enters Track on node 1 seq 60 power -2.12777 dBm
[MAC 2] OPNET 300-ms transmit holdoff complete
[MAC 1] post-TX WAIT_FOR_ACK until 18.0138 (POST_TX_WAIT=17 s)
[t=1.01382] RX at node 2 from node 1 seq 60 rate 128 kbps txPower 0 dBm preamble LONG pathloss 2.12777 dB snr 104.847 dB (slot 3, len 29B, ackable=0)
[MAC 2] Ignore first-contact reservation from unknown neighbor 1 slot=3
... type=0 speedKey=128[t=0] TX from node 1 to dest 2 seq 61 size 29 bytes segments 1 at slot 3 rate 128 kbps txPower 0 dBm (133333 bps) preamble SHORT duration 0.02136 s
[t=3e-09] RX SYNC at node 2 from node 1 seq 61 power -2.12777 dBm noise -106.975 dBm snr 104.847 dB state=0
[MAC 1] post-TX WAIT_FOR_ACK until 17.0214 (POST_TX_WAIT=17 s)
[t=0.02136] RX MISS at node 2 from node 1 seq 61
... type=0 speedKey=128[t=0] TX from node 1 to dest 2 seq 70 size 29 bytes segments 1 at slot 3 rate 128 kbps txPower 0 dBm (133333 bps) preamble LONG duration 1.01382 s
... type=0 speedKey=128[t=0] TX from node 3 to dest 1 seq 71 size 29 bytes segments 1 at slot 3 rate 128 kbps txPower 0 dBm (133333 bps) preamble SHORT duration 0.02136 s
[t=3e-09] RX SYNC at node 2 from node 1 seq 70 power -2.12777 dBm noise -106.975 dBm snr 104.847 dB state=1
[t=3e-09] RX SYNC at node 1 from node 3 seq 71 power -2.12777 dBm noise -106.975 dBm snr 104.847 dB state=3
[t=0.00663] MAC 2 enters Track on node 1 seq 70 power -2.12777 dBm
[MAC 3] post-TX WAIT_FOR_ACK until 17.0214 (POST_TX_WAIT=17 s)
[t=0.02136] RX MISS at node 1 from node 3 seq 71
[MAC 1] post-TX WAIT_FOR_ACK until 18.0138 (POST_TX_WAIT=17 s)
[t=1.01382] RX at node 2 from node 1 seq 70 rate 128 kbps txPower 0 dBm preamble LONG pathloss 2.12777 dB snr 104.847 dB (slot 3, len 29B, ackable=0)
[MAC 2] Ignore first-contact reservation from unknown neighbor 1 slot=3
[SYNC threshold] samples=512 mean_db=-10.9435 variance_db2=0.232206
... type=0 speedKey=128[t=0] TX from node 1 to dest 2 seq 1 size 29 bytes segments 1 at slot 3 rate 128 kbps txPower -117.725 dBm (133333 bps) preamble SHORT duration 0.02136 s
... type=0 speedKey=128[t=0] TX from node 1 to dest 2 seq 1 size 29 bytes segments 1 at slot 3 rate 128 kbps txPower -117.725 dBm (133333 bps) preamble SHORT duration 0.02136 s
... type=0 speedKey=128[t=0] TX from node 1 to dest 2 seq 1 size 29 bytes segments 1 at slot 3 rate 128 kbps txPower -117.725 dBm (133333 bps) preamble SHORT duration 0.02136 s
PASS: OPNET MAC receive/contention state parity test
