[0/2] Re-checking globbed directories...
[1/279] Building CXX object src/core/CMakeFiles/core.dir/helper/random-variable-stream-helper.cc.o
[2/279] Building CXX object src/core/CMakeFiles/core.dir/model/int64x64-128.cc.o
[3/279] Building CXX object src/core/CMakeFiles/core.dir/helper/csv-reader.cc.o
[4/279] Building CXX object src/core/CMakeFiles/core.dir/model/unix-fd-reader.cc.o
[5/279] Building CXX object src/core/CMakeFiles/core.dir/helper/event-garbage-collector.cc.o
[6/279] Building CXX object src/core/CMakeFiles/core.dir/model/event-id.cc.o
[7/279] Building CXX object src/core/CMakeFiles/core.dir/model/time.cc.o
[8/279] Building CXX object src/core/CMakeFiles/core.dir/model/scheduler.cc.o
[9/279] Building CXX object src/core/CMakeFiles/core.dir/model/heap-scheduler.cc.o
[10/279] Building CXX object src/core/CMakeFiles/core.dir/model/map-scheduler.cc.o
[11/279] Building CXX object src/core/CMakeFiles/core.dir/model/event-impl.cc.o
[12/279] Building CXX object src/core/CMakeFiles/core.dir/model/priority-queue-scheduler.cc.o
[13/279] Building CXX object src/core/CMakeFiles/core.dir/model/list-scheduler.cc.o
[14/279] Building CXX object src/core/CMakeFiles/core.dir/model/calendar-scheduler.cc.o
[15/279] Building CXX object src/core/CMakeFiles/core.dir/model/simulator-impl.cc.o
[16/279] Building CXX object src/core/CMakeFiles/core.dir/model/timer.cc.o
[17/279] Building CXX object src/core/CMakeFiles/core.dir/model/watchdog.cc.o
[18/279] Building CXX object src/core/CMakeFiles/core.dir/model/simulator.cc.o
[19/279] Building CXX object src/core/CMakeFiles/core.dir/model/synchronizer.cc.o
[20/279] Building CXX object src/core/CMakeFiles/core.dir/model/default-simulator-impl.cc.o
[21/279] Building CXX object src/core/CMakeFiles/core.dir/model/environment-variable.cc.o
[22/279] Building CXX object src/core/CMakeFiles/core.dir/model/breakpoint.cc.o
[23/279] Building CXX object src/core/CMakeFiles/core.dir/model/log.cc.o
[24/279] Building CXX object src/core/CMakeFiles/core.dir/model/attribute-construction-list.cc.o
[25/279] Building CXX object src/core/CMakeFiles/core.dir/model/object-base.cc.o
[26/279] Building CXX object src/core/CMakeFiles/core.dir/model/type-id.cc.o
[27/279] Building CXX object src/core/CMakeFiles/core.dir/model/object.cc.o
[28/279] Building CXX object src/core/CMakeFiles/core.dir/model/rng-stream.cc.o
[29/279] Building CXX object src/core/CMakeFiles/core.dir/model/test.cc.o
[30/279] Building CXX object src/core/CMakeFiles/core.dir/model/rng-seed-manager.cc.o
[31/279] Building CXX object src/core/CMakeFiles/core.dir/model/attribute.cc.o
[32/279] Building CXX object src/core/CMakeFiles/core.dir/model/boolean.cc.o
[33/279] Building CXX object src/core/CMakeFiles/core.dir/model/integer.cc.o
[34/279] Building CXX object src/core/CMakeFiles/core.dir/model/random-variable-stream.cc.o
[35/279] Building CXX object src/core/CMakeFiles/core.dir/model/uinteger.cc.o
[36/279] Building CXX object src/core/CMakeFiles/core.dir/model/command-line.cc.o
[37/279] Building CXX object src/core/CMakeFiles/core.dir/model/string.cc.o
[38/279] Building CXX object src/core/CMakeFiles/core.dir/model/double.cc.o
[39/279] Building CXX object src/core/CMakeFiles/core.dir/model/int64x64.cc.o
[40/279] Building CXX object src/core/CMakeFiles/core.dir/model/pointer.cc.o
[41/279] Building CXX object src/core/CMakeFiles/core.dir/model/object-factory.cc.o
[42/279] Building CXX object src/core/CMakeFiles/core.dir/model/global-value.cc.o
[43/279] Building CXX object src/core/CMakeFiles/core.dir/model/trace-source-accessor.cc.o
[44/279] Building CXX object src/core/CMakeFiles/core.dir/model/object-ptr-container.cc.o
[45/279] Building CXX object src/core/CMakeFiles/core.dir/model/callback.cc.o
[46/279] Building CXX object src/core/CMakeFiles/core.dir/model/vector.cc.o
[47/279] Building CXX object src/core/CMakeFiles/core.dir/model/config.cc.o
[48/279] Building CXX object src/core/CMakeFiles/core.dir/model/fatal-impl.cc.o
[49/279] Building CXX object src/core/CMakeFiles/core.dir/model/names.cc.o
[50/279] Building CXX object src/core/CMakeFiles/core.dir/model/hash-function.cc.o
[51/279] Building CXX object src/core/CMakeFiles/core.dir/model/hash-fnv.cc.o
[52/279] Building CXX object src/core/CMakeFiles/core.dir/model/hash-murmur3.cc.o
[53/279] Building CXX object src/core/CMakeFiles/core.dir/model/hash.cc.o
[54/279] Building CXX object src/core/CMakeFiles/core.dir/model/ascii-file.cc.o
[55/279] Building CXX object src/core/CMakeFiles/core.dir/model/des-metrics.cc.o
[56/279] Building CXX object src/core/CMakeFiles/core.dir/model/node-printer.cc.o
[57/279] Building CXX object src/core/CMakeFiles/core.dir/model/time-printer.cc.o
[58/279] Building CXX object src/core/CMakeFiles/core.dir/model/show-progress.cc.o
[59/279] Building CXX object src/core/CMakeFiles/core.dir/model/system-wall-clock-timestamp.cc.o
[60/279] Building CXX object src/core/CMakeFiles/core.dir/model/system-wall-clock-ms.cc.o
[61/279] Building CXX object src/core/CMakeFiles/core.dir/model/system-path.cc.o
[62/279] Building CXX object src/core/CMakeFiles/core.dir/model/trickle-timer.cc.o
[63/279] Building CXX object src/core/CMakeFiles/core.dir/model/length.cc.o
[64/279] Building CXX object src/core/CMakeFiles/core.dir/model/realtime-simulator-impl.cc.o
[65/279] Building CXX object src/core/CMakeFiles/core.dir/model/wall-clock-synchronizer.cc.o
[66/279] Building CXX object src/core/CMakeFiles/core.dir/model/matrix-array.cc.o
[67/279] Building CXX object src/core/CMakeFiles/core.dir/model/demangle.cc.o
[68/279] Building CXX object src/core/CMakeFiles/core.dir/model/example-as-test.cc.o
[69/279] Linking CXX shared library /workspace/scratch/1a5b1ad6ce1b/t14n/native/engine/build/lib/libns3-dev-core-debug.so
[70/279] Building CXX object src/stats/CMakeFiles/stats.dir/model/boolean-probe.cc.o
[71/279] Building CXX object src/stats/CMakeFiles/stats.dir/model/basic-data-calculators.cc.o
[72/279] Building CXX object src/stats/CMakeFiles/stats.dir/model/data-calculator.cc.o
[73/279] Building CXX object src/stats/CMakeFiles/stats.dir/model/data-collection-object.cc.o
[74/279] Building CXX object src/stats/CMakeFiles/stats.dir/helper/gnuplot-helper.cc.o
[75/279] Building CXX object src/stats/CMakeFiles/stats.dir/helper/file-helper.cc.o
[76/279] Building CXX object src/stats/CMakeFiles/stats.dir/model/data-collector.cc.o
[77/279] Building CXX object src/stats/CMakeFiles/stats.dir/model/data-output-interface.cc.o
[78/279] Building CXX object src/stats/CMakeFiles/stats.dir/model/file-aggregator.cc.o
[79/279] Building CXX object src/stats/CMakeFiles/stats.dir/model/get-wildcard-matches.cc.o
[80/279] Building CXX object src/stats/CMakeFiles/stats.dir/model/double-probe.cc.o
[81/279] Building CXX object src/stats/CMakeFiles/stats.dir/model/gnuplot-aggregator.cc.o
[82/279] Building CXX object src/stats/CMakeFiles/stats.dir/model/gnuplot.cc.o
[83/279] Building CXX object src/stats/CMakeFiles/stats.dir/model/histogram.cc.o
[84/279] Building CXX object src/stats/CMakeFiles/stats.dir/model/omnet-data-output.cc.o
[85/279] Building CXX object src/stats/CMakeFiles/stats.dir/model/probe.cc.o
[86/279] Building CXX object src/stats/CMakeFiles/stats.dir/model/time-data-calculators.cc.o
[87/279] Building CXX object src/stats/CMakeFiles/stats.dir/model/time-probe.cc.o
[88/279] Building CXX object src/stats/CMakeFiles/stats.dir/model/time-series-adaptor.cc.o
[89/279] Building CXX object src/stats/CMakeFiles/stats.dir/model/uinteger-32-probe.cc.o
[90/279] Building CXX object src/stats/CMakeFiles/stats.dir/model/uinteger-16-probe.cc.o
[91/279] Building CXX object src/antenna/CMakeFiles/antenna.dir/model/angles.cc.o
[92/279] Building CXX object src/antenna/CMakeFiles/antenna.dir/model/circular-aperture-antenna-model.cc.o
[93/279] Building CXX object src/antenna/CMakeFiles/antenna.dir/model/antenna-model.cc.o
[94/279] Building CXX object src/stats/CMakeFiles/stats.dir/model/uinteger-8-probe.cc.o
[95/279] Building CXX object src/antenna/CMakeFiles/antenna.dir/model/cosine-antenna-model.cc.o
[96/279] Building CXX object src/antenna/CMakeFiles/antenna.dir/model/isotropic-antenna-model.cc.o
[97/279] Building CXX object src/antenna/CMakeFiles/antenna.dir/model/parabolic-antenna-model.cc.o
[98/279] Building CXX object src/antenna/CMakeFiles/antenna.dir/model/phased-array-model.cc.o
[99/279] Building CXX object src/network/CMakeFiles/network.dir/helper/application-container.cc.o
[100/279] Building CXX object src/antenna/CMakeFiles/antenna.dir/model/uniform-planar-array.cc.o
[101/279] Building CXX object src/network/CMakeFiles/network.dir/helper/delay-jitter-estimation.cc.o
[102/279] Building CXX object src/network/CMakeFiles/network.dir/helper/application-helper.cc.o
[103/279] Building CXX object src/antenna/CMakeFiles/antenna.dir/model/three-gpp-antenna-model.cc.o
[104/279] Building CXX object src/network/CMakeFiles/network.dir/helper/net-device-container.cc.o
[105/279] Building CXX object src/network/CMakeFiles/network.dir/helper/packet-socket-helper.cc.o
[106/279] Building CXX object src/network/CMakeFiles/network.dir/helper/node-container.cc.o
[107/279] Building CXX object src/network/CMakeFiles/network.dir/model/address.cc.o
[108/279] Building CXX object src/network/CMakeFiles/network.dir/helper/trace-helper.cc.o
[109/279] Building CXX object src/network/CMakeFiles/network.dir/model/application.cc.o
[110/279] Building CXX object src/network/CMakeFiles/network.dir/model/buffer.cc.o
[111/279] Building CXX object src/network/CMakeFiles/network.dir/helper/simple-net-device-helper.cc.o
[112/279] Building CXX object src/network/CMakeFiles/network.dir/model/channel.cc.o
[113/279] Building CXX object src/network/CMakeFiles/network.dir/model/header.cc.o
[114/279] Building CXX object src/network/CMakeFiles/network.dir/model/byte-tag-list.cc.o
[115/279] Building CXX object src/network/CMakeFiles/network.dir/model/chunk.cc.o
[116/279] Building CXX object src/network/CMakeFiles/network.dir/model/channel-list.cc.o
[117/279] Building CXX object src/network/CMakeFiles/network.dir/model/net-device.cc.o
[118/279] Building CXX object src/network/CMakeFiles/network.dir/model/packet-metadata.cc.o
[119/279] Building CXX object src/network/CMakeFiles/network.dir/model/node.cc.o
[120/279] Building CXX object src/network/CMakeFiles/network.dir/model/packet-tag-list.cc.o
[121/279] Building CXX object src/network/CMakeFiles/network.dir/model/packet.cc.o
[122/279] Building CXX object src/network/CMakeFiles/network.dir/model/nix-vector.cc.o
[123/279] Building CXX object src/network/CMakeFiles/network.dir/model/socket-factory.cc.o
[124/279] Building CXX object src/network/CMakeFiles/network.dir/model/tag-buffer.cc.o
[125/279] Building CXX object src/network/CMakeFiles/network.dir/model/node-list.cc.o
[126/279] Building CXX object src/network/CMakeFiles/network.dir/model/tag.cc.o
[127/279] Building CXX object src/network/CMakeFiles/network.dir/model/socket.cc.o
[128/279] Building CXX object src/network/CMakeFiles/network.dir/model/trailer.cc.o
[129/279] Building CXX object src/network/CMakeFiles/network.dir/utils/crc32.cc.o
[130/279] Building CXX object src/network/CMakeFiles/network.dir/utils/address-utils.cc.o
[131/279] Building CXX object src/network/CMakeFiles/network.dir/utils/bit-serializer.cc.o
[132/279] Building CXX object src/network/CMakeFiles/network.dir/utils/bit-deserializer.cc.o
[133/279] Building CXX object src/network/CMakeFiles/network.dir/utils/data-rate.cc.o
[134/279] Building CXX object src/network/CMakeFiles/network.dir/utils/drop-tail-queue.cc.o
[135/279] Building CXX object src/network/CMakeFiles/network.dir/utils/error-channel.cc.o
[136/279] Building CXX object src/network/CMakeFiles/network.dir/utils/dynamic-queue-limits.cc.o
[137/279] Building CXX object src/network/CMakeFiles/network.dir/utils/ethernet-header.cc.o
[138/279] Building CXX object src/network/CMakeFiles/network.dir/utils/ethernet-trailer.cc.o
[139/279] Building CXX object src/network/CMakeFiles/network.dir/utils/error-model.cc.o
[140/279] Building CXX object src/network/CMakeFiles/network.dir/utils/flow-id-tag.cc.o
[141/279] Building CXX object src/network/CMakeFiles/network.dir/utils/inet6-socket-address.cc.o
[142/279] Building CXX object src/network/CMakeFiles/network.dir/utils/inet-socket-address.cc.o
[143/279] Building CXX object src/network/CMakeFiles/network.dir/utils/ipv4-address.cc.o
[144/279] Building CXX object src/network/CMakeFiles/network.dir/utils/llc-snap-header.cc.o
[145/279] Building CXX object src/network/CMakeFiles/network.dir/utils/mac16-address.cc.o
[146/279] Building CXX object src/network/CMakeFiles/network.dir/utils/ipv6-address.cc.o
[147/279] Building CXX object src/network/CMakeFiles/network.dir/utils/mac48-address.cc.o
[148/279] Building CXX object src/network/CMakeFiles/network.dir/utils/mac8-address.cc.o
[149/279] Building CXX object src/network/CMakeFiles/network.dir/utils/mac64-address.cc.o
[150/279] Building CXX object src/network/CMakeFiles/network.dir/utils/output-stream-wrapper.cc.o
[151/279] Building CXX object src/network/CMakeFiles/network.dir/utils/net-device-queue-interface.cc.o
[152/279] Building CXX object src/network/CMakeFiles/network.dir/utils/packet-burst.cc.o
[153/279] Building CXX object src/network/CMakeFiles/network.dir/utils/packet-data-calculators.cc.o
[154/279] Building CXX object src/network/CMakeFiles/network.dir/utils/packet-socket-address.cc.o
[155/279] Building CXX object src/network/CMakeFiles/network.dir/utils/packet-socket-client.cc.o
[156/279] Building CXX object src/network/CMakeFiles/network.dir/utils/packet-probe.cc.o
[157/279] Building CXX object src/network/CMakeFiles/network.dir/utils/packet-socket-factory.cc.o
[158/279] Building CXX object src/network/CMakeFiles/network.dir/utils/packet-socket-server.cc.o
[159/279] Building CXX object src/network/CMakeFiles/network.dir/utils/pcap-file-wrapper.cc.o
[160/279] Building CXX object src/network/CMakeFiles/network.dir/utils/pcap-file.cc.o
[161/279] Building CXX object src/network/CMakeFiles/network.dir/utils/packet-socket.cc.o
[162/279] Building CXX object src/network/CMakeFiles/network.dir/utils/queue-size.cc.o
[163/279] Building CXX object src/network/CMakeFiles/network.dir/utils/queue-item.cc.o
[164/279] Building CXX object src/network/CMakeFiles/network.dir/utils/queue-limits.cc.o
[165/279] Building CXX object src/network/CMakeFiles/network.dir/utils/packetbb.cc.o
[166/279] Building CXX object src/network/CMakeFiles/network.dir/utils/radiotap-header.cc.o
[167/279] Building CXX object src/network/CMakeFiles/network.dir/utils/simple-channel.cc.o
[168/279] Building CXX object src/network/CMakeFiles/network.dir/utils/queue.cc.o
[169/279] Linking CXX shared library /workspace/scratch/1a5b1ad6ce1b/t14n/native/engine/build/lib/libns3-dev-stats-debug.so
[170/279] Linking CXX shared library /workspace/scratch/1a5b1ad6ce1b/t14n/native/engine/build/lib/libns3-dev-antenna-debug.so
[171/279] Building CXX object src/network/CMakeFiles/network.dir/utils/sll-header.cc.o
[172/279] Building CXX object src/network/CMakeFiles/network.dir/utils/timestamp-tag.cc.o
[173/279] Building CXX object src/network/CMakeFiles/network.dir/utils/simple-net-device.cc.o
[174/279] Building CXX object src/mobility/CMakeFiles/mobility.dir/helper/leo-orbit-node-helper.cc.o
[175/279] Building CXX object src/mobility/CMakeFiles/mobility.dir/helper/group-mobility-helper.cc.o
[176/279] Building CXX object src/mobility/CMakeFiles/mobility.dir/helper/mobility-helper.cc.o
[177/279] Building CXX object src/mobility/CMakeFiles/mobility.dir/helper/ns2-mobility-helper.cc.o
[178/279] Building CXX object src/mobility/CMakeFiles/mobility.dir/model/box.cc.o
[179/279] Building CXX object src/mobility/CMakeFiles/mobility.dir/model/constant-position-mobility-model.cc.o
[180/279] Building CXX object src/mobility/CMakeFiles/mobility.dir/model/constant-velocity-helper.cc.o
[181/279] Building CXX object src/mobility/CMakeFiles/mobility.dir/model/constant-acceleration-mobility-model.cc.o
[182/279] Building CXX object src/mobility/CMakeFiles/mobility.dir/model/constant-velocity-mobility-model.cc.o
[183/279] Building CXX object src/mobility/CMakeFiles/mobility.dir/model/geocentric-ecef-mobility-model.cc.o
[184/279] Building CXX object src/mobility/CMakeFiles/mobility.dir/model/geographic-positions.cc.o
[185/279] Building CXX object src/mobility/CMakeFiles/mobility.dir/model/geocentric-constant-position-mobility-model.cc.o
[186/279] Building CXX object src/mobility/CMakeFiles/mobility.dir/model/gauss-markov-mobility-model.cc.o
[187/279] Building CXX object src/mobility/CMakeFiles/mobility.dir/model/leo-circular-orbit-position-allocator.cc.o
[188/279] Building CXX object src/mobility/CMakeFiles/mobility.dir/model/leo-orbital-shell.cc.o
[189/279] Building CXX object src/mobility/CMakeFiles/mobility.dir/model/hierarchical-mobility-model.cc.o
[190/279] Building CXX object src/mobility/CMakeFiles/mobility.dir/model/leo-circular-orbit-mobility-model.cc.o
[191/279] Building CXX object src/mobility/CMakeFiles/mobility.dir/model/random-direction-2d-mobility-model.cc.o
[192/279] Building CXX object src/mobility/CMakeFiles/mobility.dir/model/mobility-model.cc.o
[193/279] Building CXX object src/mobility/CMakeFiles/mobility.dir/model/position-allocator.cc.o
[194/279] Building CXX object src/mobility/CMakeFiles/mobility.dir/model/rectangle.cc.o
[195/279] Building CXX object src/mobility/CMakeFiles/mobility.dir/model/random-walk-2d-mobility-model.cc.o
[196/279] Building CXX object src/mobility/CMakeFiles/mobility.dir/model/random-waypoint-mobility-model.cc.o
[197/279] Building CXX object src/mobility/CMakeFiles/mobility.dir/model/waypoint.cc.o
[198/279] Building CXX object src/mobility/CMakeFiles/mobility.dir/model/steady-state-random-waypoint-mobility-model.cc.o
[199/279] Linking CXX shared library /workspace/scratch/1a5b1ad6ce1b/t14n/native/engine/build/lib/libns3-dev-network-debug.so
[200/279] Building CXX object src/mobility/CMakeFiles/mobility.dir/model/waypoint-mobility-model.cc.o
[201/279] Building CXX object src/propagation/CMakeFiles/propagation.dir/model/cost231-propagation-loss-model.cc.o
[202/279] Linking CXX shared library /workspace/scratch/1a5b1ad6ce1b/t14n/native/engine/build/lib/libns3-dev-mobility-debug.so
[203/279] Building CXX object src/propagation/CMakeFiles/propagation.dir/model/itu-r-1411-los-propagation-loss-model.cc.o
[204/279] Building CXX object src/propagation/CMakeFiles/propagation.dir/model/channel-condition-model.cc.o
[205/279] Building CXX object src/propagation/CMakeFiles/propagation.dir/model/jakes-process.cc.o
[206/279] Building CXX object src/propagation/CMakeFiles/propagation.dir/model/itu-r-1411-nlos-over-rooftop-propagation-loss-model.cc.o
[207/279] Building CXX object src/propagation/CMakeFiles/propagation.dir/model/jakes-propagation-loss-model.cc.o
[208/279] Building CXX object src/propagation/CMakeFiles/propagation.dir/model/kun-2600-mhz-propagation-loss-model.cc.o
[209/279] Building CXX object src/propagation/CMakeFiles/propagation.dir/model/okumura-hata-propagation-loss-model.cc.o
[210/279] Building CXX object src/propagation/CMakeFiles/propagation.dir/model/propagation-delay-model.cc.o
[211/279] Building CXX object src/propagation/CMakeFiles/propagation.dir/model/probabilistic-v2v-channel-condition-model.cc.o
[212/279] Building CXX object src/propagation/CMakeFiles/propagation.dir/model/propagation-loss-model.cc.o
[213/279] Building CXX object src/buildings/CMakeFiles/buildings.dir/helper/building-container.cc.o
[214/279] Building CXX object src/buildings/CMakeFiles/buildings.dir/helper/building-allocator.cc.o
[215/279] Building CXX object src/propagation/CMakeFiles/propagation.dir/model/three-gpp-v2v-propagation-loss-model.cc.o
[216/279] Building CXX object src/buildings/CMakeFiles/buildings.dir/helper/buildings-helper.cc.o
[217/279] Building CXX object src/propagation/CMakeFiles/propagation.dir/model/three-gpp-propagation-loss-model.cc.o
[218/279] Building CXX object src/buildings/CMakeFiles/buildings.dir/helper/building-position-allocator.cc.o
[219/279] Building CXX object src/buildings/CMakeFiles/buildings.dir/model/building-list.cc.o
[220/279] Building CXX object src/buildings/CMakeFiles/buildings.dir/model/building.cc.o
[221/279] Building CXX object src/buildings/CMakeFiles/buildings.dir/model/buildings-channel-condition-model.cc.o
[222/279] Building CXX object src/buildings/CMakeFiles/buildings.dir/model/buildings-propagation-loss-model.cc.o
[223/279] Building CXX object src/buildings/CMakeFiles/buildings.dir/model/itu-r-1238-propagation-loss-model.cc.o
[224/279] Building CXX object src/buildings/CMakeFiles/buildings.dir/model/hybrid-buildings-propagation-loss-model.cc.o
[225/279] Building CXX object src/buildings/CMakeFiles/buildings.dir/model/mobility-building-info.cc.o
[226/279] Linking CXX shared library /workspace/scratch/1a5b1ad6ce1b/t14n/native/engine/build/lib/libns3-dev-propagation-debug.so
[227/279] Building CXX object src/buildings/CMakeFiles/buildings.dir/model/oh-buildings-propagation-loss-model.cc.o
[228/279] Building CXX object src/buildings/CMakeFiles/buildings.dir/model/three-gpp-v2v-channel-condition-model.cc.o
[229/279] Building CXX object src/buildings/CMakeFiles/buildings.dir/model/random-walk-2d-outdoor-mobility-model.cc.o
[230/279] Linking CXX shared library /workspace/scratch/1a5b1ad6ce1b/t14n/native/engine/build/lib/libns3-dev-buildings-debug.so
[231/279] Building CXX object src/spectrum/CMakeFiles/spectrum.dir/helper/adhoc-aloha-noack-ideal-phy-helper.cc.o
[232/279] Building CXX object src/spectrum/CMakeFiles/spectrum.dir/helper/spectrum-helper.cc.o
[233/279] Building CXX object src/spectrum/CMakeFiles/spectrum.dir/helper/tv-spectrum-transmitter-helper.cc.o
[234/279] Building CXX object src/spectrum/CMakeFiles/spectrum.dir/helper/waveform-generator-helper.cc.o
[235/279] Building CXX object src/spectrum/CMakeFiles/spectrum.dir/helper/spectrum-analyzer-helper.cc.o
[236/279] Building CXX object src/spectrum/CMakeFiles/spectrum.dir/model/aloha-noack-mac-header.cc.o
[237/279] Building CXX object src/spectrum/CMakeFiles/spectrum.dir/model/friis-spectrum-propagation-loss.cc.o
[238/279] Building CXX object src/spectrum/CMakeFiles/spectrum.dir/model/constant-spectrum-propagation-loss.cc.o
[239/279] Building CXX object src/spectrum/CMakeFiles/spectrum.dir/model/aloha-noack-net-device.cc.o
[240/279] Building CXX object src/spectrum/CMakeFiles/spectrum.dir/model/half-duplex-ideal-phy-signal-parameters.cc.o
[241/279] Building CXX object src/spectrum/CMakeFiles/spectrum.dir/model/ism-spectrum-value-helper.cc.o
[242/279] Building CXX object src/spectrum/CMakeFiles/spectrum.dir/model/matrix-based-channel-model.cc.o
[243/279] Building CXX object src/spectrum/CMakeFiles/spectrum.dir/model/hexagonal-wraparound-model.cc.o
[244/279] Building CXX object src/spectrum/CMakeFiles/spectrum.dir/model/microwave-oven-spectrum-value-helper.cc.o
[245/279] Building CXX object src/spectrum/CMakeFiles/spectrum.dir/model/half-duplex-ideal-phy.cc.o
[246/279] Building CXX object src/spectrum/CMakeFiles/spectrum.dir/model/phased-array-spectrum-propagation-loss-model.cc.o
[247/279] Building CXX object src/spectrum/CMakeFiles/spectrum.dir/model/non-communicating-net-device.cc.o
[248/279] Building CXX object src/spectrum/CMakeFiles/spectrum.dir/model/multi-model-spectrum-channel.cc.o
[249/279] Building CXX object src/spectrum/CMakeFiles/spectrum.dir/model/single-model-spectrum-channel.cc.o
[250/279] Building CXX object src/spectrum/CMakeFiles/spectrum.dir/model/spectrum-converter.cc.o
[251/279] Building CXX object src/spectrum/CMakeFiles/spectrum.dir/model/spectrum-channel.cc.o
[252/279] Building CXX object src/spectrum/CMakeFiles/spectrum.dir/model/spectrum-analyzer.cc.o
[253/279] Building CXX object src/spectrum/CMakeFiles/spectrum.dir/model/spectrum-model-300kHz-300GHz-log.cc.o
[254/279] Building CXX object src/spectrum/CMakeFiles/spectrum.dir/model/spectrum-error-model.cc.o
[255/279] Building CXX object src/spectrum/CMakeFiles/spectrum.dir/model/spectrum-interference.cc.o
[256/279] Building CXX object src/spectrum/CMakeFiles/spectrum.dir/model/spectrum-model-ism2400MHz-res1MHz.cc.o
[257/279] Building CXX object src/spectrum/CMakeFiles/spectrum.dir/model/spectrum-model.cc.o
[258/279] Building CXX object src/spectrum/CMakeFiles/spectrum.dir/model/spectrum-phy.cc.o
[259/279] Building CXX object src/spectrum/CMakeFiles/spectrum.dir/model/spectrum-signal-parameters.cc.o
[260/279] Building CXX object src/spectrum/CMakeFiles/spectrum.dir/model/spectrum-propagation-loss-model.cc.o
[261/279] Building CXX object src/spectrum/CMakeFiles/spectrum.dir/model/spectrum-value.cc.o
[262/279] Building CXX object src/spectrum/CMakeFiles/spectrum.dir/model/spectrum-transmit-filter.cc.o
[263/279] Building CXX object src/spectrum/CMakeFiles/spectrum.dir/model/trace-fading-loss-model.cc.o
[264/279] Building CXX object src/spectrum/CMakeFiles/spectrum.dir/model/tv-spectrum-transmitter.cc.o
[265/279] Building CXX object src/spectrum/CMakeFiles/spectrum.dir/model/three-gpp-spectrum-propagation-loss-model.cc.o
[266/279] Building CXX object src/spectrum/CMakeFiles/spectrum.dir/model/two-ray-spectrum-propagation-loss-model.cc.o
[267/279] Building CXX object contrib/csr/CMakeFiles/csr.dir/model/csr-module.cc.o
[268/279] Building CXX object src/spectrum/CMakeFiles/spectrum.dir/model/wraparound-model.cc.o
[269/279] Building CXX object src/spectrum/CMakeFiles/spectrum.dir/model/waveform-generator.cc.o
[270/279] Building CXX object contrib/csr/CMakeFiles/csr.dir/model/csr-arl-routing-message.cc.o
[271/279] Building CXX object contrib/csr/CMakeFiles/csr.dir/model/csr-hello-header.cc.o
[272/279] Building CXX object contrib/csr/CMakeFiles/csr.dir/model/csr-legacy-crypto.cc.o
[273/279] Building CXX object src/spectrum/CMakeFiles/spectrum.dir/model/three-gpp-channel-model.cc.o
[274/279] Building CXX object contrib/csr/CMakeFiles/csr.dir/model/csr-opnet-ber-tables.cc.o
[275/279] Linking CXX shared library /workspace/scratch/1a5b1ad6ce1b/t14n/native/engine/build/lib/libns3-dev-spectrum-debug.so
[276/279] Building CXX object contrib/csr/CMakeFiles/csr.dir/model/csr-hop-security.cc.o
[277/279] Building CXX object contrib/csr/CMakeFiles/csr.dir/model/csr-opnet-packet-model.cc.o
[278/279] Linking CXX shared library /workspace/scratch/1a5b1ad6ce1b/t14n/native/engine/build/lib/libns3-dev-csr-debug.so
