Tranche 22: controlled HOP adaptive-window replay.
All 376 accepted T20 sources are unchanged. No campus run.
Running 89 focused test methods.
Running TestAdaptiveWindowContract
.......... .....
Done TestAdaptiveWindowContract
__________

Running TestEventScheduler
.......
Done TestEventScheduler
__________

Running TestHopLayer
.......... .......... .
Done TestHopLayer
__________

Running TestHopControls
.......... .......... .......
Done TestHopControls
__________

Running TestQueuedRetryPolicy
.......... ......
Done TestQueuedRetryPolicy
__________

Running TestMacHopCustody
...
Done TestMacHopCustody
__________

Replaying the frozen action sequence against native reference states.
