[NWK 1] ARL neighbor admission=disabled
[NWK 1] discovery_response_enabled=false
[NWK 1] automatic_route_propagation=disabled
[NWK 1] routing_snapshot_response_enabled=false
[MAC 1] active_nodes set to 2 for local slotting and post-TX wait
[NWK 1] active_nodes=2 pushed to MAC
[MAC 1] max_reported_active_nodes updated to 1
[NWK 1] New HELLO neighbor=2 hopSrc=2 speedKey=8 activeNodes=1 pathloss=70 snr=20
[NWK 1] link_calc neighbor=2 s0=-105 pathloss=70 numFailures=0 speed=128 txPower=0 estDistance=75 speedMargin=53 totalMargin=65 costMode=local-only cost=29
[NWK 1] Added route candidate dst=2 nextHop=2 hops=1 cost=29 linkCost=29 advCost=0 learnedFrom=2 selectionDeferred=0 selected=1
[NWK 1] Updated selected-route preference dst=2 preferredNextHop=2
[NWK 1] Selected route changed dst=2 reason=candidate update pendingDestinations=1
[NWK 1] ARL route message from 2 type=None advCount=0
[NWK 1] Routes: dst=2->nh=2(hops=1,cost=29,linkCost=29,advCost=0,from=2,imm=1,pl=70,valid=1,path=[2])
[NWK 1] Starting neighbor freshness monitor timeout=20s period=2s
[NWK 1] routesProcess grouped selected-route changes count=1 infoChanged=0 time=0
[NWK 1] Best route dst=2 nextHop=2 cost=29 hops=1 learnedFrom=2 candidates=1 validCandidates=1
[NWK 1] Automatic route propagation disabled; reporting only
[HOP 1] New neighbor 2 heard at t=19s
[NWK 1] Added reverse path netSrc=2 reverseHop=2
[NWK 1] ARL neighbor INACTIVE neighbor=2 reason=freshness timeout wasActive=1
[NWK 1] Cleared stale routing transaction state neighbor=2 pendingRequest=0 inboundSnapshot=0 outboundSnapshot=0
[NWK 1] Cleared stale RoutingInfo neighbor=2
[NWK 1] Neighbor stale nextHop=2 age=22s timeout=20s
[NWK 1] Stale neighbor 2 marked stale, but routes are preserved because invalidate_routes_on_stale_neighbor=false
[NWK 1] Neighbor transitions to stale=1; scheduling automatic Discover Chirp
[NWK 1] routesProcess grouped selected-route changes count=0 infoChanged=0 time=22
[NWK 1] Automatic route propagation disabled; reporting only
[NWK 1] Sending ARL Discover Chirp
[NWK 1] Chirp activeNeighborCount=0
[NWK 1] ARL Discover sent without Routes_PAYLOAD
[NWK 1] HELLO advertising 0 routes
[NWK 1] HELLO ARL route msg type=1
[HOP 1] link_control dest=16777215 neighborKnown=0 speed=8 txPower=30 rxPower=-105
[HOP 1] TX GroupEstablish Discover securityCount=1 securityBytes=7
[MAC] Enqueue TX pkt dscp=7 insert_pos=0 queue_size_before=0
[NWK 1] ARL neighbor admission=disabled
[NWK 1] discovery_response_enabled=false
[NWK 1] automatic_route_propagation=disabled
[NWK 1] routing_snapshot_response_enabled=false
[MAC 1] active_nodes set to 2 for local slotting and post-TX wait
[NWK 1] active_nodes=2 pushed to MAC
[MAC 1] max_reported_active_nodes updated to 1
[NWK 1] New HELLO neighbor=2 hopSrc=2 speedKey=8 activeNodes=1 pathloss=70 snr=20
[NWK 1] link_calc neighbor=2 s0=-105 pathloss=70 numFailures=0 speed=128 txPower=0 estDistance=75 speedMargin=53 totalMargin=65 costMode=local-only cost=29
[NWK 1] Added route candidate dst=2 nextHop=2 hops=1 cost=29 linkCost=29 advCost=0 learnedFrom=2 selectionDeferred=0 selected=1
[NWK 1] Updated selected-route preference dst=2 preferredNextHop=2
[NWK 1] Selected route changed dst=2 reason=candidate update pendingDestinations=1
[NWK 1] ARL route message from 2 type=None advCount=0
[NWK 1] Routes: dst=2->nh=2(hops=1,cost=29,linkCost=29,advCost=0,from=2,imm=1,pl=70,valid=1,path=[2])
[NWK 1] Starting neighbor freshness monitor timeout=20s period=2s
[NWK 1] routesProcess grouped selected-route changes count=1 infoChanged=0 time=0
[NWK 1] Best route dst=2 nextHop=2 cost=29 hops=1 learnedFrom=2 candidates=1 validCandidates=1
[NWK 1] Automatic route propagation disabled; reporting only
[HOP 1] New neighbor 2 heard at t=19s
[HOP 1] Overheard frame from 2 for 3 type=0 ignored after neighbor update
[NWK 1] ARL neighbor INACTIVE neighbor=2 reason=freshness timeout wasActive=1
[NWK 1] Cleared stale routing transaction state neighbor=2 pendingRequest=0 inboundSnapshot=0 outboundSnapshot=0
[NWK 1] Cleared stale RoutingInfo neighbor=2
[NWK 1] Neighbor stale nextHop=2 age=22s timeout=20s
[NWK 1] Stale neighbor 2 marked stale, but routes are preserved because invalidate_routes_on_stale_neighbor=false
[NWK 1] Neighbor transitions to stale=1; scheduling automatic Discover Chirp
[NWK 1] routesProcess grouped selected-route changes count=0 infoChanged=0 time=22
[NWK 1] Automatic route propagation disabled; reporting only
[NWK 1] Sending ARL Discover Chirp
[NWK 1] Chirp activeNeighborCount=0
[NWK 1] ARL Discover sent without Routes_PAYLOAD
[NWK 1] HELLO advertising 0 routes
[NWK 1] HELLO ARL route msg type=1
[HOP 1] link_control dest=16777215 neighborKnown=0 speed=8 txPower=30 rxPower=-105
[HOP 1] TX GroupEstablish Discover securityCount=1 securityBytes=7
[MAC] Enqueue TX pkt dscp=7 insert_pos=0 queue_size_before=0
[NWK 1] ARL neighbor admission=disabled
[NWK 1] discovery_response_enabled=false
[NWK 1] automatic_route_propagation=disabled
[NWK 1] routing_snapshot_response_enabled=false
[MAC 1] active_nodes set to 2 for local slotting and post-TX wait
[NWK 1] active_nodes=2 pushed to MAC
[MAC 1] max_reported_active_nodes updated to 1
[NWK 1] New HELLO neighbor=2 hopSrc=2 speedKey=8 activeNodes=1 pathloss=70 snr=20
[NWK 1] link_calc neighbor=2 s0=-105 pathloss=70 numFailures=0 speed=128 txPower=0 estDistance=75 speedMargin=53 totalMargin=65 costMode=local-only cost=29
[NWK 1] Added route candidate dst=2 nextHop=2 hops=1 cost=29 linkCost=29 advCost=0 learnedFrom=2 selectionDeferred=0 selected=1
[NWK 1] Updated selected-route preference dst=2 preferredNextHop=2
[NWK 1] Selected route changed dst=2 reason=candidate update pendingDestinations=1
[NWK 1] ARL route message from 2 type=None advCount=0
[NWK 1] Routes: dst=2->nh=2(hops=1,cost=29,linkCost=29,advCost=0,from=2,imm=1,pl=70,valid=1,path=[2])
[NWK 1] Starting neighbor freshness monitor timeout=20s period=2s
[NWK 1] routesProcess grouped selected-route changes count=1 infoChanged=0 time=0
[NWK 1] Best route dst=2 nextHop=2 cost=29 hops=1 learnedFrom=2 candidates=1 validCandidates=1
[NWK 1] Automatic route propagation disabled; reporting only
[HOP 1] New neighbor 2 heard at t=19s
[HOP 1] RX ACK from 2 seq=77
[NWK 1] CheckNwkQueue: size=0
[NWK 1] ARL neighbor INACTIVE neighbor=2 reason=freshness timeout wasActive=1
[NWK 1] Cleared stale routing transaction state neighbor=2 pendingRequest=0 inboundSnapshot=0 outboundSnapshot=0
[NWK 1] Cleared stale RoutingInfo neighbor=2
[NWK 1] Neighbor stale nextHop=2 age=22s timeout=20s
[NWK 1] Stale neighbor 2 marked stale, but routes are preserved because invalidate_routes_on_stale_neighbor=false
[NWK 1] Neighbor transitions to stale=1; scheduling automatic Discover Chirp
[NWK 1] routesProcess grouped selected-route changes count=0 infoChanged=0 time=22
[NWK 1] Automatic route propagation disabled; reporting only
[NWK 1] Sending ARL Discover Chirp
[NWK 1] Chirp activeNeighborCount=0
[NWK 1] ARL Discover sent without Routes_PAYLOAD
[NWK 1] HELLO advertising 0 routes
[NWK 1] HELLO ARL route msg type=1
[HOP 1] link_control dest=16777215 neighborKnown=0 speed=8 txPower=30 rxPower=-105
[HOP 1] TX GroupEstablish Discover securityCount=1 securityBytes=7
[MAC] Enqueue TX pkt dscp=7 insert_pos=0 queue_size_before=0
[NWK 1] ARL neighbor admission=disabled
[NWK 1] discovery_response_enabled=false
[NWK 1] automatic_route_propagation=disabled
[NWK 1] routing_snapshot_response_enabled=false
[MAC 1] active_nodes set to 2 for local slotting and post-TX wait
[NWK 1] active_nodes=2 pushed to MAC
[MAC 1] max_reported_active_nodes updated to 1
[NWK 1] New HELLO neighbor=2 hopSrc=2 speedKey=8 activeNodes=1 pathloss=70 snr=20
[NWK 1] link_calc neighbor=2 s0=-105 pathloss=70 numFailures=0 speed=128 txPower=0 estDistance=75 speedMargin=53 totalMargin=65 costMode=local-only cost=29
[NWK 1] Added route candidate dst=2 nextHop=2 hops=1 cost=29 linkCost=29 advCost=0 learnedFrom=2 selectionDeferred=0 selected=1
[NWK 1] Updated selected-route preference dst=2 preferredNextHop=2
[NWK 1] Selected route changed dst=2 reason=candidate update pendingDestinations=1
[NWK 1] ARL route message from 2 type=None advCount=0
[NWK 1] Routes: dst=2->nh=2(hops=1,cost=29,linkCost=29,advCost=0,from=2,imm=1,pl=70,valid=1,path=[2])
[NWK 1] Starting neighbor freshness monitor timeout=20s period=2s
[NWK 1] routesProcess grouped selected-route changes count=1 infoChanged=0 time=0
[NWK 1] Best route dst=2 nextHop=2 cost=29 hops=1 learnedFrom=2 candidates=1 validCandidates=1
[NWK 1] Automatic route propagation disabled; reporting only
[HOP 1] New neighbor 2 heard at t=19s
[HOP 1] Overheard frame from 2 for 3 type=1 ignored after neighbor update
[NWK 1] ARL neighbor INACTIVE neighbor=2 reason=freshness timeout wasActive=1
[NWK 1] Cleared stale routing transaction state neighbor=2 pendingRequest=0 inboundSnapshot=0 outboundSnapshot=0
[NWK 1] Cleared stale RoutingInfo neighbor=2
[NWK 1] Neighbor stale nextHop=2 age=22s timeout=20s
[NWK 1] Stale neighbor 2 marked stale, but routes are preserved because invalidate_routes_on_stale_neighbor=false
[NWK 1] Neighbor transitions to stale=1; scheduling automatic Discover Chirp
[NWK 1] routesProcess grouped selected-route changes count=0 infoChanged=0 time=22
[NWK 1] Automatic route propagation disabled; reporting only
[NWK 1] Sending ARL Discover Chirp
[NWK 1] Chirp activeNeighborCount=0
[NWK 1] ARL Discover sent without Routes_PAYLOAD
[NWK 1] HELLO advertising 0 routes
[NWK 1] HELLO ARL route msg type=1
[HOP 1] link_control dest=16777215 neighborKnown=0 speed=8 txPower=30 rxPower=-105
[HOP 1] TX GroupEstablish Discover securityCount=1 securityBytes=7
[MAC] Enqueue TX pkt dscp=7 insert_pos=0 queue_size_before=0
[NWK 1] ARL neighbor admission=disabled
[NWK 1] discovery_response_enabled=false
[NWK 1] automatic_route_propagation=disabled
[NWK 1] routing_snapshot_response_enabled=false
[MAC 1] active_nodes set to 2 for local slotting and post-TX wait
[NWK 1] active_nodes=2 pushed to MAC
[MAC 1] max_reported_active_nodes updated to 1
[NWK 1] New HELLO neighbor=2 hopSrc=2 speedKey=8 activeNodes=1 pathloss=70 snr=20
[NWK 1] link_calc neighbor=2 s0=-105 pathloss=70 numFailures=0 speed=128 txPower=0 estDistance=75 speedMargin=53 totalMargin=65 costMode=local-only cost=29
[NWK 1] Added route candidate dst=2 nextHop=2 hops=1 cost=29 linkCost=29 advCost=0 learnedFrom=2 selectionDeferred=0 selected=1
[NWK 1] Updated selected-route preference dst=2 preferredNextHop=2
[NWK 1] Selected route changed dst=2 reason=candidate update pendingDestinations=1
[NWK 1] ARL route message from 2 type=None advCount=0
[NWK 1] Routes: dst=2->nh=2(hops=1,cost=29,linkCost=29,advCost=0,from=2,imm=1,pl=70,valid=1,path=[2])
[NWK 1] Starting neighbor freshness monitor timeout=20s period=2s
[NWK 1] routesProcess grouped selected-route changes count=1 infoChanged=0 time=0
[NWK 1] Best route dst=2 nextHop=2 cost=29 hops=1 learnedFrom=2 candidates=1 validCandidates=1
[NWK 1] Automatic route propagation disabled; reporting only
[HOP 1] New neighbor 2 heard at t=19s
[HOP 1] RX HELLO from 2 pathloss=70 snr=20
[MAC 1] active_nodes set to 2 for local slotting and post-TX wait
[NWK 1] active_nodes=2 pushed to MAC
[NWK 1] Updated HELLO neighbor=2 hopSrc=2 speedKey=8 activeNodes=1 pathloss=70 snr=20
[NWK 1] link_calc neighbor=2 s0=-105 pathloss=70 numFailures=0 speed=128 txPower=0 estDistance=75 speedMargin=53 totalMargin=65 costMode=local-only cost=29
[NWK 1] Updated route candidate dst=2 nextHop=2 hops=1 oldCost=29 newCost=29 valid=1->1 selectionDeferred=0 selected=1
[NWK 1] ARL route message from 2 type=Discover advCount=0
[NWK 1] ProcessDiscover from 2 subtype=Broadcast sequence=1
[NWK 1] New discovery sequence from 2 old=0 new=1
[NWK 1] Suppressing Discovery response to 2 for sequence=1 testMode=true
[NWK 1] Routes: dst=2->nh=2(hops=1,cost=29,linkCost=29,advCost=0,from=2,imm=1,pl=70,valid=1,path=[2])
[NWK 1] ARL neighbor INACTIVE neighbor=2 reason=freshness timeout wasActive=1
[NWK 1] Cleared stale routing transaction state neighbor=2 pendingRequest=0 inboundSnapshot=0 outboundSnapshot=0
[NWK 1] Cleared stale RoutingInfo neighbor=2
[NWK 1] Neighbor stale nextHop=2 age=21s timeout=20s
[NWK 1] Stale neighbor 2 marked stale, but routes are preserved because invalidate_routes_on_stale_neighbor=false
[NWK 1] Neighbor transitions to stale=1; scheduling automatic Discover Chirp
[NWK 1] routesProcess grouped selected-route changes count=0 infoChanged=0 time=40
[NWK 1] Automatic route propagation disabled; reporting only
[NWK 1] Sending ARL Discover Chirp
[NWK 1] Chirp activeNeighborCount=0
[NWK 1] ARL Discover sent without Routes_PAYLOAD
[NWK 1] HELLO advertising 0 routes
[NWK 1] HELLO ARL route msg type=1
[HOP 1] link_control dest=16777215 neighborKnown=0 speed=8 txPower=30 rxPower=-105
[HOP 1] TX GroupEstablish Discover securityCount=1 securityBytes=7
[MAC] Enqueue TX pkt dscp=7 insert_pos=0 queue_size_before=0
[NWK 1] ARL neighbor admission=disabled
[NWK 1] discovery_response_enabled=false
[NWK 1] automatic_route_propagation=disabled
[NWK 1] routing_snapshot_response_enabled=false
[MAC 1] active_nodes set to 2 for local slotting and post-TX wait
[NWK 1] active_nodes=2 pushed to MAC
[MAC 1] max_reported_active_nodes updated to 1
[NWK 1] New HELLO neighbor=2 hopSrc=2 speedKey=8 activeNodes=1 pathloss=70 snr=20
[NWK 1] link_calc neighbor=2 s0=-105 pathloss=70 numFailures=0 speed=128 txPower=0 estDistance=75 speedMargin=53 totalMargin=65 costMode=local-only cost=29
[NWK 1] Added route candidate dst=2 nextHop=2 hops=1 cost=29 linkCost=29 advCost=0 learnedFrom=2 selectionDeferred=0 selected=1
[NWK 1] Updated selected-route preference dst=2 preferredNextHop=2
[NWK 1] Selected route changed dst=2 reason=candidate update pendingDestinations=1
[NWK 1] ARL route message from 2 type=None advCount=0
[NWK 1] Routes: dst=2->nh=2(hops=1,cost=29,linkCost=29,advCost=0,from=2,imm=1,pl=70,valid=1,path=[2])
[NWK 1] Starting neighbor freshness monitor timeout=20s period=2s
[NWK 1] routesProcess grouped selected-route changes count=1 infoChanged=0 time=0
[NWK 1] Best route dst=2 nextHop=2 cost=29 hops=1 learnedFrom=2 candidates=1 validCandidates=1
[NWK 1] Automatic route propagation disabled; reporting only
[HOP 1] New neighbor 2 heard at t=19s
[HOP 1] RX reliable RoutingControl from 2 seq=79 firstReception=1
[MAC 1] active_nodes set to 2 for local slotting and post-TX wait
[NWK 1] active_nodes=2 pushed to MAC
[NWK 1] Updated HELLO neighbor=2 hopSrc=2 speedKey=8 activeNodes=1 pathloss=70 snr=20
[NWK 1] link_calc neighbor=2 s0=-105 pathloss=70 numFailures=0 speed=128 txPower=0 estDistance=75 speedMargin=53 totalMargin=65 costMode=local-only cost=29
[NWK 1] Updated route candidate dst=2 nextHop=2 hops=1 oldCost=29 newCost=29 valid=1->1 selectionDeferred=0 selected=1
[NWK 1] ARL route message from 2 type=RoutingUpdate advCount=0
[NWK 1] Buffered ARL routing section from=2 routingSequence=1 section=0/1 buffered=1
[NWK 1] Reassembled complete ARL routing message from=2 routingSequence=1 sections=1 recordBytes=12 records=2
[NWK 1] Updated selected-route preference dst=2 preferredNextHop=2
[NWK 1] Selected route changed dst=2 reason=ARL self UPDATE pendingDestinations=1
[NWK 1] Applied source-owned neighbor capability neighbor=2 capability=1 routingSequence=1 directCost=29
[NWK 1] Applied ARL FLUSH from=2 routingSequence=1 routesInvalidated=0
[NWK 1] Routes: dst=2->nh=2(hops=1,cost=29,linkCost=29,advCost=0,from=2,imm=1,pl=70,valid=1,path=[2])
[NWK 1] routesProcess grouped selected-route changes count=1 infoChanged=0 time=19
[NWK 1] Best route dst=2 nextHop=2 cost=29 hops=1 learnedFrom=2 candidates=1 validCandidates=1
[NWK 1] Automatic route propagation disabled; reporting only
[NWK 1] ARL neighbor INACTIVE neighbor=2 reason=freshness timeout wasActive=1
[NWK 1] Updated selected-route preference dst=2 preferredNextHop=2
[NWK 1] Selected route changed dst=2 reason=neighbor inactive pendingDestinations=1
[NWK 1] Cleared stale routing transaction state neighbor=2 pendingRequest=0 inboundSnapshot=0 outboundSnapshot=0
[NWK 1] Cleared stale RoutingInfo neighbor=2
[NWK 1] Neighbor stale nextHop=2 age=21s timeout=20s
[NWK 1] Stale neighbor 2 marked stale, but routes are preserved because invalidate_routes_on_stale_neighbor=false
[NWK 1] Neighbor transitions to stale=1; scheduling automatic Discover Chirp
[NWK 1] routesProcess grouped selected-route changes count=1 infoChanged=0 time=40
[NWK 1] Best route dst=2 nextHop=2 cost=29 hops=1 learnedFrom=2 candidates=1 validCandidates=1
[NWK 1] Automatic route propagation disabled; reporting only
[NWK 1] Sending ARL Discover Chirp
[NWK 1] Chirp activeNeighborCount=0
[NWK 1] ARL Discover sent without Routes_PAYLOAD
[NWK 1] HELLO advertising 0 routes
[NWK 1] HELLO ARL route msg type=1
[HOP 1] link_control dest=16777215 neighborKnown=0 speed=8 txPower=30 rxPower=-105
[HOP 1] TX GroupEstablish Discover securityCount=1 securityBytes=7
[MAC] Enqueue TX pkt dscp=7 insert_pos=0 queue_size_before=0
[NWK 1] ARL neighbor admission=disabled
[NWK 1] discovery_response_enabled=false
[NWK 1] automatic_route_propagation=disabled
[NWK 1] routing_snapshot_response_enabled=false
[MAC 1] active_nodes set to 2 for local slotting and post-TX wait
[NWK 1] active_nodes=2 pushed to MAC
[MAC 1] max_reported_active_nodes updated to 1
[NWK 1] New HELLO neighbor=2 hopSrc=2 speedKey=8 activeNodes=1 pathloss=70 snr=20
[NWK 1] link_calc neighbor=2 s0=-105 pathloss=70 numFailures=0 speed=128 txPower=0 estDistance=75 speedMargin=53 totalMargin=65 costMode=local-only cost=29
[NWK 1] Added route candidate dst=2 nextHop=2 hops=1 cost=29 linkCost=29 advCost=0 learnedFrom=2 selectionDeferred=0 selected=1
[NWK 1] Updated selected-route preference dst=2 preferredNextHop=2
[NWK 1] Selected route changed dst=2 reason=candidate update pendingDestinations=1
[NWK 1] ARL route message from 2 type=None advCount=0
[NWK 1] Routes: dst=2->nh=2(hops=1,cost=29,linkCost=29,advCost=0,from=2,imm=1,pl=70,valid=1,path=[2])
[NWK 1] Starting neighbor freshness monitor timeout=20s period=2s
[NWK 1] routesProcess grouped selected-route changes count=1 infoChanged=0 time=0
[NWK 1] Best route dst=2 nextHop=2 cost=29 hops=1 learnedFrom=2 candidates=1 validCandidates=1
[NWK 1] Automatic route propagation disabled; reporting only
[HOP 1] New neighbor 2 heard at t=5s
[HOP 1] RX reliable RoutingControl from 2 seq=79 firstReception=1
[MAC 1] active_nodes set to 2 for local slotting and post-TX wait
[NWK 1] active_nodes=2 pushed to MAC
[NWK 1] Updated HELLO neighbor=2 hopSrc=2 speedKey=8 activeNodes=1 pathloss=70 snr=20
[NWK 1] link_calc neighbor=2 s0=-105 pathloss=70 numFailures=0 speed=128 txPower=0 estDistance=75 speedMargin=53 totalMargin=65 costMode=local-only cost=29
[NWK 1] Updated route candidate dst=2 nextHop=2 hops=1 oldCost=29 newCost=29 valid=1->1 selectionDeferred=0 selected=1
[NWK 1] ARL route message from 2 type=RoutingUpdate advCount=0
[NWK 1] Buffered ARL routing section from=2 routingSequence=1 section=0/1 buffered=1
[NWK 1] Reassembled complete ARL routing message from=2 routingSequence=1 sections=1 recordBytes=12 records=2
[NWK 1] Updated selected-route preference dst=2 preferredNextHop=2
[NWK 1] Selected route changed dst=2 reason=ARL self UPDATE pendingDestinations=1
[NWK 1] Applied source-owned neighbor capability neighbor=2 capability=1 routingSequence=1 directCost=29
[NWK 1] Applied ARL FLUSH from=2 routingSequence=1 routesInvalidated=0
[NWK 1] Routes: dst=2->nh=2(hops=1,cost=29,linkCost=29,advCost=0,from=2,imm=1,pl=70,valid=1,path=[2])
[NWK 1] routesProcess grouped selected-route changes count=1 infoChanged=0 time=5
[NWK 1] Best route dst=2 nextHop=2 cost=29 hops=1 learnedFrom=2 candidates=1 validCandidates=1
[NWK 1] Automatic route propagation disabled; reporting only
[HOP 1] RX reliable RoutingControl from 2 seq=79 firstReception=0
[NWK 1] ARL neighbor INACTIVE neighbor=2 reason=freshness timeout wasActive=1
[NWK 1] Updated selected-route preference dst=2 preferredNextHop=2
[NWK 1] Selected route changed dst=2 reason=neighbor inactive pendingDestinations=1
[NWK 1] Cleared stale routing transaction state neighbor=2 pendingRequest=0 inboundSnapshot=0 outboundSnapshot=0
[NWK 1] Cleared stale RoutingInfo neighbor=2
[NWK 1] Neighbor stale nextHop=2 age=21s timeout=20s
[NWK 1] Stale neighbor 2 marked stale, but routes are preserved because invalidate_routes_on_stale_neighbor=false
[NWK 1] Neighbor transitions to stale=1; scheduling automatic Discover Chirp
[NWK 1] routesProcess grouped selected-route changes count=1 infoChanged=0 time=26
[NWK 1] Best route dst=2 nextHop=2 cost=29 hops=1 learnedFrom=2 candidates=1 validCandidates=1
[NWK 1] Automatic route propagation disabled; reporting only
[NWK 1] Sending ARL Discover Chirp
[NWK 1] Chirp activeNeighborCount=0
[NWK 1] ARL Discover sent without Routes_PAYLOAD
[NWK 1] HELLO advertising 0 routes
[NWK 1] HELLO ARL route msg type=1
[HOP 1] link_control dest=16777215 neighborKnown=0 speed=8 txPower=30 rxPower=-105
[HOP 1] TX GroupEstablish Discover securityCount=1 securityBytes=7
[MAC] Enqueue TX pkt dscp=7 insert_pos=0 queue_size_before=0
[NWK 1] ARL neighbor admission=disabled
[NWK 1] discovery_response_enabled=false
[NWK 1] automatic_route_propagation=disabled
[NWK 1] routing_snapshot_response_enabled=false
[MAC 1] active_nodes set to 2 for local slotting and post-TX wait
[NWK 1] active_nodes=2 pushed to MAC
[MAC 1] max_reported_active_nodes updated to 1
[NWK 1] New HELLO neighbor=2 hopSrc=2 speedKey=8 activeNodes=1 pathloss=70 snr=20
[NWK 1] link_calc neighbor=2 s0=-105 pathloss=70 numFailures=0 speed=128 txPower=0 estDistance=75 speedMargin=53 totalMargin=65 costMode=local-only cost=29
[NWK 1] Added route candidate dst=2 nextHop=2 hops=1 cost=29 linkCost=29 advCost=0 learnedFrom=2 selectionDeferred=0 selected=1
[NWK 1] Updated selected-route preference dst=2 preferredNextHop=2
[NWK 1] Selected route changed dst=2 reason=candidate update pendingDestinations=1
[NWK 1] ARL route message from 2 type=None advCount=0
[NWK 1] Routes: dst=2->nh=2(hops=1,cost=29,linkCost=29,advCost=0,from=2,imm=1,pl=70,valid=1,path=[2])
[NWK 1] Starting neighbor freshness monitor timeout=20s period=2s
[NWK 1] routesProcess grouped selected-route changes count=1 infoChanged=0 time=0
[NWK 1] Best route dst=2 nextHop=2 cost=29 hops=1 learnedFrom=2 candidates=1 validCandidates=1
[NWK 1] Automatic route propagation disabled; reporting only
[NWK 1] NeighborCheck success neighbor=2 subtype=Message discoverySequence=0 stale=0->0 numFailures=0->0
[NWK 1] recompute hop-cost neighbor=2 failures=0 costMode=local-only newLinkCost=29
[NWK 1] Recomputed route after link change dst=2 nextHop=2 oldCost=29 newCost=29 linkCost=29 advertisedCost=0 numFailures=0
[NWK 1] ARL neighbor INACTIVE neighbor=2 reason=freshness timeout wasActive=1
[NWK 1] Cleared stale routing transaction state neighbor=2 pendingRequest=0 inboundSnapshot=0 outboundSnapshot=0
[NWK 1] Cleared stale RoutingInfo neighbor=2
[NWK 1] Neighbor stale nextHop=2 age=21s timeout=20s
[NWK 1] Stale neighbor 2 marked stale, but routes are preserved because invalidate_routes_on_stale_neighbor=false
[NWK 1] Neighbor transitions to stale=1; scheduling automatic Discover Chirp
[NWK 1] routesProcess grouped selected-route changes count=0 infoChanged=0 time=40
[NWK 1] Automatic route propagation disabled; reporting only
[NWK 1] Sending ARL Discover Chirp
[NWK 1] Chirp activeNeighborCount=0
[NWK 1] ARL Discover sent without Routes_PAYLOAD
[NWK 1] HELLO advertising 0 routes
[NWK 1] HELLO ARL route msg type=1
[HOP 1] link_control dest=16777215 neighborKnown=0 speed=8 txPower=30 rxPower=-105
[HOP 1] TX GroupEstablish Discover securityCount=1 securityBytes=7
[MAC] Enqueue TX pkt dscp=7 insert_pos=0 queue_size_before=0
[NWK 1] ARL neighbor admission=disabled
[NWK 1] discovery_response_enabled=false
[NWK 1] automatic_route_propagation=disabled
[NWK 1] routing_snapshot_response_enabled=false
[MAC 1] active_nodes set to 2 for local slotting and post-TX wait
[NWK 1] active_nodes=2 pushed to MAC
[MAC 1] max_reported_active_nodes updated to 1
[NWK 1] New HELLO neighbor=2 hopSrc=2 speedKey=8 activeNodes=1 pathloss=70 snr=20
[NWK 1] link_calc neighbor=2 s0=-105 pathloss=70 numFailures=0 speed=128 txPower=0 estDistance=75 speedMargin=53 totalMargin=65 costMode=local-only cost=29
[NWK 1] Added route candidate dst=2 nextHop=2 hops=1 cost=29 linkCost=29 advCost=0 learnedFrom=2 selectionDeferred=0 selected=1
[NWK 1] Updated selected-route preference dst=2 preferredNextHop=2
[NWK 1] Selected route changed dst=2 reason=candidate update pendingDestinations=1
[NWK 1] ARL route message from 2 type=None advCount=0
[NWK 1] Routes: dst=2->nh=2(hops=1,cost=29,linkCost=29,advCost=0,from=2,imm=1,pl=70,valid=1,path=[2])
[NWK 1] Starting neighbor freshness monitor timeout=20s period=2s
[NWK 1] routesProcess grouped selected-route changes count=1 infoChanged=0 time=0
[NWK 1] Best route dst=2 nextHop=2 cost=29 hops=1 learnedFrom=2 candidates=1 validCandidates=1
[NWK 1] Automatic route propagation disabled; reporting only
[NWK 1] Ignoring stale discovery Verify completion neighbor=2 completedSequence=99 currentSequence=0
[NWK 1] ARL neighbor INACTIVE neighbor=2 reason=freshness timeout wasActive=1
[NWK 1] Cleared stale routing transaction state neighbor=2 pendingRequest=0 inboundSnapshot=0 outboundSnapshot=0
[NWK 1] Cleared stale RoutingInfo neighbor=2
[NWK 1] Neighbor stale nextHop=2 age=22s timeout=20s
[NWK 1] Stale neighbor 2 marked stale, but routes are preserved because invalidate_routes_on_stale_neighbor=false
[NWK 1] Neighbor transitions to stale=1; scheduling automatic Discover Chirp
[NWK 1] routesProcess grouped selected-route changes count=0 infoChanged=0 time=22
[NWK 1] Automatic route propagation disabled; reporting only
[NWK 1] Sending ARL Discover Chirp
[NWK 1] Chirp activeNeighborCount=0
[NWK 1] ARL Discover sent without Routes_PAYLOAD
[NWK 1] HELLO advertising 0 routes
[NWK 1] HELLO ARL route msg type=1
[HOP 1] link_control dest=16777215 neighborKnown=0 speed=8 txPower=30 rxPower=-105
[HOP 1] TX GroupEstablish Discover securityCount=1 securityBytes=7
[MAC] Enqueue TX pkt dscp=7 insert_pos=0 queue_size_before=0
[MAC 1] PickTxSlot(dest=16777215) active_nodes_for_slotting=2 opnet_slot_range=21
[MAC 1] PickTxSlot(dest=16777215) avoid:
[MAC 1] PickTxSlot chose 19 using OPNET free-slot ordinal range [1,21]
[MAC 1] starts Pre-Tx with new slot=19 holdoff_over=0
[MAC 1] OPNET 300-ms transmit holdoff complete
[MAC 1] PickTxSlot(dest=16777215) active_nodes_for_slotting=2 opnet_slot_range=21
[MAC 1] PickTxSlot(dest=16777215) avoid:
[MAC 1] PickTxSlot chose 2 using OPNET free-slot ordinal range [1,21]
[MAC 1] TX opportunity reached currentSlot=19 reserveNextSlot=2
... type=4 speedKey=8[t=22.559] TX from node 1 to dest 16777215 seq 9 size 19 bytes segments 1 at slot 2 rate 8 kbps txPower 30 dBm (7843.14 bps) preamble LONG duration 1.0353 s
[MAC 1] OPNET aggregate transmitted segments=1 ackSegments=0 dataSegments=1 bytes=19 rate=8
[MAC 1] post-TX WAIT_FOR_ACK until 42.0943 (POST_TX_WAIT=18.5 s)
[MAC 1] local advertised reservation expired
[NWK 1] automatic_route_propagation=disabled
[NWK 1] New HELLO neighbor=2 hopSrc=2 speedKey=8 activeNodes=1 pathloss=70 snr=20
[NWK 1] link_calc neighbor=2 s0=-105 pathloss=70 numFailures=0 speed=128 txPower=0 estDistance=75 speedMargin=53 totalMargin=65 costMode=local-only cost=29
[NWK 1] Added route candidate dst=2 nextHop=2 hops=1 cost=29 linkCost=29 advCost=0 learnedFrom=2 selectionDeferred=0 selected=0
[NWK 1] ARL route message from 2 type=None advCount=0
[NWK 1] Routes: dst=2->nh=2(hops=1,cost=29,linkCost=29,advCost=0,from=2,imm=1,pl=70,valid=1,path=[2])
[NWK 1] Starting neighbor freshness monitor timeout=20s period=2s
[NWK 1] ARL neighbor INACTIVE neighbor=2 reason=freshness timeout wasActive=0
[NWK 1] Cleared stale routing transaction state neighbor=2 pendingRequest=0 inboundSnapshot=0 outboundSnapshot=0
[NWK 1] Cleared stale RoutingInfo neighbor=2
[NWK 1] Neighbor stale nextHop=2 age=22s timeout=20s
[NWK 1] Stale neighbor 2 marked stale, but routes are preserved because invalidate_routes_on_stale_neighbor=false
[NWK 1] Neighbor transitions to stale=1; scheduling automatic Discover Chirp
[NWK 1] routesProcess grouped selected-route changes count=0 infoChanged=0 time=22
[NWK 1] Automatic route propagation disabled; reporting only
[NWK 1] Sending ARL Discover Chirp
[NWK 1] NeighborCheck success neighbor=2 subtype=Message discoverySequence=0 stale=1->0 numFailures=9->8
[NWK 1] Reactivated direct neighbor route dst=2 nextHop=2 after successful NeighborCheck
[NWK 1] Neighbor recovery route policy neighbor=2 directRoutesReactivated=1 transitiveRoutesPreservedInvalid=0
[NWK 1] recompute hop-cost neighbor=2 failures=8 costMode=local-only newLinkCost=29
[NWK 1] Recomputed route after link change dst=2 nextHop=2 oldCost=29 newCost=29 linkCost=29 advertisedCost=0 numFailures=8
[NWK 1] ARL neighbor ACTIVE neighbor=2 reason=ACKed NeighborCheck keys=two-sided
[NWK 1] Updated selected-route preference dst=2 preferredNextHop=2
[NWK 1] Selected route changed dst=2 reason=neighbor admitted pendingDestinations=1
[NWK 1] routesProcess grouped selected-route changes count=1 infoChanged=0 time=23
[NWK 1] Best route dst=2 nextHop=2 cost=29 hops=1 learnedFrom=2 candidates=1 validCandidates=1
[NWK 1] Automatic route propagation disabled; reporting only
CONTRACT_SUMMARY checks=45 failed=0
