[HOP 7] CanSendToHop dest=8 outstanding=0 threshold=0 effectiveWindow=1 pendingData=0 globalLimit=16 neighborOK=1 nodeOK=1 -> YES
[HOP 7] link_control dest=8 neighborKnown=0 speed=8 txPower=30 rxPower=-105
[HOP 7] Pending DATA increment dest=8 pending=1
[HOP 7] TX Pairwise16 DATA neighbor=8 hopSeq=1 securityCount=1
[MAC] Enqueue TX pkt dscp=0 insert_pos=0 queue_size_before=0
[MAC 7] Cancel queued acknowledged frame neighbor=8 seq=1 baseSeq=1 windowIndex=0
[HOP 7] MAC sent confirmation dest=8 seq=1 transmission=1 sentAt=0.001
[HOP 7] CanSendToHop dest=8 outstanding=1 threshold=0 effectiveWindow=1 pendingData=1 globalLimit=16 neighborOK=0 nodeOK=1 -> NO
[HOP 8] link_control dest=7 neighborKnown=0 speed=8 txPower=30 rxPower=-105
[HOP 7] New neighbor 8 heard at t=0.003s
[HOP 7] RX ACK from 8 seq=1
[HOP 7] Pending DATA decrement reason=ACK neighbor=8 pending=0
[HOP 7] CanSendToHop dest=8 outstanding=0 threshold=0 effectiveWindow=1 pendingData=0 globalLimit=16 neighborOK=1 nodeOK=1 -> YES
[HOP 7] link_control dest=8 neighborKnown=1 s0=-105 pathloss=70 failures=0 speed=128 txPower=0 rxPower=-105 cost=29
[HOP 7] Pending DATA increment dest=8 pending=1
[HOP 7] TX Pairwise16 DATA neighbor=8 hopSeq=2 securityCount=1
[MAC] Enqueue TX pkt dscp=0 insert_pos=0 queue_size_before=0
[MAC 7] Cancel queued acknowledged frame neighbor=8 seq=2 baseSeq=2 windowIndex=0
[HOP 7] MAC sent confirmation dest=8 seq=2 transmission=1 sentAt=0.004
[HOP 8] link_control dest=7 neighborKnown=0 speed=8 txPower=30 rxPower=-105
[HOP 7] RX ACK from 8 seq=2
[HOP 7] Pending DATA decrement reason=ACK neighbor=8 pending=0
[HOP 7] CanSendToHop dest=8 outstanding=0 threshold=0 effectiveWindow=1 pendingData=0 globalLimit=16 neighborOK=1 nodeOK=1 -> YES
[HOP 7] link_control dest=8 neighborKnown=1 s0=-105 pathloss=70 failures=0 speed=128 txPower=0 rxPower=-105 cost=29
[HOP 7] Pending DATA increment dest=8 pending=1
[HOP 7] TX Pairwise16 DATA neighbor=8 hopSeq=3 securityCount=1
[MAC] Enqueue TX pkt dscp=0 insert_pos=0 queue_size_before=0
[MAC 7] Cancel queued acknowledged frame neighbor=8 seq=3 baseSeq=3 windowIndex=0
[HOP 7] MAC sent confirmation dest=8 seq=3 transmission=1 sentAt=0.006
[HOP 8] link_control dest=7 neighborKnown=0 speed=8 txPower=30 rxPower=-105
[HOP 7] RX ACK from 8 seq=3
[HOP 7] Pending DATA decrement reason=ACK neighbor=8 pending=0
[HOP 7] Adaptive flow threshold increased neighbor=8 old=0 new=1 effectiveWindow=2
[HOP 7] CanSendToHop dest=8 outstanding=0 threshold=1 effectiveWindow=2 pendingData=0 globalLimit=16 neighborOK=1 nodeOK=1 -> YES
[HOP 7] link_control dest=8 neighborKnown=1 s0=-105 pathloss=70 failures=0 speed=128 txPower=0 rxPower=-105 cost=29
[HOP 7] Pending DATA increment dest=8 pending=1
[HOP 7] TX Pairwise16 DATA neighbor=8 hopSeq=4 securityCount=1
[MAC] Enqueue TX pkt dscp=0 insert_pos=0 queue_size_before=0
[MAC 7] Cancel queued acknowledged frame neighbor=8 seq=4 baseSeq=4 windowIndex=0
[HOP 7] MAC sent confirmation dest=8 seq=4 transmission=1 sentAt=0.008
[HOP 7] CanSendToHop dest=8 outstanding=1 threshold=1 effectiveWindow=2 pendingData=1 globalLimit=16 neighborOK=1 nodeOK=1 -> YES
[HOP 7] link_control dest=8 neighborKnown=1 s0=-105 pathloss=70 failures=0 speed=128 txPower=0 rxPower=-105 cost=29
[HOP 7] Pending DATA increment dest=8 pending=2
[HOP 7] TX Pairwise16 DATA neighbor=8 hopSeq=5 securityCount=1
[MAC] Enqueue TX pkt dscp=0 insert_pos=0 queue_size_before=0
[MAC 7] Cancel queued acknowledged frame neighbor=8 seq=5 baseSeq=5 windowIndex=0
[HOP 7] MAC sent confirmation dest=8 seq=5 transmission=1 sentAt=0.009
[HOP 7] CanSendToHop dest=8 outstanding=2 threshold=1 effectiveWindow=2 pendingData=2 globalLimit=16 neighborOK=0 nodeOK=1 -> NO
[HOP 8] link_control dest=7 neighborKnown=0 speed=8 txPower=30 rxPower=-105
[HOP 7] RX ACK from 8 seq=5
[HOP 7] Pending DATA decrement reason=ACK neighbor=8 pending=1
[HOP 7] Pending DATA decrement reason=ACK neighbor=8 pending=0
[HOP 7] CanSendToHop dest=8 outstanding=0 threshold=0 effectiveWindow=1 pendingData=0 globalLimit=16 neighborOK=1 nodeOK=1 -> YES
[HOP 7] link_control dest=8 neighborKnown=0 speed=8 txPower=30 rxPower=-105
[HOP 7] Pending DATA increment dest=8 pending=1
[HOP 7] TX Pairwise16 DATA neighbor=8 hopSeq=1 securityCount=1
[MAC] Enqueue TX pkt dscp=0 insert_pos=0 queue_size_before=0
[MAC 7] Cancel queued acknowledged frame neighbor=8 seq=1 baseSeq=1 windowIndex=0
[HOP 7] MAC sent confirmation dest=8 seq=1 transmission=1 sentAt=0
[HOP 8] link_control dest=7 neighborKnown=0 speed=8 txPower=30 rxPower=-105
[HOP 7] New neighbor 8 heard at t=0.002s
[HOP 7] RX ACK from 8 seq=1
[HOP 7] Pending DATA decrement reason=ACK neighbor=8 pending=0
[HOP 7] CanSendToHop dest=8 outstanding=0 threshold=0 effectiveWindow=1 pendingData=0 globalLimit=16 neighborOK=1 nodeOK=1 -> YES
[HOP 7] link_control dest=8 neighborKnown=1 s0=-105 pathloss=70 failures=0 speed=128 txPower=0 rxPower=-105 cost=29
[HOP 7] Pending DATA increment dest=8 pending=1
[HOP 7] TX Pairwise16 DATA neighbor=8 hopSeq=2 securityCount=1
[MAC] Enqueue TX pkt dscp=0 insert_pos=0 queue_size_before=0
[MAC 7] Cancel queued acknowledged frame neighbor=8 seq=2 baseSeq=2 windowIndex=0
[HOP 7] MAC sent confirmation dest=8 seq=2 transmission=1 sentAt=0.01
[HOP 8] link_control dest=7 neighborKnown=0 speed=8 txPower=30 rxPower=-105
[HOP 7] RX ACK from 8 seq=2
[HOP 7] Pending DATA decrement reason=ACK neighbor=8 pending=0
[HOP 7] CanSendToHop dest=8 outstanding=0 threshold=0 effectiveWindow=1 pendingData=0 globalLimit=16 neighborOK=1 nodeOK=1 -> YES
[HOP 7] link_control dest=8 neighborKnown=1 s0=-105 pathloss=70 failures=0 speed=128 txPower=0 rxPower=-105 cost=29
[HOP 7] Pending DATA increment dest=8 pending=1
[HOP 7] TX Pairwise16 DATA neighbor=8 hopSeq=3 securityCount=1
[MAC] Enqueue TX pkt dscp=0 insert_pos=0 queue_size_before=0
[MAC 7] Cancel queued acknowledged frame neighbor=8 seq=3 baseSeq=3 windowIndex=0
[HOP 7] MAC sent confirmation dest=8 seq=3 transmission=1 sentAt=0.1
[MAC 7] OPNET 300-ms transmit holdoff complete
[MAC] Enqueue TX pkt dscp=0 insert_pos=0 queue_size_before=0
[MAC 7] Cancel queued acknowledged frame neighbor=8 seq=3 baseSeq=3 windowIndex=0
[HOP 7] MAC sent confirmation dest=8 seq=3 transmission=2 sentAt=2.11
[HOP 8] link_control dest=7 neighborKnown=0 speed=8 txPower=30 rxPower=-105
[HOP 7] RX ACK from 8 seq=3
[HOP 7] Pending DATA decrement reason=ACK neighbor=8 pending=0
[HOP 7] Adaptive flow threshold increased neighbor=8 old=0 new=1 effectiveWindow=2
[HOP 7] CanSendToHop dest=8 outstanding=0 threshold=1 effectiveWindow=2 pendingData=0 globalLimit=16 neighborOK=1 nodeOK=1 -> YES
[HOP 7] link_control dest=8 neighborKnown=1 s0=-105 pathloss=70 failures=0 speed=128 txPower=0 rxPower=-105 cost=29
[HOP 7] Pending DATA increment dest=8 pending=1
[HOP 7] TX Pairwise16 DATA neighbor=8 hopSeq=4 securityCount=1
[MAC] Enqueue TX pkt dscp=0 insert_pos=0 queue_size_before=0
[MAC 7] Cancel queued acknowledged frame neighbor=8 seq=4 baseSeq=4 windowIndex=0
[HOP 7] MAC sent confirmation dest=8 seq=4 transmission=1 sentAt=2.2
[HOP 8] link_control dest=7 neighborKnown=0 speed=8 txPower=30 rxPower=-105
[HOP 7] RX ACK from 8 seq=4
[HOP 7] Pending DATA decrement reason=ACK neighbor=8 pending=0
[HOP 7] CanSendToHop dest=8 outstanding=0 threshold=0 effectiveWindow=1 pendingData=0 globalLimit=16 neighborOK=1 nodeOK=1 -> YES
[HOP 7] link_control dest=8 neighborKnown=0 speed=8 txPower=30 rxPower=-105
[HOP 7] Pending DATA increment dest=8 pending=1
[HOP 7] TX Pairwise16 DATA neighbor=8 hopSeq=1 securityCount=1
[MAC] Enqueue TX pkt dscp=0 insert_pos=0 queue_size_before=0
[MAC 7] Cancel queued acknowledged frame neighbor=8 seq=1 baseSeq=1 windowIndex=0
[HOP 7] MAC sent confirmation dest=8 seq=1 transmission=1 sentAt=0
[HOP 8] link_control dest=7 neighborKnown=0 speed=8 txPower=30 rxPower=-105
[HOP 7] New neighbor 8 heard at t=0.002s
[HOP 7] RX ACK from 8 seq=1
[HOP 7] Pending DATA decrement reason=ACK neighbor=8 pending=0
[HOP 7] CanSendToHop dest=8 outstanding=0 threshold=0 effectiveWindow=1 pendingData=0 globalLimit=16 neighborOK=1 nodeOK=1 -> YES
[HOP 7] link_control dest=8 neighborKnown=1 s0=-105 pathloss=70 failures=0 speed=128 txPower=0 rxPower=-105 cost=29
[HOP 7] Pending DATA increment dest=8 pending=1
[HOP 7] TX Pairwise16 DATA neighbor=8 hopSeq=2 securityCount=1
[MAC] Enqueue TX pkt dscp=0 insert_pos=0 queue_size_before=0
[MAC 7] Cancel queued acknowledged frame neighbor=8 seq=2 baseSeq=2 windowIndex=0
[HOP 7] MAC sent confirmation dest=8 seq=2 transmission=1 sentAt=0.1
[MAC 7] OPNET 300-ms transmit holdoff complete
[MAC] Enqueue TX pkt dscp=0 insert_pos=0 queue_size_before=0
[MAC 7] Cancel queued acknowledged frame neighbor=8 seq=2 baseSeq=2 windowIndex=0
[HOP 7] MAC sent confirmation dest=8 seq=2 transmission=2 sentAt=2.11
[HOP 8] link_control dest=7 neighborKnown=0 speed=8 txPower=30 rxPower=-105
[HOP 7] RX ACK from 8 seq=2
[HOP 7] Pending DATA decrement reason=ACK neighbor=8 pending=0
[HOP 7] CanSendToHop dest=8 outstanding=0 threshold=0 effectiveWindow=1 pendingData=0 globalLimit=16 neighborOK=1 nodeOK=1 -> YES
[HOP 7] link_control dest=8 neighborKnown=1 s0=-105 pathloss=70 failures=0 speed=128 txPower=0 rxPower=-105 cost=29
[HOP 7] Pending DATA increment dest=8 pending=1
[HOP 7] TX Pairwise16 DATA neighbor=8 hopSeq=3 securityCount=1
[MAC] Enqueue TX pkt dscp=0 insert_pos=0 queue_size_before=0
[MAC 7] Cancel queued acknowledged frame neighbor=8 seq=3 baseSeq=3 windowIndex=0
[HOP 7] MAC sent confirmation dest=8 seq=3 transmission=1 sentAt=2.2
[HOP 8] link_control dest=7 neighborKnown=0 speed=8 txPower=30 rxPower=-105
[HOP 7] RX ACK from 8 seq=3
[HOP 7] Pending DATA decrement reason=ACK neighbor=8 pending=0
[HOP 7] CanSendToHop dest=8 outstanding=0 threshold=0 effectiveWindow=1 pendingData=0 globalLimit=16 neighborOK=1 nodeOK=1 -> YES
[HOP 7] link_control dest=8 neighborKnown=1 s0=-105 pathloss=70 failures=0 speed=128 txPower=0 rxPower=-105 cost=29
[HOP 7] Pending DATA increment dest=8 pending=1
[HOP 7] TX Pairwise16 DATA neighbor=8 hopSeq=4 securityCount=1
[MAC] Enqueue TX pkt dscp=0 insert_pos=0 queue_size_before=0
[MAC 7] Cancel queued acknowledged frame neighbor=8 seq=4 baseSeq=4 windowIndex=0
[HOP 7] MAC sent confirmation dest=8 seq=4 transmission=1 sentAt=2.21
[HOP 8] link_control dest=7 neighborKnown=0 speed=8 txPower=30 rxPower=-105
[HOP 7] RX ACK from 8 seq=4
[HOP 7] Pending DATA decrement reason=ACK neighbor=8 pending=0
[HOP 7] CanSendToHop dest=8 outstanding=0 threshold=0 effectiveWindow=1 pendingData=0 globalLimit=16 neighborOK=1 nodeOK=1 -> YES
[HOP 7] link_control dest=8 neighborKnown=1 s0=-105 pathloss=70 failures=0 speed=128 txPower=0 rxPower=-105 cost=29
[HOP 7] Pending DATA increment dest=8 pending=1
[HOP 7] TX Pairwise16 DATA neighbor=8 hopSeq=5 securityCount=1
[MAC] Enqueue TX pkt dscp=0 insert_pos=0 queue_size_before=0
[MAC 7] Cancel queued acknowledged frame neighbor=8 seq=5 baseSeq=5 windowIndex=0
[HOP 7] MAC sent confirmation dest=8 seq=5 transmission=1 sentAt=2.23
[HOP 8] link_control dest=7 neighborKnown=0 speed=8 txPower=30 rxPower=-105
[HOP 7] RX ACK from 8 seq=5
[HOP 7] Pending DATA decrement reason=ACK neighbor=8 pending=0
[HOP 7] Adaptive flow threshold increased neighbor=8 old=0 new=1 effectiveWindow=2
[HOP 7] CanSendToHop dest=8 outstanding=0 threshold=0 effectiveWindow=1 pendingData=0 globalLimit=16 neighborOK=1 nodeOK=1 -> YES
[HOP 7] link_control dest=8 neighborKnown=0 speed=8 txPower=30 rxPower=-105
[HOP 7] Pending DATA increment dest=8 pending=1
[HOP 7] TX Pairwise16 DATA neighbor=8 hopSeq=1 securityCount=1
[MAC] Enqueue TX pkt dscp=0 insert_pos=0 queue_size_before=0
[MAC 7] Cancel queued acknowledged frame neighbor=8 seq=1 baseSeq=1 windowIndex=0
[HOP 7] MAC sent confirmation dest=8 seq=1 transmission=1 sentAt=0
[HOP 8] link_control dest=7 neighborKnown=0 speed=8 txPower=30 rxPower=-105
[HOP 7] New neighbor 8 heard at t=0.002s
[HOP 7] RX ACK from 8 seq=1
[HOP 7] Pending DATA decrement reason=ACK neighbor=8 pending=0
[HOP 7] CanSendToHop dest=8 outstanding=0 threshold=0 effectiveWindow=1 pendingData=0 globalLimit=16 neighborOK=1 nodeOK=1 -> YES
[HOP 7] link_control dest=8 neighborKnown=1 s0=-105 pathloss=70 failures=0 speed=128 txPower=0 rxPower=-105 cost=29
[HOP 7] Pending DATA increment dest=8 pending=1
[HOP 7] TX Pairwise16 DATA neighbor=8 hopSeq=2 securityCount=1
[MAC] Enqueue TX pkt dscp=0 insert_pos=0 queue_size_before=0
[MAC 7] Cancel queued acknowledged frame neighbor=8 seq=2 baseSeq=2 windowIndex=0
[HOP 7] MAC sent confirmation dest=8 seq=2 transmission=1 sentAt=0.01
[HOP 8] link_control dest=7 neighborKnown=0 speed=8 txPower=30 rxPower=-105
[HOP 7] RX ACK from 8 seq=2
[HOP 7] Pending DATA decrement reason=ACK neighbor=8 pending=0
[HOP 7] CanSendToHop dest=8 outstanding=0 threshold=0 effectiveWindow=1 pendingData=0 globalLimit=16 neighborOK=1 nodeOK=1 -> YES
[HOP 7] link_control dest=8 neighborKnown=1 s0=-105 pathloss=70 failures=0 speed=128 txPower=0 rxPower=-105 cost=29
[HOP 7] Pending DATA increment dest=8 pending=1
[HOP 7] TX Pairwise16 DATA neighbor=8 hopSeq=3 securityCount=1
[MAC] Enqueue TX pkt dscp=0 insert_pos=0 queue_size_before=0
[MAC 7] Cancel queued acknowledged frame neighbor=8 seq=3 baseSeq=3 windowIndex=0
[HOP 7] MAC sent confirmation dest=8 seq=3 transmission=1 sentAt=0.02
[HOP 8] link_control dest=7 neighborKnown=0 speed=8 txPower=30 rxPower=-105
[HOP 7] RX ACK from 8 seq=3
[HOP 7] Pending DATA decrement reason=ACK neighbor=8 pending=0
[HOP 7] Adaptive flow threshold increased neighbor=8 old=0 new=1 effectiveWindow=2
[HOP 7] CanSendToHop dest=8 outstanding=0 threshold=1 effectiveWindow=2 pendingData=0 globalLimit=16 neighborOK=1 nodeOK=1 -> YES
[HOP 7] link_control dest=8 neighborKnown=1 s0=-105 pathloss=70 failures=0 speed=128 txPower=0 rxPower=-105 cost=29
[HOP 7] Pending DATA increment dest=8 pending=1
[HOP 7] TX Pairwise16 DATA neighbor=8 hopSeq=4 securityCount=1
[MAC] Enqueue TX pkt dscp=0 insert_pos=0 queue_size_before=0
[MAC 7] Cancel queued acknowledged frame neighbor=8 seq=4 baseSeq=4 windowIndex=0
[HOP 7] MAC sent confirmation dest=8 seq=4 transmission=1 sentAt=0.03
[HOP 8] link_control dest=7 neighborKnown=0 speed=8 txPower=30 rxPower=-105
[HOP 7] RX ACK from 8 seq=4
[HOP 7] Pending DATA decrement reason=ACK neighbor=8 pending=0
[HOP 7] CanSendToHop dest=8 outstanding=0 threshold=1 effectiveWindow=2 pendingData=0 globalLimit=16 neighborOK=1 nodeOK=1 -> YES
[HOP 7] link_control dest=8 neighborKnown=1 s0=-105 pathloss=70 failures=0 speed=128 txPower=0 rxPower=-105 cost=29
[HOP 7] Pending DATA increment dest=8 pending=1
[HOP 7] TX Pairwise16 DATA neighbor=8 hopSeq=5 securityCount=1
[MAC] Enqueue TX pkt dscp=0 insert_pos=0 queue_size_before=0
[MAC 7] Cancel queued acknowledged frame neighbor=8 seq=5 baseSeq=5 windowIndex=0
[HOP 7] MAC sent confirmation dest=8 seq=5 transmission=1 sentAt=0.04
[HOP 8] link_control dest=7 neighborKnown=0 speed=8 txPower=30 rxPower=-105
[HOP 7] RX ACK from 8 seq=5
[HOP 7] Pending DATA decrement reason=ACK neighbor=8 pending=0
[HOP 7] CanSendToHop dest=8 outstanding=0 threshold=1 effectiveWindow=2 pendingData=0 globalLimit=16 neighborOK=1 nodeOK=1 -> YES
[HOP 7] link_control dest=8 neighborKnown=1 s0=-105 pathloss=70 failures=0 speed=128 txPower=0 rxPower=-105 cost=29
[HOP 7] Pending DATA increment dest=8 pending=1
[HOP 7] TX Pairwise16 DATA neighbor=8 hopSeq=6 securityCount=1
[MAC] Enqueue TX pkt dscp=0 insert_pos=0 queue_size_before=0
[MAC 7] Cancel queued acknowledged frame neighbor=8 seq=6 baseSeq=6 windowIndex=0
[HOP 7] MAC sent confirmation dest=8 seq=6 transmission=1 sentAt=0.2
[HOP 8] link_control dest=7 neighborKnown=0 speed=8 txPower=30 rxPower=-105
[HOP 7] RX ACK from 8 seq=6
[HOP 7] DACK received neighbor=8 seq=6 resendCount=0 holdSec=20 NSDP=release-now hopFlow=hold
[HOP 7] CanSendToHop dest=8 outstanding=1 threshold=1 effectiveWindow=2 pendingData=1 globalLimit=16 neighborOK=1 nodeOK=1 -> YES
[HOP 7] link_control dest=8 neighborKnown=1 s0=-105 pathloss=70 failures=0 speed=128 txPower=0 rxPower=-105 cost=29
[HOP 7] Pending DATA increment dest=8 pending=2
[HOP 7] TX Pairwise16 DATA neighbor=8 hopSeq=7 securityCount=1
[MAC] Enqueue TX pkt dscp=0 insert_pos=0 queue_size_before=0
[MAC 7] Cancel queued acknowledged frame neighbor=8 seq=7 baseSeq=7 windowIndex=0
[HOP 7] MAC sent confirmation dest=8 seq=7 transmission=1 sentAt=0.22
[HOP 7] CanSendToHop dest=8 outstanding=2 threshold=1 effectiveWindow=2 pendingData=2 globalLimit=16 neighborOK=0 nodeOK=1 -> NO
[HOP 8] link_control dest=7 neighborKnown=0 speed=8 txPower=30 rxPower=-105
[HOP 7] RX ACK from 8 seq=7
[HOP 7] Pending DATA decrement reason=ACK neighbor=8 pending=1
[MAC 7] OPNET 300-ms transmit holdoff complete
[HOP 7] DACK hold expired neighbor=8 seq=6 outstanding=0
[HOP 7] Pending DATA decrement reason=DACK-expiry neighbor=8 pending=0
[HOP 7] DACK release scheduling NWK queue wake neighbor=8 seq=6
[HOP 7] CanSendToHop dest=8 outstanding=0 threshold=0 effectiveWindow=1 pendingData=0 globalLimit=16 neighborOK=1 nodeOK=1 -> YES
[HOP 7] link_control dest=8 neighborKnown=0 speed=8 txPower=30 rxPower=-105
[HOP 7] Pending DATA increment dest=8 pending=1
[HOP 7] TX Pairwise16 DATA neighbor=8 hopSeq=1 securityCount=1
[MAC] Enqueue TX pkt dscp=0 insert_pos=0 queue_size_before=0
[MAC 7] Cancel queued acknowledged frame neighbor=8 seq=1 baseSeq=1 windowIndex=0
[HOP 7] MAC sent confirmation dest=8 seq=1 transmission=1 sentAt=0
[HOP 8] link_control dest=7 neighborKnown=0 speed=8 txPower=30 rxPower=-105
[HOP 7] New neighbor 8 heard at t=0.002s
[HOP 7] RX ACK from 8 seq=1
[HOP 7] Pending DATA decrement reason=ACK neighbor=8 pending=0
[HOP 7] CanSendToHop dest=8 outstanding=0 threshold=0 effectiveWindow=1 pendingData=0 globalLimit=16 neighborOK=1 nodeOK=1 -> YES
[HOP 7] link_control dest=8 neighborKnown=1 s0=-105 pathloss=70 failures=0 speed=128 txPower=0 rxPower=-105 cost=29
[HOP 7] Pending DATA increment dest=8 pending=1
[HOP 7] TX Pairwise16 DATA neighbor=8 hopSeq=2 securityCount=1
[MAC] Enqueue TX pkt dscp=0 insert_pos=0 queue_size_before=0
[MAC 7] Cancel queued acknowledged frame neighbor=8 seq=2 baseSeq=2 windowIndex=0
[HOP 7] MAC sent confirmation dest=8 seq=2 transmission=1 sentAt=0.01
[HOP 8] link_control dest=7 neighborKnown=0 speed=8 txPower=30 rxPower=-105
[HOP 7] RX ACK from 8 seq=2
[HOP 7] Pending DATA decrement reason=ACK neighbor=8 pending=0
[HOP 7] CanSendToHop dest=8 outstanding=0 threshold=0 effectiveWindow=1 pendingData=0 globalLimit=16 neighborOK=1 nodeOK=1 -> YES
[HOP 7] link_control dest=8 neighborKnown=1 s0=-105 pathloss=70 failures=0 speed=128 txPower=0 rxPower=-105 cost=29
[HOP 7] Pending DATA increment dest=8 pending=1
[HOP 7] TX Pairwise16 DATA neighbor=8 hopSeq=3 securityCount=1
[MAC] Enqueue TX pkt dscp=0 insert_pos=0 queue_size_before=0
[MAC 7] Cancel queued acknowledged frame neighbor=8 seq=3 baseSeq=3 windowIndex=0
[HOP 7] MAC sent confirmation dest=8 seq=3 transmission=1 sentAt=0.1
[MAC 7] OPNET 300-ms transmit holdoff complete
[MAC] Enqueue TX pkt dscp=0 insert_pos=0 queue_size_before=0
[MAC 7] Cancel queued acknowledged frame neighbor=8 seq=3 baseSeq=3 windowIndex=0
[HOP 7] MAC sent confirmation dest=8 seq=3 transmission=2 sentAt=2.11
[MAC] Enqueue TX pkt dscp=0 insert_pos=0 queue_size_before=0
[MAC 7] Cancel queued acknowledged frame neighbor=8 seq=3 baseSeq=3 windowIndex=0
[HOP 7] MAC sent confirmation dest=8 seq=3 transmission=3 sentAt=4.12
[HOP 8] link_control dest=7 neighborKnown=0 speed=8 txPower=30 rxPower=-105
[HOP 7] RX ACK from 8 seq=3
[HOP 7] DACK received neighbor=8 seq=3 resendCount=2 holdSec=40 NSDP=release-now hopFlow=hold
[HOP 7] DACK hold expired neighbor=8 seq=3 outstanding=0
[HOP 7] Pending DATA decrement reason=DACK-expiry neighbor=8 pending=0
[HOP 7] DACK release scheduling NWK queue wake neighbor=8 seq=3
[HOP 7] CanSendToHop dest=8 outstanding=0 threshold=0 effectiveWindow=1 pendingData=0 globalLimit=16 neighborOK=1 nodeOK=1 -> YES
[HOP 7] link_control dest=8 neighborKnown=0 speed=8 txPower=30 rxPower=-105
[HOP 7] Pending DATA increment dest=8 pending=1
[HOP 7] TX Pairwise16 DATA neighbor=8 hopSeq=1 securityCount=1
[MAC] Enqueue TX pkt dscp=0 insert_pos=0 queue_size_before=0
[MAC 7] Cancel queued acknowledged frame neighbor=8 seq=1 baseSeq=1 windowIndex=0
[HOP 7] MAC sent confirmation dest=8 seq=1 transmission=1 sentAt=0
[HOP 8] link_control dest=7 neighborKnown=0 speed=8 txPower=30 rxPower=-105
[HOP 7] New neighbor 8 heard at t=0.002s
[HOP 7] RX ACK from 8 seq=1
[HOP 7] Pending DATA decrement reason=ACK neighbor=8 pending=0
[HOP 7] CanSendToHop dest=8 outstanding=0 threshold=0 effectiveWindow=1 pendingData=0 globalLimit=16 neighborOK=1 nodeOK=1 -> YES
[HOP 7] link_control dest=8 neighborKnown=1 s0=-105 pathloss=70 failures=0 speed=128 txPower=0 rxPower=-105 cost=29
[HOP 7] Pending DATA increment dest=8 pending=1
[HOP 7] TX Pairwise16 DATA neighbor=8 hopSeq=2 securityCount=1
[MAC] Enqueue TX pkt dscp=0 insert_pos=0 queue_size_before=0
[MAC 7] Cancel queued acknowledged frame neighbor=8 seq=2 baseSeq=2 windowIndex=0
[HOP 7] MAC sent confirmation dest=8 seq=2 transmission=1 sentAt=0.01
[HOP 8] link_control dest=7 neighborKnown=0 speed=8 txPower=30 rxPower=-105
[HOP 7] RX ACK from 8 seq=2
[HOP 7] Pending DATA decrement reason=ACK neighbor=8 pending=0
[HOP 7] CanSendToHop dest=8 outstanding=0 threshold=0 effectiveWindow=1 pendingData=0 globalLimit=16 neighborOK=1 nodeOK=1 -> YES
[HOP 7] link_control dest=8 neighborKnown=1 s0=-105 pathloss=70 failures=0 speed=128 txPower=0 rxPower=-105 cost=29
[HOP 7] Pending DATA increment dest=8 pending=1
[HOP 7] TX Pairwise16 DATA neighbor=8 hopSeq=3 securityCount=1
[MAC] Enqueue TX pkt dscp=0 insert_pos=0 queue_size_before=0
[MAC 7] Cancel queued acknowledged frame neighbor=8 seq=3 baseSeq=3 windowIndex=0
[HOP 7] MAC sent confirmation dest=8 seq=3 transmission=1 sentAt=0.02
[HOP 8] link_control dest=7 neighborKnown=0 speed=8 txPower=30 rxPower=-105
[HOP 7] RX ACK from 8 seq=3
[HOP 7] Pending DATA decrement reason=ACK neighbor=8 pending=0
[HOP 7] Adaptive flow threshold increased neighbor=8 old=0 new=1 effectiveWindow=2
[HOP 7] CanSendToHop dest=8 outstanding=0 threshold=1 effectiveWindow=2 pendingData=0 globalLimit=16 neighborOK=1 nodeOK=1 -> YES
[HOP 7] link_control dest=8 neighborKnown=1 s0=-105 pathloss=70 failures=0 speed=128 txPower=0 rxPower=-105 cost=29
[HOP 7] Pending DATA increment dest=8 pending=1
[HOP 7] TX Pairwise16 DATA neighbor=8 hopSeq=4 securityCount=1
[MAC] Enqueue TX pkt dscp=0 insert_pos=0 queue_size_before=0
[MAC 7] Cancel queued acknowledged frame neighbor=8 seq=4 baseSeq=4 windowIndex=0
[HOP 7] MAC sent confirmation dest=8 seq=4 transmission=1 sentAt=0.1
[MAC 7] OPNET 300-ms transmit holdoff complete
[MAC] Enqueue TX pkt dscp=0 insert_pos=0 queue_size_before=0
[MAC 7] Cancel queued acknowledged frame neighbor=8 seq=4 baseSeq=4 windowIndex=0
[HOP 7] MAC sent confirmation dest=8 seq=4 transmission=2 sentAt=2.11
[MAC] Enqueue TX pkt dscp=0 insert_pos=0 queue_size_before=0
[MAC 7] Cancel queued acknowledged frame neighbor=8 seq=4 baseSeq=4 windowIndex=0
[HOP 7] MAC sent confirmation dest=8 seq=4 transmission=3 sentAt=4.12
[HOP 7] Pending DATA decrement reason=no-ACK neighbor=8 pending=0
[HOP 7] Adaptive flow threshold decreased neighbor=8 old=1 new=0 effectiveWindow=1 reason=no-ACK
[HOP 7] CanSendToHop dest=8 outstanding=0 threshold=0 effectiveWindow=1 pendingData=0 globalLimit=16 neighborOK=1 nodeOK=1 -> YES
[HOP 7] link_control dest=8 neighborKnown=1 s0=-105 pathloss=70 failures=0 speed=128 txPower=0 rxPower=-105 cost=29
[HOP 7] Pending DATA increment dest=8 pending=1
[HOP 7] TX Pairwise16 DATA neighbor=8 hopSeq=5 securityCount=1
[MAC] Enqueue TX pkt dscp=0 insert_pos=0 queue_size_before=0
[MAC 7] Cancel queued acknowledged frame neighbor=8 seq=5 baseSeq=5 windowIndex=0
[HOP 7] MAC sent confirmation dest=8 seq=5 transmission=1 sentAt=9
[MAC] Enqueue TX pkt dscp=0 insert_pos=0 queue_size_before=0
[MAC 7] Cancel queued acknowledged frame neighbor=8 seq=5 baseSeq=5 windowIndex=0
[HOP 7] MAC sent confirmation dest=8 seq=5 transmission=2 sentAt=11.01
[MAC] Enqueue TX pkt dscp=0 insert_pos=0 queue_size_before=0
[MAC 7] Cancel queued acknowledged frame neighbor=8 seq=5 baseSeq=5 windowIndex=0
[HOP 7] MAC sent confirmation dest=8 seq=5 transmission=3 sentAt=13.02
[HOP 7] Pending DATA decrement reason=no-ACK neighbor=8 pending=0
[HOP 7] CanSendToHop dest=8 outstanding=0 threshold=0 effectiveWindow=1 pendingData=0 globalLimit=16 neighborOK=1 nodeOK=1 -> YES
[HOP 7] link_control dest=8 neighborKnown=1 s0=-105 pathloss=70 failures=0 speed=128 txPower=0 rxPower=-105 cost=29
[HOP 7] Pending DATA increment dest=8 pending=1
[HOP 7] TX Pairwise16 DATA neighbor=8 hopSeq=6 securityCount=1
[MAC] Enqueue TX pkt dscp=0 insert_pos=0 queue_size_before=0
[HOP 7] CanSendToHop dest=8 outstanding=0 threshold=0 effectiveWindow=1 pendingData=0 globalLimit=16 neighborOK=1 nodeOK=1 -> YES
[HOP 7] link_control dest=8 neighborKnown=0 speed=8 txPower=30 rxPower=-105
[HOP 7] Pending DATA increment dest=8 pending=1
[HOP 7] TX Pairwise16 DATA neighbor=8 hopSeq=1 securityCount=1
[MAC] Enqueue TX pkt dscp=0 insert_pos=0 queue_size_before=0
[MAC 7] Cancel queued acknowledged frame neighbor=8 seq=1 baseSeq=1 windowIndex=0
[HOP 7] MAC sent confirmation dest=8 seq=1 transmission=1 sentAt=0
[HOP 8] link_control dest=7 neighborKnown=0 speed=8 txPower=30 rxPower=-105
[HOP 7] New neighbor 8 heard at t=0.002s
[HOP 7] RX ACK from 8 seq=1
[HOP 7] Pending DATA decrement reason=ACK neighbor=8 pending=0
[HOP 7] CanSendToHop dest=8 outstanding=0 threshold=0 effectiveWindow=1 pendingData=0 globalLimit=16 neighborOK=1 nodeOK=1 -> YES
[HOP 7] link_control dest=8 neighborKnown=1 s0=-105 pathloss=70 failures=0 speed=128 txPower=0 rxPower=-105 cost=29
[HOP 7] Pending DATA increment dest=8 pending=1
[HOP 7] TX Pairwise16 DATA neighbor=8 hopSeq=2 securityCount=1
[MAC] Enqueue TX pkt dscp=0 insert_pos=0 queue_size_before=0
[MAC 7] Cancel queued acknowledged frame neighbor=8 seq=2 baseSeq=2 windowIndex=0
[HOP 7] MAC sent confirmation dest=8 seq=2 transmission=1 sentAt=0.003
[HOP 8] link_control dest=7 neighborKnown=0 speed=8 txPower=30 rxPower=-105
[HOP 7] RX ACK from 8 seq=2
[HOP 7] Pending DATA decrement reason=ACK neighbor=8 pending=0
[HOP 7] CanSendToHop dest=8 outstanding=0 threshold=0 effectiveWindow=1 pendingData=0 globalLimit=16 neighborOK=1 nodeOK=1 -> YES
[HOP 7] link_control dest=8 neighborKnown=1 s0=-105 pathloss=70 failures=0 speed=128 txPower=0 rxPower=-105 cost=29
[HOP 7] Pending DATA increment dest=8 pending=1
[HOP 7] TX Pairwise16 DATA neighbor=8 hopSeq=3 securityCount=1
[MAC] Enqueue TX pkt dscp=0 insert_pos=0 queue_size_before=0
[MAC 7] Cancel queued acknowledged frame neighbor=8 seq=3 baseSeq=3 windowIndex=0
[HOP 7] MAC sent confirmation dest=8 seq=3 transmission=1 sentAt=0.006
[HOP 8] link_control dest=7 neighborKnown=0 speed=8 txPower=30 rxPower=-105
[HOP 7] RX ACK from 8 seq=3
[HOP 7] Pending DATA decrement reason=ACK neighbor=8 pending=0
[HOP 7] Adaptive flow threshold increased neighbor=8 old=0 new=1 effectiveWindow=2
[HOP 7] CanSendToHop dest=8 outstanding=0 threshold=1 effectiveWindow=2 pendingData=0 globalLimit=16 neighborOK=1 nodeOK=1 -> YES
[HOP 7] link_control dest=8 neighborKnown=1 s0=-105 pathloss=70 failures=0 speed=128 txPower=0 rxPower=-105 cost=29
[HOP 7] Pending DATA increment dest=8 pending=1
[HOP 7] TX Pairwise16 DATA neighbor=8 hopSeq=4 securityCount=1
[MAC] Enqueue TX pkt dscp=0 insert_pos=0 queue_size_before=0
[MAC 7] Cancel queued acknowledged frame neighbor=8 seq=4 baseSeq=4 windowIndex=0
[HOP 7] MAC sent confirmation dest=8 seq=4 transmission=1 sentAt=0.009
[HOP 8] link_control dest=7 neighborKnown=0 speed=8 txPower=30 rxPower=-105
[HOP 7] RX ACK from 8 seq=4
[HOP 7] Pending DATA decrement reason=ACK neighbor=8 pending=0
[HOP 7] CanSendToHop dest=8 outstanding=0 threshold=1 effectiveWindow=2 pendingData=0 globalLimit=16 neighborOK=1 nodeOK=1 -> YES
[HOP 7] link_control dest=8 neighborKnown=1 s0=-105 pathloss=70 failures=0 speed=128 txPower=0 rxPower=-105 cost=29
[HOP 7] Pending DATA increment dest=8 pending=1
[HOP 7] TX Pairwise16 DATA neighbor=8 hopSeq=5 securityCount=1
[MAC] Enqueue TX pkt dscp=0 insert_pos=0 queue_size_before=0
[MAC 7] Cancel queued acknowledged frame neighbor=8 seq=5 baseSeq=5 windowIndex=0
[HOP 7] MAC sent confirmation dest=8 seq=5 transmission=1 sentAt=0.012
[HOP 8] link_control dest=7 neighborKnown=0 speed=8 txPower=30 rxPower=-105
[HOP 7] RX ACK from 8 seq=5
[HOP 7] Pending DATA decrement reason=ACK neighbor=8 pending=0
[HOP 7] CanSendToHop dest=8 outstanding=0 threshold=1 effectiveWindow=2 pendingData=0 globalLimit=16 neighborOK=1 nodeOK=1 -> YES
[HOP 7] link_control dest=8 neighborKnown=1 s0=-105 pathloss=70 failures=0 speed=128 txPower=0 rxPower=-105 cost=29
[HOP 7] Pending DATA increment dest=8 pending=1
[HOP 7] TX Pairwise16 DATA neighbor=8 hopSeq=6 securityCount=1
[MAC] Enqueue TX pkt dscp=0 insert_pos=0 queue_size_before=0
[MAC 7] Cancel queued acknowledged frame neighbor=8 seq=6 baseSeq=6 windowIndex=0
[HOP 7] MAC sent confirmation dest=8 seq=6 transmission=1 sentAt=0.015
[HOP 8] link_control dest=7 neighborKnown=0 speed=8 txPower=30 rxPower=-105
[HOP 7] RX ACK from 8 seq=6
[HOP 7] Pending DATA decrement reason=ACK neighbor=8 pending=0
[HOP 7] Adaptive flow threshold increased neighbor=8 old=1 new=2 effectiveWindow=3
[HOP 7] CanSendToHop dest=8 outstanding=0 threshold=2 effectiveWindow=3 pendingData=0 globalLimit=16 neighborOK=1 nodeOK=1 -> YES
[HOP 7] link_control dest=8 neighborKnown=1 s0=-105 pathloss=70 failures=0 speed=128 txPower=0 rxPower=-105 cost=29
[HOP 7] Pending DATA increment dest=8 pending=1
[HOP 7] TX Pairwise16 DATA neighbor=8 hopSeq=7 securityCount=1
[MAC] Enqueue TX pkt dscp=0 insert_pos=0 queue_size_before=0
[MAC 7] Cancel queued acknowledged frame neighbor=8 seq=7 baseSeq=7 windowIndex=0
[HOP 7] MAC sent confirmation dest=8 seq=7 transmission=1 sentAt=0.018
[HOP 8] link_control dest=7 neighborKnown=0 speed=8 txPower=30 rxPower=-105
[HOP 7] RX ACK from 8 seq=7
[HOP 7] Pending DATA decrement reason=ACK neighbor=8 pending=0
[HOP 7] CanSendToHop dest=8 outstanding=0 threshold=2 effectiveWindow=3 pendingData=0 globalLimit=16 neighborOK=1 nodeOK=1 -> YES
[HOP 7] link_control dest=8 neighborKnown=1 s0=-105 pathloss=70 failures=0 speed=128 txPower=0 rxPower=-105 cost=29
[HOP 7] Pending DATA increment dest=8 pending=1
[HOP 7] TX Pairwise16 DATA neighbor=8 hopSeq=8 securityCount=1
[MAC] Enqueue TX pkt dscp=0 insert_pos=0 queue_size_before=0
[MAC 7] Cancel queued acknowledged frame neighbor=8 seq=8 baseSeq=8 windowIndex=0
[HOP 7] MAC sent confirmation dest=8 seq=8 transmission=1 sentAt=0.021
[HOP 8] link_control dest=7 neighborKnown=0 speed=8 txPower=30 rxPower=-105
[HOP 7] RX ACK from 8 seq=8
[HOP 7] Pending DATA decrement reason=ACK neighbor=8 pending=0
[HOP 7] CanSendToHop dest=8 outstanding=0 threshold=2 effectiveWindow=3 pendingData=0 globalLimit=16 neighborOK=1 nodeOK=1 -> YES
[HOP 7] link_control dest=8 neighborKnown=1 s0=-105 pathloss=70 failures=0 speed=128 txPower=0 rxPower=-105 cost=29
[HOP 7] Pending DATA increment dest=8 pending=1
[HOP 7] TX Pairwise16 DATA neighbor=8 hopSeq=9 securityCount=1
[MAC] Enqueue TX pkt dscp=0 insert_pos=0 queue_size_before=0
[MAC 7] Cancel queued acknowledged frame neighbor=8 seq=9 baseSeq=9 windowIndex=0
[HOP 7] MAC sent confirmation dest=8 seq=9 transmission=1 sentAt=0.024
[HOP 8] link_control dest=7 neighborKnown=0 speed=8 txPower=30 rxPower=-105
[HOP 7] RX ACK from 8 seq=9
[HOP 7] Pending DATA decrement reason=ACK neighbor=8 pending=0
[HOP 7] Adaptive flow threshold increased neighbor=8 old=2 new=3 effectiveWindow=4
[HOP 7] CanSendToHop dest=8 outstanding=0 threshold=3 effectiveWindow=4 pendingData=0 globalLimit=16 neighborOK=1 nodeOK=1 -> YES
[HOP 7] link_control dest=8 neighborKnown=1 s0=-105 pathloss=70 failures=0 speed=128 txPower=0 rxPower=-105 cost=29
[HOP 7] Pending DATA increment dest=8 pending=1
[HOP 7] TX Pairwise16 DATA neighbor=8 hopSeq=10 securityCount=1
[MAC] Enqueue TX pkt dscp=0 insert_pos=0 queue_size_before=0
[MAC 7] Cancel queued acknowledged frame neighbor=8 seq=10 baseSeq=10 windowIndex=0
[HOP 7] MAC sent confirmation dest=8 seq=10 transmission=1 sentAt=0.027
[HOP 8] link_control dest=7 neighborKnown=0 speed=8 txPower=30 rxPower=-105
[HOP 7] RX ACK from 8 seq=10
[HOP 7] Pending DATA decrement reason=ACK neighbor=8 pending=0
[HOP 7] CanSendToHop dest=8 outstanding=0 threshold=3 effectiveWindow=4 pendingData=0 globalLimit=16 neighborOK=1 nodeOK=1 -> YES
[HOP 7] link_control dest=8 neighborKnown=1 s0=-105 pathloss=70 failures=0 speed=128 txPower=0 rxPower=-105 cost=29
[HOP 7] Pending DATA increment dest=8 pending=1
[HOP 7] TX Pairwise16 DATA neighbor=8 hopSeq=11 securityCount=1
[MAC] Enqueue TX pkt dscp=0 insert_pos=0 queue_size_before=0
[MAC 7] Cancel queued acknowledged frame neighbor=8 seq=11 baseSeq=11 windowIndex=0
[HOP 7] MAC sent confirmation dest=8 seq=11 transmission=1 sentAt=0.03
[HOP 8] link_control dest=7 neighborKnown=0 speed=8 txPower=30 rxPower=-105
[HOP 7] RX ACK from 8 seq=11
[HOP 7] Pending DATA decrement reason=ACK neighbor=8 pending=0
[HOP 7] CanSendToHop dest=8 outstanding=0 threshold=3 effectiveWindow=4 pendingData=0 globalLimit=16 neighborOK=1 nodeOK=1 -> YES
[HOP 7] link_control dest=8 neighborKnown=1 s0=-105 pathloss=70 failures=0 speed=128 txPower=0 rxPower=-105 cost=29
[HOP 7] Pending DATA increment dest=8 pending=1
[HOP 7] TX Pairwise16 DATA neighbor=8 hopSeq=12 securityCount=1
[MAC] Enqueue TX pkt dscp=0 insert_pos=0 queue_size_before=0
[MAC 7] Cancel queued acknowledged frame neighbor=8 seq=12 baseSeq=12 windowIndex=0
[HOP 7] MAC sent confirmation dest=8 seq=12 transmission=1 sentAt=0.033
[HOP 8] link_control dest=7 neighborKnown=0 speed=8 txPower=30 rxPower=-105
[HOP 7] RX ACK from 8 seq=12
[HOP 7] Pending DATA decrement reason=ACK neighbor=8 pending=0
[HOP 7] Adaptive flow threshold increased neighbor=8 old=3 new=4 effectiveWindow=5
[HOP 7] CanSendToHop dest=8 outstanding=0 threshold=4 effectiveWindow=5 pendingData=0 globalLimit=16 neighborOK=1 nodeOK=1 -> YES
[HOP 7] link_control dest=8 neighborKnown=1 s0=-105 pathloss=70 failures=0 speed=128 txPower=0 rxPower=-105 cost=29
[HOP 7] Pending DATA increment dest=8 pending=1
[HOP 7] TX Pairwise16 DATA neighbor=8 hopSeq=13 securityCount=1
[MAC] Enqueue TX pkt dscp=0 insert_pos=0 queue_size_before=0
[MAC 7] Cancel queued acknowledged frame neighbor=8 seq=13 baseSeq=13 windowIndex=0
[HOP 7] MAC sent confirmation dest=8 seq=13 transmission=1 sentAt=0.036
[HOP 8] link_control dest=7 neighborKnown=0 speed=8 txPower=30 rxPower=-105
[HOP 7] RX ACK from 8 seq=13
[HOP 7] Pending DATA decrement reason=ACK neighbor=8 pending=0
[HOP 7] CanSendToHop dest=8 outstanding=0 threshold=4 effectiveWindow=5 pendingData=0 globalLimit=16 neighborOK=1 nodeOK=1 -> YES
[HOP 7] link_control dest=8 neighborKnown=1 s0=-105 pathloss=70 failures=0 speed=128 txPower=0 rxPower=-105 cost=29
[HOP 7] Pending DATA increment dest=8 pending=1
[HOP 7] TX Pairwise16 DATA neighbor=8 hopSeq=14 securityCount=1
[MAC] Enqueue TX pkt dscp=0 insert_pos=0 queue_size_before=0
[MAC 7] Cancel queued acknowledged frame neighbor=8 seq=14 baseSeq=14 windowIndex=0
[HOP 7] MAC sent confirmation dest=8 seq=14 transmission=1 sentAt=0.039
[HOP 8] link_control dest=7 neighborKnown=0 speed=8 txPower=30 rxPower=-105
[HOP 7] RX ACK from 8 seq=14
[HOP 7] Pending DATA decrement reason=ACK neighbor=8 pending=0
[HOP 7] CanSendToHop dest=8 outstanding=0 threshold=4 effectiveWindow=5 pendingData=0 globalLimit=16 neighborOK=1 nodeOK=1 -> YES
[HOP 7] link_control dest=8 neighborKnown=1 s0=-105 pathloss=70 failures=0 speed=128 txPower=0 rxPower=-105 cost=29
[HOP 7] Pending DATA increment dest=8 pending=1
[HOP 7] TX Pairwise16 DATA neighbor=8 hopSeq=15 securityCount=1
[MAC] Enqueue TX pkt dscp=0 insert_pos=0 queue_size_before=0
[MAC 7] Cancel queued acknowledged frame neighbor=8 seq=15 baseSeq=15 windowIndex=0
[HOP 7] MAC sent confirmation dest=8 seq=15 transmission=1 sentAt=0.042
[HOP 8] link_control dest=7 neighborKnown=0 speed=8 txPower=30 rxPower=-105
[HOP 7] RX ACK from 8 seq=15
[HOP 7] Pending DATA decrement reason=ACK neighbor=8 pending=0
[HOP 7] Adaptive flow threshold increased neighbor=8 old=4 new=5 effectiveWindow=6
[HOP 7] CanSendToHop dest=8 outstanding=0 threshold=5 effectiveWindow=6 pendingData=0 globalLimit=16 neighborOK=1 nodeOK=1 -> YES
[HOP 7] link_control dest=8 neighborKnown=1 s0=-105 pathloss=70 failures=0 speed=128 txPower=0 rxPower=-105 cost=29
[HOP 7] Pending DATA increment dest=8 pending=1
[HOP 7] TX Pairwise16 DATA neighbor=8 hopSeq=16 securityCount=1
[MAC] Enqueue TX pkt dscp=0 insert_pos=0 queue_size_before=0
[MAC 7] Cancel queued acknowledged frame neighbor=8 seq=16 baseSeq=16 windowIndex=0
[HOP 7] MAC sent confirmation dest=8 seq=16 transmission=1 sentAt=0.045
[HOP 8] link_control dest=7 neighborKnown=0 speed=8 txPower=30 rxPower=-105
[HOP 7] RX ACK from 8 seq=16
[HOP 7] Pending DATA decrement reason=ACK neighbor=8 pending=0
[HOP 7] CanSendToHop dest=8 outstanding=0 threshold=5 effectiveWindow=6 pendingData=0 globalLimit=16 neighborOK=1 nodeOK=1 -> YES
[HOP 7] link_control dest=8 neighborKnown=1 s0=-105 pathloss=70 failures=0 speed=128 txPower=0 rxPower=-105 cost=29
[HOP 7] Pending DATA increment dest=8 pending=1
[HOP 7] TX Pairwise16 DATA neighbor=8 hopSeq=17 securityCount=1
[MAC] Enqueue TX pkt dscp=0 insert_pos=0 queue_size_before=0
[MAC 7] Cancel queued acknowledged frame neighbor=8 seq=17 baseSeq=17 windowIndex=0
[HOP 7] MAC sent confirmation dest=8 seq=17 transmission=1 sentAt=0.048
[HOP 8] link_control dest=7 neighborKnown=0 speed=8 txPower=30 rxPower=-105
[HOP 7] RX ACK from 8 seq=17
[HOP 7] Pending DATA decrement reason=ACK neighbor=8 pending=0
[HOP 7] CanSendToHop dest=8 outstanding=0 threshold=5 effectiveWindow=6 pendingData=0 globalLimit=16 neighborOK=1 nodeOK=1 -> YES
[HOP 7] link_control dest=8 neighborKnown=1 s0=-105 pathloss=70 failures=0 speed=128 txPower=0 rxPower=-105 cost=29
[HOP 7] Pending DATA increment dest=8 pending=1
[HOP 7] TX Pairwise16 DATA neighbor=8 hopSeq=18 securityCount=1
[MAC] Enqueue TX pkt dscp=0 insert_pos=0 queue_size_before=0
[MAC 7] Cancel queued acknowledged frame neighbor=8 seq=18 baseSeq=18 windowIndex=0
[HOP 7] MAC sent confirmation dest=8 seq=18 transmission=1 sentAt=0.051
[HOP 8] link_control dest=7 neighborKnown=0 speed=8 txPower=30 rxPower=-105
[HOP 7] RX ACK from 8 seq=18
[HOP 7] Pending DATA decrement reason=ACK neighbor=8 pending=0
[HOP 7] Adaptive flow threshold increased neighbor=8 old=5 new=6 effectiveWindow=7
[HOP 7] CanSendToHop dest=8 outstanding=0 threshold=6 effectiveWindow=7 pendingData=0 globalLimit=16 neighborOK=1 nodeOK=1 -> YES
[HOP 7] link_control dest=8 neighborKnown=1 s0=-105 pathloss=70 failures=0 speed=128 txPower=0 rxPower=-105 cost=29
[HOP 7] Pending DATA increment dest=8 pending=1
[HOP 7] TX Pairwise16 DATA neighbor=8 hopSeq=19 securityCount=1
[MAC] Enqueue TX pkt dscp=0 insert_pos=0 queue_size_before=0
[MAC 7] Cancel queued acknowledged frame neighbor=8 seq=19 baseSeq=19 windowIndex=0
[HOP 7] MAC sent confirmation dest=8 seq=19 transmission=1 sentAt=0.054
[HOP 8] link_control dest=7 neighborKnown=0 speed=8 txPower=30 rxPower=-105
[HOP 7] RX ACK from 8 seq=19
[HOP 7] Pending DATA decrement reason=ACK neighbor=8 pending=0
[HOP 7] CanSendToHop dest=8 outstanding=0 threshold=6 effectiveWindow=7 pendingData=0 globalLimit=16 neighborOK=1 nodeOK=1 -> YES
[HOP 7] link_control dest=8 neighborKnown=1 s0=-105 pathloss=70 failures=0 speed=128 txPower=0 rxPower=-105 cost=29
[HOP 7] Pending DATA increment dest=8 pending=1
[HOP 7] TX Pairwise16 DATA neighbor=8 hopSeq=20 securityCount=1
[MAC] Enqueue TX pkt dscp=0 insert_pos=0 queue_size_before=0
[MAC 7] Cancel queued acknowledged frame neighbor=8 seq=20 baseSeq=20 windowIndex=0
[HOP 7] MAC sent confirmation dest=8 seq=20 transmission=1 sentAt=0.057
[HOP 8] link_control dest=7 neighborKnown=0 speed=8 txPower=30 rxPower=-105
[HOP 7] RX ACK from 8 seq=20
[HOP 7] Pending DATA decrement reason=ACK neighbor=8 pending=0
[HOP 7] CanSendToHop dest=8 outstanding=0 threshold=6 effectiveWindow=7 pendingData=0 globalLimit=16 neighborOK=1 nodeOK=1 -> YES
[HOP 7] link_control dest=8 neighborKnown=1 s0=-105 pathloss=70 failures=0 speed=128 txPower=0 rxPower=-105 cost=29
[HOP 7] Pending DATA increment dest=8 pending=1
[HOP 7] TX Pairwise16 DATA neighbor=8 hopSeq=21 securityCount=1
[MAC] Enqueue TX pkt dscp=0 insert_pos=0 queue_size_before=0
[MAC 7] Cancel queued acknowledged frame neighbor=8 seq=21 baseSeq=21 windowIndex=0
[HOP 7] MAC sent confirmation dest=8 seq=21 transmission=1 sentAt=0.06
[HOP 8] link_control dest=7 neighborKnown=0 speed=8 txPower=30 rxPower=-105
[HOP 7] RX ACK from 8 seq=21
[HOP 7] Pending DATA decrement reason=ACK neighbor=8 pending=0
[HOP 7] Adaptive flow threshold increased neighbor=8 old=6 new=7 effectiveWindow=8
[HOP 7] CanSendToHop dest=8 outstanding=0 threshold=7 effectiveWindow=8 pendingData=0 globalLimit=16 neighborOK=1 nodeOK=1 -> YES
[HOP 7] link_control dest=8 neighborKnown=1 s0=-105 pathloss=70 failures=0 speed=128 txPower=0 rxPower=-105 cost=29
[HOP 7] Pending DATA increment dest=8 pending=1
[HOP 7] TX Pairwise16 DATA neighbor=8 hopSeq=22 securityCount=1
[MAC] Enqueue TX pkt dscp=0 insert_pos=0 queue_size_before=0
[MAC 7] Cancel queued acknowledged frame neighbor=8 seq=22 baseSeq=22 windowIndex=0
[HOP 7] MAC sent confirmation dest=8 seq=22 transmission=1 sentAt=0.063
[HOP 8] link_control dest=7 neighborKnown=0 speed=8 txPower=30 rxPower=-105
[HOP 7] RX ACK from 8 seq=22
[HOP 7] Pending DATA decrement reason=ACK neighbor=8 pending=0
[HOP 7] CanSendToHop dest=8 outstanding=0 threshold=7 effectiveWindow=8 pendingData=0 globalLimit=16 neighborOK=1 nodeOK=1 -> YES
[HOP 7] link_control dest=8 neighborKnown=1 s0=-105 pathloss=70 failures=0 speed=128 txPower=0 rxPower=-105 cost=29
[HOP 7] Pending DATA increment dest=8 pending=1
[HOP 7] TX Pairwise16 DATA neighbor=8 hopSeq=23 securityCount=1
[MAC] Enqueue TX pkt dscp=0 insert_pos=0 queue_size_before=0
[MAC 7] Cancel queued acknowledged frame neighbor=8 seq=23 baseSeq=23 windowIndex=0
[HOP 7] MAC sent confirmation dest=8 seq=23 transmission=1 sentAt=0.066
[HOP 8] link_control dest=7 neighborKnown=0 speed=8 txPower=30 rxPower=-105
[HOP 7] RX ACK from 8 seq=23
[HOP 7] Pending DATA decrement reason=ACK neighbor=8 pending=0
[HOP 7] CanSendToHop dest=8 outstanding=0 threshold=7 effectiveWindow=8 pendingData=0 globalLimit=16 neighborOK=1 nodeOK=1 -> YES
[HOP 7] link_control dest=8 neighborKnown=1 s0=-105 pathloss=70 failures=0 speed=128 txPower=0 rxPower=-105 cost=29
[HOP 7] Pending DATA increment dest=8 pending=1
[HOP 7] TX Pairwise16 DATA neighbor=8 hopSeq=24 securityCount=1
[MAC] Enqueue TX pkt dscp=0 insert_pos=0 queue_size_before=0
[MAC 7] Cancel queued acknowledged frame neighbor=8 seq=24 baseSeq=24 windowIndex=0
[HOP 7] MAC sent confirmation dest=8 seq=24 transmission=1 sentAt=0.069
[HOP 8] link_control dest=7 neighborKnown=0 speed=8 txPower=30 rxPower=-105
[HOP 7] RX ACK from 8 seq=24
[HOP 7] Pending DATA decrement reason=ACK neighbor=8 pending=0
[HOP 7] Adaptive flow threshold increased neighbor=8 old=7 new=8 effectiveWindow=9
[HOP 7] CanSendToHop dest=8 outstanding=0 threshold=8 effectiveWindow=9 pendingData=0 globalLimit=16 neighborOK=1 nodeOK=1 -> YES
[HOP 7] link_control dest=8 neighborKnown=1 s0=-105 pathloss=70 failures=0 speed=128 txPower=0 rxPower=-105 cost=29
[HOP 7] Pending DATA increment dest=8 pending=1
[HOP 7] TX Pairwise16 DATA neighbor=8 hopSeq=25 securityCount=1
[MAC] Enqueue TX pkt dscp=0 insert_pos=0 queue_size_before=0
[MAC 7] Cancel queued acknowledged frame neighbor=8 seq=25 baseSeq=25 windowIndex=0
[HOP 7] MAC sent confirmation dest=8 seq=25 transmission=1 sentAt=0.072
[HOP 8] link_control dest=7 neighborKnown=0 speed=8 txPower=30 rxPower=-105
[HOP 7] RX ACK from 8 seq=25
[HOP 7] Pending DATA decrement reason=ACK neighbor=8 pending=0
[HOP 7] CanSendToHop dest=8 outstanding=0 threshold=8 effectiveWindow=9 pendingData=0 globalLimit=16 neighborOK=1 nodeOK=1 -> YES
[HOP 7] link_control dest=8 neighborKnown=1 s0=-105 pathloss=70 failures=0 speed=128 txPower=0 rxPower=-105 cost=29
[HOP 7] Pending DATA increment dest=8 pending=1
[HOP 7] TX Pairwise16 DATA neighbor=8 hopSeq=26 securityCount=1
[MAC] Enqueue TX pkt dscp=0 insert_pos=0 queue_size_before=0
[MAC 7] Cancel queued acknowledged frame neighbor=8 seq=26 baseSeq=26 windowIndex=0
[HOP 7] MAC sent confirmation dest=8 seq=26 transmission=1 sentAt=0.075
[HOP 8] link_control dest=7 neighborKnown=0 speed=8 txPower=30 rxPower=-105
[HOP 7] RX ACK from 8 seq=26
[HOP 7] Pending DATA decrement reason=ACK neighbor=8 pending=0
[HOP 7] CanSendToHop dest=8 outstanding=0 threshold=8 effectiveWindow=9 pendingData=0 globalLimit=16 neighborOK=1 nodeOK=1 -> YES
[HOP 7] link_control dest=8 neighborKnown=1 s0=-105 pathloss=70 failures=0 speed=128 txPower=0 rxPower=-105 cost=29
[HOP 7] Pending DATA increment dest=8 pending=1
[HOP 7] TX Pairwise16 DATA neighbor=8 hopSeq=27 securityCount=1
[MAC] Enqueue TX pkt dscp=0 insert_pos=0 queue_size_before=0
[MAC 7] Cancel queued acknowledged frame neighbor=8 seq=27 baseSeq=27 windowIndex=0
[HOP 7] MAC sent confirmation dest=8 seq=27 transmission=1 sentAt=0.078
[HOP 8] link_control dest=7 neighborKnown=0 speed=8 txPower=30 rxPower=-105
[HOP 7] RX ACK from 8 seq=27
[HOP 7] Pending DATA decrement reason=ACK neighbor=8 pending=0
[HOP 7] Adaptive flow threshold increased neighbor=8 old=8 new=9 effectiveWindow=10
[HOP 7] CanSendToHop dest=8 outstanding=0 threshold=9 effectiveWindow=10 pendingData=0 globalLimit=16 neighborOK=1 nodeOK=1 -> YES
[HOP 7] link_control dest=8 neighborKnown=1 s0=-105 pathloss=70 failures=0 speed=128 txPower=0 rxPower=-105 cost=29
[HOP 7] Pending DATA increment dest=8 pending=1
[HOP 7] TX Pairwise16 DATA neighbor=8 hopSeq=28 securityCount=1
[MAC] Enqueue TX pkt dscp=0 insert_pos=0 queue_size_before=0
[MAC 7] Cancel queued acknowledged frame neighbor=8 seq=28 baseSeq=28 windowIndex=0
[HOP 7] MAC sent confirmation dest=8 seq=28 transmission=1 sentAt=0.081
[HOP 8] link_control dest=7 neighborKnown=0 speed=8 txPower=30 rxPower=-105
[HOP 7] RX ACK from 8 seq=28
[HOP 7] Pending DATA decrement reason=ACK neighbor=8 pending=0
[HOP 7] CanSendToHop dest=8 outstanding=0 threshold=9 effectiveWindow=10 pendingData=0 globalLimit=16 neighborOK=1 nodeOK=1 -> YES
[HOP 7] link_control dest=8 neighborKnown=1 s0=-105 pathloss=70 failures=0 speed=128 txPower=0 rxPower=-105 cost=29
[HOP 7] Pending DATA increment dest=8 pending=1
[HOP 7] TX Pairwise16 DATA neighbor=8 hopSeq=29 securityCount=1
[MAC] Enqueue TX pkt dscp=0 insert_pos=0 queue_size_before=0
[MAC 7] Cancel queued acknowledged frame neighbor=8 seq=29 baseSeq=29 windowIndex=0
[HOP 7] MAC sent confirmation dest=8 seq=29 transmission=1 sentAt=0.084
[HOP 8] link_control dest=7 neighborKnown=0 speed=8 txPower=30 rxPower=-105
[HOP 7] RX ACK from 8 seq=29
[HOP 7] Pending DATA decrement reason=ACK neighbor=8 pending=0
[HOP 7] CanSendToHop dest=8 outstanding=0 threshold=9 effectiveWindow=10 pendingData=0 globalLimit=16 neighborOK=1 nodeOK=1 -> YES
[HOP 7] link_control dest=8 neighborKnown=1 s0=-105 pathloss=70 failures=0 speed=128 txPower=0 rxPower=-105 cost=29
[HOP 7] Pending DATA increment dest=8 pending=1
[HOP 7] TX Pairwise16 DATA neighbor=8 hopSeq=30 securityCount=1
[MAC] Enqueue TX pkt dscp=0 insert_pos=0 queue_size_before=0
[MAC 7] Cancel queued acknowledged frame neighbor=8 seq=30 baseSeq=30 windowIndex=0
[HOP 7] MAC sent confirmation dest=8 seq=30 transmission=1 sentAt=0.087
[HOP 8] link_control dest=7 neighborKnown=0 speed=8 txPower=30 rxPower=-105
[HOP 7] RX ACK from 8 seq=30
[HOP 7] Pending DATA decrement reason=ACK neighbor=8 pending=0
[HOP 7] Adaptive flow threshold increased neighbor=8 old=9 new=10 effectiveWindow=11
[HOP 7] CanSendToHop dest=8 outstanding=0 threshold=10 effectiveWindow=11 pendingData=0 globalLimit=16 neighborOK=1 nodeOK=1 -> YES
[HOP 7] link_control dest=8 neighborKnown=1 s0=-105 pathloss=70 failures=0 speed=128 txPower=0 rxPower=-105 cost=29
[HOP 7] Pending DATA increment dest=8 pending=1
[HOP 7] TX Pairwise16 DATA neighbor=8 hopSeq=31 securityCount=1
[MAC] Enqueue TX pkt dscp=0 insert_pos=0 queue_size_before=0
[MAC 7] Cancel queued acknowledged frame neighbor=8 seq=31 baseSeq=31 windowIndex=0
[HOP 7] MAC sent confirmation dest=8 seq=31 transmission=1 sentAt=0.09
[HOP 8] link_control dest=7 neighborKnown=0 speed=8 txPower=30 rxPower=-105
[HOP 7] RX ACK from 8 seq=31
[HOP 7] Pending DATA decrement reason=ACK neighbor=8 pending=0
[HOP 7] CanSendToHop dest=8 outstanding=0 threshold=10 effectiveWindow=11 pendingData=0 globalLimit=16 neighborOK=1 nodeOK=1 -> YES
[HOP 7] link_control dest=8 neighborKnown=1 s0=-105 pathloss=70 failures=0 speed=128 txPower=0 rxPower=-105 cost=29
[HOP 7] Pending DATA increment dest=8 pending=1
[HOP 7] TX Pairwise16 DATA neighbor=8 hopSeq=32 securityCount=1
[MAC] Enqueue TX pkt dscp=0 insert_pos=0 queue_size_before=0
[MAC 7] Cancel queued acknowledged frame neighbor=8 seq=32 baseSeq=32 windowIndex=0
[HOP 7] MAC sent confirmation dest=8 seq=32 transmission=1 sentAt=0.093
[HOP 8] link_control dest=7 neighborKnown=0 speed=8 txPower=30 rxPower=-105
[HOP 7] RX ACK from 8 seq=32
[HOP 7] Pending DATA decrement reason=ACK neighbor=8 pending=0
[HOP 7] CanSendToHop dest=8 outstanding=0 threshold=10 effectiveWindow=11 pendingData=0 globalLimit=16 neighborOK=1 nodeOK=1 -> YES
[HOP 7] link_control dest=8 neighborKnown=1 s0=-105 pathloss=70 failures=0 speed=128 txPower=0 rxPower=-105 cost=29
[HOP 7] Pending DATA increment dest=8 pending=1
[HOP 7] TX Pairwise16 DATA neighbor=8 hopSeq=33 securityCount=1
[MAC] Enqueue TX pkt dscp=0 insert_pos=0 queue_size_before=0
[MAC 7] Cancel queued acknowledged frame neighbor=8 seq=33 baseSeq=33 windowIndex=0
[HOP 7] MAC sent confirmation dest=8 seq=33 transmission=1 sentAt=0.096
[HOP 8] link_control dest=7 neighborKnown=0 speed=8 txPower=30 rxPower=-105
[HOP 7] RX ACK from 8 seq=33
[HOP 7] Pending DATA decrement reason=ACK neighbor=8 pending=0
[HOP 7] Adaptive flow threshold increased neighbor=8 old=10 new=11 effectiveWindow=12
[HOP 7] CanSendToHop dest=8 outstanding=0 threshold=11 effectiveWindow=12 pendingData=0 globalLimit=16 neighborOK=1 nodeOK=1 -> YES
[HOP 7] link_control dest=8 neighborKnown=1 s0=-105 pathloss=70 failures=0 speed=128 txPower=0 rxPower=-105 cost=29
[HOP 7] Pending DATA increment dest=8 pending=1
[HOP 7] TX Pairwise16 DATA neighbor=8 hopSeq=34 securityCount=1
[MAC] Enqueue TX pkt dscp=0 insert_pos=0 queue_size_before=0
[MAC 7] Cancel queued acknowledged frame neighbor=8 seq=34 baseSeq=34 windowIndex=0
[HOP 7] MAC sent confirmation dest=8 seq=34 transmission=1 sentAt=0.099
[HOP 8] link_control dest=7 neighborKnown=0 speed=8 txPower=30 rxPower=-105
[HOP 7] RX ACK from 8 seq=34
[HOP 7] Pending DATA decrement reason=ACK neighbor=8 pending=0
[HOP 7] CanSendToHop dest=8 outstanding=0 threshold=11 effectiveWindow=12 pendingData=0 globalLimit=16 neighborOK=1 nodeOK=1 -> YES
[HOP 7] link_control dest=8 neighborKnown=1 s0=-105 pathloss=70 failures=0 speed=128 txPower=0 rxPower=-105 cost=29
[HOP 7] Pending DATA increment dest=8 pending=1
[HOP 7] TX Pairwise16 DATA neighbor=8 hopSeq=35 securityCount=1
[MAC] Enqueue TX pkt dscp=0 insert_pos=0 queue_size_before=0
[MAC 7] Cancel queued acknowledged frame neighbor=8 seq=35 baseSeq=35 windowIndex=0
[HOP 7] MAC sent confirmation dest=8 seq=35 transmission=1 sentAt=0.102
[HOP 8] link_control dest=7 neighborKnown=0 speed=8 txPower=30 rxPower=-105
[HOP 7] RX ACK from 8 seq=35
[HOP 7] Pending DATA decrement reason=ACK neighbor=8 pending=0
[HOP 7] CanSendToHop dest=8 outstanding=0 threshold=11 effectiveWindow=12 pendingData=0 globalLimit=16 neighborOK=1 nodeOK=1 -> YES
[HOP 7] link_control dest=8 neighborKnown=1 s0=-105 pathloss=70 failures=0 speed=128 txPower=0 rxPower=-105 cost=29
[HOP 7] Pending DATA increment dest=8 pending=1
[HOP 7] TX Pairwise16 DATA neighbor=8 hopSeq=36 securityCount=1
[MAC] Enqueue TX pkt dscp=0 insert_pos=0 queue_size_before=0
[MAC 7] Cancel queued acknowledged frame neighbor=8 seq=36 baseSeq=36 windowIndex=0
[HOP 7] MAC sent confirmation dest=8 seq=36 transmission=1 sentAt=0.105
[HOP 8] link_control dest=7 neighborKnown=0 speed=8 txPower=30 rxPower=-105
[HOP 7] RX ACK from 8 seq=36
[HOP 7] Pending DATA decrement reason=ACK neighbor=8 pending=0
[HOP 7] Adaptive flow threshold increased neighbor=8 old=11 new=12 effectiveWindow=13
[HOP 7] CanSendToHop dest=8 outstanding=0 threshold=12 effectiveWindow=13 pendingData=0 globalLimit=16 neighborOK=1 nodeOK=1 -> YES
[HOP 7] link_control dest=8 neighborKnown=1 s0=-105 pathloss=70 failures=0 speed=128 txPower=0 rxPower=-105 cost=29
[HOP 7] Pending DATA increment dest=8 pending=1
[HOP 7] TX Pairwise16 DATA neighbor=8 hopSeq=37 securityCount=1
[MAC] Enqueue TX pkt dscp=0 insert_pos=0 queue_size_before=0
[MAC 7] Cancel queued acknowledged frame neighbor=8 seq=37 baseSeq=37 windowIndex=0
[HOP 7] MAC sent confirmation dest=8 seq=37 transmission=1 sentAt=0.108
[HOP 8] link_control dest=7 neighborKnown=0 speed=8 txPower=30 rxPower=-105
[HOP 7] RX ACK from 8 seq=37
[HOP 7] Pending DATA decrement reason=ACK neighbor=8 pending=0
[HOP 7] CanSendToHop dest=8 outstanding=0 threshold=12 effectiveWindow=13 pendingData=0 globalLimit=16 neighborOK=1 nodeOK=1 -> YES
[HOP 7] link_control dest=8 neighborKnown=1 s0=-105 pathloss=70 failures=0 speed=128 txPower=0 rxPower=-105 cost=29
[HOP 7] Pending DATA increment dest=8 pending=1
[HOP 7] TX Pairwise16 DATA neighbor=8 hopSeq=38 securityCount=1
[MAC] Enqueue TX pkt dscp=0 insert_pos=0 queue_size_before=0
[MAC 7] Cancel queued acknowledged frame neighbor=8 seq=38 baseSeq=38 windowIndex=0
[HOP 7] MAC sent confirmation dest=8 seq=38 transmission=1 sentAt=0.111
[HOP 8] link_control dest=7 neighborKnown=0 speed=8 txPower=30 rxPower=-105
[HOP 7] RX ACK from 8 seq=38
[HOP 7] Pending DATA decrement reason=ACK neighbor=8 pending=0
[HOP 7] CanSendToHop dest=8 outstanding=0 threshold=12 effectiveWindow=13 pendingData=0 globalLimit=16 neighborOK=1 nodeOK=1 -> YES
[HOP 7] link_control dest=8 neighborKnown=1 s0=-105 pathloss=70 failures=0 speed=128 txPower=0 rxPower=-105 cost=29
[HOP 7] Pending DATA increment dest=8 pending=1
[HOP 7] TX Pairwise16 DATA neighbor=8 hopSeq=39 securityCount=1
[MAC] Enqueue TX pkt dscp=0 insert_pos=0 queue_size_before=0
[MAC 7] Cancel queued acknowledged frame neighbor=8 seq=39 baseSeq=39 windowIndex=0
[HOP 7] MAC sent confirmation dest=8 seq=39 transmission=1 sentAt=0.114
[HOP 8] link_control dest=7 neighborKnown=0 speed=8 txPower=30 rxPower=-105
[HOP 7] RX ACK from 8 seq=39
[HOP 7] Pending DATA decrement reason=ACK neighbor=8 pending=0
[HOP 7] Adaptive flow threshold increased neighbor=8 old=12 new=13 effectiveWindow=14
[HOP 7] CanSendToHop dest=8 outstanding=0 threshold=13 effectiveWindow=14 pendingData=0 globalLimit=16 neighborOK=1 nodeOK=1 -> YES
[HOP 7] link_control dest=8 neighborKnown=1 s0=-105 pathloss=70 failures=0 speed=128 txPower=0 rxPower=-105 cost=29
[HOP 7] Pending DATA increment dest=8 pending=1
[HOP 7] TX Pairwise16 DATA neighbor=8 hopSeq=40 securityCount=1
[MAC] Enqueue TX pkt dscp=0 insert_pos=0 queue_size_before=0
[MAC 7] Cancel queued acknowledged frame neighbor=8 seq=40 baseSeq=40 windowIndex=0
[HOP 7] MAC sent confirmation dest=8 seq=40 transmission=1 sentAt=0.117
[HOP 8] link_control dest=7 neighborKnown=0 speed=8 txPower=30 rxPower=-105
[HOP 7] RX ACK from 8 seq=40
[HOP 7] Pending DATA decrement reason=ACK neighbor=8 pending=0
[HOP 7] CanSendToHop dest=8 outstanding=0 threshold=13 effectiveWindow=14 pendingData=0 globalLimit=16 neighborOK=1 nodeOK=1 -> YES
[HOP 7] link_control dest=8 neighborKnown=1 s0=-105 pathloss=70 failures=0 speed=128 txPower=0 rxPower=-105 cost=29
[HOP 7] Pending DATA increment dest=8 pending=1
[HOP 7] TX Pairwise16 DATA neighbor=8 hopSeq=41 securityCount=1
[MAC] Enqueue TX pkt dscp=0 insert_pos=0 queue_size_before=0
[MAC 7] Cancel queued acknowledged frame neighbor=8 seq=41 baseSeq=41 windowIndex=0
[HOP 7] MAC sent confirmation dest=8 seq=41 transmission=1 sentAt=0.12
[HOP 8] link_control dest=7 neighborKnown=0 speed=8 txPower=30 rxPower=-105
[HOP 7] RX ACK from 8 seq=41
[HOP 7] Pending DATA decrement reason=ACK neighbor=8 pending=0
[HOP 7] CanSendToHop dest=8 outstanding=0 threshold=13 effectiveWindow=14 pendingData=0 globalLimit=16 neighborOK=1 nodeOK=1 -> YES
[HOP 7] link_control dest=8 neighborKnown=1 s0=-105 pathloss=70 failures=0 speed=128 txPower=0 rxPower=-105 cost=29
[HOP 7] Pending DATA increment dest=8 pending=1
[HOP 7] TX Pairwise16 DATA neighbor=8 hopSeq=42 securityCount=1
[MAC] Enqueue TX pkt dscp=0 insert_pos=0 queue_size_before=0
[MAC 7] Cancel queued acknowledged frame neighbor=8 seq=42 baseSeq=42 windowIndex=0
[HOP 7] MAC sent confirmation dest=8 seq=42 transmission=1 sentAt=0.123
[HOP 8] link_control dest=7 neighborKnown=0 speed=8 txPower=30 rxPower=-105
[HOP 7] RX ACK from 8 seq=42
[HOP 7] Pending DATA decrement reason=ACK neighbor=8 pending=0
[HOP 7] Adaptive flow threshold increased neighbor=8 old=13 new=14 effectiveWindow=15
[HOP 7] CanSendToHop dest=8 outstanding=0 threshold=14 effectiveWindow=15 pendingData=0 globalLimit=16 neighborOK=1 nodeOK=1 -> YES
[HOP 7] link_control dest=8 neighborKnown=1 s0=-105 pathloss=70 failures=0 speed=128 txPower=0 rxPower=-105 cost=29
[HOP 7] Pending DATA increment dest=8 pending=1
[HOP 7] TX Pairwise16 DATA neighbor=8 hopSeq=43 securityCount=1
[MAC] Enqueue TX pkt dscp=0 insert_pos=0 queue_size_before=0
[MAC 7] Cancel queued acknowledged frame neighbor=8 seq=43 baseSeq=43 windowIndex=0
[HOP 7] MAC sent confirmation dest=8 seq=43 transmission=1 sentAt=0.126
[HOP 8] link_control dest=7 neighborKnown=0 speed=8 txPower=30 rxPower=-105
[HOP 7] RX ACK from 8 seq=43
[HOP 7] Pending DATA decrement reason=ACK neighbor=8 pending=0
[HOP 7] CanSendToHop dest=8 outstanding=0 threshold=14 effectiveWindow=15 pendingData=0 globalLimit=16 neighborOK=1 nodeOK=1 -> YES
[HOP 7] link_control dest=8 neighborKnown=1 s0=-105 pathloss=70 failures=0 speed=128 txPower=0 rxPower=-105 cost=29
[HOP 7] Pending DATA increment dest=8 pending=1
[HOP 7] TX Pairwise16 DATA neighbor=8 hopSeq=44 securityCount=1
[MAC] Enqueue TX pkt dscp=0 insert_pos=0 queue_size_before=0
[MAC 7] Cancel queued acknowledged frame neighbor=8 seq=44 baseSeq=44 windowIndex=0
[HOP 7] MAC sent confirmation dest=8 seq=44 transmission=1 sentAt=0.129
[HOP 8] link_control dest=7 neighborKnown=0 speed=8 txPower=30 rxPower=-105
[HOP 7] RX ACK from 8 seq=44
[HOP 7] Pending DATA decrement reason=ACK neighbor=8 pending=0
[HOP 7] CanSendToHop dest=8 outstanding=0 threshold=14 effectiveWindow=15 pendingData=0 globalLimit=16 neighborOK=1 nodeOK=1 -> YES
[HOP 7] link_control dest=8 neighborKnown=1 s0=-105 pathloss=70 failures=0 speed=128 txPower=0 rxPower=-105 cost=29
[HOP 7] Pending DATA increment dest=8 pending=1
[HOP 7] TX Pairwise16 DATA neighbor=8 hopSeq=45 securityCount=1
[MAC] Enqueue TX pkt dscp=0 insert_pos=0 queue_size_before=0
[MAC 7] Cancel queued acknowledged frame neighbor=8 seq=45 baseSeq=45 windowIndex=0
[HOP 7] MAC sent confirmation dest=8 seq=45 transmission=1 sentAt=0.132
[HOP 8] link_control dest=7 neighborKnown=0 speed=8 txPower=30 rxPower=-105
[HOP 7] RX ACK from 8 seq=45
[HOP 7] Pending DATA decrement reason=ACK neighbor=8 pending=0
[HOP 7] Adaptive flow threshold increased neighbor=8 old=14 new=15 effectiveWindow=16
[HOP 7] CanSendToHop dest=8 outstanding=0 threshold=15 effectiveWindow=16 pendingData=0 globalLimit=16 neighborOK=1 nodeOK=1 -> YES
[HOP 7] link_control dest=8 neighborKnown=1 s0=-105 pathloss=70 failures=0 speed=128 txPower=0 rxPower=-105 cost=29
[HOP 7] Pending DATA increment dest=8 pending=1
[HOP 7] TX Pairwise16 DATA neighbor=8 hopSeq=46 securityCount=1
[MAC] Enqueue TX pkt dscp=0 insert_pos=0 queue_size_before=0
[MAC 7] Cancel queued acknowledged frame neighbor=8 seq=46 baseSeq=46 windowIndex=0
[HOP 7] MAC sent confirmation dest=8 seq=46 transmission=1 sentAt=0.135
[HOP 8] link_control dest=7 neighborKnown=0 speed=8 txPower=30 rxPower=-105
[HOP 7] RX ACK from 8 seq=46
[HOP 7] Pending DATA decrement reason=ACK neighbor=8 pending=0
[HOP 7] CanSendToHop dest=8 outstanding=0 threshold=15 effectiveWindow=16 pendingData=0 globalLimit=16 neighborOK=1 nodeOK=1 -> YES
[HOP 7] link_control dest=8 neighborKnown=1 s0=-105 pathloss=70 failures=0 speed=128 txPower=0 rxPower=-105 cost=29
[HOP 7] Pending DATA increment dest=8 pending=1
[HOP 7] TX Pairwise16 DATA neighbor=8 hopSeq=47 securityCount=1
[MAC] Enqueue TX pkt dscp=0 insert_pos=0 queue_size_before=0
[MAC 7] Cancel queued acknowledged frame neighbor=8 seq=47 baseSeq=47 windowIndex=0
[HOP 7] MAC sent confirmation dest=8 seq=47 transmission=1 sentAt=0.138
[HOP 8] link_control dest=7 neighborKnown=0 speed=8 txPower=30 rxPower=-105
[HOP 7] RX ACK from 8 seq=47
[HOP 7] Pending DATA decrement reason=ACK neighbor=8 pending=0
[HOP 7] CanSendToHop dest=8 outstanding=0 threshold=15 effectiveWindow=16 pendingData=0 globalLimit=16 neighborOK=1 nodeOK=1 -> YES
[HOP 7] link_control dest=8 neighborKnown=1 s0=-105 pathloss=70 failures=0 speed=128 txPower=0 rxPower=-105 cost=29
[HOP 7] Pending DATA increment dest=8 pending=1
[HOP 7] TX Pairwise16 DATA neighbor=8 hopSeq=48 securityCount=1
[MAC] Enqueue TX pkt dscp=0 insert_pos=0 queue_size_before=0
[MAC 7] Cancel queued acknowledged frame neighbor=8 seq=48 baseSeq=48 windowIndex=0
[HOP 7] MAC sent confirmation dest=8 seq=48 transmission=1 sentAt=0.141
[HOP 8] link_control dest=7 neighborKnown=0 speed=8 txPower=30 rxPower=-105
[HOP 7] RX ACK from 8 seq=48
[HOP 7] Pending DATA decrement reason=ACK neighbor=8 pending=0
[HOP 7] Adaptive flow threshold increased neighbor=8 old=15 new=16 effectiveWindow=17
[HOP 7] CanSendToHop dest=8 outstanding=0 threshold=16 effectiveWindow=17 pendingData=0 globalLimit=16 neighborOK=1 nodeOK=1 -> YES
[HOP 7] link_control dest=8 neighborKnown=1 s0=-105 pathloss=70 failures=0 speed=128 txPower=0 rxPower=-105 cost=29
[HOP 7] Pending DATA increment dest=8 pending=1
[HOP 7] TX Pairwise16 DATA neighbor=8 hopSeq=49 securityCount=1
[MAC] Enqueue TX pkt dscp=0 insert_pos=0 queue_size_before=0
[MAC 7] Cancel queued acknowledged frame neighbor=8 seq=49 baseSeq=49 windowIndex=0
[HOP 7] MAC sent confirmation dest=8 seq=49 transmission=1 sentAt=0.144
[HOP 8] link_control dest=7 neighborKnown=0 speed=8 txPower=30 rxPower=-105
[HOP 7] RX ACK from 8 seq=49
[HOP 7] Pending DATA decrement reason=ACK neighbor=8 pending=0
[HOP 7] CanSendToHop dest=8 outstanding=0 threshold=16 effectiveWindow=17 pendingData=0 globalLimit=16 neighborOK=1 nodeOK=1 -> YES
[HOP 7] link_control dest=8 neighborKnown=1 s0=-105 pathloss=70 failures=0 speed=128 txPower=0 rxPower=-105 cost=29
[HOP 7] Pending DATA increment dest=8 pending=1
[HOP 7] TX Pairwise16 DATA neighbor=8 hopSeq=50 securityCount=1
[MAC] Enqueue TX pkt dscp=0 insert_pos=0 queue_size_before=0
[MAC 7] Cancel queued acknowledged frame neighbor=8 seq=50 baseSeq=50 windowIndex=0
[HOP 7] MAC sent confirmation dest=8 seq=50 transmission=1 sentAt=0.147
[HOP 8] link_control dest=7 neighborKnown=0 speed=8 txPower=30 rxPower=-105
[HOP 7] RX ACK from 8 seq=50
[HOP 7] Pending DATA decrement reason=ACK neighbor=8 pending=0
[HOP 7] CanSendToHop dest=8 outstanding=0 threshold=16 effectiveWindow=17 pendingData=0 globalLimit=16 neighborOK=1 nodeOK=1 -> YES
[HOP 7] link_control dest=8 neighborKnown=1 s0=-105 pathloss=70 failures=0 speed=128 txPower=0 rxPower=-105 cost=29
[HOP 7] Pending DATA increment dest=8 pending=1
[HOP 7] TX Pairwise16 DATA neighbor=8 hopSeq=51 securityCount=1
[MAC] Enqueue TX pkt dscp=0 insert_pos=0 queue_size_before=0
[MAC 7] Cancel queued acknowledged frame neighbor=8 seq=51 baseSeq=51 windowIndex=0
[HOP 7] MAC sent confirmation dest=8 seq=51 transmission=1 sentAt=0.15
[HOP 8] link_control dest=7 neighborKnown=0 speed=8 txPower=30 rxPower=-105
[HOP 7] RX ACK from 8 seq=51
[HOP 7] Pending DATA decrement reason=ACK neighbor=8 pending=0
[HOP 7] CanSendToHop dest=8 outstanding=0 threshold=16 effectiveWindow=17 pendingData=0 globalLimit=16 neighborOK=1 nodeOK=1 -> YES
[HOP 7] link_control dest=8 neighborKnown=1 s0=-105 pathloss=70 failures=0 speed=128 txPower=0 rxPower=-105 cost=29
[HOP 7] Pending DATA increment dest=8 pending=1
[HOP 7] TX Pairwise16 DATA neighbor=8 hopSeq=52 securityCount=1
[MAC] Enqueue TX pkt dscp=0 insert_pos=0 queue_size_before=0
[MAC 7] Cancel queued acknowledged frame neighbor=8 seq=52 baseSeq=52 windowIndex=0
[HOP 7] MAC sent confirmation dest=8 seq=52 transmission=1 sentAt=0.2
[HOP 7] CanSendToHop dest=8 outstanding=1 threshold=16 effectiveWindow=17 pendingData=1 globalLimit=16 neighborOK=1 nodeOK=1 -> YES
[HOP 7] link_control dest=8 neighborKnown=1 s0=-105 pathloss=70 failures=0 speed=128 txPower=0 rxPower=-105 cost=29
[HOP 7] Pending DATA increment dest=8 pending=2
[HOP 7] TX Pairwise16 DATA neighbor=8 hopSeq=53 securityCount=1
[MAC] Enqueue TX pkt dscp=0 insert_pos=0 queue_size_before=0
[MAC 7] Cancel queued acknowledged frame neighbor=8 seq=53 baseSeq=53 windowIndex=0
[HOP 7] MAC sent confirmation dest=8 seq=53 transmission=1 sentAt=0.201
[HOP 7] CanSendToHop dest=8 outstanding=2 threshold=16 effectiveWindow=17 pendingData=2 globalLimit=16 neighborOK=1 nodeOK=1 -> YES
[HOP 7] link_control dest=8 neighborKnown=1 s0=-105 pathloss=70 failures=0 speed=128 txPower=0 rxPower=-105 cost=29
[HOP 7] Pending DATA increment dest=8 pending=3
[HOP 7] TX Pairwise16 DATA neighbor=8 hopSeq=54 securityCount=1
[MAC] Enqueue TX pkt dscp=0 insert_pos=0 queue_size_before=0
[MAC 7] Cancel queued acknowledged frame neighbor=8 seq=54 baseSeq=54 windowIndex=0
[HOP 7] MAC sent confirmation dest=8 seq=54 transmission=1 sentAt=0.202
[HOP 7] CanSendToHop dest=8 outstanding=3 threshold=16 effectiveWindow=17 pendingData=3 globalLimit=16 neighborOK=1 nodeOK=1 -> YES
[HOP 7] link_control dest=8 neighborKnown=1 s0=-105 pathloss=70 failures=0 speed=128 txPower=0 rxPower=-105 cost=29
[HOP 7] Pending DATA increment dest=8 pending=4
[HOP 7] TX Pairwise16 DATA neighbor=8 hopSeq=55 securityCount=1
[MAC] Enqueue TX pkt dscp=0 insert_pos=0 queue_size_before=0
[MAC 7] Cancel queued acknowledged frame neighbor=8 seq=55 baseSeq=55 windowIndex=0
[HOP 7] MAC sent confirmation dest=8 seq=55 transmission=1 sentAt=0.203
[HOP 7] CanSendToHop dest=8 outstanding=4 threshold=16 effectiveWindow=17 pendingData=4 globalLimit=16 neighborOK=1 nodeOK=1 -> YES
[HOP 7] link_control dest=8 neighborKnown=1 s0=-105 pathloss=70 failures=0 speed=128 txPower=0 rxPower=-105 cost=29
[HOP 7] Pending DATA increment dest=8 pending=5
[HOP 7] TX Pairwise16 DATA neighbor=8 hopSeq=56 securityCount=1
[MAC] Enqueue TX pkt dscp=0 insert_pos=0 queue_size_before=0
[MAC 7] Cancel queued acknowledged frame neighbor=8 seq=56 baseSeq=56 windowIndex=0
[HOP 7] MAC sent confirmation dest=8 seq=56 transmission=1 sentAt=0.204
[HOP 7] CanSendToHop dest=8 outstanding=5 threshold=16 effectiveWindow=17 pendingData=5 globalLimit=16 neighborOK=1 nodeOK=1 -> YES
[HOP 7] link_control dest=8 neighborKnown=1 s0=-105 pathloss=70 failures=0 speed=128 txPower=0 rxPower=-105 cost=29
[HOP 7] Pending DATA increment dest=8 pending=6
[HOP 7] TX Pairwise16 DATA neighbor=8 hopSeq=57 securityCount=1
[MAC] Enqueue TX pkt dscp=0 insert_pos=0 queue_size_before=0
[MAC 7] Cancel queued acknowledged frame neighbor=8 seq=57 baseSeq=57 windowIndex=0
[HOP 7] MAC sent confirmation dest=8 seq=57 transmission=1 sentAt=0.205
[HOP 7] CanSendToHop dest=8 outstanding=6 threshold=16 effectiveWindow=17 pendingData=6 globalLimit=16 neighborOK=1 nodeOK=1 -> YES
[HOP 7] link_control dest=8 neighborKnown=1 s0=-105 pathloss=70 failures=0 speed=128 txPower=0 rxPower=-105 cost=29
[HOP 7] Pending DATA increment dest=8 pending=7
[HOP 7] TX Pairwise16 DATA neighbor=8 hopSeq=58 securityCount=1
[MAC] Enqueue TX pkt dscp=0 insert_pos=0 queue_size_before=0
[MAC 7] Cancel queued acknowledged frame neighbor=8 seq=58 baseSeq=58 windowIndex=0
[HOP 7] MAC sent confirmation dest=8 seq=58 transmission=1 sentAt=0.206
[HOP 7] CanSendToHop dest=8 outstanding=7 threshold=16 effectiveWindow=17 pendingData=7 globalLimit=16 neighborOK=1 nodeOK=1 -> YES
[HOP 7] link_control dest=8 neighborKnown=1 s0=-105 pathloss=70 failures=0 speed=128 txPower=0 rxPower=-105 cost=29
[HOP 7] Pending DATA increment dest=8 pending=8
[HOP 7] TX Pairwise16 DATA neighbor=8 hopSeq=59 securityCount=1
[MAC] Enqueue TX pkt dscp=0 insert_pos=0 queue_size_before=0
[MAC 7] Cancel queued acknowledged frame neighbor=8 seq=59 baseSeq=59 windowIndex=0
[HOP 7] MAC sent confirmation dest=8 seq=59 transmission=1 sentAt=0.207
[HOP 7] CanSendToHop dest=8 outstanding=8 threshold=16 effectiveWindow=17 pendingData=8 globalLimit=16 neighborOK=1 nodeOK=1 -> YES
[HOP 7] link_control dest=8 neighborKnown=1 s0=-105 pathloss=70 failures=0 speed=128 txPower=0 rxPower=-105 cost=29
[HOP 7] Pending DATA increment dest=8 pending=9
[HOP 7] TX Pairwise16 DATA neighbor=8 hopSeq=60 securityCount=1
[MAC] Enqueue TX pkt dscp=0 insert_pos=0 queue_size_before=0
[MAC 7] Cancel queued acknowledged frame neighbor=8 seq=60 baseSeq=60 windowIndex=0
[HOP 7] MAC sent confirmation dest=8 seq=60 transmission=1 sentAt=0.208
[HOP 7] CanSendToHop dest=8 outstanding=9 threshold=16 effectiveWindow=17 pendingData=9 globalLimit=16 neighborOK=1 nodeOK=1 -> YES
[HOP 7] link_control dest=8 neighborKnown=1 s0=-105 pathloss=70 failures=0 speed=128 txPower=0 rxPower=-105 cost=29
[HOP 7] Pending DATA increment dest=8 pending=10
[HOP 7] TX Pairwise16 DATA neighbor=8 hopSeq=61 securityCount=1
[MAC] Enqueue TX pkt dscp=0 insert_pos=0 queue_size_before=0
[MAC 7] Cancel queued acknowledged frame neighbor=8 seq=61 baseSeq=61 windowIndex=0
[HOP 7] MAC sent confirmation dest=8 seq=61 transmission=1 sentAt=0.209
[HOP 7] CanSendToHop dest=8 outstanding=10 threshold=16 effectiveWindow=17 pendingData=10 globalLimit=16 neighborOK=1 nodeOK=1 -> YES
[HOP 7] link_control dest=8 neighborKnown=1 s0=-105 pathloss=70 failures=0 speed=128 txPower=0 rxPower=-105 cost=29
[HOP 7] Pending DATA increment dest=8 pending=11
[HOP 7] TX Pairwise16 DATA neighbor=8 hopSeq=62 securityCount=1
[MAC] Enqueue TX pkt dscp=0 insert_pos=0 queue_size_before=0
[MAC 7] Cancel queued acknowledged frame neighbor=8 seq=62 baseSeq=62 windowIndex=0
[HOP 7] MAC sent confirmation dest=8 seq=62 transmission=1 sentAt=0.21
[HOP 7] CanSendToHop dest=8 outstanding=11 threshold=16 effectiveWindow=17 pendingData=11 globalLimit=16 neighborOK=1 nodeOK=1 -> YES
[HOP 7] link_control dest=8 neighborKnown=1 s0=-105 pathloss=70 failures=0 speed=128 txPower=0 rxPower=-105 cost=29
[HOP 7] Pending DATA increment dest=8 pending=12
[HOP 7] TX Pairwise16 DATA neighbor=8 hopSeq=63 securityCount=1
[MAC] Enqueue TX pkt dscp=0 insert_pos=0 queue_size_before=0
[MAC 7] Cancel queued acknowledged frame neighbor=8 seq=63 baseSeq=63 windowIndex=0
[HOP 7] MAC sent confirmation dest=8 seq=63 transmission=1 sentAt=0.211
[HOP 7] CanSendToHop dest=8 outstanding=12 threshold=16 effectiveWindow=17 pendingData=12 globalLimit=16 neighborOK=1 nodeOK=1 -> YES
[HOP 7] link_control dest=8 neighborKnown=1 s0=-105 pathloss=70 failures=0 speed=128 txPower=0 rxPower=-105 cost=29
[HOP 7] Pending DATA increment dest=8 pending=13
[HOP 7] TX Pairwise16 DATA neighbor=8 hopSeq=64 securityCount=1
[MAC] Enqueue TX pkt dscp=0 insert_pos=0 queue_size_before=0
[MAC 7] Cancel queued acknowledged frame neighbor=8 seq=64 baseSeq=64 windowIndex=0
[HOP 7] MAC sent confirmation dest=8 seq=64 transmission=1 sentAt=0.212
[HOP 7] CanSendToHop dest=8 outstanding=13 threshold=16 effectiveWindow=17 pendingData=13 globalLimit=16 neighborOK=1 nodeOK=1 -> YES
[HOP 7] link_control dest=8 neighborKnown=1 s0=-105 pathloss=70 failures=0 speed=128 txPower=0 rxPower=-105 cost=29
[HOP 7] Pending DATA increment dest=8 pending=14
[HOP 7] TX Pairwise16 DATA neighbor=8 hopSeq=65 securityCount=1
[MAC] Enqueue TX pkt dscp=0 insert_pos=0 queue_size_before=0
[MAC 7] Cancel queued acknowledged frame neighbor=8 seq=65 baseSeq=65 windowIndex=0
[HOP 7] MAC sent confirmation dest=8 seq=65 transmission=1 sentAt=0.213
[HOP 7] CanSendToHop dest=8 outstanding=14 threshold=16 effectiveWindow=17 pendingData=14 globalLimit=16 neighborOK=1 nodeOK=1 -> YES
[HOP 7] link_control dest=8 neighborKnown=1 s0=-105 pathloss=70 failures=0 speed=128 txPower=0 rxPower=-105 cost=29
[HOP 7] Pending DATA increment dest=8 pending=15
[HOP 7] TX Pairwise16 DATA neighbor=8 hopSeq=66 securityCount=1
[MAC] Enqueue TX pkt dscp=0 insert_pos=0 queue_size_before=0
[MAC 7] Cancel queued acknowledged frame neighbor=8 seq=66 baseSeq=66 windowIndex=0
[HOP 7] MAC sent confirmation dest=8 seq=66 transmission=1 sentAt=0.214
[HOP 7] CanSendToHop dest=8 outstanding=15 threshold=16 effectiveWindow=17 pendingData=15 globalLimit=16 neighborOK=1 nodeOK=1 -> YES
[HOP 7] link_control dest=8 neighborKnown=1 s0=-105 pathloss=70 failures=0 speed=128 txPower=0 rxPower=-105 cost=29
[HOP 7] Pending DATA increment dest=8 pending=16
[HOP 7] TX Pairwise16 DATA neighbor=8 hopSeq=67 securityCount=1
[MAC] Enqueue TX pkt dscp=0 insert_pos=0 queue_size_before=0
[MAC 7] Cancel queued acknowledged frame neighbor=8 seq=67 baseSeq=67 windowIndex=0
[HOP 7] MAC sent confirmation dest=8 seq=67 transmission=1 sentAt=0.215
[HOP 7] CanSendToHop dest=8 outstanding=16 threshold=16 effectiveWindow=17 pendingData=16 globalLimit=16 neighborOK=1 nodeOK=1 -> YES
[HOP 7] link_control dest=8 neighborKnown=1 s0=-105 pathloss=70 failures=0 speed=128 txPower=0 rxPower=-105 cost=29
[HOP 7] Pending DATA increment dest=8 pending=17
[HOP 7] GLOBAL HOP CONGESTED pending=17 threshold=16
[HOP 7] TX Pairwise16 DATA neighbor=8 hopSeq=68 securityCount=1
[MAC] Enqueue TX pkt dscp=0 insert_pos=0 queue_size_before=0
[MAC 7] Cancel queued acknowledged frame neighbor=8 seq=68 baseSeq=68 windowIndex=0
[HOP 7] MAC sent confirmation dest=8 seq=68 transmission=1 sentAt=0.216
[HOP 7] CanSendToHop dest=8 outstanding=17 threshold=16 effectiveWindow=17 pendingData=17 globalLimit=16 neighborOK=0 nodeOK=0 -> NO
[HOP 8] link_control dest=7 neighborKnown=0 speed=8 txPower=30 rxPower=-105
[HOP 7] RX ACK from 8 seq=52
[HOP 7] Pending DATA decrement reason=ACK neighbor=8 pending=16
[HOP 7] CanSendToHop dest=9 outstanding=0 threshold=0 effectiveWindow=1 pendingData=16 globalLimit=16 neighborOK=1 nodeOK=1 -> YES
[HOP 7] link_control dest=9 neighborKnown=0 speed=8 txPower=30 rxPower=-105
[HOP 7] Pending DATA increment dest=9 pending=17
[HOP 7] GLOBAL HOP CONGESTED pending=17 threshold=16
[HOP 7] TX Pairwise16 DATA neighbor=9 hopSeq=1 securityCount=1
[MAC] Enqueue TX pkt dscp=0 insert_pos=0 queue_size_before=0
[MAC 7] Cancel queued acknowledged frame neighbor=9 seq=1 baseSeq=1 windowIndex=0
[HOP 7] MAC sent confirmation dest=9 seq=1 transmission=1 sentAt=0.24
[HOP 7] CanSendToHop dest=8 outstanding=16 threshold=16 effectiveWindow=17 pendingData=17 globalLimit=16 neighborOK=1 nodeOK=0 -> NO
[HOP 8] link_control dest=7 neighborKnown=0 speed=8 txPower=30 rxPower=-105
[HOP 7] RX ACK from 8 seq=68
[HOP 7] Pending DATA decrement reason=ACK neighbor=8 pending=16
[HOP 7] Pending DATA decrement reason=ACK neighbor=8 pending=15
[HOP 7] Pending DATA decrement reason=ACK neighbor=8 pending=14
[HOP 7] Pending DATA decrement reason=ACK neighbor=8 pending=13
[HOP 7] Pending DATA decrement reason=ACK neighbor=8 pending=12
[HOP 7] Pending DATA decrement reason=ACK neighbor=8 pending=11
[HOP 7] Pending DATA decrement reason=ACK neighbor=8 pending=10
[HOP 7] Pending DATA decrement reason=ACK neighbor=8 pending=9
[HOP 7] Pending DATA decrement reason=ACK neighbor=8 pending=8
[HOP 7] Pending DATA decrement reason=ACK neighbor=8 pending=7
[HOP 7] Pending DATA decrement reason=ACK neighbor=8 pending=6
[HOP 7] Pending DATA decrement reason=ACK neighbor=8 pending=5
[HOP 7] Pending DATA decrement reason=ACK neighbor=8 pending=4
[HOP 7] Pending DATA decrement reason=ACK neighbor=8 pending=3
[HOP 7] Pending DATA decrement reason=ACK neighbor=8 pending=2
[HOP 7] Pending DATA decrement reason=ACK neighbor=8 pending=1
[HOP 9] link_control dest=7 neighborKnown=0 speed=8 txPower=30 rxPower=-105
[HOP 7] New neighbor 9 heard at t=0.28s
[HOP 7] RX ACK from 9 seq=1
[HOP 7] Pending DATA decrement reason=ACK neighbor=9 pending=0
[HOP 7] CanSendToHop dest=8 outstanding=0 threshold=0 effectiveWindow=1 pendingData=0 globalLimit=16 neighborOK=1 nodeOK=1 -> YES
[HOP 7] link_control dest=8 neighborKnown=0 speed=8 txPower=30 rxPower=-105
[HOP 7] Pending DATA increment dest=8 pending=1
[HOP 7] TX Pairwise16 DATA neighbor=8 hopSeq=1 securityCount=1
[MAC] Enqueue TX pkt dscp=0 insert_pos=0 queue_size_before=0
[MAC 7] Cancel queued acknowledged frame neighbor=8 seq=1 baseSeq=1 windowIndex=0
[HOP 7] MAC sent confirmation dest=8 seq=1 transmission=1 sentAt=0
[HOP 8] link_control dest=7 neighborKnown=0 speed=8 txPower=30 rxPower=-105
[HOP 7] New neighbor 8 heard at t=0.002s
[HOP 7] RX ACK from 8 seq=1
[HOP 7] Pending DATA decrement reason=ACK neighbor=8 pending=0
[HOP 7] CanSendToHop dest=8 outstanding=0 threshold=0 effectiveWindow=1 pendingData=0 globalLimit=16 neighborOK=1 nodeOK=1 -> YES
[HOP 7] link_control dest=8 neighborKnown=1 s0=-105 pathloss=70 failures=0 speed=128 txPower=0 rxPower=-105 cost=29
[HOP 7] Pending DATA increment dest=8 pending=1
[HOP 7] TX Pairwise16 DATA neighbor=8 hopSeq=2 securityCount=1
[MAC] Enqueue TX pkt dscp=0 insert_pos=0 queue_size_before=0
[MAC 7] Cancel queued acknowledged frame neighbor=8 seq=2 baseSeq=2 windowIndex=0
[HOP 7] MAC sent confirmation dest=8 seq=2 transmission=1 sentAt=0.01
[HOP 8] link_control dest=7 neighborKnown=0 speed=8 txPower=30 rxPower=-105
[HOP 7] RX ACK from 8 seq=2
[HOP 7] Pending DATA decrement reason=ACK neighbor=8 pending=0
[HOP 7] CanSendToHop dest=8 outstanding=0 threshold=0 effectiveWindow=1 pendingData=0 globalLimit=16 neighborOK=1 nodeOK=1 -> YES
[HOP 7] link_control dest=8 neighborKnown=1 s0=-105 pathloss=70 failures=0 speed=128 txPower=0 rxPower=-105 cost=29
[HOP 7] Pending DATA increment dest=8 pending=1
[HOP 7] TX Pairwise16 DATA neighbor=8 hopSeq=3 securityCount=1
[MAC] Enqueue TX pkt dscp=0 insert_pos=0 queue_size_before=0
[MAC 7] Cancel queued acknowledged frame neighbor=8 seq=3 baseSeq=3 windowIndex=0
[HOP 7] MAC sent confirmation dest=8 seq=3 transmission=1 sentAt=0.02
[HOP 8] link_control dest=7 neighborKnown=0 speed=8 txPower=30 rxPower=-105
[HOP 7] RX ACK from 8 seq=3
[HOP 7] Pending DATA decrement reason=ACK neighbor=8 pending=0
[HOP 7] Adaptive flow threshold increased neighbor=8 old=0 new=1 effectiveWindow=2
[HOP 7] CanSendToHop dest=8 outstanding=0 threshold=1 effectiveWindow=2 pendingData=0 globalLimit=16 neighborOK=1 nodeOK=1 -> YES
[HOP 7] link_control dest=8 neighborKnown=1 s0=-105 pathloss=70 failures=0 speed=128 txPower=0 rxPower=-105 cost=29
[HOP 7] Pending DATA increment dest=8 pending=1
[HOP 7] TX Pairwise16 DATA neighbor=8 hopSeq=4 securityCount=1
[MAC] Enqueue TX pkt dscp=0 insert_pos=0 queue_size_before=0
[MAC 7] Cancel queued acknowledged frame neighbor=8 seq=4 baseSeq=4 windowIndex=0
[HOP 7] MAC sent confirmation dest=8 seq=4 transmission=1 sentAt=0.03
[HOP 8] link_control dest=7 neighborKnown=0 speed=8 txPower=30 rxPower=-105
[HOP 7] RX ACK from 8 seq=4
[HOP 7] Pending DATA decrement reason=ACK neighbor=8 pending=0
[HOP 7] CanSendToHop dest=8 outstanding=0 threshold=1 effectiveWindow=2 pendingData=0 globalLimit=16 neighborOK=1 nodeOK=1 -> YES
[HOP 7] link_control dest=8 neighborKnown=1 s0=-105 pathloss=70 failures=0 speed=128 txPower=0 rxPower=-105 cost=29
[HOP 7] Pending DATA increment dest=8 pending=1
[HOP 7] TX Pairwise16 DATA neighbor=8 hopSeq=5 securityCount=1
[MAC] Enqueue TX pkt dscp=0 insert_pos=0 queue_size_before=0
[MAC 7] Cancel queued acknowledged frame neighbor=8 seq=5 baseSeq=5 windowIndex=0
[HOP 7] MAC sent confirmation dest=8 seq=5 transmission=1 sentAt=0.04
[HOP 8] link_control dest=7 neighborKnown=0 speed=8 txPower=30 rxPower=-105
[HOP 7] RX ACK from 8 seq=5
[HOP 7] Pending DATA decrement reason=ACK neighbor=8 pending=0
[HOP 7] CanSendToHop dest=8 outstanding=0 threshold=1 effectiveWindow=2 pendingData=0 globalLimit=16 neighborOK=1 nodeOK=1 -> YES
[HOP 7] link_control dest=8 neighborKnown=1 s0=-105 pathloss=70 failures=0 speed=128 txPower=0 rxPower=-105 cost=29
[HOP 7] Pending DATA increment dest=8 pending=1
[HOP 7] TX Pairwise16 DATA neighbor=8 hopSeq=6 securityCount=1
[MAC] Enqueue TX pkt dscp=0 insert_pos=0 queue_size_before=0
[MAC 7] Cancel queued acknowledged frame neighbor=8 seq=6 baseSeq=6 windowIndex=0
[HOP 7] MAC sent confirmation dest=8 seq=6 transmission=1 sentAt=0.2
[HOP 7] CanSendToHop dest=8 outstanding=1 threshold=1 effectiveWindow=2 pendingData=1 globalLimit=16 neighborOK=1 nodeOK=1 -> YES
[HOP 7] link_control dest=8 neighborKnown=1 s0=-105 pathloss=70 failures=0 speed=128 txPower=0 rxPower=-105 cost=29
[HOP 7] Pending DATA increment dest=8 pending=2
[HOP 7] TX Pairwise16 DATA neighbor=8 hopSeq=7 securityCount=1
[MAC] Enqueue TX pkt dscp=0 insert_pos=0 queue_size_before=0
[MAC 7] Cancel queued acknowledged frame neighbor=8 seq=7 baseSeq=7 windowIndex=0
[HOP 7] MAC sent confirmation dest=8 seq=7 transmission=1 sentAt=0.21
[HOP 8] link_control dest=7 neighborKnown=0 speed=8 txPower=30 rxPower=-105
[HOP 7] RX ACK from 8 seq=7
[HOP 7] Pending DATA decrement reason=ACK neighbor=8 pending=1
[HOP 7] Adaptive flow threshold increased neighbor=8 old=1 new=2 effectiveWindow=3
[HOP 7] Pending DATA decrement reason=ACK neighbor=8 pending=0
[HOP 7] CanSendToHop dest=8 outstanding=0 threshold=2 effectiveWindow=3 pendingData=0 globalLimit=16 neighborOK=1 nodeOK=1 -> YES
[HOP 7] link_control dest=8 neighborKnown=1 s0=-105 pathloss=70 failures=0 speed=128 txPower=0 rxPower=-105 cost=29
[HOP 7] Pending DATA increment dest=8 pending=1
[HOP 7] TX Pairwise16 DATA neighbor=8 hopSeq=8 securityCount=1
[MAC] Enqueue TX pkt dscp=0 insert_pos=0 queue_size_before=0
[MAC 7] Cancel queued acknowledged frame neighbor=8 seq=8 baseSeq=8 windowIndex=0
[HOP 7] MAC sent confirmation dest=8 seq=8 transmission=1 sentAt=0.23
[HOP 7] CanSendToHop dest=8 outstanding=1 threshold=2 effectiveWindow=3 pendingData=1 globalLimit=16 neighborOK=1 nodeOK=1 -> YES
[HOP 7] link_control dest=8 neighborKnown=1 s0=-105 pathloss=70 failures=0 speed=128 txPower=0 rxPower=-105 cost=29
[HOP 7] Pending DATA increment dest=8 pending=2
[HOP 7] TX Pairwise16 DATA neighbor=8 hopSeq=9 securityCount=1
[MAC] Enqueue TX pkt dscp=0 insert_pos=0 queue_size_before=0
[MAC 7] Cancel queued acknowledged frame neighbor=8 seq=9 baseSeq=9 windowIndex=0
[HOP 7] MAC sent confirmation dest=8 seq=9 transmission=1 sentAt=0.24
[HOP 8] link_control dest=7 neighborKnown=0 speed=8 txPower=30 rxPower=-105
[HOP 7] RX ACK from 8 seq=9
[HOP 7] DACK received neighbor=8 seq=9 resendCount=0 holdSec=20 NSDP=release-now hopFlow=hold
[HOP 7] Pending DATA decrement reason=ACK neighbor=8 pending=1
[HOP 8] link_control dest=7 neighborKnown=0 speed=8 txPower=30 rxPower=-105
[HOP 7] RX ACK from 8 seq=9
[HOP 8] link_control dest=7 neighborKnown=0 speed=8 txPower=30 rxPower=-105
[HOP 7] RX ACK from 8 seq=9
[MAC 7] OPNET 300-ms transmit holdoff complete
[HOP 7] DACK hold expired neighbor=8 seq=9 outstanding=0
[HOP 7] Pending DATA decrement reason=DACK-expiry neighbor=8 pending=0
[HOP 7] DACK release scheduling NWK queue wake neighbor=8 seq=9
[HOP 7] CanSendToHop dest=8 outstanding=0 threshold=0 effectiveWindow=1 pendingData=0 globalLimit=16 neighborOK=1 nodeOK=1 -> YES
[HOP 7] link_control dest=8 neighborKnown=0 speed=8 txPower=30 rxPower=-105
[HOP 7] Pending DATA increment dest=8 pending=1
[HOP 7] TX Pairwise16 DATA neighbor=8 hopSeq=1 securityCount=1
[MAC] Enqueue TX pkt dscp=0 insert_pos=0 queue_size_before=0
[MAC 7] Cancel queued acknowledged frame neighbor=8 seq=1 baseSeq=1 windowIndex=0
[HOP 7] MAC sent confirmation dest=8 seq=1 transmission=1 sentAt=0
[HOP 8] link_control dest=7 neighborKnown=0 speed=8 txPower=30 rxPower=-105
[HOP 7] New neighbor 8 heard at t=0.002s
[HOP 7] RX ACK from 8 seq=1
[HOP 7] Pending DATA decrement reason=ACK neighbor=8 pending=0
[HOP 7] CanSendToHop dest=8 outstanding=0 threshold=0 effectiveWindow=1 pendingData=0 globalLimit=16 neighborOK=1 nodeOK=1 -> YES
[HOP 7] link_control dest=8 neighborKnown=1 s0=-105 pathloss=70 failures=0 speed=128 txPower=0 rxPower=-105 cost=29
[HOP 7] Pending DATA increment dest=8 pending=1
[HOP 7] TX Pairwise16 DATA neighbor=8 hopSeq=2 securityCount=1
[MAC] Enqueue TX pkt dscp=0 insert_pos=0 queue_size_before=0
[MAC 7] Cancel queued acknowledged frame neighbor=8 seq=2 baseSeq=2 windowIndex=0
[HOP 7] MAC sent confirmation dest=8 seq=2 transmission=1 sentAt=0.01
[HOP 8] link_control dest=7 neighborKnown=0 speed=8 txPower=30 rxPower=-105
[HOP 7] RX ACK from 8 seq=2
[HOP 7] Pending DATA decrement reason=ACK neighbor=8 pending=0
[HOP 7] CanSendToHop dest=8 outstanding=0 threshold=0 effectiveWindow=1 pendingData=0 globalLimit=16 neighborOK=1 nodeOK=1 -> YES
[HOP 7] link_control dest=8 neighborKnown=1 s0=-105 pathloss=70 failures=0 speed=128 txPower=0 rxPower=-105 cost=29
[HOP 7] Pending DATA increment dest=8 pending=1
[HOP 7] TX Pairwise16 DATA neighbor=8 hopSeq=3 securityCount=1
[MAC] Enqueue TX pkt dscp=0 insert_pos=0 queue_size_before=0
[MAC 7] Cancel queued acknowledged frame neighbor=8 seq=3 baseSeq=3 windowIndex=0
[HOP 7] MAC sent confirmation dest=8 seq=3 transmission=1 sentAt=0.02
[HOP 8] link_control dest=7 neighborKnown=0 speed=8 txPower=30 rxPower=-105
[HOP 7] RX ACK from 8 seq=3
[HOP 7] Pending DATA decrement reason=ACK neighbor=8 pending=0
[HOP 7] Adaptive flow threshold increased neighbor=8 old=0 new=1 effectiveWindow=2
[HOP 7] CanSendToHop dest=8 outstanding=0 threshold=1 effectiveWindow=2 pendingData=0 globalLimit=16 neighborOK=1 nodeOK=1 -> YES
[HOP 7] link_control dest=8 neighborKnown=1 s0=-105 pathloss=70 failures=0 speed=128 txPower=0 rxPower=-105 cost=29
[HOP 7] Pending DATA increment dest=8 pending=1
[HOP 7] TX Pairwise16 DATA neighbor=8 hopSeq=4 securityCount=1
[MAC] Enqueue TX pkt dscp=0 insert_pos=0 queue_size_before=0
[MAC 7] Cancel queued acknowledged frame neighbor=8 seq=4 baseSeq=4 windowIndex=0
[HOP 7] MAC sent confirmation dest=8 seq=4 transmission=1 sentAt=0.03
[HOP 8] link_control dest=7 neighborKnown=0 speed=8 txPower=30 rxPower=-105
[HOP 7] RX ACK from 8 seq=4
[HOP 7] Pending DATA decrement reason=ACK neighbor=8 pending=0
[HOP 7] CanSendToHop dest=8 outstanding=0 threshold=1 effectiveWindow=2 pendingData=0 globalLimit=16 neighborOK=1 nodeOK=1 -> YES
[HOP 7] link_control dest=8 neighborKnown=1 s0=-105 pathloss=70 failures=0 speed=128 txPower=0 rxPower=-105 cost=29
[HOP 7] Pending DATA increment dest=8 pending=1
[HOP 7] TX Pairwise16 DATA neighbor=8 hopSeq=5 securityCount=1
[MAC] Enqueue TX pkt dscp=0 insert_pos=0 queue_size_before=0
[MAC 7] Cancel queued acknowledged frame neighbor=8 seq=5 baseSeq=5 windowIndex=0
[HOP 7] MAC sent confirmation dest=8 seq=5 transmission=1 sentAt=0.04
[HOP 8] link_control dest=7 neighborKnown=0 speed=8 txPower=30 rxPower=-105
[HOP 7] RX ACK from 8 seq=5
[HOP 7] Pending DATA decrement reason=ACK neighbor=8 pending=0
[HOP 7] CanSendToHop dest=8 outstanding=0 threshold=1 effectiveWindow=2 pendingData=0 globalLimit=16 neighborOK=1 nodeOK=1 -> YES
[HOP 7] link_control dest=8 neighborKnown=1 s0=-105 pathloss=70 failures=0 speed=128 txPower=0 rxPower=-105 cost=29
[HOP 7] Pending DATA increment dest=8 pending=1
[HOP 7] TX Pairwise16 DATA neighbor=8 hopSeq=6 securityCount=1
[MAC] Enqueue TX pkt dscp=0 insert_pos=0 queue_size_before=0
[MAC 7] Cancel queued acknowledged frame neighbor=8 seq=6 baseSeq=6 windowIndex=0
[HOP 7] MAC sent confirmation dest=8 seq=6 transmission=1 sentAt=0.05
[HOP 8] link_control dest=7 neighborKnown=0 speed=8 txPower=30 rxPower=-105
[HOP 7] RX ACK from 8 seq=6
[HOP 7] Pending DATA decrement reason=ACK neighbor=8 pending=0
[HOP 7] Adaptive flow threshold increased neighbor=8 old=1 new=2 effectiveWindow=3
[HOP 7] CanSendToHop dest=8 outstanding=0 threshold=2 effectiveWindow=3 pendingData=0 globalLimit=16 neighborOK=1 nodeOK=1 -> YES
[HOP 7] link_control dest=8 neighborKnown=1 s0=-105 pathloss=70 failures=0 speed=128 txPower=0 rxPower=-105 cost=29
[HOP 7] Pending DATA increment dest=8 pending=1
[HOP 7] TX Pairwise16 DATA neighbor=8 hopSeq=7 securityCount=1
[MAC] Enqueue TX pkt dscp=0 insert_pos=0 queue_size_before=0
[MAC 7] Cancel queued acknowledged frame neighbor=8 seq=7 baseSeq=7 windowIndex=0
[HOP 7] MAC sent confirmation dest=8 seq=7 transmission=1 sentAt=0.1
[HOP 7] CanSendToHop dest=8 outstanding=1 threshold=2 effectiveWindow=3 pendingData=1 globalLimit=16 neighborOK=1 nodeOK=1 -> YES
[HOP 7] link_control dest=8 neighborKnown=1 s0=-105 pathloss=70 failures=0 speed=128 txPower=0 rxPower=-105 cost=29
[HOP 7] Pending DATA increment dest=8 pending=2
[HOP 7] TX Pairwise16 DATA neighbor=8 hopSeq=8 securityCount=1
[MAC] Enqueue TX pkt dscp=0 insert_pos=0 queue_size_before=0
[MAC 7] Cancel queued acknowledged frame neighbor=8 seq=8 baseSeq=8 windowIndex=0
[HOP 7] MAC sent confirmation dest=8 seq=8 transmission=1 sentAt=0.2
[HOP 8] link_control dest=7 neighborKnown=0 speed=8 txPower=30 rxPower=-105
[HOP 7] RX ACK from 8 seq=8
[HOP 7] Pending DATA decrement reason=ACK neighbor=8 pending=1
[MAC 7] OPNET 300-ms transmit holdoff complete
[HOP 7] CanSendToHop dest=8 outstanding=1 threshold=2 effectiveWindow=3 pendingData=1 globalLimit=16 neighborOK=1 nodeOK=1 -> YES
[HOP 7] link_control dest=8 neighborKnown=1 s0=-105 pathloss=70 failures=0 speed=128 txPower=0 rxPower=-105 cost=29
[HOP 7] Pending DATA increment dest=8 pending=2
[HOP 7] TX Pairwise16 DATA neighbor=8 hopSeq=9 securityCount=1
[MAC] Enqueue TX pkt dscp=0 insert_pos=0 queue_size_before=0
[MAC 7] Cancel queued acknowledged frame neighbor=8 seq=9 baseSeq=9 windowIndex=0
[HOP 7] MAC sent confirmation dest=8 seq=9 transmission=1 sentAt=0.3
[HOP 8] link_control dest=7 neighborKnown=0 speed=8 txPower=30 rxPower=-105
[HOP 7] RX ACK from 8 seq=9
[HOP 7] Pending DATA decrement reason=ACK neighbor=8 pending=1
[MAC] Enqueue TX pkt dscp=0 insert_pos=0 queue_size_before=0
[MAC 7] Cancel queued acknowledged frame neighbor=8 seq=7 baseSeq=7 windowIndex=0
[HOP 7] MAC sent confirmation dest=8 seq=7 transmission=2 sentAt=2.11
[HOP 7] CanSendToHop dest=8 outstanding=1 threshold=2 effectiveWindow=3 pendingData=1 globalLimit=16 neighborOK=1 nodeOK=1 -> YES
[HOP 7] link_control dest=8 neighborKnown=1 s0=-105 pathloss=70 failures=0 speed=128 txPower=0 rxPower=-105 cost=29
[HOP 7] Pending DATA increment dest=8 pending=2
[HOP 7] TX Pairwise16 DATA neighbor=8 hopSeq=10 securityCount=1
[MAC] Enqueue TX pkt dscp=0 insert_pos=0 queue_size_before=0
[MAC 7] Cancel queued acknowledged frame neighbor=8 seq=10 baseSeq=10 windowIndex=0
[HOP 7] MAC sent confirmation dest=8 seq=10 transmission=1 sentAt=2.12
[HOP 8] link_control dest=7 neighborKnown=0 speed=8 txPower=30 rxPower=-105
[HOP 7] RX ACK from 8 seq=10
[HOP 7] Pending DATA decrement reason=ACK neighbor=8 pending=1
[HOP 7] Adaptive flow threshold increased neighbor=8 old=2 new=3 effectiveWindow=4
[HOP 7] Pending DATA decrement reason=ACK neighbor=8 pending=0
T22_NATIVE cases=9 rows=364
