... type=0 speedKey=128[t=0.962] TX from node 2 to dest 1 seq 1 size 617 bytes segments 1 at slot -1 rate 128 kbps txPower 33 dBm (133333 bps) preamble LONG duration 1.0491 s
[t=0.962004] RX SYNC at node 1 from node 2 seq 1 power -90.1672 dBm noise -106.975 dBm snr 16.8078 dB state=0
[t=0.99463] MAC 1 enters Track on node 2 seq 1 power -90.1672 dBm
[MAC 1] OPNET 300-ms transmit holdoff complete
[MAC 2] post-TX WAIT_FOR_ACK until 19.0111 (POST_TX_WAIT=17 s)
[t=2.0111] RX at node 1 from node 2 seq 1 rate 128 kbps txPower 33 dBm preamble LONG pathloss 123.167 dB snr 16.8078 dB (slot -1, len 617B, ackable=0)
... type=0 speedKey=128[t=0.988] TX from node 2 to dest 1 seq 1 size 617 bytes segments 1 at slot -1 rate 128 kbps txPower 33 dBm (133333 bps) preamble LONG duration 1.0491 s
[t=0.988004] RX SYNC at node 1 from node 2 seq 1 power -90.1672 dBm noise -106.975 dBm snr 16.8078 dB state=1
[t=0.994634] MAC 1 enters Track on node 2 seq 1 power -90.1672 dBm
[MAC 1] OPNET 300-ms transmit holdoff complete
[MAC 2] post-TX WAIT_FOR_ACK until 19.0371 (POST_TX_WAIT=17 s)
[t=2.0371] RX at node 1 from node 2 seq 1 rate 128 kbps txPower 33 dBm preamble LONG pathloss 123.167 dB snr 16.8078 dB (slot -1, len 617B, ackable=0)
... type=0 speedKey=128[t=0.99] TX from node 2 to dest 1 seq 1 size 617 bytes segments 1 at slot -1 rate 128 kbps txPower 33 dBm (133333 bps) preamble LONG duration 1.0491 s
[t=0.990004] RX SYNC at node 1 from node 2 seq 1 power -90.1672 dBm noise -106.975 dBm snr 16.8078 dB state=1
[t=0.996634] MAC 1 enters Track on node 2 seq 1 power -90.1672 dBm
[MAC 1] OPNET 300-ms transmit holdoff complete
[MAC 2] post-TX WAIT_FOR_ACK until 19.0391 (POST_TX_WAIT=17 s)
[t=2.0391] RX at node 1 from node 2 seq 1 rate 128 kbps txPower 33 dBm preamble LONG pathloss 123.167 dB snr 16.8078 dB (slot -1, len 617B, ackable=0)
... type=0 speedKey=128[t=0.991] TX from node 2 to dest 1 seq 1 size 617 bytes segments 1 at slot -1 rate 128 kbps txPower 33 dBm (133333 bps) preamble LONG duration 1.0491 s
[t=0.991004] RX SYNC at node 1 from node 2 seq 1 power -90.1672 dBm noise -106.975 dBm snr 16.8078 dB state=1
[t=1.98263] MAC 1 enters Track on node 2 seq 1 power -90.1672 dBm
[MAC 2] post-TX WAIT_FOR_ACK until 19.0401 (POST_TX_WAIT=17 s)
[t=2.0401] RX at node 1 from node 2 seq 1 rate 128 kbps txPower 33 dBm preamble LONG pathloss 123.167 dB snr 16.8078 dB (slot -1, len 617B, ackable=0)
RECEIVER_CONTRACT_CHECKS=154 FAILURES=0
