[0/2] Re-checking globbed directories...
[1/226] Building CXX object src/core/CMakeFiles/core.dir/model/ascii-file.cc.o
[2/226] Building CXX object src/core/CMakeFiles/core.dir/model/node-printer.cc.o
[3/226] Building CXX object src/core/CMakeFiles/core.dir/model/des-metrics.cc.o
[4/226] Building CXX object src/core/CMakeFiles/core.dir/model/time-printer.cc.o
[5/226] Building CXX object src/core/CMakeFiles/core.dir/model/show-progress.cc.o
[6/226] Building CXX object src/core/CMakeFiles/core.dir/model/system-wall-clock-timestamp.cc.o
[7/226] Building CXX object src/core/CMakeFiles/core.dir/model/trickle-timer.cc.o
[8/226] Building CXX object src/core/CMakeFiles/core.dir/model/system-wall-clock-ms.cc.o
[9/226] Building CXX object src/core/CMakeFiles/core.dir/model/system-path.cc.o
[10/226] Building CXX object src/core/CMakeFiles/core.dir/model/length.cc.o
[11/226] Building CXX object src/core/CMakeFiles/core.dir/model/realtime-simulator-impl.cc.o
[12/226] Building CXX object src/core/CMakeFiles/core.dir/model/matrix-array.cc.o
[13/226] Building CXX object src/core/CMakeFiles/core.dir/model/demangle.cc.o
[14/226] Building CXX object src/core/CMakeFiles/core.dir/model/wall-clock-synchronizer.cc.o
[15/226] Building CXX object src/core/CMakeFiles/core.dir/model/example-as-test.cc.o
[16/226] Linking CXX shared library /workspace/scratch/1a5b1ad6ce1b/t11n/engine/build/lib/libns3-dev-core-debug.so
[17/226] Building CXX object src/stats/CMakeFiles/stats.dir/model/basic-data-calculators.cc.o
[18/226] Building CXX object src/stats/CMakeFiles/stats.dir/model/data-calculator.cc.o
[19/226] Building CXX object src/stats/CMakeFiles/stats.dir/helper/file-helper.cc.o
[20/226] Building CXX object src/stats/CMakeFiles/stats.dir/helper/gnuplot-helper.cc.o
[21/226] Building CXX object src/stats/CMakeFiles/stats.dir/model/boolean-probe.cc.o
[22/226] Building CXX object src/stats/CMakeFiles/stats.dir/model/data-collector.cc.o
[23/226] Building CXX object src/stats/CMakeFiles/stats.dir/model/data-collection-object.cc.o
[24/226] Building CXX object src/stats/CMakeFiles/stats.dir/model/data-output-interface.cc.o
[25/226] Building CXX object src/stats/CMakeFiles/stats.dir/model/double-probe.cc.o
[26/226] Building CXX object src/stats/CMakeFiles/stats.dir/model/get-wildcard-matches.cc.o
[27/226] Building CXX object src/stats/CMakeFiles/stats.dir/model/file-aggregator.cc.o
[28/226] Building CXX object src/stats/CMakeFiles/stats.dir/model/gnuplot.cc.o
[29/226] Building CXX object src/stats/CMakeFiles/stats.dir/model/gnuplot-aggregator.cc.o
[30/226] Building CXX object src/stats/CMakeFiles/stats.dir/model/probe.cc.o
[31/226] Building CXX object src/stats/CMakeFiles/stats.dir/model/omnet-data-output.cc.o
[32/226] Building CXX object src/stats/CMakeFiles/stats.dir/model/histogram.cc.o
[33/226] Building CXX object src/stats/CMakeFiles/stats.dir/model/time-data-calculators.cc.o
[34/226] Building CXX object src/stats/CMakeFiles/stats.dir/model/time-series-adaptor.cc.o
[35/226] Building CXX object src/stats/CMakeFiles/stats.dir/model/uinteger-32-probe.cc.o
[36/226] Building CXX object src/stats/CMakeFiles/stats.dir/model/time-probe.cc.o
[37/226] Building CXX object src/stats/CMakeFiles/stats.dir/model/uinteger-16-probe.cc.o
[38/226] Building CXX object src/stats/CMakeFiles/stats.dir/model/uinteger-8-probe.cc.o
[39/226] Building CXX object src/antenna/CMakeFiles/antenna.dir/model/angles.cc.o
[40/226] Building CXX object src/antenna/CMakeFiles/antenna.dir/model/circular-aperture-antenna-model.cc.o
[41/226] Building CXX object src/antenna/CMakeFiles/antenna.dir/model/antenna-model.cc.o
[42/226] Building CXX object src/antenna/CMakeFiles/antenna.dir/model/parabolic-antenna-model.cc.o
[43/226] Building CXX object src/antenna/CMakeFiles/antenna.dir/model/cosine-antenna-model.cc.o
[44/226] Building CXX object src/antenna/CMakeFiles/antenna.dir/model/isotropic-antenna-model.cc.o
[45/226] Building CXX object src/antenna/CMakeFiles/antenna.dir/model/phased-array-model.cc.o
[46/226] Building CXX object src/network/CMakeFiles/network.dir/helper/application-container.cc.o
[47/226] Building CXX object src/antenna/CMakeFiles/antenna.dir/model/three-gpp-antenna-model.cc.o
[48/226] Building CXX object src/antenna/CMakeFiles/antenna.dir/model/uniform-planar-array.cc.o
[49/226] Building CXX object src/network/CMakeFiles/network.dir/helper/application-helper.cc.o
[50/226] Building CXX object src/network/CMakeFiles/network.dir/helper/delay-jitter-estimation.cc.o
[51/226] Building CXX object src/network/CMakeFiles/network.dir/helper/node-container.cc.o
[52/226] Building CXX object src/network/CMakeFiles/network.dir/helper/net-device-container.cc.o
[53/226] Building CXX object src/network/CMakeFiles/network.dir/helper/packet-socket-helper.cc.o
[54/226] Building CXX object src/network/CMakeFiles/network.dir/helper/simple-net-device-helper.cc.o
[55/226] Building CXX object src/network/CMakeFiles/network.dir/model/address.cc.o
[56/226] Building CXX object src/network/CMakeFiles/network.dir/model/application.cc.o
[57/226] Building CXX object src/network/CMakeFiles/network.dir/model/buffer.cc.o
[58/226] Building CXX object src/network/CMakeFiles/network.dir/helper/trace-helper.cc.o
[59/226] Building CXX object src/network/CMakeFiles/network.dir/model/byte-tag-list.cc.o
[60/226] Building CXX object src/network/CMakeFiles/network.dir/model/channel-list.cc.o
[61/226] Building CXX object src/network/CMakeFiles/network.dir/model/chunk.cc.o
[62/226] Building CXX object src/network/CMakeFiles/network.dir/model/header.cc.o
[63/226] Building CXX object src/network/CMakeFiles/network.dir/model/channel.cc.o
[64/226] Building CXX object src/network/CMakeFiles/network.dir/model/net-device.cc.o
[65/226] Building CXX object src/network/CMakeFiles/network.dir/model/nix-vector.cc.o
[66/226] Building CXX object src/network/CMakeFiles/network.dir/model/node-list.cc.o
[67/226] Building CXX object src/network/CMakeFiles/network.dir/model/packet-tag-list.cc.o
[68/226] Building CXX object src/network/CMakeFiles/network.dir/model/packet-metadata.cc.o
[69/226] Building CXX object src/network/CMakeFiles/network.dir/model/node.cc.o
[70/226] Building CXX object src/network/CMakeFiles/network.dir/model/socket-factory.cc.o
[71/226] Building CXX object src/network/CMakeFiles/network.dir/model/tag-buffer.cc.o
[72/226] Building CXX object src/network/CMakeFiles/network.dir/model/packet.cc.o
[73/226] Building CXX object src/network/CMakeFiles/network.dir/model/socket.cc.o
[74/226] Building CXX object src/network/CMakeFiles/network.dir/model/tag.cc.o
[75/226] Building CXX object src/network/CMakeFiles/network.dir/utils/address-utils.cc.o
[76/226] Building CXX object src/network/CMakeFiles/network.dir/model/trailer.cc.o
[77/226] Building CXX object src/network/CMakeFiles/network.dir/utils/crc32.cc.o
[78/226] Building CXX object src/network/CMakeFiles/network.dir/utils/bit-serializer.cc.o
[79/226] Building CXX object src/network/CMakeFiles/network.dir/utils/bit-deserializer.cc.o
[80/226] Building CXX object src/network/CMakeFiles/network.dir/utils/data-rate.cc.o
[81/226] Building CXX object src/network/CMakeFiles/network.dir/utils/drop-tail-queue.cc.o
[82/226] Building CXX object src/network/CMakeFiles/network.dir/utils/dynamic-queue-limits.cc.o
[83/226] Building CXX object src/network/CMakeFiles/network.dir/utils/error-channel.cc.o
[84/226] Building CXX object src/network/CMakeFiles/network.dir/utils/ethernet-header.cc.o
[85/226] Building CXX object src/network/CMakeFiles/network.dir/utils/ethernet-trailer.cc.o
[86/226] Building CXX object src/network/CMakeFiles/network.dir/utils/inet-socket-address.cc.o
[87/226] Building CXX object src/network/CMakeFiles/network.dir/utils/flow-id-tag.cc.o
[88/226] Building CXX object src/network/CMakeFiles/network.dir/utils/error-model.cc.o
[89/226] Building CXX object src/network/CMakeFiles/network.dir/utils/inet6-socket-address.cc.o
[90/226] Building CXX object src/network/CMakeFiles/network.dir/utils/ipv4-address.cc.o
[91/226] Building CXX object src/network/CMakeFiles/network.dir/utils/mac16-address.cc.o
[92/226] Building CXX object src/network/CMakeFiles/network.dir/utils/llc-snap-header.cc.o
[93/226] Building CXX object src/network/CMakeFiles/network.dir/utils/ipv6-address.cc.o
[94/226] Building CXX object src/network/CMakeFiles/network.dir/utils/mac48-address.cc.o
[95/226] Building CXX object src/network/CMakeFiles/network.dir/utils/output-stream-wrapper.cc.o
[96/226] Building CXX object src/network/CMakeFiles/network.dir/utils/mac64-address.cc.o
[97/226] Building CXX object src/network/CMakeFiles/network.dir/utils/mac8-address.cc.o
[98/226] Building CXX object src/network/CMakeFiles/network.dir/utils/net-device-queue-interface.cc.o
[99/226] Building CXX object src/network/CMakeFiles/network.dir/utils/packet-data-calculators.cc.o
[100/226] Building CXX object src/network/CMakeFiles/network.dir/utils/packet-burst.cc.o
[101/226] Building CXX object src/network/CMakeFiles/network.dir/utils/packet-socket-address.cc.o
[102/226] Building CXX object src/network/CMakeFiles/network.dir/utils/packet-probe.cc.o
[103/226] Building CXX object src/network/CMakeFiles/network.dir/utils/packet-socket-factory.cc.o
[104/226] Building CXX object src/network/CMakeFiles/network.dir/utils/packet-socket-client.cc.o
[105/226] Building CXX object src/network/CMakeFiles/network.dir/utils/packet-socket-server.cc.o
[106/226] Building CXX object src/network/CMakeFiles/network.dir/utils/pcap-file-wrapper.cc.o
[107/226] Building CXX object src/network/CMakeFiles/network.dir/utils/packet-socket.cc.o
[108/226] Building CXX object src/network/CMakeFiles/network.dir/utils/pcap-file.cc.o
[109/226] Building CXX object src/network/CMakeFiles/network.dir/utils/packetbb.cc.o
[110/226] Building CXX object src/network/CMakeFiles/network.dir/utils/queue-item.cc.o
[111/226] Building CXX object src/network/CMakeFiles/network.dir/utils/queue-size.cc.o
[112/226] Building CXX object src/network/CMakeFiles/network.dir/utils/queue-limits.cc.o
[113/226] Building CXX object src/network/CMakeFiles/network.dir/utils/radiotap-header.cc.o
[114/226] Building CXX object src/network/CMakeFiles/network.dir/utils/simple-channel.cc.o
[115/226] Building CXX object src/network/CMakeFiles/network.dir/utils/queue.cc.o
[116/226] Building CXX object src/network/CMakeFiles/network.dir/utils/sll-header.cc.o
[117/226] Linking CXX shared library /workspace/scratch/1a5b1ad6ce1b/t11n/engine/build/lib/libns3-dev-antenna-debug.so
[118/226] Linking CXX shared library /workspace/scratch/1a5b1ad6ce1b/t11n/engine/build/lib/libns3-dev-stats-debug.so
[119/226] Building CXX object src/network/CMakeFiles/network.dir/utils/timestamp-tag.cc.o
[120/226] Building CXX object src/network/CMakeFiles/network.dir/utils/simple-net-device.cc.o
[121/226] Building CXX object src/mobility/CMakeFiles/mobility.dir/helper/group-mobility-helper.cc.o
[122/226] Building CXX object src/mobility/CMakeFiles/mobility.dir/helper/leo-orbit-node-helper.cc.o
[123/226] Building CXX object src/mobility/CMakeFiles/mobility.dir/model/box.cc.o
[124/226] Building CXX object src/mobility/CMakeFiles/mobility.dir/helper/ns2-mobility-helper.cc.o
[125/226] Building CXX object src/mobility/CMakeFiles/mobility.dir/helper/mobility-helper.cc.o
[126/226] Building CXX object src/mobility/CMakeFiles/mobility.dir/model/constant-acceleration-mobility-model.cc.o
[127/226] Building CXX object src/mobility/CMakeFiles/mobility.dir/model/constant-position-mobility-model.cc.o
[128/226] Building CXX object src/mobility/CMakeFiles/mobility.dir/model/constant-velocity-helper.cc.o
[129/226] Building CXX object src/mobility/CMakeFiles/mobility.dir/model/constant-velocity-mobility-model.cc.o
[130/226] Building CXX object src/mobility/CMakeFiles/mobility.dir/model/gauss-markov-mobility-model.cc.o
[131/226] Building CXX object src/mobility/CMakeFiles/mobility.dir/model/geocentric-constant-position-mobility-model.cc.o
[132/226] Building CXX object src/mobility/CMakeFiles/mobility.dir/model/geocentric-ecef-mobility-model.cc.o
[133/226] Building CXX object src/mobility/CMakeFiles/mobility.dir/model/geographic-positions.cc.o
[134/226] Building CXX object src/mobility/CMakeFiles/mobility.dir/model/leo-orbital-shell.cc.o
[135/226] Building CXX object src/mobility/CMakeFiles/mobility.dir/model/leo-circular-orbit-mobility-model.cc.o
[136/226] Building CXX object src/mobility/CMakeFiles/mobility.dir/model/leo-circular-orbit-position-allocator.cc.o
[137/226] Building CXX object src/mobility/CMakeFiles/mobility.dir/model/hierarchical-mobility-model.cc.o
[138/226] Building CXX object src/mobility/CMakeFiles/mobility.dir/model/mobility-model.cc.o
[139/226] Building CXX object src/mobility/CMakeFiles/mobility.dir/model/random-direction-2d-mobility-model.cc.o
[140/226] Building CXX object src/mobility/CMakeFiles/mobility.dir/model/position-allocator.cc.o
[141/226] Building CXX object src/mobility/CMakeFiles/mobility.dir/model/random-walk-2d-mobility-model.cc.o
[142/226] Building CXX object src/mobility/CMakeFiles/mobility.dir/model/random-waypoint-mobility-model.cc.o
[143/226] Building CXX object src/mobility/CMakeFiles/mobility.dir/model/rectangle.cc.o
[144/226] Building CXX object src/mobility/CMakeFiles/mobility.dir/model/waypoint.cc.o
[145/226] Building CXX object src/mobility/CMakeFiles/mobility.dir/model/waypoint-mobility-model.cc.o
[146/226] Linking CXX shared library /workspace/scratch/1a5b1ad6ce1b/t11n/engine/build/lib/libns3-dev-network-debug.so
[147/226] Building CXX object src/mobility/CMakeFiles/mobility.dir/model/steady-state-random-waypoint-mobility-model.cc.o
[148/226] Linking CXX shared library /workspace/scratch/1a5b1ad6ce1b/t11n/engine/build/lib/libns3-dev-mobility-debug.so
[149/226] Building CXX object src/propagation/CMakeFiles/propagation.dir/model/cost231-propagation-loss-model.cc.o
[150/226] Building CXX object src/propagation/CMakeFiles/propagation.dir/model/channel-condition-model.cc.o
[151/226] Building CXX object src/propagation/CMakeFiles/propagation.dir/model/itu-r-1411-los-propagation-loss-model.cc.o
[152/226] Building CXX object src/propagation/CMakeFiles/propagation.dir/model/itu-r-1411-nlos-over-rooftop-propagation-loss-model.cc.o
[153/226] Building CXX object src/propagation/CMakeFiles/propagation.dir/model/jakes-propagation-loss-model.cc.o
[154/226] Building CXX object src/propagation/CMakeFiles/propagation.dir/model/jakes-process.cc.o
[155/226] Building CXX object src/propagation/CMakeFiles/propagation.dir/model/kun-2600-mhz-propagation-loss-model.cc.o
[156/226] Building CXX object src/propagation/CMakeFiles/propagation.dir/model/okumura-hata-propagation-loss-model.cc.o
[157/226] Building CXX object src/propagation/CMakeFiles/propagation.dir/model/propagation-delay-model.cc.o
[158/226] Building CXX object src/propagation/CMakeFiles/propagation.dir/model/probabilistic-v2v-channel-condition-model.cc.o
[159/226] Building CXX object src/propagation/CMakeFiles/propagation.dir/model/three-gpp-v2v-propagation-loss-model.cc.o
[160/226] Building CXX object src/propagation/CMakeFiles/propagation.dir/model/propagation-loss-model.cc.o
[161/226] Building CXX object src/buildings/CMakeFiles/buildings.dir/helper/building-allocator.cc.o
[162/226] Building CXX object src/propagation/CMakeFiles/propagation.dir/model/three-gpp-propagation-loss-model.cc.o
[163/226] Building CXX object src/buildings/CMakeFiles/buildings.dir/helper/building-container.cc.o
[164/226] Building CXX object src/buildings/CMakeFiles/buildings.dir/helper/buildings-helper.cc.o
[165/226] Building CXX object src/buildings/CMakeFiles/buildings.dir/model/building-list.cc.o
[166/226] Building CXX object src/buildings/CMakeFiles/buildings.dir/helper/building-position-allocator.cc.o
[167/226] Building CXX object src/buildings/CMakeFiles/buildings.dir/model/buildings-channel-condition-model.cc.o
[168/226] Building CXX object src/buildings/CMakeFiles/buildings.dir/model/building.cc.o
[169/226] Building CXX object src/buildings/CMakeFiles/buildings.dir/model/buildings-propagation-loss-model.cc.o
[170/226] Building CXX object src/buildings/CMakeFiles/buildings.dir/model/itu-r-1238-propagation-loss-model.cc.o
[171/226] Building CXX object src/buildings/CMakeFiles/buildings.dir/model/mobility-building-info.cc.o
[172/226] Building CXX object src/buildings/CMakeFiles/buildings.dir/model/hybrid-buildings-propagation-loss-model.cc.o
[173/226] Building CXX object src/buildings/CMakeFiles/buildings.dir/model/oh-buildings-propagation-loss-model.cc.o
[174/226] Linking CXX shared library /workspace/scratch/1a5b1ad6ce1b/t11n/engine/build/lib/libns3-dev-propagation-debug.so
[175/226] Building CXX object src/buildings/CMakeFiles/buildings.dir/model/three-gpp-v2v-channel-condition-model.cc.o
[176/226] Building CXX object src/buildings/CMakeFiles/buildings.dir/model/random-walk-2d-outdoor-mobility-model.cc.o
[177/226] Linking CXX shared library /workspace/scratch/1a5b1ad6ce1b/t11n/engine/build/lib/libns3-dev-buildings-debug.so
[178/226] Building CXX object src/spectrum/CMakeFiles/spectrum.dir/helper/spectrum-helper.cc.o
[179/226] Building CXX object src/spectrum/CMakeFiles/spectrum.dir/helper/spectrum-analyzer-helper.cc.o
[180/226] Building CXX object src/spectrum/CMakeFiles/spectrum.dir/helper/adhoc-aloha-noack-ideal-phy-helper.cc.o
[181/226] Building CXX object src/spectrum/CMakeFiles/spectrum.dir/helper/tv-spectrum-transmitter-helper.cc.o
[182/226] Building CXX object src/spectrum/CMakeFiles/spectrum.dir/model/aloha-noack-mac-header.cc.o
[183/226] Building CXX object src/spectrum/CMakeFiles/spectrum.dir/helper/waveform-generator-helper.cc.o
[184/226] Building CXX object src/spectrum/CMakeFiles/spectrum.dir/model/constant-spectrum-propagation-loss.cc.o
[185/226] Building CXX object src/spectrum/CMakeFiles/spectrum.dir/model/friis-spectrum-propagation-loss.cc.o
[186/226] Building CXX object src/spectrum/CMakeFiles/spectrum.dir/model/half-duplex-ideal-phy-signal-parameters.cc.o
[187/226] Building CXX object src/spectrum/CMakeFiles/spectrum.dir/model/ism-spectrum-value-helper.cc.o
[188/226] Building CXX object src/spectrum/CMakeFiles/spectrum.dir/model/aloha-noack-net-device.cc.o
[189/226] Building CXX object src/spectrum/CMakeFiles/spectrum.dir/model/hexagonal-wraparound-model.cc.o
[190/226] Building CXX object src/spectrum/CMakeFiles/spectrum.dir/model/microwave-oven-spectrum-value-helper.cc.o
[191/226] Building CXX object src/spectrum/CMakeFiles/spectrum.dir/model/matrix-based-channel-model.cc.o
[192/226] Building CXX object src/spectrum/CMakeFiles/spectrum.dir/model/half-duplex-ideal-phy.cc.o
[193/226] Building CXX object src/spectrum/CMakeFiles/spectrum.dir/model/non-communicating-net-device.cc.o
[194/226] Building CXX object src/spectrum/CMakeFiles/spectrum.dir/model/phased-array-spectrum-propagation-loss-model.cc.o
[195/226] Building CXX object src/spectrum/CMakeFiles/spectrum.dir/model/single-model-spectrum-channel.cc.o
[196/226] Building CXX object src/spectrum/CMakeFiles/spectrum.dir/model/multi-model-spectrum-channel.cc.o
[197/226] Building CXX object src/spectrum/CMakeFiles/spectrum.dir/model/spectrum-converter.cc.o
[198/226] Building CXX object src/spectrum/CMakeFiles/spectrum.dir/model/spectrum-error-model.cc.o
[199/226] Building CXX object src/spectrum/CMakeFiles/spectrum.dir/model/spectrum-analyzer.cc.o
[200/226] Building CXX object src/spectrum/CMakeFiles/spectrum.dir/model/spectrum-channel.cc.o
[201/226] Building CXX object src/spectrum/CMakeFiles/spectrum.dir/model/spectrum-interference.cc.o
[202/226] Building CXX object src/spectrum/CMakeFiles/spectrum.dir/model/spectrum-model-300kHz-300GHz-log.cc.o
[203/226] Building CXX object src/spectrum/CMakeFiles/spectrum.dir/model/spectrum-model-ism2400MHz-res1MHz.cc.o
[204/226] Building CXX object src/spectrum/CMakeFiles/spectrum.dir/model/spectrum-model.cc.o
[205/226] Building CXX object src/spectrum/CMakeFiles/spectrum.dir/model/spectrum-phy.cc.o
[206/226] Building CXX object src/spectrum/CMakeFiles/spectrum.dir/model/spectrum-propagation-loss-model.cc.o
[207/226] Building CXX object src/spectrum/CMakeFiles/spectrum.dir/model/spectrum-signal-parameters.cc.o
[208/226] Building CXX object src/spectrum/CMakeFiles/spectrum.dir/model/spectrum-transmit-filter.cc.o
[209/226] Building CXX object src/spectrum/CMakeFiles/spectrum.dir/model/spectrum-value.cc.o
[210/226] Building CXX object src/spectrum/CMakeFiles/spectrum.dir/model/tv-spectrum-transmitter.cc.o
[211/226] Building CXX object src/spectrum/CMakeFiles/spectrum.dir/model/trace-fading-loss-model.cc.o
[212/226] Building CXX object src/spectrum/CMakeFiles/spectrum.dir/model/three-gpp-spectrum-propagation-loss-model.cc.o
[213/226] Building CXX object src/spectrum/CMakeFiles/spectrum.dir/model/wraparound-model.cc.o
[214/226] Building CXX object contrib/csr/CMakeFiles/csr.dir/model/csr-module.cc.o
[215/226] Building CXX object src/spectrum/CMakeFiles/spectrum.dir/model/three-gpp-channel-model.cc.o
[216/226] Building CXX object src/spectrum/CMakeFiles/spectrum.dir/model/waveform-generator.cc.o
[217/226] Building CXX object src/spectrum/CMakeFiles/spectrum.dir/model/two-ray-spectrum-propagation-loss-model.cc.o
[218/226] Building CXX object contrib/csr/CMakeFiles/csr.dir/model/csr-arl-routing-message.cc.o
[219/226] Building CXX object contrib/csr/CMakeFiles/csr.dir/model/csr-hello-header.cc.o
[220/226] Building CXX object contrib/csr/CMakeFiles/csr.dir/model/csr-legacy-crypto.cc.o
[221/226] Building CXX object contrib/csr/CMakeFiles/csr.dir/model/csr-hop-security.cc.o
[222/226] Building CXX object contrib/csr/CMakeFiles/csr.dir/model/csr-opnet-ber-tables.cc.o
[223/226] Linking CXX shared library /workspace/scratch/1a5b1ad6ce1b/t11n/engine/build/lib/libns3-dev-spectrum-debug.so
[224/226] Building CXX object contrib/csr/CMakeFiles/csr.dir/model/csr-opnet-packet-model.cc.o
[225/226] Linking CXX shared library /workspace/scratch/1a5b1ad6ce1b/t11n/engine/build/lib/libns3-dev-csr-debug.so
