[MAC 1] active_nodes set to 3 for local slotting and post-TX wait
[MAC 1] Learned neighbor 2 uses slot 1 (rtCounter=1)
[MAC 1] Learned neighbor 3 uses slot 3 (rtCounter=3)
[MAC 1] Enqueue ACK dest=2 seq=10 window=1 ack_queue_size=1
[MAC 1] PickTxSlot(dest=2) active_nodes_for_slotting=3 opnet_slot_range=2
[MAC 1] avoiding neighbor 2 currentReservedSlot=0 rtslot_counter=0
[MAC 1] avoiding neighbor 3 currentReservedSlot=2 rtslot_counter=2
[MAC 1] PickTxSlot(dest=2) avoid: 2
[MAC 1] PickTxSlot chose 1 using historical next_tslot modulo probe
[MAC 1] starts Pre-Tx with new slot=1 holdoff_over=0
[MAC 1] rtslot_counter expired for neighbor 2 reserveSlot=1
[MAC 1] rtslot_counter expired for neighbor 3 reserveSlot=3
[MAC 1] Update cumulative ACK queue entry dest=2 baseSeq=11 txCount=0
[MAC 1] OPNET 300-ms transmit holdoff complete
[MAC 1] Learned neighbor 2 uses slot 1 (rtCounter=1)
[MAC 1] Learned neighbor 3 uses slot 3 (rtCounter=3)
[MAC 1] PickTxSlot(dest=2) active_nodes_for_slotting=3 opnet_slot_range=2
[MAC 1] avoiding neighbor 2 currentReservedSlot=0 rtslot_counter=0
[MAC 1] avoiding neighbor 3 currentReservedSlot=2 rtslot_counter=2
[MAC 1] PickTxSlot(dest=2) avoid: 2
[MAC 1] PickTxSlot chose 1 using historical next_tslot modulo probe
[MAC 1] TX opportunity reached currentSlot=1 reserveNextSlot=1
... type=1 speedKey=128[t=0.325] TX from node 1 to dest 2 seq 11 size 41 bytes segments 1 at slot 1 rate 128 kbps txPower 33 dBm (133333 bps) preamble SHORT duration 0.02208 s
[MAC 1] ACK transmitted in aggregate dest=2 seq=11 txCount=1/5
[MAC 1] OPNET aggregate transmitted segments=1 ackSegments=1 dataSegments=0 bytes=41 rate=128
[MAC 1] active_nodes set to 3 for local slotting and post-TX wait
[MAC 1] Learned neighbor 2 uses slot 1 (rtCounter=1)
[MAC 1] Learned neighbor 3 uses slot 3 (rtCounter=3)
[MAC 1] Enqueue ACK dest=2 seq=10 window=1 ack_queue_size=1
[MAC 1] PickTxSlot(dest=2) active_nodes_for_slotting=3 opnet_slot_range=2
[MAC 1] avoiding neighbor 2 currentReservedSlot=0 rtslot_counter=0
[MAC 1] avoiding neighbor 3 currentReservedSlot=2 rtslot_counter=2
[MAC 1] PickTxSlot(dest=2) avoid: 2
[MAC 1] PickTxSlot chose 1 using historical next_tslot modulo probe
[MAC 1] starts Pre-Tx with new slot=1 holdoff_over=0
[MAC 1] rtslot_counter expired for neighbor 2 reserveSlot=1
[MAC 1] rtslot_counter expired for neighbor 3 reserveSlot=3
[MAC 1] Update cumulative ACK queue entry dest=2 baseSeq=11 txCount=0
[MAC 1] OPNET 300-ms transmit holdoff complete
[MAC 1] Learned neighbor 2 uses slot 1 (rtCounter=1)
[MAC 1] Learned neighbor 3 uses slot 3 (rtCounter=3)
[MAC 1] PickTxSlot(dest=2) active_nodes_for_slotting=3 opnet_slot_range=2
[MAC 1] avoiding neighbor 2 currentReservedSlot=0 rtslot_counter=0
[MAC 1] avoiding neighbor 3 currentReservedSlot=2 rtslot_counter=2
[MAC 1] PickTxSlot(dest=2) avoid: 2
[MAC 1] PickTxSlot chose 1 using historical next_tslot modulo probe
[MAC 1] TX opportunity reached currentSlot=1 reserveNextSlot=1
... type=1 speedKey=128[t=0.416] TX from node 1 to dest 2 seq 11 size 41 bytes segments 1 at slot 1 rate 128 kbps txPower 33 dBm (133333 bps) preamble SHORT duration 0.02208 s
[MAC 1] ACK transmitted in aggregate dest=2 seq=11 txCount=1/5
[MAC 1] OPNET aggregate transmitted segments=1 ackSegments=1 dataSegments=0 bytes=41 rate=128
[MAC 1] active_nodes set to 3 for local slotting and post-TX wait
[MAC 1] Learned neighbor 2 uses slot 1 (rtCounter=1)
[MAC 1] Learned neighbor 3 uses slot 3 (rtCounter=3)
[MAC 1] Enqueue ACK dest=2 seq=10 window=1 ack_queue_size=1
[MAC 1] PickTxSlot(dest=2) active_nodes_for_slotting=3 opnet_slot_range=2
[MAC 1] avoiding neighbor 2 currentReservedSlot=0 rtslot_counter=0
[MAC 1] avoiding neighbor 3 currentReservedSlot=2 rtslot_counter=2
[MAC 1] PickTxSlot(dest=2) avoid: 2
[MAC 1] PickTxSlot chose 1 using historical next_tslot modulo probe
[MAC 1] starts Pre-Tx with new slot=1 holdoff_over=0
[MAC 1] rtslot_counter expired for neighbor 2 reserveSlot=1
[MAC 1] rtslot_counter expired for neighbor 3 reserveSlot=3
[MAC 1] Update cumulative ACK queue entry dest=2 baseSeq=11 txCount=0
[MAC 1] OPNET 300-ms transmit holdoff complete
[MAC 1] Learned neighbor 2 uses slot 1 (rtCounter=1)
[MAC 1] Learned neighbor 3 uses slot 3 (rtCounter=3)
[MAC 1] PickTxSlot(dest=2) active_nodes_for_slotting=3 opnet_slot_range=2
[MAC 1] avoiding neighbor 2 currentReservedSlot=0 rtslot_counter=0
[MAC 1] avoiding neighbor 3 currentReservedSlot=2 rtslot_counter=2
[MAC 1] PickTxSlot(dest=2) avoid: 2
[MAC 1] PickTxSlot chose 1 using historical next_tslot modulo probe
[MAC 1] TX opportunity reached currentSlot=1 reserveNextSlot=1
... type=1 speedKey=128[t=0.416] TX from node 1 to dest 2 seq 11 size 41 bytes segments 1 at slot 1 rate 128 kbps txPower 33 dBm (133333 bps) preamble SHORT duration 0.02208 s
[MAC 1] ACK transmitted in aggregate dest=2 seq=11 txCount=1/5
[MAC 1] OPNET aggregate transmitted segments=1 ackSegments=1 dataSegments=0 bytes=41 rate=128
[MAC 1] active_nodes set to 3 for local slotting and post-TX wait
[MAC 1] Learned neighbor 2 uses slot 1 (rtCounter=1)
[MAC 1] Learned neighbor 3 uses slot 3 (rtCounter=3)
[MAC] Enqueue TX pkt dscp=0 insert_pos=0 queue_size_before=0
[MAC 1] PickTxSlot(dest=2) active_nodes_for_slotting=3 opnet_slot_range=2
[MAC 1] avoiding neighbor 2 currentReservedSlot=0 rtslot_counter=0
[MAC 1] avoiding neighbor 3 currentReservedSlot=2 rtslot_counter=2
[MAC 1] PickTxSlot(dest=2) avoid: 2
[MAC 1] PickTxSlot chose 1 using historical next_tslot modulo probe
[MAC 1] starts Pre-Tx with new slot=1 holdoff_over=0
[MAC 1] rtslot_counter expired for neighbor 2 reserveSlot=1
[MAC 1] rtslot_counter expired for neighbor 3 reserveSlot=3
[MAC 1] OPNET 300-ms transmit holdoff complete
[MAC 1] Cancel queued acknowledged frame neighbor=2 seq=7 baseSeq=7 windowIndex=0
[MAC 1] Enqueue ACK dest=2 seq=11 window=1 ack_queue_size=1
[MAC 1] Learned neighbor 2 uses slot 1 (rtCounter=1)
[MAC 1] Learned neighbor 3 uses slot 3 (rtCounter=3)
[MAC 1] PickTxSlot(dest=2) active_nodes_for_slotting=3 opnet_slot_range=2
[MAC 1] avoiding neighbor 2 currentReservedSlot=0 rtslot_counter=0
[MAC 1] avoiding neighbor 3 currentReservedSlot=2 rtslot_counter=2
[MAC 1] PickTxSlot(dest=2) avoid: 2
[MAC 1] PickTxSlot chose 1 using historical next_tslot modulo probe
[MAC 1] TX opportunity reached currentSlot=1 reserveNextSlot=1
... type=1 speedKey=128[t=0.325] TX from node 1 to dest 2 seq 11 size 41 bytes segments 1 at slot 1 rate 128 kbps txPower 33 dBm (133333 bps) preamble SHORT duration 0.02208 s
[MAC 1] ACK transmitted in aggregate dest=2 seq=11 txCount=1/5
[MAC 1] OPNET aggregate transmitted segments=1 ackSegments=1 dataSegments=0 bytes=41 rate=128
[MAC 1] active_nodes set to 3 for local slotting and post-TX wait
[MAC 1] Learned neighbor 2 uses slot 1 (rtCounter=1)
[MAC 1] Learned neighbor 3 uses slot 3 (rtCounter=3)
[MAC] Enqueue TX pkt dscp=0 insert_pos=0 queue_size_before=0
[MAC 1] PickTxSlot(dest=2) active_nodes_for_slotting=3 opnet_slot_range=2
[MAC 1] avoiding neighbor 2 currentReservedSlot=0 rtslot_counter=0
[MAC 1] avoiding neighbor 3 currentReservedSlot=2 rtslot_counter=2
[MAC 1] PickTxSlot(dest=2) avoid: 2
[MAC 1] PickTxSlot chose 1 using historical next_tslot modulo probe
[MAC 1] starts Pre-Tx with new slot=1 holdoff_over=0
[MAC 1] rtslot_counter expired for neighbor 2 reserveSlot=1
[MAC 1] rtslot_counter expired for neighbor 3 reserveSlot=3
[MAC 1] OPNET 300-ms transmit holdoff complete
[MAC 1] Replace immediate-tag frame neighbor=2 type=8 removed=1
[MAC 1] Enqueue ACK dest=2 seq=11 window=1 ack_queue_size=1
[MAC 1] Learned neighbor 2 uses slot 1 (rtCounter=1)
[MAC 1] Learned neighbor 3 uses slot 3 (rtCounter=3)
[MAC 1] PickTxSlot(dest=2) active_nodes_for_slotting=3 opnet_slot_range=2
[MAC 1] avoiding neighbor 2 currentReservedSlot=0 rtslot_counter=0
[MAC 1] avoiding neighbor 3 currentReservedSlot=2 rtslot_counter=2
[MAC 1] PickTxSlot(dest=2) avoid: 2
[MAC 1] PickTxSlot chose 1 using historical next_tslot modulo probe
[MAC 1] TX opportunity reached currentSlot=1 reserveNextSlot=1
... type=1 speedKey=128[t=0.325] TX from node 1 to dest 2 seq 11 size 41 bytes segments 1 at slot 1 rate 128 kbps txPower 33 dBm (133333 bps) preamble SHORT duration 0.02208 s
[MAC 1] ACK transmitted in aggregate dest=2 seq=11 txCount=1/5
[MAC 1] OPNET aggregate transmitted segments=1 ackSegments=1 dataSegments=0 bytes=41 rate=128
[HOP 1] link_control dest=2 neighborKnown=0 speed=8 txPower=30 rxPower=-105
[HOP 1] Pending DATA increment dest=2 pending=1
[HOP 1] TX historical-bare DATA neighbor=2 hopSeq=1
[MAC] Enqueue TX pkt dscp=0 insert_pos=0 queue_size_before=0
[HOP 1] CanSendToHop dest=2 outstanding=1 threshold=0 effectiveWindow=1 pendingData=1 globalLimit=16 neighborOK=0 nodeOK=1 -> NO
[HOP 1] New neighbor 2 heard at t=0.1s
[HOP 1] RX ACK from 2 seq=1
[HOP 1] Pending DATA decrement reason=ACK neighbor=2 pending=0
[MAC 1] Cancel queued acknowledged frame neighbor=2 seq=1 baseSeq=1 windowIndex=0
[HOP 1] RX ACK from 2 seq=1
[HOP 1] CanSendToHop dest=2 outstanding=0 threshold=0 effectiveWindow=1 pendingData=0 globalLimit=16 neighborOK=1 nodeOK=1 -> YES
[HOP 1] CanSendToHop dest=2 outstanding=0 threshold=0 effectiveWindow=1 pendingData=0 globalLimit=16 neighborOK=1 nodeOK=1 -> YES
CONTRACT_SUMMARY checks=101 failed=0
