[0/2] Re-checking globbed directories...
[1/279] Building CXX object src/core/CMakeFiles/core.dir/model/int64x64-128.cc.o
[2/279] Building CXX object src/core/CMakeFiles/core.dir/helper/csv-reader.cc.o
[3/279] Building CXX object src/core/CMakeFiles/core.dir/helper/random-variable-stream-helper.cc.o
[4/279] Building CXX object src/core/CMakeFiles/core.dir/helper/event-garbage-collector.cc.o
[5/279] Building CXX object src/core/CMakeFiles/core.dir/model/time.cc.o
[6/279] Building CXX object src/core/CMakeFiles/core.dir/model/unix-fd-reader.cc.o
[7/279] Building CXX object src/core/CMakeFiles/core.dir/model/scheduler.cc.o
[8/279] Building CXX object src/core/CMakeFiles/core.dir/model/event-id.cc.o
[9/279] Building CXX object src/core/CMakeFiles/core.dir/model/list-scheduler.cc.o
[10/279] Building CXX object src/core/CMakeFiles/core.dir/model/map-scheduler.cc.o
[11/279] Building CXX object src/core/CMakeFiles/core.dir/model/event-impl.cc.o
[12/279] Building CXX object src/core/CMakeFiles/core.dir/model/heap-scheduler.cc.o
[13/279] Building CXX object src/core/CMakeFiles/core.dir/model/calendar-scheduler.cc.o
[14/279] Building CXX object src/core/CMakeFiles/core.dir/model/priority-queue-scheduler.cc.o
[15/279] Building CXX object src/core/CMakeFiles/core.dir/model/simulator-impl.cc.o
[16/279] Building CXX object src/core/CMakeFiles/core.dir/model/simulator.cc.o
[17/279] Building CXX object src/core/CMakeFiles/core.dir/model/default-simulator-impl.cc.o
[18/279] Building CXX object src/core/CMakeFiles/core.dir/model/timer.cc.o
[19/279] Building CXX object src/core/CMakeFiles/core.dir/model/watchdog.cc.o
[20/279] Building CXX object src/core/CMakeFiles/core.dir/model/synchronizer.cc.o
[21/279] Building CXX object src/core/CMakeFiles/core.dir/model/environment-variable.cc.o
[22/279] Building CXX object src/core/CMakeFiles/core.dir/model/breakpoint.cc.o
[23/279] Building CXX object src/core/CMakeFiles/core.dir/model/log.cc.o
[24/279] Building CXX object src/core/CMakeFiles/core.dir/model/attribute-construction-list.cc.o
[25/279] Building CXX object src/core/CMakeFiles/core.dir/model/object-base.cc.o
[26/279] Building CXX object src/core/CMakeFiles/core.dir/model/object.cc.o
[27/279] Building CXX object src/core/CMakeFiles/core.dir/model/type-id.cc.o
[28/279] Building CXX object src/core/CMakeFiles/core.dir/model/rng-seed-manager.cc.o
[29/279] Building CXX object src/core/CMakeFiles/core.dir/model/test.cc.o
[30/279] Building CXX object src/core/CMakeFiles/core.dir/model/rng-stream.cc.o
[31/279] Building CXX object src/core/CMakeFiles/core.dir/model/attribute.cc.o
[32/279] Building CXX object src/core/CMakeFiles/core.dir/model/boolean.cc.o
[33/279] Building CXX object src/core/CMakeFiles/core.dir/model/random-variable-stream.cc.o
[34/279] Building CXX object src/core/CMakeFiles/core.dir/model/integer.cc.o
[35/279] Building CXX object src/core/CMakeFiles/core.dir/model/uinteger.cc.o
[36/279] Building CXX object src/core/CMakeFiles/core.dir/model/command-line.cc.o
[37/279] Building CXX object src/core/CMakeFiles/core.dir/model/string.cc.o
[38/279] Building CXX object src/core/CMakeFiles/core.dir/model/double.cc.o
[39/279] Building CXX object src/core/CMakeFiles/core.dir/model/int64x64.cc.o
[40/279] Building CXX object src/core/CMakeFiles/core.dir/model/pointer.cc.o
[41/279] Building CXX object src/core/CMakeFiles/core.dir/model/global-value.cc.o
[42/279] Building CXX object src/core/CMakeFiles/core.dir/model/object-ptr-container.cc.o
[43/279] Building CXX object src/core/CMakeFiles/core.dir/model/object-factory.cc.o
[44/279] Building CXX object src/core/CMakeFiles/core.dir/model/trace-source-accessor.cc.o
[45/279] Building CXX object src/core/CMakeFiles/core.dir/model/callback.cc.o
[46/279] Building CXX object src/core/CMakeFiles/core.dir/model/vector.cc.o
[47/279] Building CXX object src/core/CMakeFiles/core.dir/model/config.cc.o
[48/279] Building CXX object src/core/CMakeFiles/core.dir/model/fatal-impl.cc.o
[49/279] Building CXX object src/core/CMakeFiles/core.dir/model/names.cc.o
[50/279] Building CXX object src/core/CMakeFiles/core.dir/model/hash-function.cc.o
[51/279] Building CXX object src/core/CMakeFiles/core.dir/model/hash-fnv.cc.o
[52/279] Building CXX object src/core/CMakeFiles/core.dir/model/hash-murmur3.cc.o
[53/279] Building CXX object src/core/CMakeFiles/core.dir/model/hash.cc.o
