[0/2] Re-checking globbed directories...
[1/11] Linking CXX executable /workspace/scratch/ab77b42f47ca/t22-work/native/ns-3-dev-git-6b5cd24ea80713ce16d88575869aedd6f432bdae/build/scratch/nested-subdir/ns3-dev-scratch-nested-subdir-executable-debug
[2/11] Linking CXX executable /workspace/scratch/ab77b42f47ca/t22-work/native/ns-3-dev-git-6b5cd24ea80713ce16d88575869aedd6f432bdae/build/utils/ns3-dev-bench-scheduler-debug
[3/11] Linking CXX executable /workspace/scratch/ab77b42f47ca/t22-work/native/ns-3-dev-git-6b5cd24ea80713ce16d88575869aedd6f432bdae/build/utils/perf/ns3-dev-perf-io-debug
[4/11] Building CXX object src/network/CMakeFiles/network.dir/utils/packet-socket.cc.o
[5/11] Linking CXX shared library /workspace/scratch/ab77b42f47ca/t22-work/native/ns-3-dev-git-6b5cd24ea80713ce16d88575869aedd6f432bdae/build/lib/libns3-dev-network-debug.so
[6/11] Linking CXX executable /workspace/scratch/ab77b42f47ca/t22-work/native/ns-3-dev-git-6b5cd24ea80713ce16d88575869aedd6f432bdae/build/utils/ns3-dev-bench-packets-debug
[7/11] Linking CXX shared library /workspace/scratch/ab77b42f47ca/t22-work/native/ns-3-dev-git-6b5cd24ea80713ce16d88575869aedd6f432bdae/build/lib/libns3-dev-mobility-debug.so
[8/11] Linking CXX executable /workspace/scratch/ab77b42f47ca/t22-work/native/ns-3-dev-git-6b5cd24ea80713ce16d88575869aedd6f432bdae/build/scratch/ns3-dev-scratch-simulator-debug
FAILED: [code=1] /workspace/scratch/ab77b42f47ca/t22-work/native/ns-3-dev-git-6b5cd24ea80713ce16d88575869aedd6f432bdae/build/scratch/ns3-dev-scratch-simulator-debug 
: && /usr/bin/c++ -g  scratch/CMakeFiles/scratch_scratch-simulator.dir/scratch-simulator.cc.o -o /workspace/scratch/ab77b42f47ca/t22-work/native/ns-3-dev-git-6b5cd24ea80713ce16d88575869aedd6f432bdae/build/scratch/ns3-dev-scratch-simulator-debug -L/workspace/scratch/ab77b42f47ca/t22-work/native/ns-3-dev-git-6b5cd24ea80713ce16d88575869aedd6f432bdae/build/lib -Wl,-rpath,/workspace/scratch/ab77b42f47ca/t22-work/native/ns-3-dev-git-6b5cd24ea80713ce16d88575869aedd6f432bdae/build/lib  -Wl,--no-as-needed  /workspace/scratch/ab77b42f47ca/t22-work/native/ns-3-dev-git-6b5cd24ea80713ce16d88575869aedd6f432bdae/build/lib/libns3-dev-csr-debug.so  -Wl,--as-needed  /workspace/scratch/ab77b42f47ca/t22-work/native/ns-3-dev-git-6b5cd24ea80713ce16d88575869aedd6f432bdae/build/lib/libns3-dev-spectrum-debug.so  /workspace/scratch/ab77b42f47ca/t22-work/native/ns-3-dev-git-6b5cd24ea80713ce16d88575869aedd6f432bdae/build/lib/libns3-dev-buildings-debug.so  /workspace/scratch/ab77b42f47ca/t22-work/native/ns-3-dev-git-6b5cd24ea80713ce16d88575869aedd6f432bdae/build/lib/libns3-dev-propagation-debug.so  /workspace/scratch/ab77b42f47ca/t22-work/native/ns-3-dev-git-6b5cd24ea80713ce16d88575869aedd6f432bdae/build/lib/libns3-dev-mobility-debug.so  /workspace/scratch/ab77b42f47ca/t22-work/native/ns-3-dev-git-6b5cd24ea80713ce16d88575869aedd6f432bdae/build/lib/libns3-dev-antenna-debug.so  /workspace/scratch/ab77b42f47ca/t22-work/native/ns-3-dev-git-6b5cd24ea80713ce16d88575869aedd6f432bdae/build/lib/libns3-dev-network-debug.so  /workspace/scratch/ab77b42f47ca/t22-work/native/ns-3-dev-git-6b5cd24ea80713ce16d88575869aedd6f432bdae/build/lib/libns3-dev-stats-debug.so  /workspace/scratch/ab77b42f47ca/t22-work/native/ns-3-dev-git-6b5cd24ea80713ce16d88575869aedd6f432bdae/build/lib/libns3-dev-core-debug.so  -Wl,--no-as-needed  -Wl,--as-needed  -lstdc++exp && :
/usr/bin/ld: /workspace/scratch/ab77b42f47ca/t22-work/native/ns-3-dev-git-6b5cd24ea80713ce16d88575869aedd6f432bdae/build/lib/libns3-dev-buildings-debug.so: undefined reference to `ns3::GridPositionAllocator::SetMinX(double)'
/usr/bin/ld: /workspace/scratch/ab77b42f47ca/t22-work/native/ns-3-dev-git-6b5cd24ea80713ce16d88575869aedd6f432bdae/build/lib/libns3-dev-buildings-debug.so: undefined reference to `ns3::RandomBoxPositionAllocator::RandomBoxPositionAllocator()'
/usr/bin/ld: /workspace/scratch/ab77b42f47ca/t22-work/native/ns-3-dev-git-6b5cd24ea80713ce16d88575869aedd6f432bdae/build/lib/libns3-dev-buildings-debug.so: undefined reference to `typeinfo for ns3::RectangleValue'
/usr/bin/ld: /workspace/scratch/ab77b42f47ca/t22-work/native/ns-3-dev-git-6b5cd24ea80713ce16d88575869aedd6f432bdae/build/lib/libns3-dev-buildings-debug.so: undefined reference to `ns3::ConstantVelocityHelper::ConstantVelocityHelper()'
/usr/bin/ld: /workspace/scratch/ab77b42f47ca/t22-work/native/ns-3-dev-git-6b5cd24ea80713ce16d88575869aedd6f432bdae/build/lib/libns3-dev-buildings-debug.so: undefined reference to `ns3::PositionAllocator::PositionAllocator()'
/usr/bin/ld: /workspace/scratch/ab77b42f47ca/t22-work/native/ns-3-dev-git-6b5cd24ea80713ce16d88575869aedd6f432bdae/build/lib/libns3-dev-spectrum-debug.so: undefined reference to `ns3::MobilityHelper::MobilityHelper()'
/usr/bin/ld: /workspace/scratch/ab77b42f47ca/t22-work/native/ns-3-dev-git-6b5cd24ea80713ce16d88575869aedd6f432bdae/build/lib/libns3-dev-buildings-debug.so: undefined reference to `ns3::Rectangle::GetClosestSideOrCorner(ns3::Vector3D const&) const'
/usr/bin/ld: /workspace/scratch/ab77b42f47ca/t22-work/native/ns-3-dev-git-6b5cd24ea80713ce16d88575869aedd6f432bdae/build/lib/libns3-dev-buildings-debug.so: undefined reference to `ns3::Rectangle::Rectangle(double, double, double, double)'
/usr/bin/ld: /workspace/scratch/ab77b42f47ca/t22-work/native/ns-3-dev-git-6b5cd24ea80713ce16d88575869aedd6f432bdae/build/lib/libns3-dev-buildings-debug.so: undefined reference to `ns3::Rectangle::CalculateIntersection(ns3::Vector3D const&, ns3::Vector3D const&) const'
/usr/bin/ld: /workspace/scratch/ab77b42f47ca/t22-work/native/ns-3-dev-git-6b5cd24ea80713ce16d88575869aedd6f432bdae/build/lib/libns3-dev-spectrum-debug.so: undefined reference to `ns3::MobilityHelper::~MobilityHelper()'
/usr/bin/ld: /workspace/scratch/ab77b42f47ca/t22-work/native/ns-3-dev-git-6b5cd24ea80713ce16d88575869aedd6f432bdae/build/lib/libns3-dev-buildings-debug.so: undefined reference to `ns3::ConstantVelocityHelper::SetPosition(ns3::Vector3D const&)'
/usr/bin/ld: /workspace/scratch/ab77b42f47ca/t22-work/native/ns-3-dev-git-6b5cd24ea80713ce16d88575869aedd6f432bdae/build/lib/libns3-dev-buildings-debug.so: undefined reference to `ns3::GridPositionAllocator::SetLayoutType(ns3::GridPositionAllocator::LayoutType)'
/usr/bin/ld: /workspace/scratch/ab77b42f47ca/t22-work/native/ns-3-dev-git-6b5cd24ea80713ce16d88575869aedd6f432bdae/build/lib/libns3-dev-buildings-debug.so: undefined reference to `ns3::RandomBoxPositionAllocator::GetTypeId()'
/usr/bin/ld: /workspace/scratch/ab77b42f47ca/t22-work/native/ns-3-dev-git-6b5cd24ea80713ce16d88575869aedd6f432bdae/build/lib/libns3-dev-buildings-debug.so: undefined reference to `ns3::Rectangle::IsInside(ns3::Vector3D const&) const'
/usr/bin/ld: /workspace/scratch/ab77b42f47ca/t22-work/native/ns-3-dev-git-6b5cd24ea80713ce16d88575869aedd6f432bdae/build/lib/libns3-dev-buildings-debug.so: undefined reference to `ns3::RectangleValue::RectangleValue(ns3::Rectangle const&)'
/usr/bin/ld: /workspace/scratch/ab77b42f47ca/t22-work/native/ns-3-dev-git-6b5cd24ea80713ce16d88575869aedd6f432bdae/build/lib/libns3-dev-buildings-debug.so: undefined reference to `typeinfo for ns3::BoxValue'
/usr/bin/ld: /workspace/scratch/ab77b42f47ca/t22-work/native/ns-3-dev-git-6b5cd24ea80713ce16d88575869aedd6f432bdae/build/lib/libns3-dev-buildings-debug.so: undefined reference to `ns3::Box::Box(double, double, double, double, double, double)'
/usr/bin/ld: /workspace/scratch/ab77b42f47ca/t22-work/native/ns-3-dev-git-6b5cd24ea80713ce16d88575869aedd6f432bdae/build/lib/libns3-dev-buildings-debug.so: undefined reference to `ns3::BoxValue::Get() const'
/usr/bin/ld: /workspace/scratch/ab77b42f47ca/t22-work/native/ns-3-dev-git-6b5cd24ea80713ce16d88575869aedd6f432bdae/build/lib/libns3-dev-buildings-debug.so: undefined reference to `ns3::ConstantVelocityHelper::Update() const'
/usr/bin/ld: /workspace/scratch/ab77b42f47ca/t22-work/native/ns-3-dev-git-6b5cd24ea80713ce16d88575869aedd6f432bdae/build/lib/libns3-dev-spectrum-debug.so: undefined reference to `ns3::MobilityModel::GetTypeId()'
/usr/bin/ld: /workspace/scratch/ab77b42f47ca/t22-work/native/ns-3-dev-git-6b5cd24ea80713ce16d88575869aedd6f432bdae/build/lib/libns3-dev-buildings-debug.so: undefined reference to `ns3::GridPositionAllocator::GridPositionAllocator()'
/usr/bin/ld: /workspace/scratch/ab77b42f47ca/t22-work/native/ns-3-dev-git-6b5cd24ea80713ce16d88575869aedd6f432bdae/build/lib/libns3-dev-spectrum-debug.so: undefined reference to `ns3::MobilityHelper::SetPositionAllocator(ns3::Ptr<ns3::PositionAllocator>)'
/usr/bin/ld: /workspace/scratch/ab77b42f47ca/t22-work/native/ns-3-dev-git-6b5cd24ea80713ce16d88575869aedd6f432bdae/build/lib/libns3-dev-buildings-debug.so: undefined reference to `ns3::ConstantVelocityHelper::GetVelocity() const'
/usr/bin/ld: /workspace/scratch/ab77b42f47ca/t22-work/native/ns-3-dev-git-6b5cd24ea80713ce16d88575869aedd6f432bdae/build/lib/libns3-dev-buildings-debug.so: undefined reference to `ns3::Box::Box()'
/usr/bin/ld: /workspace/scratch/ab77b42f47ca/t22-work/native/ns-3-dev-git-6b5cd24ea80713ce16d88575869aedd6f432bdae/build/lib/libns3-dev-spectrum-debug.so: undefined reference to `ns3::MobilityHelper::Install(ns3::NodeContainer) const'
/usr/bin/ld: /workspace/scratch/ab77b42f47ca/t22-work/native/ns-3-dev-git-6b5cd24ea80713ce16d88575869aedd6f432bdae/build/lib/libns3-dev-buildings-debug.so: undefined reference to `ns3::GridPositionAllocator::SetN(unsigned int)'
/usr/bin/ld: /workspace/scratch/ab77b42f47ca/t22-work/native/ns-3-dev-git-6b5cd24ea80713ce16d88575869aedd6f432bdae/build/lib/libns3-dev-buildings-debug.so: undefined reference to `typeinfo for ns3::PositionAllocator'
/usr/bin/ld: /workspace/scratch/ab77b42f47ca/t22-work/native/ns-3-dev-git-6b5cd24ea80713ce16d88575869aedd6f432bdae/build/lib/libns3-dev-buildings-debug.so: undefined reference to `ns3::PositionAllocator::GetTypeId()'
/usr/bin/ld: /workspace/scratch/ab77b42f47ca/t22-work/native/ns-3-dev-git-6b5cd24ea80713ce16d88575869aedd6f432bdae/build/lib/libns3-dev-buildings-debug.so: undefined reference to `ns3::GridPositionAllocator::SetDeltaX(double)'
/usr/bin/ld: /workspace/scratch/ab77b42f47ca/t22-work/native/ns-3-dev-git-6b5cd24ea80713ce16d88575869aedd6f432bdae/build/lib/libns3-dev-buildings-debug.so: undefined reference to `ns3::MobilityModel::~MobilityModel()'
/usr/bin/ld: /workspace/scratch/ab77b42f47ca/t22-work/native/ns-3-dev-git-6b5cd24ea80713ce16d88575869aedd6f432bdae/build/lib/libns3-dev-buildings-debug.so: undefined reference to `ns3::MobilityModel::NotifyCourseChange() const'
/usr/bin/ld: /workspace/scratch/ab77b42f47ca/t22-work/native/ns-3-dev-git-6b5cd24ea80713ce16d88575869aedd6f432bdae/build/lib/libns3-dev-buildings-debug.so: undefined reference to `ns3::MakeBoxChecker()'
/usr/bin/ld: /workspace/scratch/ab77b42f47ca/t22-work/native/ns-3-dev-git-6b5cd24ea80713ce16d88575869aedd6f432bdae/build/lib/libns3-dev-spectrum-debug.so: undefined reference to `ns3::ListPositionAllocator::GetTypeId()'
/usr/bin/ld: /workspace/scratch/ab77b42f47ca/t22-work/native/ns-3-dev-git-6b5cd24ea80713ce16d88575869aedd6f432bdae/build/lib/libns3-dev-spectrum-debug.so: undefined reference to `ns3::MobilityModel::GetPosition() const'
/usr/bin/ld: /workspace/scratch/ab77b42f47ca/t22-work/native/ns-3-dev-git-6b5cd24ea80713ce16d88575869aedd6f432bdae/build/lib/libns3-dev-buildings-debug.so: undefined reference to `ns3::BoxValue::BoxValue(ns3::Box const&)'
/usr/bin/ld: /workspace/scratch/ab77b42f47ca/t22-work/native/ns-3-dev-git-6b5cd24ea80713ce16d88575869aedd6f432bdae/build/lib/libns3-dev-spectrum-debug.so: undefined reference to `ns3::ListPositionAllocator::Add(ns3::Vector3D)'
/usr/bin/ld: /workspace/scratch/ab77b42f47ca/t22-work/native/ns-3-dev-git-6b5cd24ea80713ce16d88575869aedd6f432bdae/build/lib/libns3-dev-buildings-debug.so: undefined reference to `ns3::BoxValue::Set(ns3::Box const&)'
/usr/bin/ld: /workspace/scratch/ab77b42f47ca/t22-work/native/ns-3-dev-git-6b5cd24ea80713ce16d88575869aedd6f432bdae/build/lib/libns3-dev-buildings-debug.so: undefined reference to `ns3::MakeRectangleChecker()'
/usr/bin/ld: /workspace/scratch/ab77b42f47ca/t22-work/native/ns-3-dev-git-6b5cd24ea80713ce16d88575869aedd6f432bdae/build/lib/libns3-dev-buildings-debug.so: undefined reference to `ns3::RectangleValue::Set(ns3::Rectangle const&)'
/usr/bin/ld: /workspace/scratch/ab77b42f47ca/t22-work/native/ns-3-dev-git-6b5cd24ea80713ce16d88575869aedd6f432bdae/build/lib/libns3-dev-buildings-debug.so: undefined reference to `ns3::operator<<(std::ostream&, ns3::Box const&)'
/usr/bin/ld: /workspace/scratch/ab77b42f47ca/t22-work/native/ns-3-dev-git-6b5cd24ea80713ce16d88575869aedd6f432bdae/build/lib/libns3-dev-buildings-debug.so: undefined reference to `vtable for ns3::MobilityModel'
/usr/bin/ld: /workspace/scratch/ab77b42f47ca/t22-work/native/ns-3-dev-git-6b5cd24ea80713ce16d88575869aedd6f432bdae/build/lib/libns3-dev-spectrum-debug.so: undefined reference to `ns3::MobilityModel::SetPosition(ns3::Vector3D const&)'
/usr/bin/ld: /workspace/scratch/ab77b42f47ca/t22-work/native/ns-3-dev-git-6b5cd24ea80713ce16d88575869aedd6f432bdae/build/lib/libns3-dev-spectrum-debug.so: undefined reference to `typeinfo for ns3::MobilityModel'
/usr/bin/ld: /workspace/scratch/ab77b42f47ca/t22-work/native/ns-3-dev-git-6b5cd24ea80713ce16d88575869aedd6f432bdae/build/lib/libns3-dev-buildings-debug.so: undefined reference to `ns3::Rectangle::Rectangle()'
/usr/bin/ld: /workspace/scratch/ab77b42f47ca/t22-work/native/ns-3-dev-git-6b5cd24ea80713ce16d88575869aedd6f432bdae/build/lib/libns3-dev-buildings-debug.so: undefined reference to `ns3::MobilityModel::MobilityModel()'
/usr/bin/ld: /workspace/scratch/ab77b42f47ca/t22-work/native/ns-3-dev-git-6b5cd24ea80713ce16d88575869aedd6f432bdae/build/lib/libns3-dev-buildings-debug.so: undefined reference to `ns3::ConstantVelocityHelper::SetVelocity(ns3::Vector3D const&)'
/usr/bin/ld: /workspace/scratch/ab77b42f47ca/t22-work/native/ns-3-dev-git-6b5cd24ea80713ce16d88575869aedd6f432bdae/build/lib/libns3-dev-buildings-debug.so: undefined reference to `ns3::operator<<(std::ostream&, ns3::Rectangle const&)'
/usr/bin/ld: /workspace/scratch/ab77b42f47ca/t22-work/native/ns-3-dev-git-6b5cd24ea80713ce16d88575869aedd6f432bdae/build/lib/libns3-dev-buildings-debug.so: undefined reference to `ns3::Box::IsInside(ns3::Vector3D const&) const'
/usr/bin/ld: /workspace/scratch/ab77b42f47ca/t22-work/native/ns-3-dev-git-6b5cd24ea80713ce16d88575869aedd6f432bdae/build/lib/libns3-dev-buildings-debug.so: undefined reference to `vtable for ns3::BoxValue'
/usr/bin/ld: /workspace/scratch/ab77b42f47ca/t22-work/native/ns-3-dev-git-6b5cd24ea80713ce16d88575869aedd6f432bdae/build/lib/libns3-dev-buildings-debug.so: undefined reference to `ns3::MobilityModel::DoGetPositionWithReference(ns3::Vector3D const&) const'
/usr/bin/ld: /workspace/scratch/ab77b42f47ca/t22-work/native/ns-3-dev-git-6b5cd24ea80713ce16d88575869aedd6f432bdae/build/lib/libns3-dev-buildings-debug.so: undefined reference to `ns3::PositionAllocator::~PositionAllocator()'
/usr/bin/ld: /workspace/scratch/ab77b42f47ca/t22-work/native/ns-3-dev-git-6b5cd24ea80713ce16d88575869aedd6f432bdae/build/lib/libns3-dev-buildings-debug.so: undefined reference to `ns3::Box::IsIntersect(ns3::Vector3D const&, ns3::Vector3D const&) const'
/usr/bin/ld: /workspace/scratch/ab77b42f47ca/t22-work/native/ns-3-dev-git-6b5cd24ea80713ce16d88575869aedd6f432bdae/build/lib/libns3-dev-buildings-debug.so: undefined reference to `ns3::ConstantVelocityHelper::Unpause()'
/usr/bin/ld: /workspace/scratch/ab77b42f47ca/t22-work/native/ns-3-dev-git-6b5cd24ea80713ce16d88575869aedd6f432bdae/build/lib/libns3-dev-spectrum-debug.so: undefined reference to `typeinfo for ns3::GeocentricConstantPositionMobilityModel'
/usr/bin/ld: /workspace/scratch/ab77b42f47ca/t22-work/native/ns-3-dev-git-6b5cd24ea80713ce16d88575869aedd6f432bdae/build/lib/libns3-dev-buildings-debug.so: undefined reference to `ns3::GridPositionAllocator::SetDeltaY(double)'
/usr/bin/ld: /workspace/scratch/ab77b42f47ca/t22-work/native/ns-3-dev-git-6b5cd24ea80713ce16d88575869aedd6f432bdae/build/lib/libns3-dev-buildings-debug.so: undefined reference to `ns3::GridPositionAllocator::GetTypeId()'
/usr/bin/ld: /workspace/scratch/ab77b42f47ca/t22-work/native/ns-3-dev-git-6b5cd24ea80713ce16d88575869aedd6f432bdae/build/lib/libns3-dev-buildings-debug.so: undefined reference to `vtable for ns3::RectangleValue'
/usr/bin/ld: /workspace/scratch/ab77b42f47ca/t22-work/native/ns-3-dev-git-6b5cd24ea80713ce16d88575869aedd6f432bdae/build/lib/libns3-dev-buildings-debug.so: undefined reference to `ns3::ConstantVelocityHelper::UpdateWithBounds(ns3::Rectangle const&) const'
/usr/bin/ld: /workspace/scratch/ab77b42f47ca/t22-work/native/ns-3-dev-git-6b5cd24ea80713ce16d88575869aedd6f432bdae/build/lib/libns3-dev-spectrum-debug.so: undefined reference to `ns3::ListPositionAllocator::ListPositionAllocator()'
/usr/bin/ld: /workspace/scratch/ab77b42f47ca/t22-work/native/ns-3-dev-git-6b5cd24ea80713ce16d88575869aedd6f432bdae/build/lib/libns3-dev-buildings-debug.so: undefined reference to `ns3::GridPositionAllocator::SetMinY(double)'
/usr/bin/ld: /workspace/scratch/ab77b42f47ca/t22-work/native/ns-3-dev-git-6b5cd24ea80713ce16d88575869aedd6f432bdae/build/lib/libns3-dev-spectrum-debug.so: undefined reference to `ns3::GeographicPositions::RandCartesianPointsAroundGeographicPoint[abi:cxx11](double, double, double, int, double, ns3::Ptr<ns3::UniformRandomVariable>)'
/usr/bin/ld: /workspace/scratch/ab77b42f47ca/t22-work/native/ns-3-dev-git-6b5cd24ea80713ce16d88575869aedd6f432bdae/build/lib/libns3-dev-spectrum-debug.so: undefined reference to `ns3::MobilityModel::GetVelocity() const'
/usr/bin/ld: /workspace/scratch/ab77b42f47ca/t22-work/native/ns-3-dev-git-6b5cd24ea80713ce16d88575869aedd6f432bdae/build/lib/libns3-dev-spectrum-debug.so: undefined reference to `ns3::MobilityModel::GetDistanceFrom(ns3::Ptr<ns3::MobilityModel const>) const'
/usr/bin/ld: /workspace/scratch/ab77b42f47ca/t22-work/native/ns-3-dev-git-6b5cd24ea80713ce16d88575869aedd6f432bdae/build/lib/libns3-dev-buildings-debug.so: undefined reference to `ns3::ConstantVelocityHelper::GetCurrentPosition() const'
collect2: error: ld returned 1 exit status
[9/11] Linking CXX executable /workspace/scratch/ab77b42f47ca/t22-work/native/ns-3-dev-git-6b5cd24ea80713ce16d88575869aedd6f432bdae/build/scratch/subdir/ns3-dev-scratch-subdir-debug
FAILED: [code=1] /workspace/scratch/ab77b42f47ca/t22-work/native/ns-3-dev-git-6b5cd24ea80713ce16d88575869aedd6f432bdae/build/scratch/subdir/ns3-dev-scratch-subdir-debug 
: && /usr/bin/c++ -g  scratch/CMakeFiles/scratch_subdir_scratch-subdir.dir/subdir/scratch-subdir-additional-header.cc.o scratch/CMakeFiles/scratch_subdir_scratch-subdir.dir/subdir/scratch-subdir.cc.o -o /workspace/scratch/ab77b42f47ca/t22-work/native/ns-3-dev-git-6b5cd24ea80713ce16d88575869aedd6f432bdae/build/scratch/subdir/ns3-dev-scratch-subdir-debug -L/workspace/scratch/ab77b42f47ca/t22-work/native/ns-3-dev-git-6b5cd24ea80713ce16d88575869aedd6f432bdae/build/lib -Wl,-rpath,/workspace/scratch/ab77b42f47ca/t22-work/native/ns-3-dev-git-6b5cd24ea80713ce16d88575869aedd6f432bdae/build/lib  -Wl,--no-as-needed  /workspace/scratch/ab77b42f47ca/t22-work/native/ns-3-dev-git-6b5cd24ea80713ce16d88575869aedd6f432bdae/build/lib/libns3-dev-csr-debug.so  -Wl,--as-needed  /workspace/scratch/ab77b42f47ca/t22-work/native/ns-3-dev-git-6b5cd24ea80713ce16d88575869aedd6f432bdae/build/lib/libns3-dev-spectrum-debug.so  /workspace/scratch/ab77b42f47ca/t22-work/native/ns-3-dev-git-6b5cd24ea80713ce16d88575869aedd6f432bdae/build/lib/libns3-dev-buildings-debug.so  /workspace/scratch/ab77b42f47ca/t22-work/native/ns-3-dev-git-6b5cd24ea80713ce16d88575869aedd6f432bdae/build/lib/libns3-dev-propagation-debug.so  /workspace/scratch/ab77b42f47ca/t22-work/native/ns-3-dev-git-6b5cd24ea80713ce16d88575869aedd6f432bdae/build/lib/libns3-dev-mobility-debug.so  /workspace/scratch/ab77b42f47ca/t22-work/native/ns-3-dev-git-6b5cd24ea80713ce16d88575869aedd6f432bdae/build/lib/libns3-dev-antenna-debug.so  /workspace/scratch/ab77b42f47ca/t22-work/native/ns-3-dev-git-6b5cd24ea80713ce16d88575869aedd6f432bdae/build/lib/libns3-dev-network-debug.so  /workspace/scratch/ab77b42f47ca/t22-work/native/ns-3-dev-git-6b5cd24ea80713ce16d88575869aedd6f432bdae/build/lib/libns3-dev-stats-debug.so  /workspace/scratch/ab77b42f47ca/t22-work/native/ns-3-dev-git-6b5cd24ea80713ce16d88575869aedd6f432bdae/build/lib/libns3-dev-core-debug.so  -Wl,--no-as-needed  -Wl,--as-needed  -lstdc++exp && :
/usr/bin/ld: /workspace/scratch/ab77b42f47ca/t22-work/native/ns-3-dev-git-6b5cd24ea80713ce16d88575869aedd6f432bdae/build/lib/libns3-dev-buildings-debug.so: undefined reference to `ns3::GridPositionAllocator::SetMinX(double)'
/usr/bin/ld: /workspace/scratch/ab77b42f47ca/t22-work/native/ns-3-dev-git-6b5cd24ea80713ce16d88575869aedd6f432bdae/build/lib/libns3-dev-buildings-debug.so: undefined reference to `ns3::RandomBoxPositionAllocator::RandomBoxPositionAllocator()'
/usr/bin/ld: /workspace/scratch/ab77b42f47ca/t22-work/native/ns-3-dev-git-6b5cd24ea80713ce16d88575869aedd6f432bdae/build/lib/libns3-dev-buildings-debug.so: undefined reference to `typeinfo for ns3::RectangleValue'
/usr/bin/ld: /workspace/scratch/ab77b42f47ca/t22-work/native/ns-3-dev-git-6b5cd24ea80713ce16d88575869aedd6f432bdae/build/lib/libns3-dev-buildings-debug.so: undefined reference to `ns3::ConstantVelocityHelper::ConstantVelocityHelper()'
/usr/bin/ld: /workspace/scratch/ab77b42f47ca/t22-work/native/ns-3-dev-git-6b5cd24ea80713ce16d88575869aedd6f432bdae/build/lib/libns3-dev-buildings-debug.so: undefined reference to `ns3::PositionAllocator::PositionAllocator()'
/usr/bin/ld: /workspace/scratch/ab77b42f47ca/t22-work/native/ns-3-dev-git-6b5cd24ea80713ce16d88575869aedd6f432bdae/build/lib/libns3-dev-spectrum-debug.so: undefined reference to `ns3::MobilityHelper::MobilityHelper()'
/usr/bin/ld: /workspace/scratch/ab77b42f47ca/t22-work/native/ns-3-dev-git-6b5cd24ea80713ce16d88575869aedd6f432bdae/build/lib/libns3-dev-buildings-debug.so: undefined reference to `ns3::Rectangle::GetClosestSideOrCorner(ns3::Vector3D const&) const'
/usr/bin/ld: /workspace/scratch/ab77b42f47ca/t22-work/native/ns-3-dev-git-6b5cd24ea80713ce16d88575869aedd6f432bdae/build/lib/libns3-dev-buildings-debug.so: undefined reference to `ns3::Rectangle::Rectangle(double, double, double, double)'
/usr/bin/ld: /workspace/scratch/ab77b42f47ca/t22-work/native/ns-3-dev-git-6b5cd24ea80713ce16d88575869aedd6f432bdae/build/lib/libns3-dev-buildings-debug.so: undefined reference to `ns3::Rectangle::CalculateIntersection(ns3::Vector3D const&, ns3::Vector3D const&) const'
/usr/bin/ld: /workspace/scratch/ab77b42f47ca/t22-work/native/ns-3-dev-git-6b5cd24ea80713ce16d88575869aedd6f432bdae/build/lib/libns3-dev-spectrum-debug.so: undefined reference to `ns3::MobilityHelper::~MobilityHelper()'
/usr/bin/ld: /workspace/scratch/ab77b42f47ca/t22-work/native/ns-3-dev-git-6b5cd24ea80713ce16d88575869aedd6f432bdae/build/lib/libns3-dev-buildings-debug.so: undefined reference to `ns3::ConstantVelocityHelper::SetPosition(ns3::Vector3D const&)'
/usr/bin/ld: /workspace/scratch/ab77b42f47ca/t22-work/native/ns-3-dev-git-6b5cd24ea80713ce16d88575869aedd6f432bdae/build/lib/libns3-dev-buildings-debug.so: undefined reference to `ns3::GridPositionAllocator::SetLayoutType(ns3::GridPositionAllocator::LayoutType)'
/usr/bin/ld: /workspace/scratch/ab77b42f47ca/t22-work/native/ns-3-dev-git-6b5cd24ea80713ce16d88575869aedd6f432bdae/build/lib/libns3-dev-buildings-debug.so: undefined reference to `ns3::RandomBoxPositionAllocator::GetTypeId()'
/usr/bin/ld: /workspace/scratch/ab77b42f47ca/t22-work/native/ns-3-dev-git-6b5cd24ea80713ce16d88575869aedd6f432bdae/build/lib/libns3-dev-buildings-debug.so: undefined reference to `ns3::Rectangle::IsInside(ns3::Vector3D const&) const'
/usr/bin/ld: /workspace/scratch/ab77b42f47ca/t22-work/native/ns-3-dev-git-6b5cd24ea80713ce16d88575869aedd6f432bdae/build/lib/libns3-dev-buildings-debug.so: undefined reference to `ns3::RectangleValue::RectangleValue(ns3::Rectangle const&)'
/usr/bin/ld: /workspace/scratch/ab77b42f47ca/t22-work/native/ns-3-dev-git-6b5cd24ea80713ce16d88575869aedd6f432bdae/build/lib/libns3-dev-buildings-debug.so: undefined reference to `typeinfo for ns3::BoxValue'
/usr/bin/ld: /workspace/scratch/ab77b42f47ca/t22-work/native/ns-3-dev-git-6b5cd24ea80713ce16d88575869aedd6f432bdae/build/lib/libns3-dev-buildings-debug.so: undefined reference to `ns3::Box::Box(double, double, double, double, double, double)'
/usr/bin/ld: /workspace/scratch/ab77b42f47ca/t22-work/native/ns-3-dev-git-6b5cd24ea80713ce16d88575869aedd6f432bdae/build/lib/libns3-dev-buildings-debug.so: undefined reference to `ns3::BoxValue::Get() const'
/usr/bin/ld: /workspace/scratch/ab77b42f47ca/t22-work/native/ns-3-dev-git-6b5cd24ea80713ce16d88575869aedd6f432bdae/build/lib/libns3-dev-buildings-debug.so: undefined reference to `ns3::ConstantVelocityHelper::Update() const'
/usr/bin/ld: /workspace/scratch/ab77b42f47ca/t22-work/native/ns-3-dev-git-6b5cd24ea80713ce16d88575869aedd6f432bdae/build/lib/libns3-dev-spectrum-debug.so: undefined reference to `ns3::MobilityModel::GetTypeId()'
/usr/bin/ld: /workspace/scratch/ab77b42f47ca/t22-work/native/ns-3-dev-git-6b5cd24ea80713ce16d88575869aedd6f432bdae/build/lib/libns3-dev-buildings-debug.so: undefined reference to `ns3::GridPositionAllocator::GridPositionAllocator()'
/usr/bin/ld: /workspace/scratch/ab77b42f47ca/t22-work/native/ns-3-dev-git-6b5cd24ea80713ce16d88575869aedd6f432bdae/build/lib/libns3-dev-spectrum-debug.so: undefined reference to `ns3::MobilityHelper::SetPositionAllocator(ns3::Ptr<ns3::PositionAllocator>)'
/usr/bin/ld: /workspace/scratch/ab77b42f47ca/t22-work/native/ns-3-dev-git-6b5cd24ea80713ce16d88575869aedd6f432bdae/build/lib/libns3-dev-buildings-debug.so: undefined reference to `ns3::ConstantVelocityHelper::GetVelocity() const'
/usr/bin/ld: /workspace/scratch/ab77b42f47ca/t22-work/native/ns-3-dev-git-6b5cd24ea80713ce16d88575869aedd6f432bdae/build/lib/libns3-dev-buildings-debug.so: undefined reference to `ns3::Box::Box()'
/usr/bin/ld: /workspace/scratch/ab77b42f47ca/t22-work/native/ns-3-dev-git-6b5cd24ea80713ce16d88575869aedd6f432bdae/build/lib/libns3-dev-spectrum-debug.so: undefined reference to `ns3::MobilityHelper::Install(ns3::NodeContainer) const'
/usr/bin/ld: /workspace/scratch/ab77b42f47ca/t22-work/native/ns-3-dev-git-6b5cd24ea80713ce16d88575869aedd6f432bdae/build/lib/libns3-dev-buildings-debug.so: undefined reference to `ns3::GridPositionAllocator::SetN(unsigned int)'
/usr/bin/ld: /workspace/scratch/ab77b42f47ca/t22-work/native/ns-3-dev-git-6b5cd24ea80713ce16d88575869aedd6f432bdae/build/lib/libns3-dev-buildings-debug.so: undefined reference to `typeinfo for ns3::PositionAllocator'
/usr/bin/ld: /workspace/scratch/ab77b42f47ca/t22-work/native/ns-3-dev-git-6b5cd24ea80713ce16d88575869aedd6f432bdae/build/lib/libns3-dev-buildings-debug.so: undefined reference to `ns3::PositionAllocator::GetTypeId()'
/usr/bin/ld: /workspace/scratch/ab77b42f47ca/t22-work/native/ns-3-dev-git-6b5cd24ea80713ce16d88575869aedd6f432bdae/build/lib/libns3-dev-buildings-debug.so: undefined reference to `ns3::GridPositionAllocator::SetDeltaX(double)'
/usr/bin/ld: /workspace/scratch/ab77b42f47ca/t22-work/native/ns-3-dev-git-6b5cd24ea80713ce16d88575869aedd6f432bdae/build/lib/libns3-dev-buildings-debug.so: undefined reference to `ns3::MobilityModel::~MobilityModel()'
/usr/bin/ld: /workspace/scratch/ab77b42f47ca/t22-work/native/ns-3-dev-git-6b5cd24ea80713ce16d88575869aedd6f432bdae/build/lib/libns3-dev-buildings-debug.so: undefined reference to `ns3::MobilityModel::NotifyCourseChange() const'
/usr/bin/ld: /workspace/scratch/ab77b42f47ca/t22-work/native/ns-3-dev-git-6b5cd24ea80713ce16d88575869aedd6f432bdae/build/lib/libns3-dev-buildings-debug.so: undefined reference to `ns3::MakeBoxChecker()'
/usr/bin/ld: /workspace/scratch/ab77b42f47ca/t22-work/native/ns-3-dev-git-6b5cd24ea80713ce16d88575869aedd6f432bdae/build/lib/libns3-dev-spectrum-debug.so: undefined reference to `ns3::ListPositionAllocator::GetTypeId()'
/usr/bin/ld: /workspace/scratch/ab77b42f47ca/t22-work/native/ns-3-dev-git-6b5cd24ea80713ce16d88575869aedd6f432bdae/build/lib/libns3-dev-spectrum-debug.so: undefined reference to `ns3::MobilityModel::GetPosition() const'
/usr/bin/ld: /workspace/scratch/ab77b42f47ca/t22-work/native/ns-3-dev-git-6b5cd24ea80713ce16d88575869aedd6f432bdae/build/lib/libns3-dev-buildings-debug.so: undefined reference to `ns3::BoxValue::BoxValue(ns3::Box const&)'
/usr/bin/ld: /workspace/scratch/ab77b42f47ca/t22-work/native/ns-3-dev-git-6b5cd24ea80713ce16d88575869aedd6f432bdae/build/lib/libns3-dev-spectrum-debug.so: undefined reference to `ns3::ListPositionAllocator::Add(ns3::Vector3D)'
/usr/bin/ld: /workspace/scratch/ab77b42f47ca/t22-work/native/ns-3-dev-git-6b5cd24ea80713ce16d88575869aedd6f432bdae/build/lib/libns3-dev-buildings-debug.so: undefined reference to `ns3::BoxValue::Set(ns3::Box const&)'
/usr/bin/ld: /workspace/scratch/ab77b42f47ca/t22-work/native/ns-3-dev-git-6b5cd24ea80713ce16d88575869aedd6f432bdae/build/lib/libns3-dev-buildings-debug.so: undefined reference to `ns3::MakeRectangleChecker()'
/usr/bin/ld: /workspace/scratch/ab77b42f47ca/t22-work/native/ns-3-dev-git-6b5cd24ea80713ce16d88575869aedd6f432bdae/build/lib/libns3-dev-buildings-debug.so: undefined reference to `ns3::RectangleValue::Set(ns3::Rectangle const&)'
/usr/bin/ld: /workspace/scratch/ab77b42f47ca/t22-work/native/ns-3-dev-git-6b5cd24ea80713ce16d88575869aedd6f432bdae/build/lib/libns3-dev-buildings-debug.so: undefined reference to `ns3::operator<<(std::ostream&, ns3::Box const&)'
/usr/bin/ld: /workspace/scratch/ab77b42f47ca/t22-work/native/ns-3-dev-git-6b5cd24ea80713ce16d88575869aedd6f432bdae/build/lib/libns3-dev-buildings-debug.so: undefined reference to `vtable for ns3::MobilityModel'
/usr/bin/ld: /workspace/scratch/ab77b42f47ca/t22-work/native/ns-3-dev-git-6b5cd24ea80713ce16d88575869aedd6f432bdae/build/lib/libns3-dev-spectrum-debug.so: undefined reference to `ns3::MobilityModel::SetPosition(ns3::Vector3D const&)'
/usr/bin/ld: /workspace/scratch/ab77b42f47ca/t22-work/native/ns-3-dev-git-6b5cd24ea80713ce16d88575869aedd6f432bdae/build/lib/libns3-dev-spectrum-debug.so: undefined reference to `typeinfo for ns3::MobilityModel'
/usr/bin/ld: /workspace/scratch/ab77b42f47ca/t22-work/native/ns-3-dev-git-6b5cd24ea80713ce16d88575869aedd6f432bdae/build/lib/libns3-dev-buildings-debug.so: undefined reference to `ns3::Rectangle::Rectangle()'
/usr/bin/ld: /workspace/scratch/ab77b42f47ca/t22-work/native/ns-3-dev-git-6b5cd24ea80713ce16d88575869aedd6f432bdae/build/lib/libns3-dev-buildings-debug.so: undefined reference to `ns3::MobilityModel::MobilityModel()'
/usr/bin/ld: /workspace/scratch/ab77b42f47ca/t22-work/native/ns-3-dev-git-6b5cd24ea80713ce16d88575869aedd6f432bdae/build/lib/libns3-dev-buildings-debug.so: undefined reference to `ns3::ConstantVelocityHelper::SetVelocity(ns3::Vector3D const&)'
/usr/bin/ld: /workspace/scratch/ab77b42f47ca/t22-work/native/ns-3-dev-git-6b5cd24ea80713ce16d88575869aedd6f432bdae/build/lib/libns3-dev-buildings-debug.so: undefined reference to `ns3::operator<<(std::ostream&, ns3::Rectangle const&)'
/usr/bin/ld: /workspace/scratch/ab77b42f47ca/t22-work/native/ns-3-dev-git-6b5cd24ea80713ce16d88575869aedd6f432bdae/build/lib/libns3-dev-buildings-debug.so: undefined reference to `ns3::Box::IsInside(ns3::Vector3D const&) const'
/usr/bin/ld: /workspace/scratch/ab77b42f47ca/t22-work/native/ns-3-dev-git-6b5cd24ea80713ce16d88575869aedd6f432bdae/build/lib/libns3-dev-buildings-debug.so: undefined reference to `vtable for ns3::BoxValue'
/usr/bin/ld: /workspace/scratch/ab77b42f47ca/t22-work/native/ns-3-dev-git-6b5cd24ea80713ce16d88575869aedd6f432bdae/build/lib/libns3-dev-buildings-debug.so: undefined reference to `ns3::MobilityModel::DoGetPositionWithReference(ns3::Vector3D const&) const'
/usr/bin/ld: /workspace/scratch/ab77b42f47ca/t22-work/native/ns-3-dev-git-6b5cd24ea80713ce16d88575869aedd6f432bdae/build/lib/libns3-dev-buildings-debug.so: undefined reference to `ns3::PositionAllocator::~PositionAllocator()'
/usr/bin/ld: /workspace/scratch/ab77b42f47ca/t22-work/native/ns-3-dev-git-6b5cd24ea80713ce16d88575869aedd6f432bdae/build/lib/libns3-dev-buildings-debug.so: undefined reference to `ns3::Box::IsIntersect(ns3::Vector3D const&, ns3::Vector3D const&) const'
/usr/bin/ld: /workspace/scratch/ab77b42f47ca/t22-work/native/ns-3-dev-git-6b5cd24ea80713ce16d88575869aedd6f432bdae/build/lib/libns3-dev-buildings-debug.so: undefined reference to `ns3::ConstantVelocityHelper::Unpause()'
/usr/bin/ld: /workspace/scratch/ab77b42f47ca/t22-work/native/ns-3-dev-git-6b5cd24ea80713ce16d88575869aedd6f432bdae/build/lib/libns3-dev-spectrum-debug.so: undefined reference to `typeinfo for ns3::GeocentricConstantPositionMobilityModel'
/usr/bin/ld: /workspace/scratch/ab77b42f47ca/t22-work/native/ns-3-dev-git-6b5cd24ea80713ce16d88575869aedd6f432bdae/build/lib/libns3-dev-buildings-debug.so: undefined reference to `ns3::GridPositionAllocator::SetDeltaY(double)'
/usr/bin/ld: /workspace/scratch/ab77b42f47ca/t22-work/native/ns-3-dev-git-6b5cd24ea80713ce16d88575869aedd6f432bdae/build/lib/libns3-dev-buildings-debug.so: undefined reference to `ns3::GridPositionAllocator::GetTypeId()'
/usr/bin/ld: /workspace/scratch/ab77b42f47ca/t22-work/native/ns-3-dev-git-6b5cd24ea80713ce16d88575869aedd6f432bdae/build/lib/libns3-dev-buildings-debug.so: undefined reference to `vtable for ns3::RectangleValue'
/usr/bin/ld: /workspace/scratch/ab77b42f47ca/t22-work/native/ns-3-dev-git-6b5cd24ea80713ce16d88575869aedd6f432bdae/build/lib/libns3-dev-buildings-debug.so: undefined reference to `ns3::ConstantVelocityHelper::UpdateWithBounds(ns3::Rectangle const&) const'
/usr/bin/ld: /workspace/scratch/ab77b42f47ca/t22-work/native/ns-3-dev-git-6b5cd24ea80713ce16d88575869aedd6f432bdae/build/lib/libns3-dev-spectrum-debug.so: undefined reference to `ns3::ListPositionAllocator::ListPositionAllocator()'
/usr/bin/ld: /workspace/scratch/ab77b42f47ca/t22-work/native/ns-3-dev-git-6b5cd24ea80713ce16d88575869aedd6f432bdae/build/lib/libns3-dev-buildings-debug.so: undefined reference to `ns3::GridPositionAllocator::SetMinY(double)'
/usr/bin/ld: /workspace/scratch/ab77b42f47ca/t22-work/native/ns-3-dev-git-6b5cd24ea80713ce16d88575869aedd6f432bdae/build/lib/libns3-dev-spectrum-debug.so: undefined reference to `ns3::GeographicPositions::RandCartesianPointsAroundGeographicPoint[abi:cxx11](double, double, double, int, double, ns3::Ptr<ns3::UniformRandomVariable>)'
/usr/bin/ld: /workspace/scratch/ab77b42f47ca/t22-work/native/ns-3-dev-git-6b5cd24ea80713ce16d88575869aedd6f432bdae/build/lib/libns3-dev-spectrum-debug.so: undefined reference to `ns3::MobilityModel::GetVelocity() const'
/usr/bin/ld: /workspace/scratch/ab77b42f47ca/t22-work/native/ns-3-dev-git-6b5cd24ea80713ce16d88575869aedd6f432bdae/build/lib/libns3-dev-spectrum-debug.so: undefined reference to `ns3::MobilityModel::GetDistanceFrom(ns3::Ptr<ns3::MobilityModel const>) const'
/usr/bin/ld: /workspace/scratch/ab77b42f47ca/t22-work/native/ns-3-dev-git-6b5cd24ea80713ce16d88575869aedd6f432bdae/build/lib/libns3-dev-buildings-debug.so: undefined reference to `ns3::ConstantVelocityHelper::GetCurrentPosition() const'
collect2: error: ld returned 1 exit status
ninja: build stopped: subcommand failed.
