[0/2] Re-checking globbed directories...
[1/67] Linking CXX shared library /workspace/scratch/ab77b42f47ca/t22-work/native/ns-3-dev-git-6b5cd24ea80713ce16d88575869aedd6f432bdae/build/lib/libns3-dev-buildings-debug.so
[2/67] Building CXX object src/spectrum/CMakeFiles/spectrum.dir/helper/adhoc-aloha-noack-ideal-phy-helper.cc.o
[3/67] Building CXX object src/spectrum/CMakeFiles/spectrum.dir/helper/spectrum-analyzer-helper.cc.o
[4/67] Building CXX object src/spectrum/CMakeFiles/spectrum.dir/helper/spectrum-helper.cc.o
[5/67] Building CXX object src/spectrum/CMakeFiles/spectrum.dir/helper/tv-spectrum-transmitter-helper.cc.o
[6/67] Building CXX object src/spectrum/CMakeFiles/spectrum.dir/model/aloha-noack-mac-header.cc.o
[7/67] Building CXX object src/spectrum/CMakeFiles/spectrum.dir/helper/waveform-generator-helper.cc.o
[8/67] Building CXX object src/spectrum/CMakeFiles/spectrum.dir/model/constant-spectrum-propagation-loss.cc.o
[9/67] Building CXX object src/spectrum/CMakeFiles/spectrum.dir/model/aloha-noack-net-device.cc.o
[10/67] Building CXX object src/spectrum/CMakeFiles/spectrum.dir/model/friis-spectrum-propagation-loss.cc.o
[11/67] Building CXX object src/spectrum/CMakeFiles/spectrum.dir/model/half-duplex-ideal-phy-signal-parameters.cc.o
[12/67] Building CXX object src/spectrum/CMakeFiles/spectrum.dir/model/hexagonal-wraparound-model.cc.o
[13/67] Building CXX object src/spectrum/CMakeFiles/spectrum.dir/model/half-duplex-ideal-phy.cc.o
[14/67] Building CXX object src/spectrum/CMakeFiles/spectrum.dir/model/ism-spectrum-value-helper.cc.o
[15/67] Building CXX object src/spectrum/CMakeFiles/spectrum.dir/model/microwave-oven-spectrum-value-helper.cc.o
[16/67] Building CXX object src/spectrum/CMakeFiles/spectrum.dir/model/matrix-based-channel-model.cc.o
[17/67] Building CXX object src/spectrum/CMakeFiles/spectrum.dir/model/non-communicating-net-device.cc.o
[18/67] Building CXX object src/spectrum/CMakeFiles/spectrum.dir/model/multi-model-spectrum-channel.cc.o
[19/67] Building CXX object src/spectrum/CMakeFiles/spectrum.dir/model/phased-array-spectrum-propagation-loss-model.cc.o
[20/67] Building CXX object src/spectrum/CMakeFiles/spectrum.dir/model/single-model-spectrum-channel.cc.o
[21/67] Building CXX object src/spectrum/CMakeFiles/spectrum.dir/model/spectrum-analyzer.cc.o
[22/67] Building CXX object src/spectrum/CMakeFiles/spectrum.dir/model/spectrum-converter.cc.o
[23/67] Building CXX object src/spectrum/CMakeFiles/spectrum.dir/model/spectrum-channel.cc.o
[24/67] Building CXX object src/spectrum/CMakeFiles/spectrum.dir/model/spectrum-error-model.cc.o
[25/67] Building CXX object src/spectrum/CMakeFiles/spectrum.dir/model/spectrum-interference.cc.o
[26/67] Building CXX object src/spectrum/CMakeFiles/spectrum.dir/model/spectrum-model-300kHz-300GHz-log.cc.o
[27/67] Building CXX object src/spectrum/CMakeFiles/spectrum.dir/model/spectrum-model-ism2400MHz-res1MHz.cc.o
[28/67] Building CXX object src/spectrum/CMakeFiles/spectrum.dir/model/spectrum-model.cc.o
[29/67] Building CXX object src/spectrum/CMakeFiles/spectrum.dir/model/spectrum-phy.cc.o
[30/67] Building CXX object src/spectrum/CMakeFiles/spectrum.dir/model/spectrum-propagation-loss-model.cc.o
[31/67] Building CXX object src/spectrum/CMakeFiles/spectrum.dir/model/spectrum-signal-parameters.cc.o
[32/67] Building CXX object src/spectrum/CMakeFiles/spectrum.dir/model/spectrum-transmit-filter.cc.o
[33/67] Building CXX object src/spectrum/CMakeFiles/spectrum.dir/model/spectrum-value.cc.o
[34/67] Building CXX object src/spectrum/CMakeFiles/spectrum.dir/model/three-gpp-spectrum-propagation-loss-model.cc.o
[35/67] Building CXX object src/spectrum/CMakeFiles/spectrum.dir/model/three-gpp-channel-model.cc.o
[36/67] Building CXX object src/spectrum/CMakeFiles/spectrum.dir/model/trace-fading-loss-model.cc.o
[37/67] Building CXX object src/spectrum/CMakeFiles/spectrum.dir/model/tv-spectrum-transmitter.cc.o
[38/67] Building CXX object src/spectrum/CMakeFiles/spectrum.dir/model/two-ray-spectrum-propagation-loss-model.cc.o
[39/67] Building CXX object src/spectrum/CMakeFiles/spectrum.dir/model/wraparound-model.cc.o
[40/67] Building CXX object contrib/csr/CMakeFiles/csr.dir/model/csr-module.cc.o
[41/67] Building CXX object src/spectrum/CMakeFiles/spectrum.dir/model/waveform-generator.cc.o
[42/67] Building CXX object contrib/csr/CMakeFiles/csr.dir/model/csr-arl-routing-message.cc.o
[43/67] Building CXX object contrib/csr/CMakeFiles/csr.dir/model/csr-hello-header.cc.o
[44/67] Building CXX object contrib/csr/CMakeFiles/csr.dir/model/csr-legacy-crypto.cc.o
[45/67] Building CXX object contrib/csr/CMakeFiles/csr.dir/model/csr-opnet-ber-tables.cc.o
[46/67] Building CXX object contrib/csr/CMakeFiles/csr.dir/model/csr-hop-security.cc.o
[47/67] Linking CXX shared library /workspace/scratch/ab77b42f47ca/t22-work/native/ns-3-dev-git-6b5cd24ea80713ce16d88575869aedd6f432bdae/build/lib/libns3-dev-spectrum-debug.so
[48/67] Building CXX object contrib/csr/CMakeFiles/csr.dir/model/csr-opnet-packet-model.cc.o
[49/67] Building CXX object scratch/nested-subdir/CMakeFiles/scratch-nested-subdir-lib.dir/lib/scratch-nested-subdir-library-source.cc.o
[50/67] Linking CXX shared library /workspace/scratch/ab77b42f47ca/t22-work/native/ns-3-dev-git-6b5cd24ea80713ce16d88575869aedd6f432bdae/build/lib/libns3-dev-csr-debug.so
[51/67] Building CXX object scratch/CMakeFiles/scratch_subdir_scratch-subdir.dir/subdir/scratch-subdir-additional-header.cc.o
[52/67] Building CXX object scratch/CMakeFiles/scratch_scratch-simulator.dir/scratch-simulator.cc.o
[53/67] Linking CXX static library /workspace/scratch/ab77b42f47ca/t22-work/native/ns-3-dev-git-6b5cd24ea80713ce16d88575869aedd6f432bdae/build/lib/libscratch-nested-subdir-lib.a
[54/67] Building CXX object scratch/CMakeFiles/scratch_subdir_scratch-subdir.dir/subdir/scratch-subdir.cc.o
[55/67] Building CXX object scratch/nested-subdir/CMakeFiles/scratch_nested-subdir_scratch-nested-subdir-executable.dir/scratch-nested-subdir-executable.cc.o
[56/67] Building CXX object utils/CMakeFiles/bench-scheduler.dir/bench-scheduler.cc.o
[57/67] Building CXX object utils/CMakeFiles/bench-packets.dir/bench-packets.cc.o
[58/67] Building CXX object utils/CMakeFiles/print-introspected-doxygen.dir/print-introspected-doxygen.cc.o
[59/67] Building CXX object utils/CMakeFiles/perf-io.dir/perf/perf-io.cc.o
[60/67] Linking CXX executable /workspace/scratch/ab77b42f47ca/t22-work/native/ns-3-dev-git-6b5cd24ea80713ce16d88575869aedd6f432bdae/build/scratch/ns3-dev-scratch-simulator-debug
FAILED: [code=1] /workspace/scratch/ab77b42f47ca/t22-work/native/ns-3-dev-git-6b5cd24ea80713ce16d88575869aedd6f432bdae/build/scratch/ns3-dev-scratch-simulator-debug 
: && /usr/bin/c++ -g  scratch/CMakeFiles/scratch_scratch-simulator.dir/scratch-simulator.cc.o -o /workspace/scratch/ab77b42f47ca/t22-work/native/ns-3-dev-git-6b5cd24ea80713ce16d88575869aedd6f432bdae/build/scratch/ns3-dev-scratch-simulator-debug -L/workspace/scratch/ab77b42f47ca/t22-work/native/ns-3-dev-git-6b5cd24ea80713ce16d88575869aedd6f432bdae/build/lib -Wl,-rpath,/workspace/scratch/ab77b42f47ca/t22-work/native/ns-3-dev-git-6b5cd24ea80713ce16d88575869aedd6f432bdae/build/lib  -Wl,--no-as-needed  /workspace/scratch/ab77b42f47ca/t22-work/native/ns-3-dev-git-6b5cd24ea80713ce16d88575869aedd6f432bdae/build/lib/libns3-dev-csr-debug.so  -Wl,--as-needed  /workspace/scratch/ab77b42f47ca/t22-work/native/ns-3-dev-git-6b5cd24ea80713ce16d88575869aedd6f432bdae/build/lib/libns3-dev-spectrum-debug.so  /workspace/scratch/ab77b42f47ca/t22-work/native/ns-3-dev-git-6b5cd24ea80713ce16d88575869aedd6f432bdae/build/lib/libns3-dev-buildings-debug.so  /workspace/scratch/ab77b42f47ca/t22-work/native/ns-3-dev-git-6b5cd24ea80713ce16d88575869aedd6f432bdae/build/lib/libns3-dev-propagation-debug.so  /workspace/scratch/ab77b42f47ca/t22-work/native/ns-3-dev-git-6b5cd24ea80713ce16d88575869aedd6f432bdae/build/lib/libns3-dev-mobility-debug.so  /workspace/scratch/ab77b42f47ca/t22-work/native/ns-3-dev-git-6b5cd24ea80713ce16d88575869aedd6f432bdae/build/lib/libns3-dev-antenna-debug.so  /workspace/scratch/ab77b42f47ca/t22-work/native/ns-3-dev-git-6b5cd24ea80713ce16d88575869aedd6f432bdae/build/lib/libns3-dev-network-debug.so  /workspace/scratch/ab77b42f47ca/t22-work/native/ns-3-dev-git-6b5cd24ea80713ce16d88575869aedd6f432bdae/build/lib/libns3-dev-stats-debug.so  /workspace/scratch/ab77b42f47ca/t22-work/native/ns-3-dev-git-6b5cd24ea80713ce16d88575869aedd6f432bdae/build/lib/libns3-dev-core-debug.so  -Wl,--no-as-needed  -Wl,--as-needed  -lstdc++exp && :
/usr/bin/ld: /workspace/scratch/ab77b42f47ca/t22-work/native/ns-3-dev-git-6b5cd24ea80713ce16d88575869aedd6f432bdae/build/lib/libns3-dev-buildings-debug.so: undefined reference to `ns3::GridPositionAllocator::SetMinX(double)'
/usr/bin/ld: /workspace/scratch/ab77b42f47ca/t22-work/native/ns-3-dev-git-6b5cd24ea80713ce16d88575869aedd6f432bdae/build/lib/libns3-dev-buildings-debug.so: undefined reference to `ns3::RandomBoxPositionAllocator::RandomBoxPositionAllocator()'
/usr/bin/ld: /workspace/scratch/ab77b42f47ca/t22-work/native/ns-3-dev-git-6b5cd24ea80713ce16d88575869aedd6f432bdae/build/lib/libns3-dev-network-debug.so: undefined reference to `ns3::PacketSocket::PacketSocket()'
/usr/bin/ld: /workspace/scratch/ab77b42f47ca/t22-work/native/ns-3-dev-git-6b5cd24ea80713ce16d88575869aedd6f432bdae/build/lib/libns3-dev-buildings-debug.so: undefined reference to `typeinfo for ns3::RectangleValue'
/usr/bin/ld: /workspace/scratch/ab77b42f47ca/t22-work/native/ns-3-dev-git-6b5cd24ea80713ce16d88575869aedd6f432bdae/build/lib/libns3-dev-buildings-debug.so: undefined reference to `ns3::ConstantVelocityHelper::ConstantVelocityHelper()'
/usr/bin/ld: /workspace/scratch/ab77b42f47ca/t22-work/native/ns-3-dev-git-6b5cd24ea80713ce16d88575869aedd6f432bdae/build/lib/libns3-dev-buildings-debug.so: undefined reference to `ns3::PositionAllocator::PositionAllocator()'
/usr/bin/ld: /workspace/scratch/ab77b42f47ca/t22-work/native/ns-3-dev-git-6b5cd24ea80713ce16d88575869aedd6f432bdae/build/lib/libns3-dev-spectrum-debug.so: undefined reference to `ns3::MobilityHelper::MobilityHelper()'
/usr/bin/ld: /workspace/scratch/ab77b42f47ca/t22-work/native/ns-3-dev-git-6b5cd24ea80713ce16d88575869aedd6f432bdae/build/lib/libns3-dev-buildings-debug.so: undefined reference to `ns3::Rectangle::GetClosestSideOrCorner(ns3::Vector3D const&) const'
/usr/bin/ld: /workspace/scratch/ab77b42f47ca/t22-work/native/ns-3-dev-git-6b5cd24ea80713ce16d88575869aedd6f432bdae/build/lib/libns3-dev-buildings-debug.so: undefined reference to `ns3::Rectangle::Rectangle(double, double, double, double)'
/usr/bin/ld: /workspace/scratch/ab77b42f47ca/t22-work/native/ns-3-dev-git-6b5cd24ea80713ce16d88575869aedd6f432bdae/build/lib/libns3-dev-network-debug.so: undefined reference to `ns3::PacketSocket::SetNode(ns3::Ptr<ns3::Node>)'
/usr/bin/ld: /workspace/scratch/ab77b42f47ca/t22-work/native/ns-3-dev-git-6b5cd24ea80713ce16d88575869aedd6f432bdae/build/lib/libns3-dev-buildings-debug.so: undefined reference to `ns3::Rectangle::CalculateIntersection(ns3::Vector3D const&, ns3::Vector3D const&) const'
/usr/bin/ld: /workspace/scratch/ab77b42f47ca/t22-work/native/ns-3-dev-git-6b5cd24ea80713ce16d88575869aedd6f432bdae/build/lib/libns3-dev-network-debug.so: undefined reference to `ns3::PacketSocket::GetTypeId()'
/usr/bin/ld: /workspace/scratch/ab77b42f47ca/t22-work/native/ns-3-dev-git-6b5cd24ea80713ce16d88575869aedd6f432bdae/build/lib/libns3-dev-spectrum-debug.so: undefined reference to `ns3::MobilityHelper::~MobilityHelper()'
/usr/bin/ld: /workspace/scratch/ab77b42f47ca/t22-work/native/ns-3-dev-git-6b5cd24ea80713ce16d88575869aedd6f432bdae/build/lib/libns3-dev-buildings-debug.so: undefined reference to `ns3::ConstantVelocityHelper::SetPosition(ns3::Vector3D const&)'
/usr/bin/ld: /workspace/scratch/ab77b42f47ca/t22-work/native/ns-3-dev-git-6b5cd24ea80713ce16d88575869aedd6f432bdae/build/lib/libns3-dev-buildings-debug.so: undefined reference to `ns3::GridPositionAllocator::SetLayoutType(ns3::GridPositionAllocator::LayoutType)'
/usr/bin/ld: /workspace/scratch/ab77b42f47ca/t22-work/native/ns-3-dev-git-6b5cd24ea80713ce16d88575869aedd6f432bdae/build/lib/libns3-dev-buildings-debug.so: undefined reference to `ns3::RandomBoxPositionAllocator::GetTypeId()'
/usr/bin/ld: /workspace/scratch/ab77b42f47ca/t22-work/native/ns-3-dev-git-6b5cd24ea80713ce16d88575869aedd6f432bdae/build/lib/libns3-dev-buildings-debug.so: undefined reference to `ns3::Rectangle::IsInside(ns3::Vector3D const&) const'
/usr/bin/ld: /workspace/scratch/ab77b42f47ca/t22-work/native/ns-3-dev-git-6b5cd24ea80713ce16d88575869aedd6f432bdae/build/lib/libns3-dev-buildings-debug.so: undefined reference to `ns3::RectangleValue::RectangleValue(ns3::Rectangle const&)'
/usr/bin/ld: /workspace/scratch/ab77b42f47ca/t22-work/native/ns-3-dev-git-6b5cd24ea80713ce16d88575869aedd6f432bdae/build/lib/libns3-dev-buildings-debug.so: undefined reference to `typeinfo for ns3::BoxValue'
/usr/bin/ld: /workspace/scratch/ab77b42f47ca/t22-work/native/ns-3-dev-git-6b5cd24ea80713ce16d88575869aedd6f432bdae/build/lib/libns3-dev-buildings-debug.so: undefined reference to `ns3::Box::Box(double, double, double, double, double, double)'
/usr/bin/ld: /workspace/scratch/ab77b42f47ca/t22-work/native/ns-3-dev-git-6b5cd24ea80713ce16d88575869aedd6f432bdae/build/lib/libns3-dev-buildings-debug.so: undefined reference to `ns3::BoxValue::Get() const'
/usr/bin/ld: /workspace/scratch/ab77b42f47ca/t22-work/native/ns-3-dev-git-6b5cd24ea80713ce16d88575869aedd6f432bdae/build/lib/libns3-dev-buildings-debug.so: undefined reference to `ns3::ConstantVelocityHelper::Update() const'
/usr/bin/ld: /workspace/scratch/ab77b42f47ca/t22-work/native/ns-3-dev-git-6b5cd24ea80713ce16d88575869aedd6f432bdae/build/lib/libns3-dev-spectrum-debug.so: undefined reference to `ns3::MobilityModel::GetTypeId()'
/usr/bin/ld: /workspace/scratch/ab77b42f47ca/t22-work/native/ns-3-dev-git-6b5cd24ea80713ce16d88575869aedd6f432bdae/build/lib/libns3-dev-buildings-debug.so: undefined reference to `ns3::GridPositionAllocator::GridPositionAllocator()'
/usr/bin/ld: /workspace/scratch/ab77b42f47ca/t22-work/native/ns-3-dev-git-6b5cd24ea80713ce16d88575869aedd6f432bdae/build/lib/libns3-dev-spectrum-debug.so: undefined reference to `ns3::MobilityHelper::SetPositionAllocator(ns3::Ptr<ns3::PositionAllocator>)'
/usr/bin/ld: /workspace/scratch/ab77b42f47ca/t22-work/native/ns-3-dev-git-6b5cd24ea80713ce16d88575869aedd6f432bdae/build/lib/libns3-dev-buildings-debug.so: undefined reference to `ns3::ConstantVelocityHelper::GetVelocity() const'
/usr/bin/ld: /workspace/scratch/ab77b42f47ca/t22-work/native/ns-3-dev-git-6b5cd24ea80713ce16d88575869aedd6f432bdae/build/lib/libns3-dev-buildings-debug.so: undefined reference to `ns3::Box::Box()'
/usr/bin/ld: /workspace/scratch/ab77b42f47ca/t22-work/native/ns-3-dev-git-6b5cd24ea80713ce16d88575869aedd6f432bdae/build/lib/libns3-dev-spectrum-debug.so: undefined reference to `ns3::MobilityHelper::Install(ns3::NodeContainer) const'
/usr/bin/ld: /workspace/scratch/ab77b42f47ca/t22-work/native/ns-3-dev-git-6b5cd24ea80713ce16d88575869aedd6f432bdae/build/lib/libns3-dev-buildings-debug.so: undefined reference to `ns3::GridPositionAllocator::SetN(unsigned int)'
/usr/bin/ld: /workspace/scratch/ab77b42f47ca/t22-work/native/ns-3-dev-git-6b5cd24ea80713ce16d88575869aedd6f432bdae/build/lib/libns3-dev-buildings-debug.so: undefined reference to `typeinfo for ns3::PositionAllocator'
/usr/bin/ld: /workspace/scratch/ab77b42f47ca/t22-work/native/ns-3-dev-git-6b5cd24ea80713ce16d88575869aedd6f432bdae/build/lib/libns3-dev-buildings-debug.so: undefined reference to `ns3::PositionAllocator::GetTypeId()'
/usr/bin/ld: /workspace/scratch/ab77b42f47ca/t22-work/native/ns-3-dev-git-6b5cd24ea80713ce16d88575869aedd6f432bdae/build/lib/libns3-dev-buildings-debug.so: undefined reference to `ns3::GridPositionAllocator::SetDeltaX(double)'
/usr/bin/ld: /workspace/scratch/ab77b42f47ca/t22-work/native/ns-3-dev-git-6b5cd24ea80713ce16d88575869aedd6f432bdae/build/lib/libns3-dev-buildings-debug.so: undefined reference to `ns3::MobilityModel::~MobilityModel()'
/usr/bin/ld: /workspace/scratch/ab77b42f47ca/t22-work/native/ns-3-dev-git-6b5cd24ea80713ce16d88575869aedd6f432bdae/build/lib/libns3-dev-buildings-debug.so: undefined reference to `ns3::MobilityModel::NotifyCourseChange() const'
/usr/bin/ld: /workspace/scratch/ab77b42f47ca/t22-work/native/ns-3-dev-git-6b5cd24ea80713ce16d88575869aedd6f432bdae/build/lib/libns3-dev-buildings-debug.so: undefined reference to `ns3::MakeBoxChecker()'
/usr/bin/ld: /workspace/scratch/ab77b42f47ca/t22-work/native/ns-3-dev-git-6b5cd24ea80713ce16d88575869aedd6f432bdae/build/lib/libns3-dev-spectrum-debug.so: undefined reference to `ns3::ListPositionAllocator::GetTypeId()'
/usr/bin/ld: /workspace/scratch/ab77b42f47ca/t22-work/native/ns-3-dev-git-6b5cd24ea80713ce16d88575869aedd6f432bdae/build/lib/libns3-dev-spectrum-debug.so: undefined reference to `ns3::MobilityModel::GetPosition() const'
/usr/bin/ld: /workspace/scratch/ab77b42f47ca/t22-work/native/ns-3-dev-git-6b5cd24ea80713ce16d88575869aedd6f432bdae/build/lib/libns3-dev-buildings-debug.so: undefined reference to `ns3::BoxValue::BoxValue(ns3::Box const&)'
/usr/bin/ld: /workspace/scratch/ab77b42f47ca/t22-work/native/ns-3-dev-git-6b5cd24ea80713ce16d88575869aedd6f432bdae/build/lib/libns3-dev-spectrum-debug.so: undefined reference to `ns3::ListPositionAllocator::Add(ns3::Vector3D)'
/usr/bin/ld: /workspace/scratch/ab77b42f47ca/t22-work/native/ns-3-dev-git-6b5cd24ea80713ce16d88575869aedd6f432bdae/build/lib/libns3-dev-buildings-debug.so: undefined reference to `ns3::BoxValue::Set(ns3::Box const&)'
/usr/bin/ld: /workspace/scratch/ab77b42f47ca/t22-work/native/ns-3-dev-git-6b5cd24ea80713ce16d88575869aedd6f432bdae/build/lib/libns3-dev-buildings-debug.so: undefined reference to `ns3::MakeRectangleChecker()'
/usr/bin/ld: /workspace/scratch/ab77b42f47ca/t22-work/native/ns-3-dev-git-6b5cd24ea80713ce16d88575869aedd6f432bdae/build/lib/libns3-dev-buildings-debug.so: undefined reference to `ns3::RectangleValue::Set(ns3::Rectangle const&)'
/usr/bin/ld: /workspace/scratch/ab77b42f47ca/t22-work/native/ns-3-dev-git-6b5cd24ea80713ce16d88575869aedd6f432bdae/build/lib/libns3-dev-buildings-debug.so: undefined reference to `ns3::operator<<(std::ostream&, ns3::Box const&)'
/usr/bin/ld: /workspace/scratch/ab77b42f47ca/t22-work/native/ns-3-dev-git-6b5cd24ea80713ce16d88575869aedd6f432bdae/build/lib/libns3-dev-buildings-debug.so: undefined reference to `vtable for ns3::MobilityModel'
/usr/bin/ld: /workspace/scratch/ab77b42f47ca/t22-work/native/ns-3-dev-git-6b5cd24ea80713ce16d88575869aedd6f432bdae/build/lib/libns3-dev-spectrum-debug.so: undefined reference to `ns3::MobilityModel::SetPosition(ns3::Vector3D const&)'
/usr/bin/ld: /workspace/scratch/ab77b42f47ca/t22-work/native/ns-3-dev-git-6b5cd24ea80713ce16d88575869aedd6f432bdae/build/lib/libns3-dev-spectrum-debug.so: undefined reference to `typeinfo for ns3::MobilityModel'
/usr/bin/ld: /workspace/scratch/ab77b42f47ca/t22-work/native/ns-3-dev-git-6b5cd24ea80713ce16d88575869aedd6f432bdae/build/lib/libns3-dev-buildings-debug.so: undefined reference to `ns3::Rectangle::Rectangle()'
/usr/bin/ld: /workspace/scratch/ab77b42f47ca/t22-work/native/ns-3-dev-git-6b5cd24ea80713ce16d88575869aedd6f432bdae/build/lib/libns3-dev-buildings-debug.so: undefined reference to `ns3::MobilityModel::MobilityModel()'
/usr/bin/ld: /workspace/scratch/ab77b42f47ca/t22-work/native/ns-3-dev-git-6b5cd24ea80713ce16d88575869aedd6f432bdae/build/lib/libns3-dev-buildings-debug.so: undefined reference to `ns3::ConstantVelocityHelper::SetVelocity(ns3::Vector3D const&)'
/usr/bin/ld: /workspace/scratch/ab77b42f47ca/t22-work/native/ns-3-dev-git-6b5cd24ea80713ce16d88575869aedd6f432bdae/build/lib/libns3-dev-buildings-debug.so: undefined reference to `ns3::operator<<(std::ostream&, ns3::Rectangle const&)'
/usr/bin/ld: /workspace/scratch/ab77b42f47ca/t22-work/native/ns-3-dev-git-6b5cd24ea80713ce16d88575869aedd6f432bdae/build/lib/libns3-dev-buildings-debug.so: undefined reference to `ns3::Box::IsInside(ns3::Vector3D const&) const'
/usr/bin/ld: /workspace/scratch/ab77b42f47ca/t22-work/native/ns-3-dev-git-6b5cd24ea80713ce16d88575869aedd6f432bdae/build/lib/libns3-dev-buildings-debug.so: undefined reference to `vtable for ns3::BoxValue'
/usr/bin/ld: /workspace/scratch/ab77b42f47ca/t22-work/native/ns-3-dev-git-6b5cd24ea80713ce16d88575869aedd6f432bdae/build/lib/libns3-dev-buildings-debug.so: undefined reference to `ns3::MobilityModel::DoGetPositionWithReference(ns3::Vector3D const&) const'
/usr/bin/ld: /workspace/scratch/ab77b42f47ca/t22-work/native/ns-3-dev-git-6b5cd24ea80713ce16d88575869aedd6f432bdae/build/lib/libns3-dev-buildings-debug.so: undefined reference to `ns3::PositionAllocator::~PositionAllocator()'
/usr/bin/ld: /workspace/scratch/ab77b42f47ca/t22-work/native/ns-3-dev-git-6b5cd24ea80713ce16d88575869aedd6f432bdae/build/lib/libns3-dev-buildings-debug.so: undefined reference to `ns3::Box::IsIntersect(ns3::Vector3D const&, ns3::Vector3D const&) const'
/usr/bin/ld: /workspace/scratch/ab77b42f47ca/t22-work/native/ns-3-dev-git-6b5cd24ea80713ce16d88575869aedd6f432bdae/build/lib/libns3-dev-buildings-debug.so: undefined reference to `ns3::ConstantVelocityHelper::Unpause()'
/usr/bin/ld: /workspace/scratch/ab77b42f47ca/t22-work/native/ns-3-dev-git-6b5cd24ea80713ce16d88575869aedd6f432bdae/build/lib/libns3-dev-spectrum-debug.so: undefined reference to `typeinfo for ns3::GeocentricConstantPositionMobilityModel'
/usr/bin/ld: /workspace/scratch/ab77b42f47ca/t22-work/native/ns-3-dev-git-6b5cd24ea80713ce16d88575869aedd6f432bdae/build/lib/libns3-dev-buildings-debug.so: undefined reference to `ns3::GridPositionAllocator::SetDeltaY(double)'
/usr/bin/ld: /workspace/scratch/ab77b42f47ca/t22-work/native/ns-3-dev-git-6b5cd24ea80713ce16d88575869aedd6f432bdae/build/lib/libns3-dev-buildings-debug.so: undefined reference to `ns3::GridPositionAllocator::GetTypeId()'
/usr/bin/ld: /workspace/scratch/ab77b42f47ca/t22-work/native/ns-3-dev-git-6b5cd24ea80713ce16d88575869aedd6f432bdae/build/lib/libns3-dev-buildings-debug.so: undefined reference to `vtable for ns3::RectangleValue'
/usr/bin/ld: /workspace/scratch/ab77b42f47ca/t22-work/native/ns-3-dev-git-6b5cd24ea80713ce16d88575869aedd6f432bdae/build/lib/libns3-dev-buildings-debug.so: undefined reference to `ns3::ConstantVelocityHelper::UpdateWithBounds(ns3::Rectangle const&) const'
/usr/bin/ld: /workspace/scratch/ab77b42f47ca/t22-work/native/ns-3-dev-git-6b5cd24ea80713ce16d88575869aedd6f432bdae/build/lib/libns3-dev-spectrum-debug.so: undefined reference to `ns3::ListPositionAllocator::ListPositionAllocator()'
/usr/bin/ld: /workspace/scratch/ab77b42f47ca/t22-work/native/ns-3-dev-git-6b5cd24ea80713ce16d88575869aedd6f432bdae/build/lib/libns3-dev-buildings-debug.so: undefined reference to `ns3::GridPositionAllocator::SetMinY(double)'
/usr/bin/ld: /workspace/scratch/ab77b42f47ca/t22-work/native/ns-3-dev-git-6b5cd24ea80713ce16d88575869aedd6f432bdae/build/lib/libns3-dev-spectrum-debug.so: undefined reference to `ns3::GeographicPositions::RandCartesianPointsAroundGeographicPoint[abi:cxx11](double, double, double, int, double, ns3::Ptr<ns3::UniformRandomVariable>)'
/usr/bin/ld: /workspace/scratch/ab77b42f47ca/t22-work/native/ns-3-dev-git-6b5cd24ea80713ce16d88575869aedd6f432bdae/build/lib/libns3-dev-spectrum-debug.so: undefined reference to `ns3::MobilityModel::GetVelocity() const'
/usr/bin/ld: /workspace/scratch/ab77b42f47ca/t22-work/native/ns-3-dev-git-6b5cd24ea80713ce16d88575869aedd6f432bdae/build/lib/libns3-dev-spectrum-debug.so: undefined reference to `ns3::MobilityModel::GetDistanceFrom(ns3::Ptr<ns3::MobilityModel const>) const'
/usr/bin/ld: /workspace/scratch/ab77b42f47ca/t22-work/native/ns-3-dev-git-6b5cd24ea80713ce16d88575869aedd6f432bdae/build/lib/libns3-dev-buildings-debug.so: undefined reference to `ns3::ConstantVelocityHelper::GetCurrentPosition() const'
collect2: error: ld returned 1 exit status
[61/67] Linking CXX executable /workspace/scratch/ab77b42f47ca/t22-work/native/ns-3-dev-git-6b5cd24ea80713ce16d88575869aedd6f432bdae/build/scratch/subdir/ns3-dev-scratch-subdir-debug
FAILED: [code=1] /workspace/scratch/ab77b42f47ca/t22-work/native/ns-3-dev-git-6b5cd24ea80713ce16d88575869aedd6f432bdae/build/scratch/subdir/ns3-dev-scratch-subdir-debug 
: && /usr/bin/c++ -g  scratch/CMakeFiles/scratch_subdir_scratch-subdir.dir/subdir/scratch-subdir-additional-header.cc.o scratch/CMakeFiles/scratch_subdir_scratch-subdir.dir/subdir/scratch-subdir.cc.o -o /workspace/scratch/ab77b42f47ca/t22-work/native/ns-3-dev-git-6b5cd24ea80713ce16d88575869aedd6f432bdae/build/scratch/subdir/ns3-dev-scratch-subdir-debug -L/workspace/scratch/ab77b42f47ca/t22-work/native/ns-3-dev-git-6b5cd24ea80713ce16d88575869aedd6f432bdae/build/lib -Wl,-rpath,/workspace/scratch/ab77b42f47ca/t22-work/native/ns-3-dev-git-6b5cd24ea80713ce16d88575869aedd6f432bdae/build/lib  -Wl,--no-as-needed  /workspace/scratch/ab77b42f47ca/t22-work/native/ns-3-dev-git-6b5cd24ea80713ce16d88575869aedd6f432bdae/build/lib/libns3-dev-csr-debug.so  -Wl,--as-needed  /workspace/scratch/ab77b42f47ca/t22-work/native/ns-3-dev-git-6b5cd24ea80713ce16d88575869aedd6f432bdae/build/lib/libns3-dev-spectrum-debug.so  /workspace/scratch/ab77b42f47ca/t22-work/native/ns-3-dev-git-6b5cd24ea80713ce16d88575869aedd6f432bdae/build/lib/libns3-dev-buildings-debug.so  /workspace/scratch/ab77b42f47ca/t22-work/native/ns-3-dev-git-6b5cd24ea80713ce16d88575869aedd6f432bdae/build/lib/libns3-dev-propagation-debug.so  /workspace/scratch/ab77b42f47ca/t22-work/native/ns-3-dev-git-6b5cd24ea80713ce16d88575869aedd6f432bdae/build/lib/libns3-dev-mobility-debug.so  /workspace/scratch/ab77b42f47ca/t22-work/native/ns-3-dev-git-6b5cd24ea80713ce16d88575869aedd6f432bdae/build/lib/libns3-dev-antenna-debug.so  /workspace/scratch/ab77b42f47ca/t22-work/native/ns-3-dev-git-6b5cd24ea80713ce16d88575869aedd6f432bdae/build/lib/libns3-dev-network-debug.so  /workspace/scratch/ab77b42f47ca/t22-work/native/ns-3-dev-git-6b5cd24ea80713ce16d88575869aedd6f432bdae/build/lib/libns3-dev-stats-debug.so  /workspace/scratch/ab77b42f47ca/t22-work/native/ns-3-dev-git-6b5cd24ea80713ce16d88575869aedd6f432bdae/build/lib/libns3-dev-core-debug.so  -Wl,--no-as-needed  -Wl,--as-needed  -lstdc++exp && :
/usr/bin/ld: /workspace/scratch/ab77b42f47ca/t22-work/native/ns-3-dev-git-6b5cd24ea80713ce16d88575869aedd6f432bdae/build/lib/libns3-dev-buildings-debug.so: undefined reference to `ns3::GridPositionAllocator::SetMinX(double)'
/usr/bin/ld: /workspace/scratch/ab77b42f47ca/t22-work/native/ns-3-dev-git-6b5cd24ea80713ce16d88575869aedd6f432bdae/build/lib/libns3-dev-buildings-debug.so: undefined reference to `ns3::RandomBoxPositionAllocator::RandomBoxPositionAllocator()'
/usr/bin/ld: /workspace/scratch/ab77b42f47ca/t22-work/native/ns-3-dev-git-6b5cd24ea80713ce16d88575869aedd6f432bdae/build/lib/libns3-dev-network-debug.so: undefined reference to `ns3::PacketSocket::PacketSocket()'
/usr/bin/ld: /workspace/scratch/ab77b42f47ca/t22-work/native/ns-3-dev-git-6b5cd24ea80713ce16d88575869aedd6f432bdae/build/lib/libns3-dev-buildings-debug.so: undefined reference to `typeinfo for ns3::RectangleValue'
/usr/bin/ld: /workspace/scratch/ab77b42f47ca/t22-work/native/ns-3-dev-git-6b5cd24ea80713ce16d88575869aedd6f432bdae/build/lib/libns3-dev-buildings-debug.so: undefined reference to `ns3::ConstantVelocityHelper::ConstantVelocityHelper()'
/usr/bin/ld: /workspace/scratch/ab77b42f47ca/t22-work/native/ns-3-dev-git-6b5cd24ea80713ce16d88575869aedd6f432bdae/build/lib/libns3-dev-buildings-debug.so: undefined reference to `ns3::PositionAllocator::PositionAllocator()'
/usr/bin/ld: /workspace/scratch/ab77b42f47ca/t22-work/native/ns-3-dev-git-6b5cd24ea80713ce16d88575869aedd6f432bdae/build/lib/libns3-dev-spectrum-debug.so: undefined reference to `ns3::MobilityHelper::MobilityHelper()'
/usr/bin/ld: /workspace/scratch/ab77b42f47ca/t22-work/native/ns-3-dev-git-6b5cd24ea80713ce16d88575869aedd6f432bdae/build/lib/libns3-dev-buildings-debug.so: undefined reference to `ns3::Rectangle::GetClosestSideOrCorner(ns3::Vector3D const&) const'
/usr/bin/ld: /workspace/scratch/ab77b42f47ca/t22-work/native/ns-3-dev-git-6b5cd24ea80713ce16d88575869aedd6f432bdae/build/lib/libns3-dev-buildings-debug.so: undefined reference to `ns3::Rectangle::Rectangle(double, double, double, double)'
/usr/bin/ld: /workspace/scratch/ab77b42f47ca/t22-work/native/ns-3-dev-git-6b5cd24ea80713ce16d88575869aedd6f432bdae/build/lib/libns3-dev-network-debug.so: undefined reference to `ns3::PacketSocket::SetNode(ns3::Ptr<ns3::Node>)'
/usr/bin/ld: /workspace/scratch/ab77b42f47ca/t22-work/native/ns-3-dev-git-6b5cd24ea80713ce16d88575869aedd6f432bdae/build/lib/libns3-dev-buildings-debug.so: undefined reference to `ns3::Rectangle::CalculateIntersection(ns3::Vector3D const&, ns3::Vector3D const&) const'
/usr/bin/ld: /workspace/scratch/ab77b42f47ca/t22-work/native/ns-3-dev-git-6b5cd24ea80713ce16d88575869aedd6f432bdae/build/lib/libns3-dev-network-debug.so: undefined reference to `ns3::PacketSocket::GetTypeId()'
/usr/bin/ld: /workspace/scratch/ab77b42f47ca/t22-work/native/ns-3-dev-git-6b5cd24ea80713ce16d88575869aedd6f432bdae/build/lib/libns3-dev-spectrum-debug.so: undefined reference to `ns3::MobilityHelper::~MobilityHelper()'
/usr/bin/ld: /workspace/scratch/ab77b42f47ca/t22-work/native/ns-3-dev-git-6b5cd24ea80713ce16d88575869aedd6f432bdae/build/lib/libns3-dev-buildings-debug.so: undefined reference to `ns3::ConstantVelocityHelper::SetPosition(ns3::Vector3D const&)'
/usr/bin/ld: /workspace/scratch/ab77b42f47ca/t22-work/native/ns-3-dev-git-6b5cd24ea80713ce16d88575869aedd6f432bdae/build/lib/libns3-dev-buildings-debug.so: undefined reference to `ns3::GridPositionAllocator::SetLayoutType(ns3::GridPositionAllocator::LayoutType)'
/usr/bin/ld: /workspace/scratch/ab77b42f47ca/t22-work/native/ns-3-dev-git-6b5cd24ea80713ce16d88575869aedd6f432bdae/build/lib/libns3-dev-buildings-debug.so: undefined reference to `ns3::RandomBoxPositionAllocator::GetTypeId()'
/usr/bin/ld: /workspace/scratch/ab77b42f47ca/t22-work/native/ns-3-dev-git-6b5cd24ea80713ce16d88575869aedd6f432bdae/build/lib/libns3-dev-buildings-debug.so: undefined reference to `ns3::Rectangle::IsInside(ns3::Vector3D const&) const'
/usr/bin/ld: /workspace/scratch/ab77b42f47ca/t22-work/native/ns-3-dev-git-6b5cd24ea80713ce16d88575869aedd6f432bdae/build/lib/libns3-dev-buildings-debug.so: undefined reference to `ns3::RectangleValue::RectangleValue(ns3::Rectangle const&)'
/usr/bin/ld: /workspace/scratch/ab77b42f47ca/t22-work/native/ns-3-dev-git-6b5cd24ea80713ce16d88575869aedd6f432bdae/build/lib/libns3-dev-buildings-debug.so: undefined reference to `typeinfo for ns3::BoxValue'
/usr/bin/ld: /workspace/scratch/ab77b42f47ca/t22-work/native/ns-3-dev-git-6b5cd24ea80713ce16d88575869aedd6f432bdae/build/lib/libns3-dev-buildings-debug.so: undefined reference to `ns3::Box::Box(double, double, double, double, double, double)'
/usr/bin/ld: /workspace/scratch/ab77b42f47ca/t22-work/native/ns-3-dev-git-6b5cd24ea80713ce16d88575869aedd6f432bdae/build/lib/libns3-dev-buildings-debug.so: undefined reference to `ns3::BoxValue::Get() const'
/usr/bin/ld: /workspace/scratch/ab77b42f47ca/t22-work/native/ns-3-dev-git-6b5cd24ea80713ce16d88575869aedd6f432bdae/build/lib/libns3-dev-buildings-debug.so: undefined reference to `ns3::ConstantVelocityHelper::Update() const'
/usr/bin/ld: /workspace/scratch/ab77b42f47ca/t22-work/native/ns-3-dev-git-6b5cd24ea80713ce16d88575869aedd6f432bdae/build/lib/libns3-dev-spectrum-debug.so: undefined reference to `ns3::MobilityModel::GetTypeId()'
/usr/bin/ld: /workspace/scratch/ab77b42f47ca/t22-work/native/ns-3-dev-git-6b5cd24ea80713ce16d88575869aedd6f432bdae/build/lib/libns3-dev-buildings-debug.so: undefined reference to `ns3::GridPositionAllocator::GridPositionAllocator()'
/usr/bin/ld: /workspace/scratch/ab77b42f47ca/t22-work/native/ns-3-dev-git-6b5cd24ea80713ce16d88575869aedd6f432bdae/build/lib/libns3-dev-spectrum-debug.so: undefined reference to `ns3::MobilityHelper::SetPositionAllocator(ns3::Ptr<ns3::PositionAllocator>)'
/usr/bin/ld: /workspace/scratch/ab77b42f47ca/t22-work/native/ns-3-dev-git-6b5cd24ea80713ce16d88575869aedd6f432bdae/build/lib/libns3-dev-buildings-debug.so: undefined reference to `ns3::ConstantVelocityHelper::GetVelocity() const'
/usr/bin/ld: /workspace/scratch/ab77b42f47ca/t22-work/native/ns-3-dev-git-6b5cd24ea80713ce16d88575869aedd6f432bdae/build/lib/libns3-dev-buildings-debug.so: undefined reference to `ns3::Box::Box()'
/usr/bin/ld: /workspace/scratch/ab77b42f47ca/t22-work/native/ns-3-dev-git-6b5cd24ea80713ce16d88575869aedd6f432bdae/build/lib/libns3-dev-spectrum-debug.so: undefined reference to `ns3::MobilityHelper::Install(ns3::NodeContainer) const'
/usr/bin/ld: /workspace/scratch/ab77b42f47ca/t22-work/native/ns-3-dev-git-6b5cd24ea80713ce16d88575869aedd6f432bdae/build/lib/libns3-dev-buildings-debug.so: undefined reference to `ns3::GridPositionAllocator::SetN(unsigned int)'
/usr/bin/ld: /workspace/scratch/ab77b42f47ca/t22-work/native/ns-3-dev-git-6b5cd24ea80713ce16d88575869aedd6f432bdae/build/lib/libns3-dev-buildings-debug.so: undefined reference to `typeinfo for ns3::PositionAllocator'
/usr/bin/ld: /workspace/scratch/ab77b42f47ca/t22-work/native/ns-3-dev-git-6b5cd24ea80713ce16d88575869aedd6f432bdae/build/lib/libns3-dev-buildings-debug.so: undefined reference to `ns3::PositionAllocator::GetTypeId()'
/usr/bin/ld: /workspace/scratch/ab77b42f47ca/t22-work/native/ns-3-dev-git-6b5cd24ea80713ce16d88575869aedd6f432bdae/build/lib/libns3-dev-buildings-debug.so: undefined reference to `ns3::GridPositionAllocator::SetDeltaX(double)'
/usr/bin/ld: /workspace/scratch/ab77b42f47ca/t22-work/native/ns-3-dev-git-6b5cd24ea80713ce16d88575869aedd6f432bdae/build/lib/libns3-dev-buildings-debug.so: undefined reference to `ns3::MobilityModel::~MobilityModel()'
/usr/bin/ld: /workspace/scratch/ab77b42f47ca/t22-work/native/ns-3-dev-git-6b5cd24ea80713ce16d88575869aedd6f432bdae/build/lib/libns3-dev-buildings-debug.so: undefined reference to `ns3::MobilityModel::NotifyCourseChange() const'
/usr/bin/ld: /workspace/scratch/ab77b42f47ca/t22-work/native/ns-3-dev-git-6b5cd24ea80713ce16d88575869aedd6f432bdae/build/lib/libns3-dev-buildings-debug.so: undefined reference to `ns3::MakeBoxChecker()'
/usr/bin/ld: /workspace/scratch/ab77b42f47ca/t22-work/native/ns-3-dev-git-6b5cd24ea80713ce16d88575869aedd6f432bdae/build/lib/libns3-dev-spectrum-debug.so: undefined reference to `ns3::ListPositionAllocator::GetTypeId()'
/usr/bin/ld: /workspace/scratch/ab77b42f47ca/t22-work/native/ns-3-dev-git-6b5cd24ea80713ce16d88575869aedd6f432bdae/build/lib/libns3-dev-spectrum-debug.so: undefined reference to `ns3::MobilityModel::GetPosition() const'
/usr/bin/ld: /workspace/scratch/ab77b42f47ca/t22-work/native/ns-3-dev-git-6b5cd24ea80713ce16d88575869aedd6f432bdae/build/lib/libns3-dev-buildings-debug.so: undefined reference to `ns3::BoxValue::BoxValue(ns3::Box const&)'
/usr/bin/ld: /workspace/scratch/ab77b42f47ca/t22-work/native/ns-3-dev-git-6b5cd24ea80713ce16d88575869aedd6f432bdae/build/lib/libns3-dev-spectrum-debug.so: undefined reference to `ns3::ListPositionAllocator::Add(ns3::Vector3D)'
/usr/bin/ld: /workspace/scratch/ab77b42f47ca/t22-work/native/ns-3-dev-git-6b5cd24ea80713ce16d88575869aedd6f432bdae/build/lib/libns3-dev-buildings-debug.so: undefined reference to `ns3::BoxValue::Set(ns3::Box const&)'
/usr/bin/ld: /workspace/scratch/ab77b42f47ca/t22-work/native/ns-3-dev-git-6b5cd24ea80713ce16d88575869aedd6f432bdae/build/lib/libns3-dev-buildings-debug.so: undefined reference to `ns3::MakeRectangleChecker()'
/usr/bin/ld: /workspace/scratch/ab77b42f47ca/t22-work/native/ns-3-dev-git-6b5cd24ea80713ce16d88575869aedd6f432bdae/build/lib/libns3-dev-buildings-debug.so: undefined reference to `ns3::RectangleValue::Set(ns3::Rectangle const&)'
/usr/bin/ld: /workspace/scratch/ab77b42f47ca/t22-work/native/ns-3-dev-git-6b5cd24ea80713ce16d88575869aedd6f432bdae/build/lib/libns3-dev-buildings-debug.so: undefined reference to `ns3::operator<<(std::ostream&, ns3::Box const&)'
/usr/bin/ld: /workspace/scratch/ab77b42f47ca/t22-work/native/ns-3-dev-git-6b5cd24ea80713ce16d88575869aedd6f432bdae/build/lib/libns3-dev-buildings-debug.so: undefined reference to `vtable for ns3::MobilityModel'
/usr/bin/ld: /workspace/scratch/ab77b42f47ca/t22-work/native/ns-3-dev-git-6b5cd24ea80713ce16d88575869aedd6f432bdae/build/lib/libns3-dev-spectrum-debug.so: undefined reference to `ns3::MobilityModel::SetPosition(ns3::Vector3D const&)'
/usr/bin/ld: /workspace/scratch/ab77b42f47ca/t22-work/native/ns-3-dev-git-6b5cd24ea80713ce16d88575869aedd6f432bdae/build/lib/libns3-dev-spectrum-debug.so: undefined reference to `typeinfo for ns3::MobilityModel'
/usr/bin/ld: /workspace/scratch/ab77b42f47ca/t22-work/native/ns-3-dev-git-6b5cd24ea80713ce16d88575869aedd6f432bdae/build/lib/libns3-dev-buildings-debug.so: undefined reference to `ns3::Rectangle::Rectangle()'
/usr/bin/ld: /workspace/scratch/ab77b42f47ca/t22-work/native/ns-3-dev-git-6b5cd24ea80713ce16d88575869aedd6f432bdae/build/lib/libns3-dev-buildings-debug.so: undefined reference to `ns3::MobilityModel::MobilityModel()'
/usr/bin/ld: /workspace/scratch/ab77b42f47ca/t22-work/native/ns-3-dev-git-6b5cd24ea80713ce16d88575869aedd6f432bdae/build/lib/libns3-dev-buildings-debug.so: undefined reference to `ns3::ConstantVelocityHelper::SetVelocity(ns3::Vector3D const&)'
/usr/bin/ld: /workspace/scratch/ab77b42f47ca/t22-work/native/ns-3-dev-git-6b5cd24ea80713ce16d88575869aedd6f432bdae/build/lib/libns3-dev-buildings-debug.so: undefined reference to `ns3::operator<<(std::ostream&, ns3::Rectangle const&)'
/usr/bin/ld: /workspace/scratch/ab77b42f47ca/t22-work/native/ns-3-dev-git-6b5cd24ea80713ce16d88575869aedd6f432bdae/build/lib/libns3-dev-buildings-debug.so: undefined reference to `ns3::Box::IsInside(ns3::Vector3D const&) const'
/usr/bin/ld: /workspace/scratch/ab77b42f47ca/t22-work/native/ns-3-dev-git-6b5cd24ea80713ce16d88575869aedd6f432bdae/build/lib/libns3-dev-buildings-debug.so: undefined reference to `vtable for ns3::BoxValue'
/usr/bin/ld: /workspace/scratch/ab77b42f47ca/t22-work/native/ns-3-dev-git-6b5cd24ea80713ce16d88575869aedd6f432bdae/build/lib/libns3-dev-buildings-debug.so: undefined reference to `ns3::MobilityModel::DoGetPositionWithReference(ns3::Vector3D const&) const'
/usr/bin/ld: /workspace/scratch/ab77b42f47ca/t22-work/native/ns-3-dev-git-6b5cd24ea80713ce16d88575869aedd6f432bdae/build/lib/libns3-dev-buildings-debug.so: undefined reference to `ns3::PositionAllocator::~PositionAllocator()'
/usr/bin/ld: /workspace/scratch/ab77b42f47ca/t22-work/native/ns-3-dev-git-6b5cd24ea80713ce16d88575869aedd6f432bdae/build/lib/libns3-dev-buildings-debug.so: undefined reference to `ns3::Box::IsIntersect(ns3::Vector3D const&, ns3::Vector3D const&) const'
/usr/bin/ld: /workspace/scratch/ab77b42f47ca/t22-work/native/ns-3-dev-git-6b5cd24ea80713ce16d88575869aedd6f432bdae/build/lib/libns3-dev-buildings-debug.so: undefined reference to `ns3::ConstantVelocityHelper::Unpause()'
/usr/bin/ld: /workspace/scratch/ab77b42f47ca/t22-work/native/ns-3-dev-git-6b5cd24ea80713ce16d88575869aedd6f432bdae/build/lib/libns3-dev-spectrum-debug.so: undefined reference to `typeinfo for ns3::GeocentricConstantPositionMobilityModel'
/usr/bin/ld: /workspace/scratch/ab77b42f47ca/t22-work/native/ns-3-dev-git-6b5cd24ea80713ce16d88575869aedd6f432bdae/build/lib/libns3-dev-buildings-debug.so: undefined reference to `ns3::GridPositionAllocator::SetDeltaY(double)'
/usr/bin/ld: /workspace/scratch/ab77b42f47ca/t22-work/native/ns-3-dev-git-6b5cd24ea80713ce16d88575869aedd6f432bdae/build/lib/libns3-dev-buildings-debug.so: undefined reference to `ns3::GridPositionAllocator::GetTypeId()'
/usr/bin/ld: /workspace/scratch/ab77b42f47ca/t22-work/native/ns-3-dev-git-6b5cd24ea80713ce16d88575869aedd6f432bdae/build/lib/libns3-dev-buildings-debug.so: undefined reference to `vtable for ns3::RectangleValue'
/usr/bin/ld: /workspace/scratch/ab77b42f47ca/t22-work/native/ns-3-dev-git-6b5cd24ea80713ce16d88575869aedd6f432bdae/build/lib/libns3-dev-buildings-debug.so: undefined reference to `ns3::ConstantVelocityHelper::UpdateWithBounds(ns3::Rectangle const&) const'
/usr/bin/ld: /workspace/scratch/ab77b42f47ca/t22-work/native/ns-3-dev-git-6b5cd24ea80713ce16d88575869aedd6f432bdae/build/lib/libns3-dev-spectrum-debug.so: undefined reference to `ns3::ListPositionAllocator::ListPositionAllocator()'
/usr/bin/ld: /workspace/scratch/ab77b42f47ca/t22-work/native/ns-3-dev-git-6b5cd24ea80713ce16d88575869aedd6f432bdae/build/lib/libns3-dev-buildings-debug.so: undefined reference to `ns3::GridPositionAllocator::SetMinY(double)'
/usr/bin/ld: /workspace/scratch/ab77b42f47ca/t22-work/native/ns-3-dev-git-6b5cd24ea80713ce16d88575869aedd6f432bdae/build/lib/libns3-dev-spectrum-debug.so: undefined reference to `ns3::GeographicPositions::RandCartesianPointsAroundGeographicPoint[abi:cxx11](double, double, double, int, double, ns3::Ptr<ns3::UniformRandomVariable>)'
/usr/bin/ld: /workspace/scratch/ab77b42f47ca/t22-work/native/ns-3-dev-git-6b5cd24ea80713ce16d88575869aedd6f432bdae/build/lib/libns3-dev-spectrum-debug.so: undefined reference to `ns3::MobilityModel::GetVelocity() const'
/usr/bin/ld: /workspace/scratch/ab77b42f47ca/t22-work/native/ns-3-dev-git-6b5cd24ea80713ce16d88575869aedd6f432bdae/build/lib/libns3-dev-spectrum-debug.so: undefined reference to `ns3::MobilityModel::GetDistanceFrom(ns3::Ptr<ns3::MobilityModel const>) const'
/usr/bin/ld: /workspace/scratch/ab77b42f47ca/t22-work/native/ns-3-dev-git-6b5cd24ea80713ce16d88575869aedd6f432bdae/build/lib/libns3-dev-buildings-debug.so: undefined reference to `ns3::ConstantVelocityHelper::GetCurrentPosition() const'
collect2: error: ld returned 1 exit status
ninja: build stopped: subcommand failed.
