[MAC 1] active_nodes set to 3 for local slotting and post-TX wait
[MAC 1] Learned neighbor 100 uses slot 1 (rtCounter=1)
[MAC 1] Learned neighbor 101 uses slot 2 (rtCounter=2)
[MAC 1] Learned neighbor 102 uses slot 3 (rtCounter=3)
[MAC 1] Learned neighbor 103 uses slot 4 (rtCounter=4)
[MAC 1] Learned neighbor 104 uses slot 5 (rtCounter=5)
[MAC 1] Learned neighbor 105 uses slot 6 (rtCounter=6)
[MAC 1] Learned neighbor 106 uses slot 7 (rtCounter=7)
[MAC 1] Learned neighbor 107 uses slot 8 (rtCounter=8)
[MAC 1] Learned neighbor 108 uses slot 9 (rtCounter=9)
[MAC 1] Learned neighbor 109 uses slot 10 (rtCounter=10)
[MAC 1] Learned neighbor 110 uses slot 11 (rtCounter=11)
[MAC 1] Learned neighbor 111 uses slot 12 (rtCounter=12)
[MAC 1] Learned neighbor 112 uses slot 13 (rtCounter=13)
[MAC 1] Learned neighbor 113 uses slot 14 (rtCounter=14)
[MAC 1] Learned neighbor 114 uses slot 15 (rtCounter=15)
[MAC 1] Learned neighbor 115 uses slot 16 (rtCounter=16)
[MAC 1] Learned neighbor 117 uses slot 18 (rtCounter=18)
[MAC 1] Learned neighbor 118 uses slot 19 (rtCounter=19)
[MAC 1] Learned neighbor 119 uses slot 20 (rtCounter=20)
[MAC 1] Learned neighbor 120 uses slot 21 (rtCounter=21)
[MAC 1] Learned neighbor 121 uses slot 22 (rtCounter=22)
[MAC 1] Learned neighbor 122 uses slot 23 (rtCounter=23)
[MAC 1] Learned neighbor 123 uses slot 24 (rtCounter=24)
[MAC 1] Learned neighbor 124 uses slot 25 (rtCounter=25)
[MAC 1] Learned neighbor 125 uses slot 26 (rtCounter=26)
[MAC 1] Learned neighbor 126 uses slot 27 (rtCounter=27)
[MAC 1] Learned neighbor 127 uses slot 28 (rtCounter=28)
[MAC 1] Learned neighbor 128 uses slot 29 (rtCounter=29)
[MAC 1] Learned neighbor 129 uses slot 30 (rtCounter=30)
[MAC 1] Learned neighbor 130 uses slot 31 (rtCounter=31)
[MAC 1] Learned neighbor 131 uses slot 32 (rtCounter=32)
[MAC] Enqueue TX pkt dscp=0 insert_pos=0 queue_size_before=0
[MAC 1] PickTxSlot(dest=2) active_nodes_for_slotting=3 opnet_slot_range=31
[MAC 1] avoiding neighbor 100 currentReservedSlot=0 rtslot_counter=0
[MAC 1] avoiding neighbor 101 currentReservedSlot=1 rtslot_counter=1
[MAC 1] avoiding neighbor 102 currentReservedSlot=2 rtslot_counter=2
[MAC 1] avoiding neighbor 103 currentReservedSlot=3 rtslot_counter=3
[MAC 1] avoiding neighbor 104 currentReservedSlot=4 rtslot_counter=4
[MAC 1] avoiding neighbor 105 currentReservedSlot=5 rtslot_counter=5
[MAC 1] avoiding neighbor 106 currentReservedSlot=6 rtslot_counter=6
[MAC 1] avoiding neighbor 107 currentReservedSlot=7 rtslot_counter=7
[MAC 1] avoiding neighbor 108 currentReservedSlot=8 rtslot_counter=8
[MAC 1] avoiding neighbor 109 currentReservedSlot=9 rtslot_counter=9
[MAC 1] avoiding neighbor 110 currentReservedSlot=10 rtslot_counter=10
[MAC 1] avoiding neighbor 111 currentReservedSlot=11 rtslot_counter=11
[MAC 1] avoiding neighbor 112 currentReservedSlot=12 rtslot_counter=12
[MAC 1] avoiding neighbor 113 currentReservedSlot=13 rtslot_counter=13
[MAC 1] avoiding neighbor 114 currentReservedSlot=14 rtslot_counter=14
[MAC 1] avoiding neighbor 115 currentReservedSlot=15 rtslot_counter=15
[MAC 1] avoiding neighbor 117 currentReservedSlot=17 rtslot_counter=17
[MAC 1] avoiding neighbor 118 currentReservedSlot=18 rtslot_counter=18
[MAC 1] avoiding neighbor 119 currentReservedSlot=19 rtslot_counter=19
[MAC 1] avoiding neighbor 120 currentReservedSlot=20 rtslot_counter=20
[MAC 1] avoiding neighbor 121 currentReservedSlot=21 rtslot_counter=21
[MAC 1] avoiding neighbor 122 currentReservedSlot=22 rtslot_counter=22
[MAC 1] avoiding neighbor 123 currentReservedSlot=23 rtslot_counter=23
[MAC 1] avoiding neighbor 124 currentReservedSlot=24 rtslot_counter=24
[MAC 1] avoiding neighbor 125 currentReservedSlot=25 rtslot_counter=25
[MAC 1] avoiding neighbor 126 currentReservedSlot=26 rtslot_counter=26
[MAC 1] avoiding neighbor 127 currentReservedSlot=27 rtslot_counter=27
[MAC 1] avoiding neighbor 128 currentReservedSlot=28 rtslot_counter=28
[MAC 1] avoiding neighbor 129 currentReservedSlot=29 rtslot_counter=29
[MAC 1] avoiding neighbor 130 currentReservedSlot=30 rtslot_counter=30
[MAC 1] avoiding neighbor 131 currentReservedSlot=31 rtslot_counter=31
[MAC 1] PickTxSlot(dest=2) avoid: 1 2 3 4 5 6 7 8 9 10 11 12 13 14 15 17 18 19 20 21 22 23 24 25 26 27 28 29 30 31
[MAC 1] PickTxSlot chose 16 using historical next_tslot modulo probe
[MAC 1] starts Pre-Tx with new slot=16 holdoff_over=0
[MAC 1] rtslot_counter expired for neighbor 100 reserveSlot=1
[MAC 1] rtslot_counter expired for neighbor 101 reserveSlot=2
[MAC 1] rtslot_counter expired for neighbor 102 reserveSlot=3
[MAC 1] rtslot_counter expired for neighbor 103 reserveSlot=4
[MAC 1] rtslot_counter expired for neighbor 104 reserveSlot=5
[MAC 1] rtslot_counter expired for neighbor 105 reserveSlot=6
[MAC 1] rtslot_counter expired for neighbor 106 reserveSlot=7
[MAC 1] rtslot_counter expired for neighbor 107 reserveSlot=8
[MAC 1] rtslot_counter expired for neighbor 108 reserveSlot=9
[MAC 1] rtslot_counter expired for neighbor 109 reserveSlot=10
[MAC 1] rtslot_counter expired for neighbor 110 reserveSlot=11
[MAC 1] rtslot_counter expired for neighbor 111 reserveSlot=12
[MAC 1] rtslot_counter expired for neighbor 112 reserveSlot=13
[MAC 1] rtslot_counter expired for neighbor 113 reserveSlot=14
[MAC 1] rtslot_counter expired for neighbor 114 reserveSlot=15
[MAC 1] rtslot_counter expired for neighbor 115 reserveSlot=16
[MAC 1] rtslot_counter expired for neighbor 117 reserveSlot=18
[MAC 1] rtslot_counter expired for neighbor 118 reserveSlot=19
[MAC 1] rtslot_counter expired for neighbor 119 reserveSlot=20
[MAC 1] rtslot_counter expired for neighbor 120 reserveSlot=21
[MAC 1] rtslot_counter expired for neighbor 121 reserveSlot=22
[MAC 1] OPNET 300-ms transmit holdoff complete
[MAC 1] Learned neighbor 2 uses slot 16 (rtCounter=16)
[MAC 1] Learned neighbor 2 uses slot 16 (rtCounter=16)
[MAC 1] rtslot_counter expired for neighbor 122 reserveSlot=23
[MAC 1] active_nodes set to 3 for local slotting and post-TX wait
[MAC 1] Learned neighbor 100 uses slot 1 (rtCounter=1)
[MAC 1] Learned neighbor 101 uses slot 2 (rtCounter=2)
[MAC 1] Learned neighbor 102 uses slot 3 (rtCounter=3)
[MAC 1] Learned neighbor 103 uses slot 4 (rtCounter=4)
[MAC 1] Learned neighbor 104 uses slot 5 (rtCounter=5)
[MAC 1] Learned neighbor 105 uses slot 6 (rtCounter=6)
[MAC 1] Learned neighbor 106 uses slot 7 (rtCounter=7)
[MAC 1] Learned neighbor 107 uses slot 8 (rtCounter=8)
[MAC 1] Learned neighbor 108 uses slot 9 (rtCounter=9)
[MAC 1] Learned neighbor 109 uses slot 10 (rtCounter=10)
[MAC 1] Learned neighbor 110 uses slot 11 (rtCounter=11)
[MAC 1] Learned neighbor 111 uses slot 12 (rtCounter=12)
[MAC 1] Learned neighbor 112 uses slot 13 (rtCounter=13)
[MAC 1] Learned neighbor 113 uses slot 14 (rtCounter=14)
[MAC 1] Learned neighbor 114 uses slot 15 (rtCounter=15)
[MAC 1] Learned neighbor 115 uses slot 16 (rtCounter=16)
[MAC 1] Learned neighbor 117 uses slot 18 (rtCounter=18)
[MAC 1] Learned neighbor 118 uses slot 19 (rtCounter=19)
[MAC 1] Learned neighbor 119 uses slot 20 (rtCounter=20)
[MAC 1] Learned neighbor 120 uses slot 21 (rtCounter=21)
[MAC 1] Learned neighbor 121 uses slot 22 (rtCounter=22)
[MAC 1] Learned neighbor 122 uses slot 23 (rtCounter=23)
[MAC 1] Learned neighbor 123 uses slot 24 (rtCounter=24)
[MAC 1] Learned neighbor 124 uses slot 25 (rtCounter=25)
[MAC 1] Learned neighbor 125 uses slot 26 (rtCounter=26)
[MAC 1] Learned neighbor 126 uses slot 27 (rtCounter=27)
[MAC 1] Learned neighbor 127 uses slot 28 (rtCounter=28)
[MAC 1] Learned neighbor 128 uses slot 29 (rtCounter=29)
[MAC 1] Learned neighbor 129 uses slot 30 (rtCounter=30)
[MAC 1] Learned neighbor 130 uses slot 31 (rtCounter=31)
[MAC 1] Learned neighbor 131 uses slot 32 (rtCounter=32)
[MAC] Enqueue TX pkt dscp=0 insert_pos=0 queue_size_before=0
[MAC 1] PickTxSlot(dest=2) active_nodes_for_slotting=3 opnet_slot_range=31
[MAC 1] avoiding neighbor 100 currentReservedSlot=0 rtslot_counter=0
[MAC 1] avoiding neighbor 101 currentReservedSlot=1 rtslot_counter=1
[MAC 1] avoiding neighbor 102 currentReservedSlot=2 rtslot_counter=2
[MAC 1] avoiding neighbor 103 currentReservedSlot=3 rtslot_counter=3
[MAC 1] avoiding neighbor 104 currentReservedSlot=4 rtslot_counter=4
[MAC 1] avoiding neighbor 105 currentReservedSlot=5 rtslot_counter=5
[MAC 1] avoiding neighbor 106 currentReservedSlot=6 rtslot_counter=6
[MAC 1] avoiding neighbor 107 currentReservedSlot=7 rtslot_counter=7
[MAC 1] avoiding neighbor 108 currentReservedSlot=8 rtslot_counter=8
[MAC 1] avoiding neighbor 109 currentReservedSlot=9 rtslot_counter=9
[MAC 1] avoiding neighbor 110 currentReservedSlot=10 rtslot_counter=10
[MAC 1] avoiding neighbor 111 currentReservedSlot=11 rtslot_counter=11
[MAC 1] avoiding neighbor 112 currentReservedSlot=12 rtslot_counter=12
[MAC 1] avoiding neighbor 113 currentReservedSlot=13 rtslot_counter=13
[MAC 1] avoiding neighbor 114 currentReservedSlot=14 rtslot_counter=14
[MAC 1] avoiding neighbor 115 currentReservedSlot=15 rtslot_counter=15
[MAC 1] avoiding neighbor 117 currentReservedSlot=17 rtslot_counter=17
[MAC 1] avoiding neighbor 118 currentReservedSlot=18 rtslot_counter=18
[MAC 1] avoiding neighbor 119 currentReservedSlot=19 rtslot_counter=19
[MAC 1] avoiding neighbor 120 currentReservedSlot=20 rtslot_counter=20
[MAC 1] avoiding neighbor 121 currentReservedSlot=21 rtslot_counter=21
[MAC 1] avoiding neighbor 122 currentReservedSlot=22 rtslot_counter=22
[MAC 1] avoiding neighbor 123 currentReservedSlot=23 rtslot_counter=23
[MAC 1] avoiding neighbor 124 currentReservedSlot=24 rtslot_counter=24
[MAC 1] avoiding neighbor 125 currentReservedSlot=25 rtslot_counter=25
[MAC 1] avoiding neighbor 126 currentReservedSlot=26 rtslot_counter=26
[MAC 1] avoiding neighbor 127 currentReservedSlot=27 rtslot_counter=27
[MAC 1] avoiding neighbor 128 currentReservedSlot=28 rtslot_counter=28
[MAC 1] avoiding neighbor 129 currentReservedSlot=29 rtslot_counter=29
[MAC 1] avoiding neighbor 130 currentReservedSlot=30 rtslot_counter=30
[MAC 1] avoiding neighbor 131 currentReservedSlot=31 rtslot_counter=31
[MAC 1] PickTxSlot(dest=2) avoid: 1 2 3 4 5 6 7 8 9 10 11 12 13 14 15 17 18 19 20 21 22 23 24 25 26 27 28 29 30 31
[MAC 1] PickTxSlot chose 16 using historical next_tslot modulo probe
[MAC 1] starts Pre-Tx with new slot=16 holdoff_over=0
[MAC 1] rtslot_counter expired for neighbor 100 reserveSlot=1
[MAC 1] rtslot_counter expired for neighbor 101 reserveSlot=2
[MAC 1] rtslot_counter expired for neighbor 102 reserveSlot=3
[MAC 1] rtslot_counter expired for neighbor 103 reserveSlot=4
[MAC 1] rtslot_counter expired for neighbor 104 reserveSlot=5
[MAC 1] rtslot_counter expired for neighbor 105 reserveSlot=6
[MAC 1] rtslot_counter expired for neighbor 106 reserveSlot=7
[MAC 1] rtslot_counter expired for neighbor 107 reserveSlot=8
[MAC 1] rtslot_counter expired for neighbor 108 reserveSlot=9
[MAC 1] rtslot_counter expired for neighbor 109 reserveSlot=10
[MAC 1] rtslot_counter expired for neighbor 110 reserveSlot=11
[MAC 1] rtslot_counter expired for neighbor 111 reserveSlot=12
[MAC 1] rtslot_counter expired for neighbor 112 reserveSlot=13
[MAC 1] rtslot_counter expired for neighbor 113 reserveSlot=14
[MAC 1] rtslot_counter expired for neighbor 114 reserveSlot=15
[MAC 1] rtslot_counter expired for neighbor 115 reserveSlot=16
[MAC 1] rtslot_counter expired for neighbor 117 reserveSlot=18
[MAC 1] rtslot_counter expired for neighbor 118 reserveSlot=19
[MAC 1] rtslot_counter expired for neighbor 119 reserveSlot=20
[MAC 1] rtslot_counter expired for neighbor 120 reserveSlot=21
[MAC 1] rtslot_counter expired for neighbor 121 reserveSlot=22
[MAC 1] OPNET 300-ms transmit holdoff complete
[MAC 1] Learned neighbor 2 uses slot 16 (rtCounter=16)
[MAC 1] rtslot_counter expired for neighbor 122 reserveSlot=23
[MAC 1] Learned neighbor 2 uses slot 16 (rtCounter=16)
[MAC 1] active_nodes set to 3 for local slotting and post-TX wait
[MAC 1] Learned neighbor 100 uses slot 1 (rtCounter=1)
[MAC 1] Learned neighbor 101 uses slot 2 (rtCounter=2)
[MAC 1] Learned neighbor 102 uses slot 3 (rtCounter=3)
[MAC 1] Learned neighbor 103 uses slot 4 (rtCounter=4)
[MAC 1] Learned neighbor 104 uses slot 5 (rtCounter=5)
[MAC 1] Learned neighbor 105 uses slot 6 (rtCounter=6)
[MAC 1] Learned neighbor 106 uses slot 7 (rtCounter=7)
[MAC 1] Learned neighbor 107 uses slot 8 (rtCounter=8)
[MAC 1] Learned neighbor 108 uses slot 9 (rtCounter=9)
[MAC 1] Learned neighbor 109 uses slot 10 (rtCounter=10)
[MAC 1] Learned neighbor 110 uses slot 11 (rtCounter=11)
[MAC 1] Learned neighbor 111 uses slot 12 (rtCounter=12)
[MAC 1] Learned neighbor 112 uses slot 13 (rtCounter=13)
[MAC 1] Learned neighbor 113 uses slot 14 (rtCounter=14)
[MAC 1] Learned neighbor 114 uses slot 15 (rtCounter=15)
[MAC 1] Learned neighbor 115 uses slot 16 (rtCounter=16)
[MAC 1] Learned neighbor 117 uses slot 18 (rtCounter=18)
[MAC 1] Learned neighbor 118 uses slot 19 (rtCounter=19)
[MAC 1] Learned neighbor 119 uses slot 20 (rtCounter=20)
[MAC 1] Learned neighbor 120 uses slot 21 (rtCounter=21)
[MAC 1] Learned neighbor 121 uses slot 22 (rtCounter=22)
[MAC 1] Learned neighbor 122 uses slot 23 (rtCounter=23)
[MAC 1] Learned neighbor 123 uses slot 24 (rtCounter=24)
[MAC 1] Learned neighbor 124 uses slot 25 (rtCounter=25)
[MAC 1] Learned neighbor 125 uses slot 26 (rtCounter=26)
[MAC 1] Learned neighbor 126 uses slot 27 (rtCounter=27)
[MAC 1] Learned neighbor 127 uses slot 28 (rtCounter=28)
[MAC 1] Learned neighbor 128 uses slot 29 (rtCounter=29)
[MAC 1] Learned neighbor 129 uses slot 30 (rtCounter=30)
[MAC 1] Learned neighbor 130 uses slot 31 (rtCounter=31)
[MAC 1] Learned neighbor 131 uses slot 32 (rtCounter=32)
[MAC] Enqueue TX pkt dscp=0 insert_pos=0 queue_size_before=0
[MAC 1] PickTxSlot(dest=2) active_nodes_for_slotting=3 opnet_slot_range=31
[MAC 1] avoiding neighbor 100 currentReservedSlot=0 rtslot_counter=0
[MAC 1] avoiding neighbor 101 currentReservedSlot=1 rtslot_counter=1
[MAC 1] avoiding neighbor 102 currentReservedSlot=2 rtslot_counter=2
[MAC 1] avoiding neighbor 103 currentReservedSlot=3 rtslot_counter=3
[MAC 1] avoiding neighbor 104 currentReservedSlot=4 rtslot_counter=4
[MAC 1] avoiding neighbor 105 currentReservedSlot=5 rtslot_counter=5
[MAC 1] avoiding neighbor 106 currentReservedSlot=6 rtslot_counter=6
[MAC 1] avoiding neighbor 107 currentReservedSlot=7 rtslot_counter=7
[MAC 1] avoiding neighbor 108 currentReservedSlot=8 rtslot_counter=8
[MAC 1] avoiding neighbor 109 currentReservedSlot=9 rtslot_counter=9
[MAC 1] avoiding neighbor 110 currentReservedSlot=10 rtslot_counter=10
[MAC 1] avoiding neighbor 111 currentReservedSlot=11 rtslot_counter=11
[MAC 1] avoiding neighbor 112 currentReservedSlot=12 rtslot_counter=12
[MAC 1] avoiding neighbor 113 currentReservedSlot=13 rtslot_counter=13
[MAC 1] avoiding neighbor 114 currentReservedSlot=14 rtslot_counter=14
[MAC 1] avoiding neighbor 115 currentReservedSlot=15 rtslot_counter=15
[MAC 1] avoiding neighbor 117 currentReservedSlot=17 rtslot_counter=17
[MAC 1] avoiding neighbor 118 currentReservedSlot=18 rtslot_counter=18
[MAC 1] avoiding neighbor 119 currentReservedSlot=19 rtslot_counter=19
[MAC 1] avoiding neighbor 120 currentReservedSlot=20 rtslot_counter=20
[MAC 1] avoiding neighbor 121 currentReservedSlot=21 rtslot_counter=21
[MAC 1] avoiding neighbor 122 currentReservedSlot=22 rtslot_counter=22
[MAC 1] avoiding neighbor 123 currentReservedSlot=23 rtslot_counter=23
[MAC 1] avoiding neighbor 124 currentReservedSlot=24 rtslot_counter=24
[MAC 1] avoiding neighbor 125 currentReservedSlot=25 rtslot_counter=25
[MAC 1] avoiding neighbor 126 currentReservedSlot=26 rtslot_counter=26
[MAC 1] avoiding neighbor 127 currentReservedSlot=27 rtslot_counter=27
[MAC 1] avoiding neighbor 128 currentReservedSlot=28 rtslot_counter=28
[MAC 1] avoiding neighbor 129 currentReservedSlot=29 rtslot_counter=29
[MAC 1] avoiding neighbor 130 currentReservedSlot=30 rtslot_counter=30
[MAC 1] avoiding neighbor 131 currentReservedSlot=31 rtslot_counter=31
[MAC 1] PickTxSlot(dest=2) avoid: 1 2 3 4 5 6 7 8 9 10 11 12 13 14 15 17 18 19 20 21 22 23 24 25 26 27 28 29 30 31
[MAC 1] PickTxSlot chose 16 using historical next_tslot modulo probe
[MAC 1] starts Pre-Tx with new slot=16 holdoff_over=0
[MAC 1] rtslot_counter expired for neighbor 100 reserveSlot=1
[MAC 1] rtslot_counter expired for neighbor 101 reserveSlot=2
[MAC 1] rtslot_counter expired for neighbor 102 reserveSlot=3
[MAC 1] rtslot_counter expired for neighbor 103 reserveSlot=4
[MAC 1] rtslot_counter expired for neighbor 104 reserveSlot=5
[MAC 1] rtslot_counter expired for neighbor 105 reserveSlot=6
[MAC 1] rtslot_counter expired for neighbor 106 reserveSlot=7
[MAC 1] rtslot_counter expired for neighbor 107 reserveSlot=8
[MAC 1] rtslot_counter expired for neighbor 108 reserveSlot=9
[MAC 1] rtslot_counter expired for neighbor 109 reserveSlot=10
[MAC 1] rtslot_counter expired for neighbor 110 reserveSlot=11
[MAC 1] rtslot_counter expired for neighbor 111 reserveSlot=12
[MAC 1] rtslot_counter expired for neighbor 112 reserveSlot=13
[MAC 1] rtslot_counter expired for neighbor 113 reserveSlot=14
[MAC 1] rtslot_counter expired for neighbor 114 reserveSlot=15
[MAC 1] rtslot_counter expired for neighbor 115 reserveSlot=16
[MAC 1] rtslot_counter expired for neighbor 117 reserveSlot=18
[MAC 1] rtslot_counter expired for neighbor 118 reserveSlot=19
[MAC 1] rtslot_counter expired for neighbor 119 reserveSlot=20
[MAC 1] rtslot_counter expired for neighbor 120 reserveSlot=21
[MAC 1] rtslot_counter expired for neighbor 121 reserveSlot=22
[MAC 1] OPNET 300-ms transmit holdoff complete
[MAC 1] Learned neighbor 2 uses slot 16 (rtCounter=16)
[MAC 1] Learned neighbor 2 uses slot 16 (rtCounter=16)
[MAC 1] rtslot_counter expired for neighbor 122 reserveSlot=23
[MAC 1] active_nodes set to 3 for local slotting and post-TX wait
[MAC 1] Learned neighbor 100 uses slot 1 (rtCounter=1)
[MAC 1] Learned neighbor 101 uses slot 2 (rtCounter=2)
[MAC 1] Learned neighbor 102 uses slot 3 (rtCounter=3)
[MAC 1] Learned neighbor 103 uses slot 4 (rtCounter=4)
[MAC 1] Learned neighbor 104 uses slot 5 (rtCounter=5)
[MAC 1] Learned neighbor 105 uses slot 6 (rtCounter=6)
[MAC 1] Learned neighbor 106 uses slot 7 (rtCounter=7)
[MAC 1] Learned neighbor 107 uses slot 8 (rtCounter=8)
[MAC 1] Learned neighbor 108 uses slot 9 (rtCounter=9)
[MAC 1] Learned neighbor 109 uses slot 10 (rtCounter=10)
[MAC 1] Learned neighbor 110 uses slot 11 (rtCounter=11)
[MAC 1] Learned neighbor 111 uses slot 12 (rtCounter=12)
[MAC 1] Learned neighbor 112 uses slot 13 (rtCounter=13)
[MAC 1] Learned neighbor 113 uses slot 14 (rtCounter=14)
[MAC 1] Learned neighbor 114 uses slot 15 (rtCounter=15)
[MAC 1] Learned neighbor 115 uses slot 16 (rtCounter=16)
[MAC 1] Learned neighbor 117 uses slot 18 (rtCounter=18)
[MAC 1] Learned neighbor 118 uses slot 19 (rtCounter=19)
[MAC 1] Learned neighbor 119 uses slot 20 (rtCounter=20)
[MAC 1] Learned neighbor 120 uses slot 21 (rtCounter=21)
[MAC 1] Learned neighbor 121 uses slot 22 (rtCounter=22)
[MAC 1] Learned neighbor 122 uses slot 23 (rtCounter=23)
[MAC 1] Learned neighbor 123 uses slot 24 (rtCounter=24)
[MAC 1] Learned neighbor 124 uses slot 25 (rtCounter=25)
[MAC 1] Learned neighbor 125 uses slot 26 (rtCounter=26)
[MAC 1] Learned neighbor 126 uses slot 27 (rtCounter=27)
[MAC 1] Learned neighbor 127 uses slot 28 (rtCounter=28)
[MAC 1] Learned neighbor 128 uses slot 29 (rtCounter=29)
[MAC 1] Learned neighbor 129 uses slot 30 (rtCounter=30)
[MAC 1] Learned neighbor 130 uses slot 31 (rtCounter=31)
[MAC 1] Learned neighbor 131 uses slot 32 (rtCounter=32)
[MAC] Enqueue TX pkt dscp=0 insert_pos=0 queue_size_before=0
[MAC 1] PickTxSlot(dest=2) active_nodes_for_slotting=3 opnet_slot_range=31
[MAC 1] avoiding neighbor 100 currentReservedSlot=0 rtslot_counter=0
[MAC 1] avoiding neighbor 101 currentReservedSlot=1 rtslot_counter=1
[MAC 1] avoiding neighbor 102 currentReservedSlot=2 rtslot_counter=2
[MAC 1] avoiding neighbor 103 currentReservedSlot=3 rtslot_counter=3
[MAC 1] avoiding neighbor 104 currentReservedSlot=4 rtslot_counter=4
[MAC 1] avoiding neighbor 105 currentReservedSlot=5 rtslot_counter=5
[MAC 1] avoiding neighbor 106 currentReservedSlot=6 rtslot_counter=6
[MAC 1] avoiding neighbor 107 currentReservedSlot=7 rtslot_counter=7
[MAC 1] avoiding neighbor 108 currentReservedSlot=8 rtslot_counter=8
[MAC 1] avoiding neighbor 109 currentReservedSlot=9 rtslot_counter=9
[MAC 1] avoiding neighbor 110 currentReservedSlot=10 rtslot_counter=10
[MAC 1] avoiding neighbor 111 currentReservedSlot=11 rtslot_counter=11
[MAC 1] avoiding neighbor 112 currentReservedSlot=12 rtslot_counter=12
[MAC 1] avoiding neighbor 113 currentReservedSlot=13 rtslot_counter=13
[MAC 1] avoiding neighbor 114 currentReservedSlot=14 rtslot_counter=14
[MAC 1] avoiding neighbor 115 currentReservedSlot=15 rtslot_counter=15
[MAC 1] avoiding neighbor 117 currentReservedSlot=17 rtslot_counter=17
[MAC 1] avoiding neighbor 118 currentReservedSlot=18 rtslot_counter=18
[MAC 1] avoiding neighbor 119 currentReservedSlot=19 rtslot_counter=19
[MAC 1] avoiding neighbor 120 currentReservedSlot=20 rtslot_counter=20
[MAC 1] avoiding neighbor 121 currentReservedSlot=21 rtslot_counter=21
[MAC 1] avoiding neighbor 122 currentReservedSlot=22 rtslot_counter=22
[MAC 1] avoiding neighbor 123 currentReservedSlot=23 rtslot_counter=23
[MAC 1] avoiding neighbor 124 currentReservedSlot=24 rtslot_counter=24
[MAC 1] avoiding neighbor 125 currentReservedSlot=25 rtslot_counter=25
[MAC 1] avoiding neighbor 126 currentReservedSlot=26 rtslot_counter=26
[MAC 1] avoiding neighbor 127 currentReservedSlot=27 rtslot_counter=27
[MAC 1] avoiding neighbor 128 currentReservedSlot=28 rtslot_counter=28
[MAC 1] avoiding neighbor 129 currentReservedSlot=29 rtslot_counter=29
[MAC 1] avoiding neighbor 130 currentReservedSlot=30 rtslot_counter=30
[MAC 1] avoiding neighbor 131 currentReservedSlot=31 rtslot_counter=31
[MAC 1] PickTxSlot(dest=2) avoid: 1 2 3 4 5 6 7 8 9 10 11 12 13 14 15 17 18 19 20 21 22 23 24 25 26 27 28 29 30 31
[MAC 1] PickTxSlot chose 16 using historical next_tslot modulo probe
[MAC 1] starts Pre-Tx with new slot=16 holdoff_over=0
[MAC 1] rtslot_counter expired for neighbor 100 reserveSlot=1
[MAC 1] rtslot_counter expired for neighbor 101 reserveSlot=2
[MAC 1] rtslot_counter expired for neighbor 102 reserveSlot=3
[MAC 1] rtslot_counter expired for neighbor 103 reserveSlot=4
[MAC 1] rtslot_counter expired for neighbor 104 reserveSlot=5
[MAC 1] rtslot_counter expired for neighbor 105 reserveSlot=6
[MAC 1] rtslot_counter expired for neighbor 106 reserveSlot=7
[MAC 1] rtslot_counter expired for neighbor 107 reserveSlot=8
[MAC 1] rtslot_counter expired for neighbor 108 reserveSlot=9
[MAC 1] rtslot_counter expired for neighbor 109 reserveSlot=10
[MAC 1] rtslot_counter expired for neighbor 110 reserveSlot=11
[MAC 1] rtslot_counter expired for neighbor 111 reserveSlot=12
[MAC 1] rtslot_counter expired for neighbor 112 reserveSlot=13
[MAC 1] rtslot_counter expired for neighbor 113 reserveSlot=14
[MAC 1] rtslot_counter expired for neighbor 114 reserveSlot=15
[MAC 1] rtslot_counter expired for neighbor 115 reserveSlot=16
[MAC 1] rtslot_counter expired for neighbor 117 reserveSlot=18
[MAC 1] rtslot_counter expired for neighbor 118 reserveSlot=19
[MAC 1] rtslot_counter expired for neighbor 119 reserveSlot=20
[MAC 1] rtslot_counter expired for neighbor 120 reserveSlot=21
[MAC 1] rtslot_counter expired for neighbor 121 reserveSlot=22
[MAC 1] OPNET 300-ms transmit holdoff complete
[MAC 1] Learned neighbor 2 uses slot 16 (rtCounter=16)
[MAC 1] rtslot_counter expired for neighbor 122 reserveSlot=23
[MAC 1] Learned neighbor 2 uses slot 16 (rtCounter=16)
[MAC 1] active_nodes set to 3 for local slotting and post-TX wait
[MAC 1] Learned neighbor 100 uses slot 1 (rtCounter=1)
[MAC 1] Learned neighbor 101 uses slot 2 (rtCounter=2)
[MAC 1] Learned neighbor 102 uses slot 3 (rtCounter=3)
[MAC 1] Learned neighbor 103 uses slot 4 (rtCounter=4)
[MAC 1] Learned neighbor 104 uses slot 5 (rtCounter=5)
[MAC 1] Learned neighbor 105 uses slot 6 (rtCounter=6)
[MAC 1] Learned neighbor 106 uses slot 7 (rtCounter=7)
[MAC 1] Learned neighbor 107 uses slot 8 (rtCounter=8)
[MAC 1] Learned neighbor 108 uses slot 9 (rtCounter=9)
[MAC 1] Learned neighbor 109 uses slot 10 (rtCounter=10)
[MAC 1] Learned neighbor 110 uses slot 11 (rtCounter=11)
[MAC 1] Learned neighbor 111 uses slot 12 (rtCounter=12)
[MAC 1] Learned neighbor 112 uses slot 13 (rtCounter=13)
[MAC 1] Learned neighbor 113 uses slot 14 (rtCounter=14)
[MAC 1] Learned neighbor 114 uses slot 15 (rtCounter=15)
[MAC 1] Learned neighbor 115 uses slot 16 (rtCounter=16)
[MAC 1] Learned neighbor 117 uses slot 18 (rtCounter=18)
[MAC 1] Learned neighbor 118 uses slot 19 (rtCounter=19)
[MAC 1] Learned neighbor 119 uses slot 20 (rtCounter=20)
[MAC 1] Learned neighbor 120 uses slot 21 (rtCounter=21)
[MAC 1] Learned neighbor 121 uses slot 22 (rtCounter=22)
[MAC 1] Learned neighbor 122 uses slot 23 (rtCounter=23)
[MAC 1] Learned neighbor 123 uses slot 24 (rtCounter=24)
[MAC 1] Learned neighbor 124 uses slot 25 (rtCounter=25)
[MAC 1] Learned neighbor 125 uses slot 26 (rtCounter=26)
[MAC 1] Learned neighbor 126 uses slot 27 (rtCounter=27)
[MAC 1] Learned neighbor 127 uses slot 28 (rtCounter=28)
[MAC 1] Learned neighbor 128 uses slot 29 (rtCounter=29)
[MAC 1] Learned neighbor 129 uses slot 30 (rtCounter=30)
[MAC 1] Learned neighbor 130 uses slot 31 (rtCounter=31)
[MAC 1] Learned neighbor 131 uses slot 32 (rtCounter=32)
[MAC] Enqueue TX pkt dscp=0 insert_pos=0 queue_size_before=0
[MAC 1] PickTxSlot(dest=2) active_nodes_for_slotting=3 opnet_slot_range=31
[MAC 1] avoiding neighbor 100 currentReservedSlot=0 rtslot_counter=0
[MAC 1] avoiding neighbor 101 currentReservedSlot=1 rtslot_counter=1
[MAC 1] avoiding neighbor 102 currentReservedSlot=2 rtslot_counter=2
[MAC 1] avoiding neighbor 103 currentReservedSlot=3 rtslot_counter=3
[MAC 1] avoiding neighbor 104 currentReservedSlot=4 rtslot_counter=4
[MAC 1] avoiding neighbor 105 currentReservedSlot=5 rtslot_counter=5
[MAC 1] avoiding neighbor 106 currentReservedSlot=6 rtslot_counter=6
[MAC 1] avoiding neighbor 107 currentReservedSlot=7 rtslot_counter=7
[MAC 1] avoiding neighbor 108 currentReservedSlot=8 rtslot_counter=8
[MAC 1] avoiding neighbor 109 currentReservedSlot=9 rtslot_counter=9
[MAC 1] avoiding neighbor 110 currentReservedSlot=10 rtslot_counter=10
[MAC 1] avoiding neighbor 111 currentReservedSlot=11 rtslot_counter=11
[MAC 1] avoiding neighbor 112 currentReservedSlot=12 rtslot_counter=12
[MAC 1] avoiding neighbor 113 currentReservedSlot=13 rtslot_counter=13
[MAC 1] avoiding neighbor 114 currentReservedSlot=14 rtslot_counter=14
[MAC 1] avoiding neighbor 115 currentReservedSlot=15 rtslot_counter=15
[MAC 1] avoiding neighbor 117 currentReservedSlot=17 rtslot_counter=17
[MAC 1] avoiding neighbor 118 currentReservedSlot=18 rtslot_counter=18
[MAC 1] avoiding neighbor 119 currentReservedSlot=19 rtslot_counter=19
[MAC 1] avoiding neighbor 120 currentReservedSlot=20 rtslot_counter=20
[MAC 1] avoiding neighbor 121 currentReservedSlot=21 rtslot_counter=21
[MAC 1] avoiding neighbor 122 currentReservedSlot=22 rtslot_counter=22
[MAC 1] avoiding neighbor 123 currentReservedSlot=23 rtslot_counter=23
[MAC 1] avoiding neighbor 124 currentReservedSlot=24 rtslot_counter=24
[MAC 1] avoiding neighbor 125 currentReservedSlot=25 rtslot_counter=25
[MAC 1] avoiding neighbor 126 currentReservedSlot=26 rtslot_counter=26
[MAC 1] avoiding neighbor 127 currentReservedSlot=27 rtslot_counter=27
[MAC 1] avoiding neighbor 128 currentReservedSlot=28 rtslot_counter=28
[MAC 1] avoiding neighbor 129 currentReservedSlot=29 rtslot_counter=29
[MAC 1] avoiding neighbor 130 currentReservedSlot=30 rtslot_counter=30
[MAC 1] avoiding neighbor 131 currentReservedSlot=31 rtslot_counter=31
[MAC 1] PickTxSlot(dest=2) avoid: 1 2 3 4 5 6 7 8 9 10 11 12 13 14 15 17 18 19 20 21 22 23 24 25 26 27 28 29 30 31
[MAC 1] PickTxSlot chose 16 using historical next_tslot modulo probe
[MAC 1] starts Pre-Tx with new slot=16 holdoff_over=0
[MAC 1] rtslot_counter expired for neighbor 100 reserveSlot=1
[MAC 1] rtslot_counter expired for neighbor 101 reserveSlot=2
[MAC 1] rtslot_counter expired for neighbor 102 reserveSlot=3
[MAC 1] rtslot_counter expired for neighbor 103 reserveSlot=4
[MAC 1] rtslot_counter expired for neighbor 104 reserveSlot=5
[MAC 1] rtslot_counter expired for neighbor 105 reserveSlot=6
[MAC 1] rtslot_counter expired for neighbor 106 reserveSlot=7
[MAC 1] rtslot_counter expired for neighbor 107 reserveSlot=8
[MAC 1] rtslot_counter expired for neighbor 108 reserveSlot=9
[MAC 1] rtslot_counter expired for neighbor 109 reserveSlot=10
[MAC 1] rtslot_counter expired for neighbor 110 reserveSlot=11
[MAC 1] rtslot_counter expired for neighbor 111 reserveSlot=12
[MAC 1] rtslot_counter expired for neighbor 112 reserveSlot=13
[MAC 1] rtslot_counter expired for neighbor 113 reserveSlot=14
[MAC 1] rtslot_counter expired for neighbor 114 reserveSlot=15
[MAC 1] rtslot_counter expired for neighbor 115 reserveSlot=16
[MAC 1] rtslot_counter expired for neighbor 117 reserveSlot=18
[MAC 1] rtslot_counter expired for neighbor 118 reserveSlot=19
[MAC 1] rtslot_counter expired for neighbor 119 reserveSlot=20
[MAC 1] rtslot_counter expired for neighbor 120 reserveSlot=21
[MAC 1] rtslot_counter expired for neighbor 121 reserveSlot=22
[MAC 1] OPNET 300-ms transmit holdoff complete
[MAC 1] Learned neighbor 2 uses slot 16 (rtCounter=16)
[MAC 1] Learned neighbor 2 uses slot 16 (rtCounter=16)
[MAC 1] rtslot_counter expired for neighbor 122 reserveSlot=23
[MAC 1] active_nodes set to 3 for local slotting and post-TX wait
[MAC 1] Learned neighbor 100 uses slot 1 (rtCounter=1)
[MAC 1] Learned neighbor 101 uses slot 2 (rtCounter=2)
[MAC 1] Learned neighbor 102 uses slot 3 (rtCounter=3)
[MAC 1] Learned neighbor 103 uses slot 4 (rtCounter=4)
[MAC 1] Learned neighbor 104 uses slot 5 (rtCounter=5)
[MAC 1] Learned neighbor 105 uses slot 6 (rtCounter=6)
[MAC 1] Learned neighbor 106 uses slot 7 (rtCounter=7)
[MAC 1] Learned neighbor 107 uses slot 8 (rtCounter=8)
[MAC 1] Learned neighbor 108 uses slot 9 (rtCounter=9)
[MAC 1] Learned neighbor 109 uses slot 10 (rtCounter=10)
[MAC 1] Learned neighbor 110 uses slot 11 (rtCounter=11)
[MAC 1] Learned neighbor 111 uses slot 12 (rtCounter=12)
[MAC 1] Learned neighbor 112 uses slot 13 (rtCounter=13)
[MAC 1] Learned neighbor 113 uses slot 14 (rtCounter=14)
[MAC 1] Learned neighbor 114 uses slot 15 (rtCounter=15)
[MAC 1] Learned neighbor 115 uses slot 16 (rtCounter=16)
[MAC 1] Learned neighbor 117 uses slot 18 (rtCounter=18)
[MAC 1] Learned neighbor 118 uses slot 19 (rtCounter=19)
[MAC 1] Learned neighbor 119 uses slot 20 (rtCounter=20)
[MAC 1] Learned neighbor 120 uses slot 21 (rtCounter=21)
[MAC 1] Learned neighbor 121 uses slot 22 (rtCounter=22)
[MAC 1] Learned neighbor 122 uses slot 23 (rtCounter=23)
[MAC 1] Learned neighbor 123 uses slot 24 (rtCounter=24)
[MAC 1] Learned neighbor 124 uses slot 25 (rtCounter=25)
[MAC 1] Learned neighbor 125 uses slot 26 (rtCounter=26)
[MAC 1] Learned neighbor 126 uses slot 27 (rtCounter=27)
[MAC 1] Learned neighbor 127 uses slot 28 (rtCounter=28)
[MAC 1] Learned neighbor 128 uses slot 29 (rtCounter=29)
[MAC 1] Learned neighbor 129 uses slot 30 (rtCounter=30)
[MAC 1] Learned neighbor 130 uses slot 31 (rtCounter=31)
[MAC 1] Learned neighbor 131 uses slot 32 (rtCounter=32)
[MAC] Enqueue TX pkt dscp=0 insert_pos=0 queue_size_before=0
[MAC 1] PickTxSlot(dest=2) active_nodes_for_slotting=3 opnet_slot_range=31
[MAC 1] avoiding neighbor 100 currentReservedSlot=0 rtslot_counter=0
[MAC 1] avoiding neighbor 101 currentReservedSlot=1 rtslot_counter=1
[MAC 1] avoiding neighbor 102 currentReservedSlot=2 rtslot_counter=2
[MAC 1] avoiding neighbor 103 currentReservedSlot=3 rtslot_counter=3
[MAC 1] avoiding neighbor 104 currentReservedSlot=4 rtslot_counter=4
[MAC 1] avoiding neighbor 105 currentReservedSlot=5 rtslot_counter=5
[MAC 1] avoiding neighbor 106 currentReservedSlot=6 rtslot_counter=6
[MAC 1] avoiding neighbor 107 currentReservedSlot=7 rtslot_counter=7
[MAC 1] avoiding neighbor 108 currentReservedSlot=8 rtslot_counter=8
[MAC 1] avoiding neighbor 109 currentReservedSlot=9 rtslot_counter=9
[MAC 1] avoiding neighbor 110 currentReservedSlot=10 rtslot_counter=10
[MAC 1] avoiding neighbor 111 currentReservedSlot=11 rtslot_counter=11
[MAC 1] avoiding neighbor 112 currentReservedSlot=12 rtslot_counter=12
[MAC 1] avoiding neighbor 113 currentReservedSlot=13 rtslot_counter=13
[MAC 1] avoiding neighbor 114 currentReservedSlot=14 rtslot_counter=14
[MAC 1] avoiding neighbor 115 currentReservedSlot=15 rtslot_counter=15
[MAC 1] avoiding neighbor 117 currentReservedSlot=17 rtslot_counter=17
[MAC 1] avoiding neighbor 118 currentReservedSlot=18 rtslot_counter=18
[MAC 1] avoiding neighbor 119 currentReservedSlot=19 rtslot_counter=19
[MAC 1] avoiding neighbor 120 currentReservedSlot=20 rtslot_counter=20
[MAC 1] avoiding neighbor 121 currentReservedSlot=21 rtslot_counter=21
[MAC 1] avoiding neighbor 122 currentReservedSlot=22 rtslot_counter=22
[MAC 1] avoiding neighbor 123 currentReservedSlot=23 rtslot_counter=23
[MAC 1] avoiding neighbor 124 currentReservedSlot=24 rtslot_counter=24
[MAC 1] avoiding neighbor 125 currentReservedSlot=25 rtslot_counter=25
[MAC 1] avoiding neighbor 126 currentReservedSlot=26 rtslot_counter=26
[MAC 1] avoiding neighbor 127 currentReservedSlot=27 rtslot_counter=27
[MAC 1] avoiding neighbor 128 currentReservedSlot=28 rtslot_counter=28
[MAC 1] avoiding neighbor 129 currentReservedSlot=29 rtslot_counter=29
[MAC 1] avoiding neighbor 130 currentReservedSlot=30 rtslot_counter=30
[MAC 1] avoiding neighbor 131 currentReservedSlot=31 rtslot_counter=31
[MAC 1] PickTxSlot(dest=2) avoid: 1 2 3 4 5 6 7 8 9 10 11 12 13 14 15 17 18 19 20 21 22 23 24 25 26 27 28 29 30 31
[MAC 1] PickTxSlot chose 16 using historical next_tslot modulo probe
[MAC 1] starts Pre-Tx with new slot=16 holdoff_over=0
[MAC 1] rtslot_counter expired for neighbor 100 reserveSlot=1
[MAC 1] rtslot_counter expired for neighbor 101 reserveSlot=2
[MAC 1] rtslot_counter expired for neighbor 102 reserveSlot=3
[MAC 1] rtslot_counter expired for neighbor 103 reserveSlot=4
[MAC 1] rtslot_counter expired for neighbor 104 reserveSlot=5
[MAC 1] rtslot_counter expired for neighbor 105 reserveSlot=6
[MAC 1] rtslot_counter expired for neighbor 106 reserveSlot=7
[MAC 1] rtslot_counter expired for neighbor 107 reserveSlot=8
[MAC 1] rtslot_counter expired for neighbor 108 reserveSlot=9
[MAC 1] rtslot_counter expired for neighbor 109 reserveSlot=10
[MAC 1] rtslot_counter expired for neighbor 110 reserveSlot=11
[MAC 1] rtslot_counter expired for neighbor 111 reserveSlot=12
[MAC 1] rtslot_counter expired for neighbor 112 reserveSlot=13
[MAC 1] rtslot_counter expired for neighbor 113 reserveSlot=14
[MAC 1] rtslot_counter expired for neighbor 114 reserveSlot=15
[MAC 1] rtslot_counter expired for neighbor 115 reserveSlot=16
[MAC 1] rtslot_counter expired for neighbor 117 reserveSlot=18
[MAC 1] rtslot_counter expired for neighbor 118 reserveSlot=19
[MAC 1] rtslot_counter expired for neighbor 119 reserveSlot=20
[MAC 1] rtslot_counter expired for neighbor 120 reserveSlot=21
[MAC 1] rtslot_counter expired for neighbor 121 reserveSlot=22
[MAC 1] OPNET 300-ms transmit holdoff complete
[MAC 1] Learned neighbor 2 uses slot 16 (rtCounter=16)
[MAC 1] Learned neighbor 2 uses slot 16 (rtCounter=16)
[MAC 1] rtslot_counter expired for neighbor 122 reserveSlot=23
clock cases=6 events=18 checkpoints=72 failures=0
